DEBUG:paramiko.transport:starting thread (client mode): 0xbbd81d50
DEBUG:paramiko.transport:Local version/idstring: SSH-2.0-paramiko_3.1.0
ERROR:paramiko.transport:Exception (client): Error reading SSH protocol banner[WinError 10054] An existing connection was forcibly closed by the remote host
ERROR:paramiko.transport:Traceback (most recent call last):
ERROR:paramiko.transport:  File "C:\Users\GamieZ\AppData\Local\Programs\Python\Python311\Lib\site-packages\paramiko\transport.py", line 2270, in _check_banner
ERROR:paramiko.transport:    buf = self.packetizer.readline(timeout)
ERROR:paramiko.transport:          ^^^^^^^^^^^^^^^^^^^^^^^^^^^^^^^^^
ERROR:paramiko.transport:  File "C:\Users\GamieZ\AppData\Local\Programs\Python\Python311\Lib\site-packages\paramiko\packet.py", line 374, in readline
ERROR:paramiko.transport:    buf += self._read_timeout(timeout)
ERROR:paramiko.transport:           ^^^^^^^^^^^^^^^^^^^^^^^^^^^
ERROR:paramiko.transport:  File "C:\Users\GamieZ\AppData\Local\Programs\Python\Python311\Lib\site-packages\paramiko\packet.py", line 601, in _read_timeout
ERROR:paramiko.transport:    x = self.__socket.recv(128)
ERROR:paramiko.transport:        ^^^^^^^^^^^^^^^^^^^^^^^
ERROR:paramiko.transport:ConnectionResetError: [WinError 10054] An existing connection was forcibly closed by the remote host
ERROR:paramiko.transport:
ERROR:paramiko.transport:During handling of the above exception, another exception occurred:
ERROR:paramiko.transport:
ERROR:paramiko.transport:Traceback (most recent call last):
ERROR:paramiko.transport:  File "C:\Users\GamieZ\AppData\Local\Programs\Python\Python311\Lib\site-packages\paramiko\transport.py", line 2093, in run
ERROR:paramiko.transport:    self._check_banner()
ERROR:paramiko.transport:  File "C:\Users\GamieZ\AppData\Local\Programs\Python\Python311\Lib\site-packages\paramiko\transport.py", line 2274, in _check_banner
ERROR:paramiko.transport:    raise SSHException(
ERROR:paramiko.transport:paramiko.ssh_exception.SSHException: Error reading SSH protocol banner[WinError 10054] An existing connection was forcibly closed by the remote host
ERROR:paramiko.transport:
DEBUG:paramiko.transport:starting thread (client mode): 0xb6d77d0
DEBUG:paramiko.transport:starting thread (client mode): 0xb5e9e50
DEBUG:paramiko.transport:Local version/idstring: SSH-2.0-paramiko_3.1.0
DEBUG:paramiko.transport:Local version/idstring: SSH-2.0-paramiko_3.1.0
DEBUG:paramiko.transport:Remote version/idstring: SSH-1.99-Cisco-1.25
INFO:paramiko.transport:Connected (version 1.99, client Cisco-1.25)
DEBUG:paramiko.transport:=== Key exchange possibilities ===
DEBUG:paramiko.transport:kex algos: diffie-hellman-group-exchange-sha1, diffie-hellman-group14-sha1, diffie-hellman-group1-sha1
DEBUG:paramiko.transport:server key: ssh-rsa
DEBUG:paramiko.transport:client encrypt: aes128-cbc, 3des-cbc, aes192-cbc, aes256-cbc
DEBUG:paramiko.transport:server encrypt: aes128-cbc, 3des-cbc, aes192-cbc, aes256-cbc
DEBUG:paramiko.transport:client mac: hmac-sha1, hmac-sha1-96, hmac-md5, hmac-md5-96
DEBUG:paramiko.transport:server mac: hmac-sha1, hmac-sha1-96, hmac-md5, hmac-md5-96
DEBUG:paramiko.transport:client compress: none
DEBUG:paramiko.transport:server compress: none
DEBUG:paramiko.transport:client lang: <none>
DEBUG:paramiko.transport:server lang: <none>
DEBUG:paramiko.transport:kex follows: False
DEBUG:paramiko.transport:=== Key exchange agreements ===
DEBUG:paramiko.transport:Kex: diffie-hellman-group-exchange-sha1
DEBUG:paramiko.transport:HostKey: ssh-rsa
DEBUG:paramiko.transport:Cipher: aes128-cbc
DEBUG:paramiko.transport:MAC: hmac-sha1
DEBUG:paramiko.transport:Compression: none
DEBUG:paramiko.transport:=== End of kex handshake ===
DEBUG:paramiko.transport:starting thread (client mode): 0x9a3c810
DEBUG:paramiko.transport:Local version/idstring: SSH-2.0-paramiko_3.1.0
DEBUG:paramiko.transport:Remote version/idstring: SSH-1.99-Cisco-1.25
INFO:paramiko.transport:Connected (version 1.99, client Cisco-1.25)
DEBUG:paramiko.transport:=== Key exchange possibilities ===
DEBUG:paramiko.transport:kex algos: diffie-hellman-group-exchange-sha1, diffie-hellman-group14-sha1, diffie-hellman-group1-sha1
DEBUG:paramiko.transport:server key: ssh-rsa
DEBUG:paramiko.transport:client encrypt: aes128-cbc, 3des-cbc, aes192-cbc, aes256-cbc
DEBUG:paramiko.transport:server encrypt: aes128-cbc, 3des-cbc, aes192-cbc, aes256-cbc
DEBUG:paramiko.transport:client mac: hmac-sha1, hmac-sha1-96, hmac-md5, hmac-md5-96
DEBUG:paramiko.transport:server mac: hmac-sha1, hmac-sha1-96, hmac-md5, hmac-md5-96
DEBUG:paramiko.transport:client compress: none
DEBUG:paramiko.transport:server compress: none
DEBUG:paramiko.transport:client lang: <none>
DEBUG:paramiko.transport:server lang: <none>
DEBUG:paramiko.transport:kex follows: False
DEBUG:paramiko.transport:=== Key exchange agreements ===
DEBUG:paramiko.transport:Kex: diffie-hellman-group-exchange-sha1
DEBUG:paramiko.transport:HostKey: ssh-rsa
DEBUG:paramiko.transport:Cipher: aes128-cbc
DEBUG:paramiko.transport:MAC: hmac-sha1
DEBUG:paramiko.transport:Compression: none
DEBUG:paramiko.transport:=== End of kex handshake ===
DEBUG:paramiko.transport:Remote version/idstring: SSH-1.99-Cisco-1.25
INFO:paramiko.transport:Connected (version 1.99, client Cisco-1.25)
DEBUG:paramiko.transport:Got server p (2048 bits)
DEBUG:paramiko.transport:=== Key exchange possibilities ===
DEBUG:paramiko.transport:kex algos: diffie-hellman-group-exchange-sha1, diffie-hellman-group14-sha1, diffie-hellman-group1-sha1
DEBUG:paramiko.transport:server key: ssh-rsa
DEBUG:paramiko.transport:client encrypt: aes128-cbc, 3des-cbc, aes192-cbc, aes256-cbc
DEBUG:paramiko.transport:server encrypt: aes128-cbc, 3des-cbc, aes192-cbc, aes256-cbc
DEBUG:paramiko.transport:client mac: hmac-sha1, hmac-sha1-96, hmac-md5, hmac-md5-96
DEBUG:paramiko.transport:server mac: hmac-sha1, hmac-sha1-96, hmac-md5, hmac-md5-96
DEBUG:paramiko.transport:client compress: none
DEBUG:paramiko.transport:server compress: none
DEBUG:paramiko.transport:client lang: <none>
DEBUG:paramiko.transport:server lang: <none>
DEBUG:paramiko.transport:kex follows: False
DEBUG:paramiko.transport:=== Key exchange agreements ===
DEBUG:paramiko.transport:Kex: diffie-hellman-group-exchange-sha1
DEBUG:paramiko.transport:HostKey: ssh-rsa
DEBUG:paramiko.transport:Cipher: aes128-cbc
DEBUG:paramiko.transport:MAC: hmac-sha1
DEBUG:paramiko.transport:Compression: none
DEBUG:paramiko.transport:=== End of kex handshake ===
DEBUG:paramiko.transport:Got server p (2048 bits)
DEBUG:paramiko.transport:Got server p (2048 bits)
DEBUG:paramiko.transport:kex engine KexGex specified hash_algo <built-in function openssl_sha1>
DEBUG:paramiko.transport:kex engine KexGex specified hash_algo <built-in function openssl_sha1>
DEBUG:paramiko.transport:kex engine KexGex specified hash_algo <built-in function openssl_sha1>
DEBUG:paramiko.transport:Switch to new keys ...
DEBUG:paramiko.transport:Switch to new keys ...
DEBUG:paramiko.transport:Adding ssh-rsa host key for 22.1.1.3: b'066c7124312faa51699585c51d69da5c'
DEBUG:paramiko.transport:Switch to new keys ...
DEBUG:paramiko.transport:Adding ssh-rsa host key for 22.1.1.2: b'f3936c9baa657747b0b1aeba7a60394c'
DEBUG:paramiko.transport:Adding ssh-rsa host key for 22.1.1.4: b'8a1d5317e5f52d65fed338f5b136e6c3'
DEBUG:paramiko.transport:userauth is OK
DEBUG:paramiko.transport:userauth is OK
INFO:paramiko.transport:Authentication (password) successful!
INFO:paramiko.transport:Authentication (password) successful!
DEBUG:paramiko.transport:userauth is OK
DEBUG:paramiko.transport:[chan 0] Max packet in: 32768 bytes
DEBUG:paramiko.transport:[chan 0] Max packet in: 32768 bytes
DEBUG:paramiko.transport:[chan 0] Max packet out: 4096 bytes
DEBUG:paramiko.transport:Secsh channel 0 opened.
INFO:paramiko.transport:Authentication (password) successful!
DEBUG:paramiko.transport:[chan 0] Max packet out: 4096 bytes
DEBUG:paramiko.transport:Secsh channel 0 opened.
DEBUG:paramiko.transport:[chan 0] Max packet in: 32768 bytes
DEBUG:paramiko.transport:[chan 0] Sesch channel 0 request ok
DEBUG:paramiko.transport:[chan 0] Sesch channel 0 request ok
DEBUG:paramiko.transport:[chan 0] Sesch channel 0 request ok
DEBUG:paramiko.transport:[chan 0] Max packet out: 4096 bytes
DEBUG:paramiko.transport:Secsh channel 0 opened.
DEBUG:paramiko.transport:[chan 0] Sesch channel 0 request ok
DEBUG:netmiko:write_channel: b'\n'
DEBUG:netmiko:write_channel: b'\n'
DEBUG:paramiko.transport:[chan 0] Sesch channel 0 request ok
DEBUG:paramiko.transport:[chan 0] Sesch channel 0 request ok
DEBUG:netmiko:write_channel: b'\n'
DEBUG:netmiko:write_channel: b'terminal width 511\n'
DEBUG:netmiko:read_channel: 
3swalex>
3swalex>
DEBUG:netmiko:write_channel: b'terminal width 511\n'
DEBUG:netmiko:read_channel: 
3swalex2>
3swalex2>
DEBUG:netmiko:read_channel: t
DEBUG:netmiko:read_channel: t
DEBUG:netmiko:write_channel: b'terminal width 511\n'
DEBUG:netmiko:read_channel: 
sw2alex>
sw2alex>
DEBUG:netmiko:read_channel: ermi
DEBUG:netmiko:read_channel: erm
DEBUG:netmiko:read_channel: t
DEBUG:netmiko:read_channel: na
DEBUG:netmiko:read_channel: ina
DEBUG:netmiko:read_channel: ermi
DEBUG:netmiko:read_channel: l wi
DEBUG:netmiko:read_channel: l 
DEBUG:netmiko:read_channel: nal 
DEBUG:netmiko:read_channel: dt
DEBUG:netmiko:read_channel: wid
DEBUG:netmiko:read_channel: wi
DEBUG:netmiko:read_channel: h 
DEBUG:netmiko:read_channel: th
DEBUG:netmiko:read_channel: dt
DEBUG:netmiko:read_channel: 511

DEBUG:netmiko:Pattern found: (terminal width 511) 
3swalex>
3swalex>terminal width 511
DEBUG:netmiko:In disable_paging
DEBUG:netmiko:Command: terminal length 0

DEBUG:netmiko:write_channel: b'terminal length 0\n'
DEBUG:netmiko:read_channel: 
DEBUG:netmiko:read_channel:  51
DEBUG:netmiko:read_channel: h 51
DEBUG:netmiko:read_channel: 3swalex>
DEBUG:netmiko:read_channel: 1
3swalex2>
DEBUG:netmiko:Pattern found: (terminal width 511) 
3swalex2>
3swalex2>terminal width 511
DEBUG:netmiko:In disable_paging
DEBUG:netmiko:Command: terminal length 0

DEBUG:netmiko:write_channel: b'terminal length 0\n'
DEBUG:netmiko:read_channel: 
DEBUG:netmiko:read_channel: 1
sw2alex>
DEBUG:netmiko:Pattern found: (terminal width 511) 
sw2alex>
sw2alex>terminal width 511
DEBUG:netmiko:In disable_paging
DEBUG:netmiko:Command: terminal length 0

DEBUG:netmiko:write_channel: b'terminal length 0\n'
DEBUG:netmiko:read_channel: 
DEBUG:netmiko:read_channel: ter
DEBUG:netmiko:read_channel: t
DEBUG:netmiko:read_channel: t
DEBUG:netmiko:read_channel: min
DEBUG:netmiko:read_channel: ermi
DEBUG:netmiko:read_channel: ermi
DEBUG:netmiko:read_channel: al
DEBUG:netmiko:read_channel: na
DEBUG:netmiko:read_channel: na
DEBUG:netmiko:read_channel:  len
DEBUG:netmiko:read_channel: l l
DEBUG:netmiko:read_channel: l le
DEBUG:netmiko:read_channel: gt
DEBUG:netmiko:read_channel: eng
DEBUG:netmiko:read_channel: ngth
DEBUG:netmiko:read_channel: h 0

DEBUG:netmiko:Pattern found: (terminal\ length\ 0) 
3swalex>terminal length 0
DEBUG:netmiko:
3swalex>terminal length 0
DEBUG:netmiko:Exiting disable_paging
DEBUG:netmiko:read_channel: th 0
DEBUG:netmiko:Pattern found: (terminal\ length\ 0) 
3swalex2>terminal length 0
DEBUG:netmiko:
3swalex2>terminal length 0
DEBUG:netmiko:Exiting disable_paging
DEBUG:netmiko:read_channel:  0

DEBUG:netmiko:Pattern found: (terminal\ length\ 0) 
sw2alex>terminal length 0
DEBUG:netmiko:
sw2alex>terminal length 0
DEBUG:netmiko:Exiting disable_paging
DEBUG:netmiko:read_channel: 3swalex>
DEBUG:netmiko:Clear buffer detects data in the channel
DEBUG:netmiko:read_channel: 
3swalex2>
DEBUG:netmiko:Clear buffer detects data in the channel
DEBUG:netmiko:read_channel: sw2alex>
DEBUG:netmiko:Clear buffer detects data in the channel
DEBUG:netmiko:read_channel: 
DEBUG:netmiko:read_channel: 
DEBUG:netmiko:write_channel: b'\n'
DEBUG:netmiko:read_channel: 
DEBUG:netmiko:write_channel: b'\n'
DEBUG:netmiko:read_channel: 
DEBUG:netmiko:read_channel: 
DEBUG:netmiko:write_channel: b'\n'
DEBUG:netmiko:read_channel: 
DEBUG:netmiko:read_channel: 

DEBUG:netmiko:read_channel: 

DEBUG:netmiko:read_channel: 
sw2alex>
DEBUG:netmiko:Pattern found: (\#|>) 
sw2alex>
DEBUG:netmiko:read_channel: 3swalex>
DEBUG:netmiko:read_channel: 3swalex2>
DEBUG:netmiko:Pattern found: (\#|>) 
3swalex>
DEBUG:netmiko:Pattern found: (\#|>) 
3swalex2>
DEBUG:netmiko:read_channel: 
DEBUG:netmiko:[find_prompt()]: prompt is sw2alex>
DEBUG:netmiko:read_channel: 
DEBUG:netmiko:read_channel: 
DEBUG:netmiko:[find_prompt()]: prompt is 3swalex>
DEBUG:netmiko:[find_prompt()]: prompt is 3swalex2>
DEBUG:netmiko:read_channel: 
DEBUG:netmiko:write_channel: b'\n'
DEBUG:netmiko:read_channel: 
DEBUG:netmiko:read_channel: 
DEBUG:netmiko:write_channel: b'\n'
DEBUG:netmiko:write_channel: b'\n'
DEBUG:netmiko:read_channel: 
sw2alex>
DEBUG:netmiko:read_channel: 
3swalex2>
DEBUG:netmiko:read_channel: 
3swalex>
DEBUG:netmiko:read_channel: 
DEBUG:netmiko:[find_prompt()]: prompt is sw2alex>
DEBUG:netmiko:write_channel: b'\n'
DEBUG:netmiko:read_channel: 
DEBUG:netmiko:read_channel: 
DEBUG:netmiko:[find_prompt()]: prompt is 3swalex2>
DEBUG:netmiko:read_channel: 
DEBUG:netmiko:[find_prompt()]: prompt is 3swalex>
DEBUG:netmiko:write_channel: b'\n'
DEBUG:netmiko:read_channel: 
DEBUG:netmiko:write_channel: b'\n'
DEBUG:netmiko:read_channel: 
DEBUG:netmiko:read_channel: 

DEBUG:netmiko:read_channel: 

DEBUG:netmiko:read_channel: 

DEBUG:netmiko:read_channel: sw2alex>
DEBUG:netmiko:Pattern found: (sw2alex.*) 
sw2alex>
DEBUG:netmiko:write_channel: b'enable\n'
DEBUG:netmiko:read_channel: 
DEBUG:netmiko:read_channel: 3swalex2>
DEBUG:netmiko:Pattern found: (3swalex2.*) 
3swalex2>
DEBUG:netmiko:read_channel: 3swalex>
DEBUG:netmiko:Pattern found: (3swalex.*) 
3swalex>
DEBUG:netmiko:read_channel: e
DEBUG:netmiko:write_channel: b'enable\n'
DEBUG:netmiko:write_channel: b'enable\n'
DEBUG:netmiko:read_channel: 
DEBUG:netmiko:read_channel: 
DEBUG:netmiko:read_channel: nab
DEBUG:netmiko:read_channel: en
DEBUG:netmiko:read_channel: e
DEBUG:netmiko:read_channel: le

DEBUG:netmiko:Pattern found: (enable) enable
DEBUG:netmiko:read_channel: 
DEBUG:netmiko:read_channel: ab
DEBUG:netmiko:read_channel: na
DEBUG:netmiko:read_channel: le
DEBUG:netmiko:Pattern found: (enable) enable
DEBUG:netmiko:read_channel: Password: 
DEBUG:netmiko:read_channel: 
DEBUG:netmiko:Pattern found: ((?:sw2alex|ssword)) 
Password
DEBUG:netmiko:read_channel: bl
DEBUG:netmiko:write_channel: b'********\n'
DEBUG:netmiko:read_channel: 
DEBUG:netmiko:read_channel: 
Password: 
DEBUG:netmiko:Pattern found: ((?:3swalex2|ssword)) 
Password
DEBUG:netmiko:write_channel: b'********\n'
DEBUG:netmiko:read_channel: 
DEBUG:netmiko:read_channel: e
Password: 
DEBUG:netmiko:Pattern found: (enable) enable
DEBUG:netmiko:read_channel: 
DEBUG:netmiko:Pattern found: ((?:3swalex|ssword)) 
Password
DEBUG:netmiko:read_channel: 
DEBUG:netmiko:write_channel: b'********\n'
DEBUG:netmiko:read_channel: 
DEBUG:netmiko:read_channel: 
DEBUG:netmiko:read_channel: 
DEBUG:netmiko:read_channel: 
DEBUG:netmiko:read_channel: 
DEBUG:netmiko:read_channel: 
sw2alex#
DEBUG:netmiko:Pattern found: (sw2alex) : 
sw2alex
DEBUG:netmiko:write_channel: b'\n'
DEBUG:netmiko:read_channel: 
DEBUG:netmiko:read_channel: 
DEBUG:netmiko:read_channel: 
3swalex2#
DEBUG:netmiko:Pattern found: (3swalex2) : 
3swalex2
DEBUG:netmiko:write_channel: b'\n'
DEBUG:netmiko:read_channel: 

DEBUG:netmiko:read_channel: 
DEBUG:netmiko:read_channel: 
3swalex#
DEBUG:netmiko:Pattern found: (3swalex) : 
3swalex
DEBUG:netmiko:write_channel: b'\n'
DEBUG:netmiko:read_channel: 
DEBUG:netmiko:read_channel: sw2alex#
DEBUG:netmiko:Pattern found: (sw2alex.*) #
sw2alex#
DEBUG:netmiko:read_channel: 

DEBUG:netmiko:read_channel: 

DEBUG:netmiko:read_channel: 3swalex2#
DEBUG:netmiko:Pattern found: (3swalex2.*) #
3swalex2#
DEBUG:netmiko:read_channel: 3swalex#
DEBUG:netmiko:Pattern found: (3swalex.*) #
3swalex#
DEBUG:netmiko:write_channel: b'conf t\n'
DEBUG:netmiko:write_channel: b'conf t\n'
DEBUG:netmiko:write_channel: b'conf t\n'
DEBUG:netmiko:read_channel: conf t
Enter configuration commands, one per line.  End with CNTL/Z.
sw2alex(config)#
DEBUG:netmiko:read_channel: conf t
Enter configuration commands, one per line.  End with CNTL/Z.
3swalex2(config)#
DEBUG:netmiko:read_channel: conf t
Enter configuration commands, one per line.  End with CNTL/Z.
3swalex(config)#
DEBUG:netmiko:read_channel: 
DEBUG:netmiko:read_channel: 
DEBUG:netmiko:read_channel: 
DEBUG:netmiko:read_channel: 
DEBUG:netmiko:read_channel: 
DEBUG:netmiko:read_channel: 
DEBUG:netmiko:read_channel: 
DEBUG:netmiko:write_channel: b'\n'
DEBUG:netmiko:read_channel: 
DEBUG:netmiko:read_channel: 
DEBUG:netmiko:write_channel: b'\n'
DEBUG:netmiko:write_channel: b'\n'
DEBUG:netmiko:read_channel: 
sw2alex(config)#
DEBUG:netmiko:read_channel: 
DEBUG:netmiko:[find_prompt()]: prompt is sw2alex(config)#
DEBUG:netmiko:read_channel: 
3swalex(config)#
DEBUG:netmiko:read_channel: 
3swalex2(config)#
DEBUG:netmiko:write_channel: b'vlan 10\n'
DEBUG:netmiko:read_channel: 
DEBUG:netmiko:read_channel: 
DEBUG:netmiko:[find_prompt()]: prompt is 3swalex(config)#
DEBUG:netmiko:[find_prompt()]: prompt is 3swalex2(config)#
DEBUG:netmiko:write_channel: b'vlan 10\n'
DEBUG:netmiko:write_channel: b'vlan 10\n'
DEBUG:netmiko:read_channel: vlan 10
sw2alex(config-vlan)#
DEBUG:netmiko:read_channel: vlan 10
3swalex(config-vlan)#
DEBUG:netmiko:read_channel: vlan 10
3swalex2(config-vlan)#
DEBUG:netmiko:read_channel: 
DEBUG:netmiko:read_channel: 
DEBUG:netmiko:read_channel: 
DEBUG:netmiko:read_channel: 
DEBUG:netmiko:write_channel: b'vlan 20\n'
DEBUG:netmiko:read_channel: 
DEBUG:netmiko:read_channel: 
DEBUG:netmiko:write_channel: b'vlan 20\n'
DEBUG:netmiko:write_channel: b'vlan 20\n'
DEBUG:netmiko:read_channel: vlan 20
sw2alex(config-vlan)#
DEBUG:netmiko:read_channel: vlan 20
3swalex(config-vlan)#
DEBUG:netmiko:read_channel: vlan 20
3swalex2(config-vlan)#
DEBUG:netmiko:read_channel: 
DEBUG:netmiko:read_channel: 
DEBUG:netmiko:read_channel: 
DEBUG:netmiko:read_channel: 
DEBUG:netmiko:write_channel: b'vlan 30\n'
DEBUG:netmiko:read_channel: 
DEBUG:netmiko:read_channel: 
DEBUG:netmiko:write_channel: b'vlan 30\n'
DEBUG:netmiko:write_channel: b'vlan 30\n'
DEBUG:netmiko:read_channel: vlan 30
sw2alex(config-vlan)#
DEBUG:netmiko:read_channel: vlan 30
3swalex2(config-vlan)#
DEBUG:netmiko:read_channel: vlan 30
3swalex(config-vlan)#
DEBUG:netmiko:read_channel: 
DEBUG:netmiko:read_channel: 
DEBUG:netmiko:read_channel: 
DEBUG:netmiko:read_channel: 
DEBUG:netmiko:write_channel: b'vlan 40\n'
DEBUG:netmiko:read_channel: 
DEBUG:netmiko:read_channel: 
DEBUG:netmiko:write_channel: b'vlan 40\n'
DEBUG:netmiko:write_channel: b'vlan 40\n'
DEBUG:netmiko:read_channel: vlan 40
sw2alex(config-vlan)#
DEBUG:netmiko:read_channel: vlan 40
3swalex2(config-vlan)#
DEBUG:netmiko:read_channel: vlan 40
3swalex(config-vlan)#
DEBUG:netmiko:read_channel: 
DEBUG:netmiko:read_channel: 
DEBUG:netmiko:read_channel: 
DEBUG:netmiko:read_channel: 
DEBUG:netmiko:read_channel: 
DEBUG:netmiko:read_channel: 
DEBUG:netmiko:write_channel: b'\n'
DEBUG:netmiko:read_channel: 
DEBUG:netmiko:read_channel: 

DEBUG:netmiko:read_channel: sw2alex(config-vlan)#
DEBUG:netmiko:Pattern found: ([>#]) 
sw2alex(config-vlan)#
DEBUG:netmiko:write_channel: b'\n'
DEBUG:netmiko:read_channel: 
DEBUG:netmiko:read_channel: 

DEBUG:netmiko:write_channel: b'\n'
DEBUG:netmiko:read_channel: 
DEBUG:netmiko:read_channel: sw2alex(config-vlan)#
DEBUG:netmiko:Pattern found: ([>#]) 
sw2alex(config-vlan)#
DEBUG:netmiko:write_channel: b'\n'
DEBUG:netmiko:read_channel: 
DEBUG:netmiko:write_channel: b'end\n'
DEBUG:netmiko:read_channel: 
DEBUG:netmiko:read_channel: 

DEBUG:netmiko:read_channel: 

DEBUG:netmiko:read_channel: e
DEBUG:netmiko:read_channel: 3swalex2(config-vlan)#
DEBUG:netmiko:read_channel: 3swalex(config-vlan)#
DEBUG:netmiko:Pattern found: ([>#]) 
3swalex(config-vlan)#
DEBUG:netmiko:Pattern found: ([>#]) 
3swalex2(config-vlan)#
DEBUG:netmiko:read_channel: nd
DEBUG:netmiko:write_channel: b'\n'
DEBUG:netmiko:Pattern found: (end) end
DEBUG:netmiko:read_channel: 
DEBUG:netmiko:write_channel: b'\n'
DEBUG:netmiko:read_channel: 

DEBUG:netmiko:read_channel: 
DEBUG:netmiko:read_channel: 

DEBUG:netmiko:read_channel: sw2alex#
DEBUG:netmiko:read_channel: 

DEBUG:netmiko:Pattern found: (#.*) 
sw2alex#
DEBUG:netmiko:write_channel: b'\n'
DEBUG:netmiko:read_channel: 
DEBUG:netmiko:read_channel: 3swalex(config-vlan)#
DEBUG:netmiko:Pattern found: ([>#]) 
3swalex(config-vlan)#
DEBUG:netmiko:write_channel: b'end\n'
DEBUG:netmiko:read_channel: 
DEBUG:netmiko:read_channel: 3swalex2(config-vlan)#
DEBUG:netmiko:Pattern found: ([>#]) 
3swalex2(config-vlan)#
DEBUG:netmiko:write_channel: b'end\n'
DEBUG:netmiko:read_channel: 
DEBUG:netmiko:read_channel: 

DEBUG:netmiko:read_channel: e
DEBUG:netmiko:read_channel: e
DEBUG:netmiko:read_channel: sw2alex#
DEBUG:netmiko:Pattern found: ([>#]) 
sw2alex#
DEBUG:netmiko:exit_config_mode: end
sw2alex#
DEBUG:netmiko:write_channel: b'exit\n'
DEBUG:paramiko.transport:EOF in transport thread
DEBUG:netmiko:read_channel: nd
DEBUG:netmiko:Pattern found: (end) end
DEBUG:netmiko:read_channel: 

DEBUG:netmiko:read_channel: nd
DEBUG:netmiko:Pattern found: (end) end
DEBUG:netmiko:read_channel: 
DEBUG:netmiko:read_channel: 3swalex#
DEBUG:netmiko:Pattern found: (#.*) 
3swalex#
DEBUG:netmiko:write_channel: b'\n'
DEBUG:netmiko:read_channel: 
DEBUG:netmiko:read_channel: 

DEBUG:netmiko:read_channel: 3swalex2#
DEBUG:netmiko:Pattern found: (#.*) 
3swalex2#
DEBUG:netmiko:read_channel: 
DEBUG:netmiko:write_channel: b'\n'
DEBUG:netmiko:read_channel: 
DEBUG:netmiko:read_channel: 

DEBUG:netmiko:read_channel: 
DEBUG:netmiko:read_channel: 3swalex#
DEBUG:netmiko:Pattern found: ([>#]) 
3swalex#
DEBUG:netmiko:exit_config_mode: end
3swalex#
DEBUG:netmiko:write_channel: b'exit\n'
DEBUG:netmiko:read_channel: 
3swalex2#
DEBUG:paramiko.transport:EOF in transport thread
DEBUG:netmiko:Pattern found: ([>#]) 
3swalex2#
DEBUG:netmiko:exit_config_mode: end
3swalex2#
DEBUG:netmiko:write_channel: b'exit\n'
DEBUG:paramiko.transport:EOF in transport thread
DEBUG:paramiko.transport:starting thread (client mode): 0x2225150
DEBUG:paramiko.transport:starting thread (client mode): 0x26f210
DEBUG:paramiko.transport:starting thread (client mode): 0x2226810
DEBUG:paramiko.transport:Local version/idstring: SSH-2.0-paramiko_3.1.0
DEBUG:paramiko.transport:Local version/idstring: SSH-2.0-paramiko_3.1.0
DEBUG:paramiko.transport:Local version/idstring: SSH-2.0-paramiko_3.1.0
DEBUG:paramiko.transport:Remote version/idstring: SSH-1.99-Cisco-1.25
INFO:paramiko.transport:Connected (version 1.99, client Cisco-1.25)
DEBUG:paramiko.transport:Remote version/idstring: SSH-1.99-Cisco-1.25
INFO:paramiko.transport:Connected (version 1.99, client Cisco-1.25)
DEBUG:paramiko.transport:Remote version/idstring: SSH-1.99-Cisco-1.25
INFO:paramiko.transport:Connected (version 1.99, client Cisco-1.25)
DEBUG:paramiko.transport:=== Key exchange possibilities ===
DEBUG:paramiko.transport:=== Key exchange possibilities ===
DEBUG:paramiko.transport:=== Key exchange possibilities ===
DEBUG:paramiko.transport:kex algos: diffie-hellman-group-exchange-sha1, diffie-hellman-group14-sha1, diffie-hellman-group1-sha1
DEBUG:paramiko.transport:kex algos: diffie-hellman-group-exchange-sha1, diffie-hellman-group14-sha1, diffie-hellman-group1-sha1
DEBUG:paramiko.transport:kex algos: diffie-hellman-group-exchange-sha1, diffie-hellman-group14-sha1, diffie-hellman-group1-sha1
DEBUG:paramiko.transport:server key: ssh-rsa
DEBUG:paramiko.transport:client encrypt: aes128-cbc, 3des-cbc, aes192-cbc, aes256-cbc
DEBUG:paramiko.transport:server key: ssh-rsa
DEBUG:paramiko.transport:server key: ssh-rsa
DEBUG:paramiko.transport:server encrypt: aes128-cbc, 3des-cbc, aes192-cbc, aes256-cbc
DEBUG:paramiko.transport:client encrypt: aes128-cbc, 3des-cbc, aes192-cbc, aes256-cbc
DEBUG:paramiko.transport:client encrypt: aes128-cbc, 3des-cbc, aes192-cbc, aes256-cbc
DEBUG:paramiko.transport:client mac: hmac-sha1, hmac-sha1-96, hmac-md5, hmac-md5-96
DEBUG:paramiko.transport:server encrypt: aes128-cbc, 3des-cbc, aes192-cbc, aes256-cbc
DEBUG:paramiko.transport:server encrypt: aes128-cbc, 3des-cbc, aes192-cbc, aes256-cbc
DEBUG:paramiko.transport:server mac: hmac-sha1, hmac-sha1-96, hmac-md5, hmac-md5-96
DEBUG:paramiko.transport:client mac: hmac-sha1, hmac-sha1-96, hmac-md5, hmac-md5-96
DEBUG:paramiko.transport:client mac: hmac-sha1, hmac-sha1-96, hmac-md5, hmac-md5-96
DEBUG:paramiko.transport:client compress: none
DEBUG:paramiko.transport:server mac: hmac-sha1, hmac-sha1-96, hmac-md5, hmac-md5-96
DEBUG:paramiko.transport:server mac: hmac-sha1, hmac-sha1-96, hmac-md5, hmac-md5-96
DEBUG:paramiko.transport:server compress: none
DEBUG:paramiko.transport:client compress: none
DEBUG:paramiko.transport:client compress: none
DEBUG:paramiko.transport:client lang: <none>
DEBUG:paramiko.transport:server compress: none
DEBUG:paramiko.transport:server compress: none
DEBUG:paramiko.transport:server lang: <none>
DEBUG:paramiko.transport:client lang: <none>
DEBUG:paramiko.transport:client lang: <none>
DEBUG:paramiko.transport:kex follows: False
DEBUG:paramiko.transport:server lang: <none>
DEBUG:paramiko.transport:kex follows: False
DEBUG:paramiko.transport:=== Key exchange agreements ===
DEBUG:paramiko.transport:server lang: <none>
DEBUG:paramiko.transport:=== Key exchange agreements ===
DEBUG:paramiko.transport:Kex: diffie-hellman-group-exchange-sha1
DEBUG:paramiko.transport:HostKey: ssh-rsa
DEBUG:paramiko.transport:Kex: diffie-hellman-group-exchange-sha1
DEBUG:paramiko.transport:Cipher: aes128-cbc
DEBUG:paramiko.transport:HostKey: ssh-rsa
DEBUG:paramiko.transport:MAC: hmac-sha1
DEBUG:paramiko.transport:Cipher: aes128-cbc
DEBUG:paramiko.transport:Compression: none
DEBUG:paramiko.transport:MAC: hmac-sha1
DEBUG:paramiko.transport:=== End of kex handshake ===
DEBUG:paramiko.transport:Compression: none
DEBUG:paramiko.transport:=== End of kex handshake ===
DEBUG:paramiko.transport:kex follows: False
DEBUG:paramiko.transport:=== Key exchange agreements ===
DEBUG:paramiko.transport:Kex: diffie-hellman-group-exchange-sha1
DEBUG:paramiko.transport:HostKey: ssh-rsa
DEBUG:paramiko.transport:Cipher: aes128-cbc
DEBUG:paramiko.transport:MAC: hmac-sha1
DEBUG:paramiko.transport:Compression: none
DEBUG:paramiko.transport:=== End of kex handshake ===
DEBUG:paramiko.transport:Got server p (2048 bits)
DEBUG:paramiko.transport:Got server p (2048 bits)
DEBUG:paramiko.transport:Got server p (2048 bits)
DEBUG:paramiko.transport:kex engine KexGex specified hash_algo <built-in function openssl_sha1>
DEBUG:paramiko.transport:kex engine KexGex specified hash_algo <built-in function openssl_sha1>
DEBUG:paramiko.transport:kex engine KexGex specified hash_algo <built-in function openssl_sha1>
DEBUG:paramiko.transport:Switch to new keys ...
DEBUG:paramiko.transport:Switch to new keys ...
DEBUG:paramiko.transport:Switch to new keys ...
DEBUG:paramiko.transport:Adding ssh-rsa host key for 22.1.1.3: b'066c7124312faa51699585c51d69da5c'
DEBUG:paramiko.transport:Adding ssh-rsa host key for 22.1.1.2: b'f3936c9baa657747b0b1aeba7a60394c'
DEBUG:paramiko.transport:Adding ssh-rsa host key for 22.1.1.4: b'8a1d5317e5f52d65fed338f5b136e6c3'
DEBUG:paramiko.transport:userauth is OK
DEBUG:paramiko.transport:userauth is OK
DEBUG:paramiko.transport:userauth is OK
INFO:paramiko.transport:Authentication (password) successful!
INFO:paramiko.transport:Authentication (password) successful!
INFO:paramiko.transport:Authentication (password) successful!
DEBUG:paramiko.transport:[chan 0] Max packet in: 32768 bytes
DEBUG:paramiko.transport:[chan 0] Max packet in: 32768 bytes
DEBUG:paramiko.transport:[chan 0] Max packet in: 32768 bytes
DEBUG:paramiko.transport:[chan 0] Max packet out: 4096 bytes
DEBUG:paramiko.transport:[chan 0] Max packet out: 4096 bytes
DEBUG:paramiko.transport:Secsh channel 0 opened.
DEBUG:paramiko.transport:Secsh channel 0 opened.
DEBUG:paramiko.transport:[chan 0] Max packet out: 4096 bytes
DEBUG:paramiko.transport:Secsh channel 0 opened.
DEBUG:paramiko.transport:[chan 0] Sesch channel 0 request ok
DEBUG:paramiko.transport:[chan 0] Sesch channel 0 request ok
DEBUG:paramiko.transport:[chan 0] Sesch channel 0 request ok
DEBUG:paramiko.transport:[chan 0] Sesch channel 0 request ok
DEBUG:paramiko.transport:[chan 0] Sesch channel 0 request ok
DEBUG:paramiko.transport:[chan 0] Sesch channel 0 request ok
DEBUG:netmiko:write_channel: b'\n'
DEBUG:netmiko:write_channel: b'\n'
DEBUG:netmiko:write_channel: b'\n'
DEBUG:netmiko:write_channel: b'terminal width 511\n'
DEBUG:netmiko:write_channel: b'terminal width 511\n'
DEBUG:netmiko:read_channel: 3swalex>
3swalex>
DEBUG:netmiko:read_channel: 
sw2alex>
sw2alex>
DEBUG:netmiko:write_channel: b'terminal width 511\n'
DEBUG:netmiko:read_channel: 3swalex2>
3swalex2>
DEBUG:netmiko:read_channel: t
DEBUG:netmiko:read_channel: t
DEBUG:netmiko:read_channel: te
DEBUG:netmiko:read_channel: er
DEBUG:netmiko:read_channel: er
DEBUG:netmiko:read_channel: rm
DEBUG:netmiko:read_channel: mi
DEBUG:netmiko:read_channel: mi
DEBUG:netmiko:read_channel: na
DEBUG:netmiko:read_channel: na
DEBUG:netmiko:read_channel: inal
DEBUG:netmiko:read_channel: l 
DEBUG:netmiko:read_channel: l 
DEBUG:netmiko:read_channel:  
DEBUG:netmiko:read_channel: wid
DEBUG:netmiko:read_channel: w
DEBUG:netmiko:read_channel: w
DEBUG:netmiko:read_channel: idt
DEBUG:netmiko:read_channel: th 
DEBUG:netmiko:read_channel: idt
DEBUG:netmiko:read_channel: h 
DEBUG:netmiko:read_channel: 511
DEBUG:netmiko:Pattern found: (terminal width 511) 
sw2alex>
sw2alex>terminal width 511
DEBUG:netmiko:In disable_paging
DEBUG:netmiko:Command: terminal length 0

DEBUG:netmiko:write_channel: b'terminal length 0\n'
DEBUG:netmiko:read_channel: 

DEBUG:netmiko:read_channel: h 5
DEBUG:netmiko:read_channel: 511
DEBUG:netmiko:Pattern found: (terminal width 511) 3swalex>
3swalex>terminal width 511
DEBUG:netmiko:In disable_paging
DEBUG:netmiko:Command: terminal length 0

DEBUG:netmiko:write_channel: b'terminal length 0\n'
DEBUG:netmiko:read_channel: 
DEBUG:netmiko:read_channel: sw2alex>
DEBUG:netmiko:read_channel: 11
DEBUG:netmiko:Pattern found: (terminal width 511) 3swalex2>
3swalex2>terminal width 511
DEBUG:netmiko:In disable_paging
DEBUG:netmiko:Command: terminal length 0

DEBUG:netmiko:write_channel: b'terminal length 0\n'
DEBUG:netmiko:read_channel: 

DEBUG:netmiko:read_channel: 
3swalex>
DEBUG:netmiko:read_channel: ter
DEBUG:netmiko:read_channel: 3swalex2>
DEBUG:netmiko:read_channel: te
DEBUG:netmiko:read_channel: mi
DEBUG:netmiko:read_channel: te
DEBUG:netmiko:read_channel: rmi
DEBUG:netmiko:read_channel: na
DEBUG:netmiko:read_channel: rm
DEBUG:netmiko:read_channel: na
DEBUG:netmiko:read_channel: l 
DEBUG:netmiko:read_channel: in
DEBUG:netmiko:read_channel: l l
DEBUG:netmiko:read_channel: leng
DEBUG:netmiko:read_channel: al 
DEBUG:netmiko:read_channel: eng
DEBUG:netmiko:read_channel: th 
DEBUG:netmiko:read_channel: len
DEBUG:netmiko:read_channel: th 0
DEBUG:netmiko:Pattern found: (terminal\ length\ 0) 
3swalex>terminal length 0
DEBUG:netmiko:
3swalex>terminal length 0
DEBUG:netmiko:Exiting disable_paging
DEBUG:netmiko:read_channel: 0
sw2alex>
DEBUG:netmiko:Pattern found: (terminal\ length\ 0) 
sw2alex>terminal length 0
DEBUG:netmiko:
sw2alex>terminal length 0
DEBUG:netmiko:Exiting disable_paging
DEBUG:netmiko:read_channel: gth
DEBUG:netmiko:read_channel: 
3swalex>
DEBUG:netmiko:Clear buffer detects data in the channel
DEBUG:netmiko:read_channel: 
DEBUG:netmiko:Clear buffer detects data in the channel
DEBUG:netmiko:read_channel:  0
DEBUG:netmiko:Pattern found: (terminal\ length\ 0) 
3swalex2>terminal length 0
DEBUG:netmiko:
3swalex2>terminal length 0
DEBUG:netmiko:Exiting disable_paging
DEBUG:netmiko:read_channel: 
3swalex2>
DEBUG:netmiko:Clear buffer detects data in the channel
DEBUG:netmiko:read_channel: 
DEBUG:netmiko:write_channel: b'\n'
DEBUG:netmiko:read_channel: 
DEBUG:netmiko:read_channel: 
DEBUG:netmiko:write_channel: b'\n'
DEBUG:netmiko:read_channel: 
DEBUG:netmiko:read_channel: 

DEBUG:netmiko:read_channel: 

DEBUG:netmiko:read_channel: 
DEBUG:netmiko:write_channel: b'\n'
DEBUG:netmiko:read_channel: 
DEBUG:netmiko:read_channel: 3swalex>
DEBUG:netmiko:Pattern found: (\#|>) 
3swalex>
DEBUG:netmiko:read_channel: sw2alex>
DEBUG:netmiko:Pattern found: (\#|>) 
sw2alex>
DEBUG:netmiko:read_channel: 

DEBUG:netmiko:read_channel: 
DEBUG:netmiko:[find_prompt()]: prompt is 3swalex>
DEBUG:netmiko:read_channel: 
DEBUG:netmiko:[find_prompt()]: prompt is sw2alex>
DEBUG:netmiko:read_channel: 3swalex2>
DEBUG:netmiko:Pattern found: (\#|>) 
3swalex2>
DEBUG:netmiko:read_channel: 
DEBUG:netmiko:write_channel: b'\n'
DEBUG:netmiko:read_channel: 
DEBUG:netmiko:write_channel: b'\n'
DEBUG:netmiko:read_channel: 
DEBUG:netmiko:[find_prompt()]: prompt is 3swalex2>
DEBUG:netmiko:read_channel: 
DEBUG:netmiko:write_channel: b'\n'
DEBUG:netmiko:read_channel: 
3swalex>
DEBUG:netmiko:read_channel: 
sw2alex>
DEBUG:netmiko:read_channel: 
DEBUG:netmiko:[find_prompt()]: prompt is 3swalex>
DEBUG:netmiko:write_channel: b'\n'
DEBUG:netmiko:read_channel: 
DEBUG:netmiko:read_channel: 
DEBUG:netmiko:[find_prompt()]: prompt is sw2alex>
DEBUG:netmiko:write_channel: b'\n'
DEBUG:netmiko:read_channel: 
DEBUG:netmiko:read_channel: 
3swalex2>
DEBUG:netmiko:read_channel: 
DEBUG:netmiko:read_channel: 
DEBUG:netmiko:[find_prompt()]: prompt is 3swalex2>
DEBUG:netmiko:read_channel: 
3swalex>
DEBUG:netmiko:Pattern found: (3swalex.*) 
3swalex>
DEBUG:netmiko:write_channel: b'enable\n'
DEBUG:netmiko:read_channel: 
DEBUG:netmiko:write_channel: b'\n'
DEBUG:netmiko:read_channel: 
DEBUG:netmiko:read_channel: 
sw2alex>
DEBUG:netmiko:Pattern found: (sw2alex.*) 
sw2alex>
DEBUG:netmiko:read_channel: 
DEBUG:netmiko:read_channel: 
DEBUG:netmiko:write_channel: b'enable\n'
DEBUG:netmiko:read_channel: 
DEBUG:netmiko:read_channel: 
DEBUG:netmiko:read_channel: 
DEBUG:netmiko:read_channel: 
DEBUG:netmiko:read_channel: 
3swalex2>
DEBUG:netmiko:Pattern found: (3swalex2.*) 
3swalex2>
DEBUG:netmiko:read_channel: en
DEBUG:netmiko:read_channel: ena
DEBUG:netmiko:write_channel: b'enable\n'
DEBUG:netmiko:read_channel: 
DEBUG:netmiko:read_channel: b
DEBUG:netmiko:read_channel: 
DEBUG:netmiko:read_channel: abl
DEBUG:netmiko:read_channel: le

DEBUG:netmiko:Pattern found: (enable) enable
DEBUG:netmiko:read_channel: 
DEBUG:netmiko:read_channel: 
DEBUG:netmiko:read_channel: en
DEBUG:netmiko:read_channel: Password: 
DEBUG:netmiko:Pattern found: ((?:3swalex|ssword)) 
Password
DEBUG:netmiko:write_channel: b'********\n'
DEBUG:netmiko:read_channel: 
DEBUG:netmiko:read_channel: ab
DEBUG:netmiko:read_channel: e
Password: 
DEBUG:netmiko:Pattern found: (enable) enable
DEBUG:netmiko:read_channel: 
DEBUG:netmiko:Pattern found: ((?:sw2alex|ssword)) 
Password
DEBUG:netmiko:write_channel: b'********\n'
DEBUG:netmiko:read_channel: 
DEBUG:netmiko:read_channel: 
DEBUG:netmiko:read_channel: le
DEBUG:netmiko:Pattern found: (enable) enable
DEBUG:netmiko:read_channel: 
DEBUG:netmiko:read_channel: 
DEBUG:netmiko:read_channel: 
DEBUG:netmiko:read_channel: 
Password: 
DEBUG:netmiko:Pattern found: ((?:3swalex2|ssword)) 
Password
DEBUG:netmiko:write_channel: b'********\n'
DEBUG:netmiko:read_channel: 
DEBUG:netmiko:read_channel: 
DEBUG:netmiko:read_channel: 
DEBUG:netmiko:read_channel: 
DEBUG:netmiko:read_channel: 
DEBUG:netmiko:read_channel: 
DEBUG:netmiko:read_channel: 
DEBUG:netmiko:read_channel: 
sw2alex#
DEBUG:netmiko:Pattern found: (sw2alex) : 
sw2alex
DEBUG:netmiko:read_channel: 
3swalex#
DEBUG:netmiko:write_channel: b'\n'
DEBUG:netmiko:Pattern found: (3swalex) : 
3swalex
DEBUG:netmiko:read_channel: 
DEBUG:netmiko:write_channel: b'\n'
DEBUG:netmiko:read_channel: 
DEBUG:netmiko:read_channel: 
DEBUG:netmiko:read_channel: 

DEBUG:netmiko:read_channel: 

DEBUG:netmiko:read_channel: 
DEBUG:netmiko:read_channel: sw2alex#
DEBUG:netmiko:Pattern found: (sw2alex.*) #
sw2alex#
DEBUG:netmiko:read_channel: 3swalex#
DEBUG:netmiko:Pattern found: (3swalex.*) #
3swalex#
DEBUG:netmiko:read_channel: 
3swalex2#
DEBUG:netmiko:Pattern found: (3swalex2) : 
3swalex2
DEBUG:netmiko:write_channel: b'\n'
DEBUG:netmiko:read_channel: 
DEBUG:netmiko:read_channel: 
DEBUG:netmiko:read_channel: 
3swalex2#
DEBUG:netmiko:Pattern found: (3swalex2.*) #
3swalex2#
DEBUG:netmiko:write_channel: b'conf t\n'
DEBUG:netmiko:write_channel: b'conf t\n'
DEBUG:netmiko:write_channel: b'conf t\n'
DEBUG:netmiko:read_channel: conf t
Enter configuration commands, one per line.  End with CNTL/Z.
sw2alex(config)#
DEBUG:netmiko:read_channel: conf t
Enter configuration commands, one per line.  End with CNTL/Z.
3swalex(config)#
DEBUG:netmiko:read_channel: conf t
Enter configuration commands, one per line.  End with CNTL/Z.
3swalex2(config)#
DEBUG:netmiko:read_channel: 
DEBUG:netmiko:read_channel: 
DEBUG:netmiko:read_channel: 
DEBUG:netmiko:read_channel: 
DEBUG:netmiko:read_channel: 
DEBUG:netmiko:read_channel: 
DEBUG:netmiko:read_channel: 
DEBUG:netmiko:write_channel: b'\n'
DEBUG:netmiko:write_channel: b'\n'
DEBUG:netmiko:read_channel: 
3swalex(config)#
DEBUG:netmiko:read_channel: 
sw2alex(config)#
DEBUG:netmiko:read_channel: 
DEBUG:netmiko:read_channel: 
DEBUG:netmiko:[find_prompt()]: prompt is sw2alex(config)#
DEBUG:netmiko:[find_prompt()]: prompt is 3swalex(config)#
DEBUG:netmiko:write_channel: b'vlan 10\n'
DEBUG:netmiko:write_channel: b'vlan 10\n'
DEBUG:netmiko:read_channel: 
DEBUG:netmiko:read_channel: 
DEBUG:netmiko:write_channel: b'\n'
DEBUG:netmiko:read_channel: 
3swalex2(config)#
DEBUG:netmiko:read_channel: 
DEBUG:netmiko:[find_prompt()]: prompt is 3swalex2(config)#
DEBUG:netmiko:write_channel: b'vlan 10\n'
DEBUG:netmiko:read_channel: vlan 10
sw2alex(config-vlan)#
DEBUG:netmiko:read_channel: vlan 10
3swalex(config-vlan)#
DEBUG:netmiko:read_channel: vlan 10
3swalex2(config-vlan)#
DEBUG:netmiko:read_channel: 
DEBUG:netmiko:read_channel: 
DEBUG:netmiko:read_channel: 
DEBUG:netmiko:read_channel: 
DEBUG:netmiko:read_channel: 
DEBUG:netmiko:write_channel: b'vlan 20\n'
DEBUG:netmiko:write_channel: b'vlan 20\n'
DEBUG:netmiko:read_channel: 
DEBUG:netmiko:write_channel: b'vlan 20\n'
DEBUG:netmiko:read_channel: vlan 20
sw2alex(config-vlan)#
DEBUG:netmiko:read_channel: vlan 20
3swalex(config-vlan)#
DEBUG:netmiko:read_channel: vlan 20
3swalex2(config-vlan)#
DEBUG:netmiko:read_channel: 
DEBUG:netmiko:read_channel: 
DEBUG:netmiko:read_channel: 
DEBUG:netmiko:read_channel: 
DEBUG:netmiko:write_channel: b'vlan 30\n'
DEBUG:netmiko:read_channel: 
DEBUG:netmiko:write_channel: b'vlan 30\n'
DEBUG:netmiko:read_channel: 
DEBUG:netmiko:write_channel: b'vlan 30\n'
DEBUG:netmiko:read_channel: vlan 30
sw2alex(config-vlan)#
DEBUG:netmiko:read_channel: vlan 30
3swalex(config-vlan)#
DEBUG:netmiko:read_channel: vlan 30
3swalex2(config-vlan)#
DEBUG:netmiko:read_channel: 
DEBUG:netmiko:read_channel: 
DEBUG:netmiko:read_channel: 
DEBUG:netmiko:read_channel: 
DEBUG:netmiko:read_channel: 
DEBUG:netmiko:write_channel: b'vlan 40\n'
DEBUG:netmiko:write_channel: b'vlan 40\n'
DEBUG:netmiko:read_channel: 
DEBUG:netmiko:write_channel: b'vlan 40\n'
DEBUG:netmiko:read_channel: vlan 40
3swalex(config-vlan)#
DEBUG:netmiko:read_channel: vlan 40
sw2alex(config-vlan)#
DEBUG:netmiko:read_channel: vlan 40
3swalex2(config-vlan)#
DEBUG:netmiko:read_channel: 
DEBUG:netmiko:read_channel: 
DEBUG:netmiko:read_channel: 
DEBUG:netmiko:read_channel: 
DEBUG:netmiko:read_channel: 
DEBUG:netmiko:read_channel: 
DEBUG:netmiko:write_channel: b'\n'
DEBUG:netmiko:write_channel: b'\n'
DEBUG:netmiko:read_channel: 
DEBUG:netmiko:read_channel: 
DEBUG:netmiko:read_channel: 

DEBUG:netmiko:read_channel: 

DEBUG:netmiko:read_channel: 3swalex(config-vlan)#
DEBUG:netmiko:read_channel: sw2alex(config-vlan)#
DEBUG:netmiko:Pattern found: ([>#]) 
3swalex(config-vlan)#
DEBUG:netmiko:Pattern found: ([>#]) 
sw2alex(config-vlan)#
DEBUG:netmiko:write_channel: b'\n'
DEBUG:netmiko:write_channel: b'\n'
DEBUG:netmiko:read_channel: 
DEBUG:netmiko:read_channel: 
DEBUG:netmiko:read_channel: 

DEBUG:netmiko:read_channel: 

DEBUG:netmiko:read_channel: 3swalex(config-vlan)#
DEBUG:netmiko:read_channel: sw2alex(config-vlan)#
DEBUG:netmiko:Pattern found: ([>#]) 
3swalex(config-vlan)#
DEBUG:netmiko:Pattern found: ([>#]) 
sw2alex(config-vlan)#
DEBUG:netmiko:write_channel: b'end\n'
DEBUG:netmiko:read_channel: 
DEBUG:netmiko:write_channel: b'end\n'
DEBUG:netmiko:read_channel: 
DEBUG:netmiko:write_channel: b'\n'
DEBUG:netmiko:read_channel: 
DEBUG:netmiko:read_channel: e
DEBUG:netmiko:read_channel: e
DEBUG:netmiko:read_channel: 

DEBUG:netmiko:read_channel: nd
DEBUG:netmiko:read_channel: nd

DEBUG:netmiko:Pattern found: (end) end
DEBUG:netmiko:Pattern found: (end) end
DEBUG:netmiko:read_channel: 

DEBUG:netmiko:read_channel: 
DEBUG:netmiko:read_channel: 3swalex2(config-vlan)#
DEBUG:netmiko:Pattern found: ([>#]) 
3swalex2(config-vlan)#
DEBUG:netmiko:write_channel: b'\n'
DEBUG:netmiko:read_channel: 
DEBUG:netmiko:read_channel: sw2alex#
DEBUG:netmiko:read_channel: 3swalex#
DEBUG:netmiko:Pattern found: (#.*) 
sw2alex#
DEBUG:netmiko:Pattern found: (#.*) 
3swalex#
DEBUG:netmiko:write_channel: b'\n'
DEBUG:netmiko:write_channel: b'\n'
DEBUG:netmiko:read_channel: 
DEBUG:netmiko:read_channel: 
DEBUG:netmiko:read_channel: 
3swalex2(config-vlan)#
DEBUG:netmiko:Pattern found: ([>#]) 
3swalex2(config-vlan)#
DEBUG:netmiko:write_channel: b'end\n'
DEBUG:netmiko:read_channel: 
DEBUG:netmiko:read_channel: 

DEBUG:netmiko:read_channel: 
sw2alex#
DEBUG:netmiko:Pattern found: ([>#]) 
sw2alex#
DEBUG:netmiko:exit_config_mode: end
sw2alex#
DEBUG:netmiko:write_channel: b'exit\n'
DEBUG:paramiko.transport:EOF in transport thread
DEBUG:netmiko:read_channel: en
DEBUG:netmiko:read_channel: 3swalex#
DEBUG:netmiko:Pattern found: ([>#]) 
3swalex#
DEBUG:netmiko:exit_config_mode: end
3swalex#
DEBUG:netmiko:write_channel: b'exit\n'
DEBUG:paramiko.transport:EOF in transport thread
DEBUG:netmiko:read_channel: d
3swalex2#
DEBUG:netmiko:Pattern found: (end) end
DEBUG:netmiko:read_channel: 
DEBUG:netmiko:Pattern found: (#.*) 
3swalex2#
DEBUG:netmiko:write_channel: b'\n'
DEBUG:netmiko:read_channel: 
DEBUG:netmiko:read_channel: 

DEBUG:netmiko:read_channel: 3swalex2#
DEBUG:netmiko:Pattern found: ([>#]) 
3swalex2#
DEBUG:netmiko:exit_config_mode: end
3swalex2#
DEBUG:netmiko:write_channel: b'exit\n'
DEBUG:paramiko.transport:EOF in transport thread
DEBUG:paramiko.transport:starting thread (client mode): 0x14cdf950
DEBUG:paramiko.transport:Local version/idstring: SSH-2.0-paramiko_3.1.0
DEBUG:paramiko.transport:starting thread (client mode): 0x14cecfd0
DEBUG:paramiko.transport:Local version/idstring: SSH-2.0-paramiko_3.1.0
DEBUG:paramiko.transport:starting thread (client mode): 0x14cee850
DEBUG:paramiko.transport:Local version/idstring: SSH-2.0-paramiko_3.1.0
DEBUG:paramiko.transport:Remote version/idstring: SSH-1.99-Cisco-1.25
INFO:paramiko.transport:Connected (version 1.99, client Cisco-1.25)
DEBUG:paramiko.transport:=== Key exchange possibilities ===
DEBUG:paramiko.transport:kex algos: diffie-hellman-group-exchange-sha1, diffie-hellman-group14-sha1, diffie-hellman-group1-sha1
DEBUG:paramiko.transport:server key: ssh-rsa
DEBUG:paramiko.transport:client encrypt: aes128-cbc, 3des-cbc, aes192-cbc, aes256-cbc
DEBUG:paramiko.transport:server encrypt: aes128-cbc, 3des-cbc, aes192-cbc, aes256-cbc
DEBUG:paramiko.transport:client mac: hmac-sha1, hmac-sha1-96, hmac-md5, hmac-md5-96
DEBUG:paramiko.transport:server mac: hmac-sha1, hmac-sha1-96, hmac-md5, hmac-md5-96
DEBUG:paramiko.transport:client compress: none
DEBUG:paramiko.transport:server compress: none
DEBUG:paramiko.transport:Remote version/idstring: SSH-1.99-Cisco-1.25
DEBUG:paramiko.transport:Remote version/idstring: SSH-1.99-Cisco-1.25
DEBUG:paramiko.transport:client lang: <none>
INFO:paramiko.transport:Connected (version 1.99, client Cisco-1.25)
INFO:paramiko.transport:Connected (version 1.99, client Cisco-1.25)
DEBUG:paramiko.transport:server lang: <none>
DEBUG:paramiko.transport:kex follows: False
DEBUG:paramiko.transport:=== Key exchange agreements ===
DEBUG:paramiko.transport:Kex: diffie-hellman-group-exchange-sha1
DEBUG:paramiko.transport:HostKey: ssh-rsa
DEBUG:paramiko.transport:Cipher: aes128-cbc
DEBUG:paramiko.transport:MAC: hmac-sha1
DEBUG:paramiko.transport:Compression: none
DEBUG:paramiko.transport:=== End of kex handshake ===
DEBUG:paramiko.transport:Got server p (2048 bits)
DEBUG:paramiko.transport:=== Key exchange possibilities ===
DEBUG:paramiko.transport:kex algos: diffie-hellman-group-exchange-sha1, diffie-hellman-group14-sha1, diffie-hellman-group1-sha1
DEBUG:paramiko.transport:server key: ssh-rsa
DEBUG:paramiko.transport:client encrypt: aes128-cbc, 3des-cbc, aes192-cbc, aes256-cbc
DEBUG:paramiko.transport:server encrypt: aes128-cbc, 3des-cbc, aes192-cbc, aes256-cbc
DEBUG:paramiko.transport:client mac: hmac-sha1, hmac-sha1-96, hmac-md5, hmac-md5-96
DEBUG:paramiko.transport:=== Key exchange possibilities ===
DEBUG:paramiko.transport:server mac: hmac-sha1, hmac-sha1-96, hmac-md5, hmac-md5-96
DEBUG:paramiko.transport:kex algos: diffie-hellman-group-exchange-sha1, diffie-hellman-group14-sha1, diffie-hellman-group1-sha1
DEBUG:paramiko.transport:client compress: none
DEBUG:paramiko.transport:server key: ssh-rsa
DEBUG:paramiko.transport:server compress: none
DEBUG:paramiko.transport:client encrypt: aes128-cbc, 3des-cbc, aes192-cbc, aes256-cbc
DEBUG:paramiko.transport:client lang: <none>
DEBUG:paramiko.transport:server encrypt: aes128-cbc, 3des-cbc, aes192-cbc, aes256-cbc
DEBUG:paramiko.transport:server lang: <none>
DEBUG:paramiko.transport:client mac: hmac-sha1, hmac-sha1-96, hmac-md5, hmac-md5-96
DEBUG:paramiko.transport:kex follows: False
DEBUG:paramiko.transport:server mac: hmac-sha1, hmac-sha1-96, hmac-md5, hmac-md5-96
DEBUG:paramiko.transport:=== Key exchange agreements ===
DEBUG:paramiko.transport:client compress: none
DEBUG:paramiko.transport:Kex: diffie-hellman-group-exchange-sha1
DEBUG:paramiko.transport:server compress: none
DEBUG:paramiko.transport:HostKey: ssh-rsa
DEBUG:paramiko.transport:client lang: <none>
DEBUG:paramiko.transport:Cipher: aes128-cbc
DEBUG:paramiko.transport:server lang: <none>
DEBUG:paramiko.transport:MAC: hmac-sha1
DEBUG:paramiko.transport:kex follows: False
DEBUG:paramiko.transport:Compression: none
DEBUG:paramiko.transport:=== Key exchange agreements ===
DEBUG:paramiko.transport:=== End of kex handshake ===
DEBUG:paramiko.transport:Kex: diffie-hellman-group-exchange-sha1
DEBUG:paramiko.transport:HostKey: ssh-rsa
DEBUG:paramiko.transport:Cipher: aes128-cbc
DEBUG:paramiko.transport:MAC: hmac-sha1
DEBUG:paramiko.transport:Compression: none
DEBUG:paramiko.transport:=== End of kex handshake ===
DEBUG:paramiko.transport:Got server p (2048 bits)
DEBUG:paramiko.transport:Got server p (2048 bits)
DEBUG:paramiko.transport:kex engine KexGex specified hash_algo <built-in function openssl_sha1>
DEBUG:paramiko.transport:kex engine KexGex specified hash_algo <built-in function openssl_sha1>
DEBUG:paramiko.transport:Switch to new keys ...
DEBUG:paramiko.transport:Switch to new keys ...
DEBUG:paramiko.transport:kex engine KexGex specified hash_algo <built-in function openssl_sha1>
DEBUG:paramiko.transport:Adding ssh-rsa host key for 22.1.1.4: b'8a1d5317e5f52d65fed338f5b136e6c3'
DEBUG:paramiko.transport:Adding ssh-rsa host key for 22.1.1.3: b'066c7124312faa51699585c51d69da5c'
DEBUG:paramiko.transport:Switch to new keys ...
DEBUG:paramiko.transport:Adding ssh-rsa host key for 22.1.1.2: b'f3936c9baa657747b0b1aeba7a60394c'
DEBUG:paramiko.transport:userauth is OK
INFO:paramiko.transport:Authentication (password) successful!
DEBUG:paramiko.transport:[chan 0] Max packet in: 32768 bytes
DEBUG:paramiko.transport:userauth is OK
DEBUG:paramiko.transport:[chan 0] Max packet out: 4096 bytes
INFO:paramiko.transport:Authentication (password) successful!
DEBUG:paramiko.transport:Secsh channel 0 opened.
DEBUG:paramiko.transport:userauth is OK
DEBUG:paramiko.transport:[chan 0] Max packet in: 32768 bytes
DEBUG:paramiko.transport:[chan 0] Sesch channel 0 request ok
INFO:paramiko.transport:Authentication (password) successful!
DEBUG:paramiko.transport:[chan 0] Max packet in: 32768 bytes
DEBUG:paramiko.transport:[chan 0] Max packet out: 4096 bytes
DEBUG:paramiko.transport:Secsh channel 0 opened.
DEBUG:paramiko.transport:[chan 0] Sesch channel 0 request ok
DEBUG:paramiko.transport:[chan 0] Max packet out: 4096 bytes
DEBUG:paramiko.transport:Secsh channel 0 opened.
DEBUG:netmiko:write_channel: b'\n'
DEBUG:paramiko.transport:[chan 0] Sesch channel 0 request ok
DEBUG:paramiko.transport:[chan 0] Sesch channel 0 request ok
DEBUG:paramiko.transport:[chan 0] Sesch channel 0 request ok
DEBUG:netmiko:write_channel: b'\n'
DEBUG:paramiko.transport:[chan 0] Sesch channel 0 request ok
DEBUG:netmiko:write_channel: b'\n'
DEBUG:netmiko:write_channel: b'terminal width 511\n'
DEBUG:netmiko:read_channel: 3swalex2>
3swalex2>
DEBUG:netmiko:read_channel: t
DEBUG:netmiko:write_channel: b'terminal width 511\n'
DEBUG:netmiko:read_channel: 
3swalex>
3swalex>
DEBUG:netmiko:read_channel: ermi
DEBUG:netmiko:read_channel: 
DEBUG:netmiko:read_channel: nal
DEBUG:netmiko:write_channel: b'terminal width 511\n'
DEBUG:netmiko:read_channel: sw2alex>
sw2alex>
DEBUG:netmiko:read_channel: ter
DEBUG:netmiko:read_channel:  wi
DEBUG:netmiko:read_channel: t
DEBUG:netmiko:read_channel: min
DEBUG:netmiko:read_channel: dth
DEBUG:netmiko:read_channel: erm
DEBUG:netmiko:read_channel: al 
DEBUG:netmiko:read_channel:  51
DEBUG:netmiko:read_channel: inal
DEBUG:netmiko:read_channel: wi
DEBUG:netmiko:read_channel: 1

DEBUG:netmiko:Pattern found: (terminal width 511) 3swalex2>
3swalex2>terminal width 511
DEBUG:netmiko:In disable_paging
DEBUG:netmiko:Command: terminal length 0

DEBUG:netmiko:read_channel:  w
DEBUG:netmiko:write_channel: b'terminal length 0\n'
DEBUG:netmiko:read_channel: 3swalex2>
DEBUG:netmiko:read_channel: dth 
DEBUG:netmiko:read_channel: idth
DEBUG:netmiko:read_channel: t
DEBUG:netmiko:read_channel: 51
DEBUG:netmiko:read_channel: er
DEBUG:netmiko:read_channel:  51
DEBUG:netmiko:read_channel: 1
3swalex>
DEBUG:netmiko:Pattern found: (terminal width 511) 
3swalex>
3swalex>terminal width 511
DEBUG:netmiko:In disable_paging
DEBUG:netmiko:Command: terminal length 0

DEBUG:netmiko:write_channel: b'terminal length 0\n'
DEBUG:netmiko:read_channel: 
DEBUG:netmiko:read_channel: min
DEBUG:netmiko:read_channel: 1
sw2alex>
DEBUG:netmiko:Pattern found: (terminal width 511) sw2alex>
sw2alex>terminal width 511
DEBUG:netmiko:In disable_paging
DEBUG:netmiko:Command: terminal length 0

DEBUG:netmiko:read_channel: te
DEBUG:netmiko:write_channel: b'terminal length 0\n'
DEBUG:netmiko:read_channel: 
DEBUG:netmiko:read_channel: al 
DEBUG:netmiko:read_channel: rmi
DEBUG:netmiko:read_channel: t
DEBUG:netmiko:read_channel: le
DEBUG:netmiko:read_channel: na
DEBUG:netmiko:read_channel: ermi
DEBUG:netmiko:read_channel: ngth
DEBUG:netmiko:read_channel: l 
DEBUG:netmiko:read_channel:  
DEBUG:netmiko:read_channel: nal
DEBUG:netmiko:read_channel: len
DEBUG:netmiko:read_channel: 0

DEBUG:netmiko:Pattern found: (terminal\ length\ 0) 
3swalex2>terminal length 0
DEBUG:netmiko:read_channel:  l
DEBUG:netmiko:
3swalex2>terminal length 0
DEBUG:netmiko:Exiting disable_paging
DEBUG:netmiko:read_channel: gth
DEBUG:netmiko:read_channel: engt
DEBUG:netmiko:read_channel: 3swalex2>
DEBUG:netmiko:read_channel:  
DEBUG:netmiko:Clear buffer detects data in the channel
DEBUG:netmiko:read_channel: 
DEBUG:netmiko:read_channel: 0
3swalex>
DEBUG:netmiko:Pattern found: (terminal\ length\ 0) 
3swalex>terminal length 0
DEBUG:netmiko:
3swalex>terminal length 0
DEBUG:netmiko:Exiting disable_paging
DEBUG:netmiko:read_channel: h 0
sw2alex>
DEBUG:netmiko:Pattern found: (terminal\ length\ 0) 
sw2alex>terminal length 0
DEBUG:netmiko:
sw2alex>terminal length 0
DEBUG:netmiko:Exiting disable_paging
DEBUG:netmiko:read_channel: 
DEBUG:netmiko:read_channel: 
DEBUG:netmiko:read_channel: 
DEBUG:netmiko:Clear buffer detects data in the channel
DEBUG:netmiko:write_channel: b'\n'
DEBUG:netmiko:Clear buffer detects data in the channel
DEBUG:netmiko:read_channel: 
DEBUG:netmiko:read_channel: 
3swalex2>
DEBUG:netmiko:Pattern found: (\#|>) 
3swalex2>
DEBUG:netmiko:read_channel: 
DEBUG:netmiko:write_channel: b'\n'
DEBUG:netmiko:read_channel: 
DEBUG:netmiko:read_channel: 
DEBUG:netmiko:[find_prompt()]: prompt is 3swalex2>
DEBUG:netmiko:read_channel: 
DEBUG:netmiko:write_channel: b'\n'
DEBUG:netmiko:read_channel: 
DEBUG:netmiko:read_channel: 
3swalex>
DEBUG:netmiko:Pattern found: (\#|>) 
3swalex>
DEBUG:netmiko:read_channel: 

DEBUG:netmiko:read_channel: 
DEBUG:netmiko:write_channel: b'\n'
DEBUG:netmiko:read_channel: 
DEBUG:netmiko:[find_prompt()]: prompt is 3swalex>
DEBUG:netmiko:read_channel: sw2alex>
DEBUG:netmiko:Pattern found: (\#|>) 
sw2alex>
DEBUG:netmiko:read_channel: 
DEBUG:netmiko:read_channel: 
DEBUG:netmiko:[find_prompt()]: prompt is sw2alex>
DEBUG:netmiko:write_channel: b'\n'
DEBUG:netmiko:read_channel: 
3swalex2>
DEBUG:netmiko:read_channel: 
DEBUG:netmiko:write_channel: b'\n'
DEBUG:netmiko:read_channel: 
DEBUG:netmiko:[find_prompt()]: prompt is 3swalex2>
DEBUG:netmiko:write_channel: b'\n'
DEBUG:netmiko:read_channel: 
DEBUG:netmiko:read_channel: 
3swalex>
DEBUG:netmiko:read_channel: 
DEBUG:netmiko:[find_prompt()]: prompt is 3swalex>
DEBUG:netmiko:read_channel: 
3swalex2>
DEBUG:netmiko:Pattern found: (3swalex2.*) 
3swalex2>
DEBUG:netmiko:write_channel: b'enable\n'
DEBUG:netmiko:read_channel: 
DEBUG:netmiko:write_channel: b'\n'
DEBUG:netmiko:read_channel: 
DEBUG:netmiko:read_channel: 
sw2alex>
DEBUG:netmiko:read_channel: 
DEBUG:netmiko:read_channel: 

DEBUG:netmiko:read_channel: 
DEBUG:netmiko:[find_prompt()]: prompt is sw2alex>
DEBUG:netmiko:write_channel: b'\n'
DEBUG:netmiko:read_channel: 
DEBUG:netmiko:read_channel: en
DEBUG:netmiko:read_channel: 3swalex>
DEBUG:netmiko:read_channel: 
DEBUG:netmiko:Pattern found: (3swalex.*) 
3swalex>
DEBUG:netmiko:write_channel: b'enable\n'
DEBUG:netmiko:read_channel: 
DEBUG:netmiko:read_channel: ab
DEBUG:netmiko:read_channel: 
sw2alex>
DEBUG:netmiko:Pattern found: (sw2alex.*) 
sw2alex>
DEBUG:netmiko:read_channel: l
DEBUG:netmiko:read_channel: e
DEBUG:netmiko:write_channel: b'enable\n'
DEBUG:netmiko:read_channel: 
DEBUG:netmiko:read_channel: e
Password: 
DEBUG:netmiko:read_channel: na
DEBUG:netmiko:Pattern found: (enable) enable
DEBUG:netmiko:read_channel: e
DEBUG:netmiko:read_channel: 
DEBUG:netmiko:Pattern found: ((?:3swalex2|ssword)) 
Password
DEBUG:netmiko:write_channel: b'********\n'
DEBUG:netmiko:read_channel: ble
DEBUG:netmiko:read_channel: nab
DEBUG:netmiko:read_channel: 
DEBUG:netmiko:Pattern found: (enable) enable
DEBUG:netmiko:read_channel: 

DEBUG:netmiko:read_channel: 
DEBUG:netmiko:read_channel: le

DEBUG:netmiko:Pattern found: (enable) enable
DEBUG:netmiko:read_channel: 
DEBUG:netmiko:read_channel: Password: 
DEBUG:netmiko:Pattern found: ((?:3swalex|ssword)) 
Password
DEBUG:netmiko:write_channel: b'********\n'
DEBUG:netmiko:read_channel: 
DEBUG:netmiko:read_channel: 
DEBUG:netmiko:read_channel: Password: 
DEBUG:netmiko:Pattern found: ((?:sw2alex|ssword)) 
Password
DEBUG:netmiko:write_channel: b'********\n'
DEBUG:netmiko:read_channel: 
DEBUG:netmiko:read_channel: 
DEBUG:netmiko:read_channel: 
DEBUG:netmiko:read_channel: 
DEBUG:netmiko:read_channel: 
DEBUG:netmiko:read_channel: 
3swalex2#
DEBUG:netmiko:Pattern found: (3swalex2) : 
3swalex2
DEBUG:netmiko:write_channel: b'\n'
DEBUG:netmiko:read_channel: 
DEBUG:netmiko:read_channel: 
DEBUG:netmiko:read_channel: 
DEBUG:netmiko:read_channel: 

DEBUG:netmiko:read_channel: 
3swalex#
DEBUG:netmiko:read_channel: 
DEBUG:netmiko:Pattern found: (3swalex) : 
3swalex
DEBUG:netmiko:read_channel: 3swalex2#
DEBUG:netmiko:Pattern found: (3swalex2.*) #
3swalex2#
DEBUG:netmiko:write_channel: b'\n'
DEBUG:netmiko:read_channel: 
DEBUG:netmiko:read_channel: 
sw2alex#
DEBUG:netmiko:Pattern found: (sw2alex) : 
sw2alex
DEBUG:netmiko:write_channel: b'\n'
DEBUG:netmiko:read_channel: 
DEBUG:netmiko:read_channel: 
3swalex#
DEBUG:netmiko:Pattern found: (3swalex.*) #
3swalex#
DEBUG:netmiko:read_channel: 

DEBUG:netmiko:read_channel: sw2alex#
DEBUG:netmiko:Pattern found: (sw2alex.*) #
sw2alex#
DEBUG:paramiko.transport:starting thread (client mode): 0xec063110
DEBUG:paramiko.transport:Local version/idstring: SSH-2.0-paramiko_3.1.0
DEBUG:paramiko.transport:starting thread (client mode): 0xeeb072d0
DEBUG:paramiko.transport:Local version/idstring: SSH-2.0-paramiko_3.1.0
DEBUG:paramiko.transport:starting thread (client mode): 0xeeb05f90
DEBUG:paramiko.transport:Local version/idstring: SSH-2.0-paramiko_3.1.0
DEBUG:paramiko.transport:Remote version/idstring: SSH-1.99-Cisco-1.25
INFO:paramiko.transport:Connected (version 1.99, client Cisco-1.25)
DEBUG:paramiko.transport:Remote version/idstring: SSH-1.99-Cisco-1.25
INFO:paramiko.transport:Connected (version 1.99, client Cisco-1.25)
DEBUG:paramiko.transport:=== Key exchange possibilities ===
DEBUG:paramiko.transport:kex algos: diffie-hellman-group-exchange-sha1, diffie-hellman-group14-sha1, diffie-hellman-group1-sha1
DEBUG:paramiko.transport:server key: ssh-rsa
DEBUG:paramiko.transport:client encrypt: aes128-cbc, 3des-cbc, aes192-cbc, aes256-cbc
DEBUG:paramiko.transport:server encrypt: aes128-cbc, 3des-cbc, aes192-cbc, aes256-cbc
DEBUG:paramiko.transport:=== Key exchange possibilities ===
DEBUG:paramiko.transport:client mac: hmac-sha1, hmac-sha1-96, hmac-md5, hmac-md5-96
DEBUG:paramiko.transport:kex algos: diffie-hellman-group-exchange-sha1, diffie-hellman-group14-sha1, diffie-hellman-group1-sha1
DEBUG:paramiko.transport:server mac: hmac-sha1, hmac-sha1-96, hmac-md5, hmac-md5-96
DEBUG:paramiko.transport:Remote version/idstring: SSH-1.99-Cisco-1.25
DEBUG:paramiko.transport:server key: ssh-rsa
DEBUG:paramiko.transport:client compress: none
INFO:paramiko.transport:Connected (version 1.99, client Cisco-1.25)
DEBUG:paramiko.transport:client encrypt: aes128-cbc, 3des-cbc, aes192-cbc, aes256-cbc
DEBUG:paramiko.transport:server compress: none
DEBUG:paramiko.transport:server encrypt: aes128-cbc, 3des-cbc, aes192-cbc, aes256-cbc
DEBUG:paramiko.transport:client lang: <none>
DEBUG:paramiko.transport:client mac: hmac-sha1, hmac-sha1-96, hmac-md5, hmac-md5-96
DEBUG:paramiko.transport:server lang: <none>
DEBUG:paramiko.transport:server mac: hmac-sha1, hmac-sha1-96, hmac-md5, hmac-md5-96
DEBUG:paramiko.transport:kex follows: False
DEBUG:paramiko.transport:client compress: none
DEBUG:paramiko.transport:=== Key exchange possibilities ===
DEBUG:paramiko.transport:=== Key exchange agreements ===
DEBUG:paramiko.transport:server compress: none
DEBUG:paramiko.transport:kex algos: diffie-hellman-group-exchange-sha1, diffie-hellman-group14-sha1, diffie-hellman-group1-sha1
DEBUG:paramiko.transport:Kex: diffie-hellman-group-exchange-sha1
DEBUG:paramiko.transport:client lang: <none>
DEBUG:paramiko.transport:server key: ssh-rsa
DEBUG:paramiko.transport:HostKey: ssh-rsa
DEBUG:paramiko.transport:server lang: <none>
DEBUG:paramiko.transport:client encrypt: aes128-cbc, 3des-cbc, aes192-cbc, aes256-cbc
DEBUG:paramiko.transport:Cipher: aes128-cbc
DEBUG:paramiko.transport:kex follows: False
DEBUG:paramiko.transport:server encrypt: aes128-cbc, 3des-cbc, aes192-cbc, aes256-cbc
DEBUG:paramiko.transport:MAC: hmac-sha1
DEBUG:paramiko.transport:=== Key exchange agreements ===
DEBUG:paramiko.transport:client mac: hmac-sha1, hmac-sha1-96, hmac-md5, hmac-md5-96
DEBUG:paramiko.transport:Compression: none
DEBUG:paramiko.transport:Kex: diffie-hellman-group-exchange-sha1
DEBUG:paramiko.transport:server mac: hmac-sha1, hmac-sha1-96, hmac-md5, hmac-md5-96
DEBUG:paramiko.transport:=== End of kex handshake ===
DEBUG:paramiko.transport:HostKey: ssh-rsa
DEBUG:paramiko.transport:client compress: none
DEBUG:paramiko.transport:Cipher: aes128-cbc
DEBUG:paramiko.transport:server compress: none
DEBUG:paramiko.transport:MAC: hmac-sha1
DEBUG:paramiko.transport:client lang: <none>
DEBUG:paramiko.transport:Compression: none
DEBUG:paramiko.transport:server lang: <none>
DEBUG:paramiko.transport:=== End of kex handshake ===
DEBUG:paramiko.transport:Got server p (2048 bits)
DEBUG:paramiko.transport:kex follows: False
DEBUG:paramiko.transport:=== Key exchange agreements ===
DEBUG:paramiko.transport:Kex: diffie-hellman-group-exchange-sha1
DEBUG:paramiko.transport:Got server p (2048 bits)
DEBUG:paramiko.transport:HostKey: ssh-rsa
DEBUG:paramiko.transport:Cipher: aes128-cbc
DEBUG:paramiko.transport:MAC: hmac-sha1
DEBUG:paramiko.transport:Compression: none
DEBUG:paramiko.transport:=== End of kex handshake ===
DEBUG:paramiko.transport:Got server p (2048 bits)
DEBUG:paramiko.transport:kex engine KexGex specified hash_algo <built-in function openssl_sha1>
DEBUG:paramiko.transport:Switch to new keys ...
DEBUG:paramiko.transport:Adding ssh-rsa host key for 22.1.1.2: b'f3936c9baa657747b0b1aeba7a60394c'
DEBUG:paramiko.transport:kex engine KexGex specified hash_algo <built-in function openssl_sha1>
DEBUG:paramiko.transport:Switch to new keys ...
DEBUG:paramiko.transport:Adding ssh-rsa host key for 22.1.1.3: b'066c7124312faa51699585c51d69da5c'
DEBUG:paramiko.transport:kex engine KexGex specified hash_algo <built-in function openssl_sha1>
DEBUG:paramiko.transport:Switch to new keys ...
DEBUG:paramiko.transport:Adding ssh-rsa host key for 22.1.1.4: b'8a1d5317e5f52d65fed338f5b136e6c3'
DEBUG:paramiko.transport:userauth is OK
DEBUG:paramiko.transport:userauth is OK
INFO:paramiko.transport:Authentication (password) successful!
INFO:paramiko.transport:Authentication (password) successful!
DEBUG:paramiko.transport:[chan 0] Max packet in: 32768 bytes
DEBUG:paramiko.transport:[chan 0] Max packet in: 32768 bytes
DEBUG:paramiko.transport:[chan 0] Max packet out: 4096 bytes
DEBUG:paramiko.transport:Secsh channel 0 opened.
DEBUG:paramiko.transport:[chan 0] Max packet out: 4096 bytes
DEBUG:paramiko.transport:Secsh channel 0 opened.
DEBUG:paramiko.transport:[chan 0] Sesch channel 0 request ok
DEBUG:paramiko.transport:[chan 0] Sesch channel 0 request ok
DEBUG:paramiko.transport:[chan 0] Sesch channel 0 request ok
DEBUG:paramiko.transport:[chan 0] Sesch channel 0 request ok
DEBUG:netmiko:write_channel: b'\n'
DEBUG:netmiko:write_channel: b'\n'
DEBUG:paramiko.transport:userauth is OK
INFO:paramiko.transport:Authentication (password) successful!
DEBUG:paramiko.transport:[chan 0] Max packet in: 32768 bytes
DEBUG:paramiko.transport:[chan 0] Max packet out: 4096 bytes
DEBUG:paramiko.transport:Secsh channel 0 opened.
DEBUG:paramiko.transport:[chan 0] Sesch channel 0 request ok
DEBUG:paramiko.transport:[chan 0] Sesch channel 0 request ok
DEBUG:netmiko:write_channel: b'\n'
DEBUG:netmiko:write_channel: b'terminal width 511\n'
DEBUG:netmiko:read_channel: 
3swalex>
3swalex>
DEBUG:netmiko:write_channel: b'terminal width 511\n'
DEBUG:netmiko:read_channel: 
sw2alex>
sw2alex>
DEBUG:netmiko:read_channel: te
DEBUG:netmiko:read_channel: t
DEBUG:netmiko:read_channel: rmin
DEBUG:netmiko:read_channel: ermi
DEBUG:netmiko:read_channel: al
DEBUG:netmiko:read_channel: na
DEBUG:netmiko:write_channel: b'terminal width 511\n'
DEBUG:netmiko:read_channel: 
3swalex2>
3swalex2>
DEBUG:netmiko:read_channel:  
DEBUG:netmiko:read_channel: l wi
DEBUG:netmiko:read_channel: te
DEBUG:netmiko:read_channel: wid
DEBUG:netmiko:read_channel: dt
DEBUG:netmiko:read_channel: rm
DEBUG:netmiko:read_channel: th
DEBUG:netmiko:read_channel: h 5
DEBUG:netmiko:read_channel: in
DEBUG:netmiko:read_channel:  5
DEBUG:netmiko:read_channel: 11

DEBUG:netmiko:Pattern found: (terminal width 511) 
sw2alex>
sw2alex>terminal width 511
DEBUG:netmiko:In disable_paging
DEBUG:netmiko:Command: terminal length 0

DEBUG:netmiko:read_channel: al 
DEBUG:netmiko:read_channel: 11
3swalex>
DEBUG:netmiko:Pattern found: (terminal width 511) 
3swalex>
3swalex>terminal width 511
DEBUG:netmiko:In disable_paging
DEBUG:netmiko:Command: terminal length 0

DEBUG:netmiko:write_channel: b'terminal length 0\n'
DEBUG:netmiko:read_channel: 
DEBUG:netmiko:write_channel: b'terminal length 0\n'
DEBUG:netmiko:read_channel: sw2alex>
DEBUG:netmiko:read_channel: wi
DEBUG:netmiko:read_channel: 
DEBUG:netmiko:read_channel: t
DEBUG:netmiko:read_channel: dt
DEBUG:netmiko:read_channel: t
DEBUG:netmiko:read_channel: er
DEBUG:netmiko:read_channel: h 5
DEBUG:netmiko:read_channel: er
DEBUG:netmiko:read_channel: mi
DEBUG:netmiko:read_channel: 11

DEBUG:netmiko:Pattern found: (terminal width 511) 
3swalex2>
3swalex2>terminal width 511
DEBUG:netmiko:In disable_paging
DEBUG:netmiko:Command: terminal length 0

DEBUG:netmiko:write_channel: b'terminal length 0\n'
DEBUG:netmiko:read_channel: 3swalex2>
DEBUG:netmiko:read_channel: min
DEBUG:netmiko:read_channel: nal 
DEBUG:netmiko:read_channel: t
DEBUG:netmiko:read_channel: al 
DEBUG:netmiko:read_channel: le
DEBUG:netmiko:read_channel: erm
DEBUG:netmiko:read_channel: le
DEBUG:netmiko:read_channel: ng
DEBUG:netmiko:read_channel: ina
DEBUG:netmiko:read_channel: ng
DEBUG:netmiko:read_channel: th 
DEBUG:netmiko:read_channel: l
DEBUG:netmiko:read_channel: th 
DEBUG:netmiko:read_channel: 0

DEBUG:netmiko:Pattern found: (terminal\ length\ 0) 
sw2alex>terminal length 0
DEBUG:netmiko:
sw2alex>terminal length 0
DEBUG:netmiko:Exiting disable_paging
DEBUG:netmiko:read_channel:  le
DEBUG:netmiko:read_channel: 0
3swalex>
DEBUG:netmiko:Pattern found: (terminal\ length\ 0) 
3swalex>terminal length 0
DEBUG:netmiko:
3swalex>terminal length 0
DEBUG:netmiko:Exiting disable_paging
DEBUG:netmiko:read_channel: sw2alex>
DEBUG:netmiko:read_channel: ng
DEBUG:netmiko:read_channel: 
DEBUG:netmiko:Clear buffer detects data in the channel
DEBUG:netmiko:Clear buffer detects data in the channel
DEBUG:netmiko:read_channel: th 0

DEBUG:netmiko:Pattern found: (terminal\ length\ 0) 
3swalex2>terminal length 0
DEBUG:netmiko:
3swalex2>terminal length 0
DEBUG:netmiko:Exiting disable_paging
DEBUG:netmiko:read_channel: 
DEBUG:netmiko:write_channel: b'\n'
DEBUG:netmiko:read_channel: 
DEBUG:netmiko:read_channel: 
DEBUG:netmiko:read_channel: 3swalex2>
DEBUG:netmiko:write_channel: b'\n'
DEBUG:netmiko:Clear buffer detects data in the channel
DEBUG:netmiko:read_channel: 
DEBUG:netmiko:read_channel: 
sw2alex>
DEBUG:netmiko:Pattern found: (\#|>) 
sw2alex>
DEBUG:netmiko:read_channel: 

DEBUG:netmiko:read_channel: 
DEBUG:netmiko:read_channel: 
DEBUG:netmiko:[find_prompt()]: prompt is sw2alex>
DEBUG:netmiko:read_channel: 3swalex>
DEBUG:netmiko:write_channel: b'\n'
DEBUG:netmiko:Pattern found: (\#|>) 
3swalex>
DEBUG:netmiko:read_channel: 
DEBUG:netmiko:read_channel: 
DEBUG:netmiko:read_channel: 
DEBUG:netmiko:read_channel: 
3swalex2>
DEBUG:netmiko:[find_prompt()]: prompt is 3swalex>
DEBUG:netmiko:write_channel: b'\n'
DEBUG:netmiko:Pattern found: (\#|>) 
3swalex2>
DEBUG:netmiko:read_channel: 
DEBUG:netmiko:read_channel: 
DEBUG:netmiko:[find_prompt()]: prompt is 3swalex2>
DEBUG:netmiko:write_channel: b'\n'
DEBUG:netmiko:read_channel: 
sw2alex>
DEBUG:netmiko:read_channel: 
DEBUG:netmiko:write_channel: b'\n'
DEBUG:netmiko:read_channel: 
DEBUG:netmiko:[find_prompt()]: prompt is sw2alex>
DEBUG:netmiko:read_channel: 
3swalex>
DEBUG:netmiko:write_channel: b'\n'
DEBUG:netmiko:read_channel: 
DEBUG:netmiko:read_channel: 
DEBUG:netmiko:[find_prompt()]: prompt is 3swalex>
DEBUG:netmiko:read_channel: 
sw2alex>
DEBUG:netmiko:Pattern found: (sw2alex.*) 
sw2alex>
DEBUG:netmiko:write_channel: b'enable\n'
DEBUG:netmiko:read_channel: 
DEBUG:netmiko:read_channel: 
3swalex2>
DEBUG:netmiko:write_channel: b'\n'
DEBUG:netmiko:read_channel: e
DEBUG:netmiko:read_channel: 
DEBUG:netmiko:read_channel: 
DEBUG:netmiko:[find_prompt()]: prompt is 3swalex2>
DEBUG:netmiko:read_channel: na
DEBUG:netmiko:read_channel: 

DEBUG:netmiko:write_channel: b'\n'
DEBUG:netmiko:read_channel: 
DEBUG:netmiko:read_channel: ble

DEBUG:netmiko:Pattern found: (enable) enable
DEBUG:netmiko:read_channel: 
DEBUG:netmiko:read_channel: 
3swalex2>
DEBUG:netmiko:Pattern found: (3swalex2.*) 
3swalex2>
DEBUG:netmiko:read_channel: 3swalex>
DEBUG:netmiko:Pattern found: (3swalex.*) 
3swalex>
DEBUG:netmiko:write_channel: b'enable\n'
DEBUG:netmiko:read_channel: 
DEBUG:netmiko:write_channel: b'enable\n'
DEBUG:netmiko:read_channel: 
DEBUG:netmiko:read_channel: Password: 
DEBUG:netmiko:Pattern found: ((?:sw2alex|ssword)) 
Password
DEBUG:netmiko:write_channel: b'********\n'
DEBUG:netmiko:read_channel: 
DEBUG:netmiko:read_channel: e
DEBUG:netmiko:read_channel: e
DEBUG:netmiko:read_channel: 
DEBUG:netmiko:read_channel: na
DEBUG:netmiko:read_channel: nab
DEBUG:netmiko:read_channel: 
DEBUG:netmiko:read_channel: ble
DEBUG:netmiko:Pattern found: (enable) enable
DEBUG:netmiko:read_channel: 
DEBUG:netmiko:read_channel: le
DEBUG:netmiko:Pattern found: (enable) enable
DEBUG:netmiko:read_channel: 
DEBUG:netmiko:read_channel: 
DEBUG:netmiko:read_channel: 
Password: 
DEBUG:netmiko:Pattern found: ((?:3swalex|ssword)) 
Password
DEBUG:netmiko:read_channel: 
Password: 
DEBUG:netmiko:read_channel: 
DEBUG:netmiko:Pattern found: ((?:3swalex2|ssword)) 
Password
DEBUG:netmiko:write_channel: b'********\n'
DEBUG:netmiko:read_channel: 
DEBUG:netmiko:write_channel: b'********\n'
DEBUG:netmiko:read_channel: 
DEBUG:netmiko:read_channel: 
sw2alex#
DEBUG:netmiko:Pattern found: (sw2alex) : 
sw2alex
DEBUG:netmiko:read_channel: 
DEBUG:netmiko:read_channel: 
DEBUG:netmiko:write_channel: b'\n'
DEBUG:netmiko:read_channel: 
DEBUG:netmiko:read_channel: 
DEBUG:netmiko:read_channel: 
DEBUG:netmiko:read_channel: 
DEBUG:netmiko:read_channel: 
3swalex2#
DEBUG:netmiko:Pattern found: (3swalex2) : 
3swalex2
DEBUG:netmiko:write_channel: b'\n'
DEBUG:netmiko:read_channel: 
DEBUG:netmiko:read_channel: 
sw2alex#
DEBUG:netmiko:read_channel: 
3swalex#
DEBUG:netmiko:Pattern found: (sw2alex.*) #
sw2alex#
DEBUG:netmiko:Pattern found: (3swalex) : 
3swalex
DEBUG:netmiko:write_channel: b'\n'
DEBUG:netmiko:read_channel: 
DEBUG:netmiko:read_channel: 

DEBUG:netmiko:read_channel: 

DEBUG:netmiko:read_channel: 3swalex2#
DEBUG:netmiko:Pattern found: (3swalex2.*) #
3swalex2#
DEBUG:netmiko:read_channel: 3swalex#
DEBUG:netmiko:Pattern found: (3swalex.*) #
3swalex#
DEBUG:paramiko.transport:starting thread (client mode): 0x6f9ce650
DEBUG:paramiko.transport:Local version/idstring: SSH-2.0-paramiko_3.1.0
DEBUG:paramiko.transport:starting thread (client mode): 0x6f9ce910
DEBUG:paramiko.transport:Remote version/idstring: SSH-1.99-Cisco-1.25
DEBUG:paramiko.transport:Local version/idstring: SSH-2.0-paramiko_3.1.0
INFO:paramiko.transport:Connected (version 1.99, client Cisco-1.25)
DEBUG:paramiko.transport:starting thread (client mode): 0x6f8a27d0
DEBUG:paramiko.transport:=== Key exchange possibilities ===
DEBUG:paramiko.transport:Local version/idstring: SSH-2.0-paramiko_3.1.0
DEBUG:paramiko.transport:kex algos: diffie-hellman-group-exchange-sha1, diffie-hellman-group14-sha1, diffie-hellman-group1-sha1
DEBUG:paramiko.transport:Remote version/idstring: SSH-1.99-Cisco-1.25
DEBUG:paramiko.transport:server key: ssh-rsa
INFO:paramiko.transport:Connected (version 1.99, client Cisco-1.25)
DEBUG:paramiko.transport:client encrypt: aes128-cbc, 3des-cbc, aes192-cbc, aes256-cbc
DEBUG:paramiko.transport:server encrypt: aes128-cbc, 3des-cbc, aes192-cbc, aes256-cbc
DEBUG:paramiko.transport:client mac: hmac-sha1, hmac-sha1-96, hmac-md5, hmac-md5-96
DEBUG:paramiko.transport:server mac: hmac-sha1, hmac-sha1-96, hmac-md5, hmac-md5-96
DEBUG:paramiko.transport:client compress: none
DEBUG:paramiko.transport:server compress: none
DEBUG:paramiko.transport:client lang: <none>
DEBUG:paramiko.transport:=== Key exchange possibilities ===
DEBUG:paramiko.transport:server lang: <none>
DEBUG:paramiko.transport:kex algos: diffie-hellman-group-exchange-sha1, diffie-hellman-group14-sha1, diffie-hellman-group1-sha1
DEBUG:paramiko.transport:Remote version/idstring: SSH-1.99-Cisco-1.25
DEBUG:paramiko.transport:kex follows: False
DEBUG:paramiko.transport:server key: ssh-rsa
INFO:paramiko.transport:Connected (version 1.99, client Cisco-1.25)
DEBUG:paramiko.transport:=== Key exchange agreements ===
DEBUG:paramiko.transport:client encrypt: aes128-cbc, 3des-cbc, aes192-cbc, aes256-cbc
DEBUG:paramiko.transport:Kex: diffie-hellman-group-exchange-sha1
DEBUG:paramiko.transport:server encrypt: aes128-cbc, 3des-cbc, aes192-cbc, aes256-cbc
DEBUG:paramiko.transport:HostKey: ssh-rsa
DEBUG:paramiko.transport:client mac: hmac-sha1, hmac-sha1-96, hmac-md5, hmac-md5-96
DEBUG:paramiko.transport:Cipher: aes128-cbc
DEBUG:paramiko.transport:server mac: hmac-sha1, hmac-sha1-96, hmac-md5, hmac-md5-96
DEBUG:paramiko.transport:MAC: hmac-sha1
DEBUG:paramiko.transport:client compress: none
DEBUG:paramiko.transport:Compression: none
DEBUG:paramiko.transport:server compress: none
DEBUG:paramiko.transport:=== End of kex handshake ===
DEBUG:paramiko.transport:=== Key exchange possibilities ===
DEBUG:paramiko.transport:kex algos: diffie-hellman-group-exchange-sha1, diffie-hellman-group14-sha1, diffie-hellman-group1-sha1
DEBUG:paramiko.transport:server key: ssh-rsa
DEBUG:paramiko.transport:client encrypt: aes128-cbc, 3des-cbc, aes192-cbc, aes256-cbc
DEBUG:paramiko.transport:server encrypt: aes128-cbc, 3des-cbc, aes192-cbc, aes256-cbc
DEBUG:paramiko.transport:client lang: <none>
DEBUG:paramiko.transport:client mac: hmac-sha1, hmac-sha1-96, hmac-md5, hmac-md5-96
DEBUG:paramiko.transport:server lang: <none>
DEBUG:paramiko.transport:server mac: hmac-sha1, hmac-sha1-96, hmac-md5, hmac-md5-96
DEBUG:paramiko.transport:kex follows: False
DEBUG:paramiko.transport:client compress: none
DEBUG:paramiko.transport:=== Key exchange agreements ===
DEBUG:paramiko.transport:server compress: none
DEBUG:paramiko.transport:Kex: diffie-hellman-group-exchange-sha1
DEBUG:paramiko.transport:client lang: <none>
DEBUG:paramiko.transport:HostKey: ssh-rsa
DEBUG:paramiko.transport:server lang: <none>
DEBUG:paramiko.transport:Cipher: aes128-cbc
DEBUG:paramiko.transport:kex follows: False
DEBUG:paramiko.transport:MAC: hmac-sha1
DEBUG:paramiko.transport:=== Key exchange agreements ===
DEBUG:paramiko.transport:Compression: none
DEBUG:paramiko.transport:Kex: diffie-hellman-group-exchange-sha1
DEBUG:paramiko.transport:=== End of kex handshake ===
DEBUG:paramiko.transport:HostKey: ssh-rsa
DEBUG:paramiko.transport:Cipher: aes128-cbc
DEBUG:paramiko.transport:MAC: hmac-sha1
DEBUG:paramiko.transport:Compression: none
DEBUG:paramiko.transport:=== End of kex handshake ===
DEBUG:paramiko.transport:Got server p (2048 bits)
DEBUG:paramiko.transport:kex engine KexGex specified hash_algo <built-in function openssl_sha1>
DEBUG:paramiko.transport:Switch to new keys ...
DEBUG:paramiko.transport:Adding ssh-rsa host key for 22.1.1.3: b'066c7124312faa51699585c51d69da5c'
DEBUG:paramiko.transport:Got server p (2048 bits)
DEBUG:paramiko.transport:Got server p (2048 bits)
DEBUG:paramiko.transport:kex engine KexGex specified hash_algo <built-in function openssl_sha1>
DEBUG:paramiko.transport:kex engine KexGex specified hash_algo <built-in function openssl_sha1>
DEBUG:paramiko.transport:Switch to new keys ...
DEBUG:paramiko.transport:Adding ssh-rsa host key for 22.1.1.4: b'8a1d5317e5f52d65fed338f5b136e6c3'
DEBUG:paramiko.transport:Switch to new keys ...
DEBUG:paramiko.transport:Adding ssh-rsa host key for 22.1.1.2: b'f3936c9baa657747b0b1aeba7a60394c'
DEBUG:paramiko.transport:userauth is OK
INFO:paramiko.transport:Authentication (password) successful!
DEBUG:paramiko.transport:[chan 0] Max packet in: 32768 bytes
DEBUG:paramiko.transport:[chan 0] Max packet out: 4096 bytes
DEBUG:paramiko.transport:Secsh channel 0 opened.
DEBUG:paramiko.transport:[chan 0] Sesch channel 0 request ok
DEBUG:paramiko.transport:[chan 0] Sesch channel 0 request ok
DEBUG:netmiko:write_channel: b'\n'
DEBUG:netmiko:write_channel: b'terminal width 511\n'
DEBUG:netmiko:read_channel: 
3swalex>
3swalex>
DEBUG:netmiko:read_channel: te
DEBUG:netmiko:read_channel: rm
DEBUG:netmiko:read_channel: i
DEBUG:netmiko:read_channel: nal
DEBUG:paramiko.transport:userauth is OK
DEBUG:netmiko:read_channel:  wi
DEBUG:paramiko.transport:userauth is OK
INFO:paramiko.transport:Authentication (password) successful!
DEBUG:paramiko.transport:[chan 0] Max packet in: 32768 bytes
INFO:paramiko.transport:Authentication (password) successful!
DEBUG:paramiko.transport:[chan 0] Max packet in: 32768 bytes
DEBUG:paramiko.transport:[chan 0] Max packet out: 4096 bytes
DEBUG:paramiko.transport:Secsh channel 0 opened.
DEBUG:netmiko:read_channel: dth
DEBUG:paramiko.transport:[chan 0] Max packet out: 4096 bytes
DEBUG:paramiko.transport:Secsh channel 0 opened.
DEBUG:paramiko.transport:[chan 0] Sesch channel 0 request ok
DEBUG:netmiko:read_channel:  5
DEBUG:paramiko.transport:[chan 0] Sesch channel 0 request ok
DEBUG:paramiko.transport:[chan 0] Sesch channel 0 request ok
DEBUG:netmiko:read_channel: 11
DEBUG:netmiko:Pattern found: (terminal width 511) 
3swalex>
3swalex>terminal width 511
DEBUG:netmiko:In disable_paging
DEBUG:netmiko:Command: terminal length 0

DEBUG:netmiko:write_channel: b'terminal length 0\n'
DEBUG:netmiko:read_channel: 

DEBUG:netmiko:write_channel: b'\n'
DEBUG:paramiko.transport:[chan 0] Sesch channel 0 request ok
DEBUG:netmiko:write_channel: b'\n'
DEBUG:netmiko:read_channel: 3swalex>
DEBUG:netmiko:read_channel: te
DEBUG:netmiko:read_channel: rm
DEBUG:netmiko:read_channel: in
DEBUG:netmiko:read_channel: al
DEBUG:netmiko:read_channel:  l
DEBUG:netmiko:read_channel: eng
DEBUG:netmiko:read_channel: th 
DEBUG:netmiko:read_channel: 0
3swalex>
DEBUG:netmiko:Pattern found: (terminal\ length\ 0) 
3swalex>terminal length 0
DEBUG:netmiko:
3swalex>terminal length 0
DEBUG:netmiko:write_channel: b'terminal width 511\n'
DEBUG:netmiko:Exiting disable_paging
DEBUG:netmiko:write_channel: b'terminal width 511\n'
DEBUG:netmiko:read_channel: 
3swalex2>
3swalex2>
DEBUG:netmiko:read_channel: 
sw2alex>
sw2alex>
DEBUG:netmiko:read_channel: 
DEBUG:netmiko:read_channel: t
DEBUG:netmiko:read_channel: ter
DEBUG:netmiko:Clear buffer detects data in the channel
DEBUG:netmiko:read_channel: ermi
DEBUG:netmiko:read_channel: minal 
DEBUG:netmiko:read_channel: nal 
DEBUG:netmiko:read_channel: wi
DEBUG:netmiko:read_channel: 
DEBUG:netmiko:read_channel: wid
DEBUG:netmiko:write_channel: b'\n'
DEBUG:netmiko:read_channel: 
DEBUG:netmiko:read_channel: dth
DEBUG:netmiko:read_channel: th
DEBUG:netmiko:read_channel: 

DEBUG:netmiko:read_channel:  51
DEBUG:netmiko:read_channel:  5
DEBUG:netmiko:read_channel: 3swalex>
DEBUG:netmiko:Pattern found: (\#|>) 
3swalex>
DEBUG:netmiko:read_channel: 1

DEBUG:netmiko:Pattern found: (terminal width 511) 
3swalex2>
3swalex2>terminal width 511
DEBUG:netmiko:In disable_paging
DEBUG:netmiko:Command: terminal length 0

DEBUG:netmiko:write_channel: b'terminal length 0\n'
DEBUG:netmiko:read_channel: 11
DEBUG:netmiko:read_channel: 3swalex2>
DEBUG:netmiko:Pattern found: (terminal width 511) 
sw2alex>
sw2alex>terminal width 511
DEBUG:netmiko:read_channel: 
DEBUG:netmiko:In disable_paging
DEBUG:netmiko:[find_prompt()]: prompt is 3swalex>
DEBUG:netmiko:Command: terminal length 0

DEBUG:netmiko:write_channel: b'terminal length 0\n'
DEBUG:netmiko:read_channel: 
sw2alex>
DEBUG:netmiko:read_channel: te
DEBUG:netmiko:read_channel: 
DEBUG:netmiko:read_channel: t
DEBUG:netmiko:write_channel: b'\n'
DEBUG:netmiko:read_channel: rmi
DEBUG:netmiko:read_channel: erm
DEBUG:netmiko:read_channel: nal 
DEBUG:netmiko:read_channel: ina
DEBUG:netmiko:read_channel: 
3swalex>
DEBUG:netmiko:read_channel: len
DEBUG:netmiko:read_channel: l 
DEBUG:netmiko:read_channel: 
DEBUG:netmiko:[find_prompt()]: prompt is 3swalex>
DEBUG:netmiko:read_channel: gt
DEBUG:netmiko:read_channel: len
DEBUG:netmiko:write_channel: b'\n'
DEBUG:netmiko:read_channel: 
DEBUG:netmiko:read_channel: h 
DEBUG:netmiko:read_channel: gt
DEBUG:netmiko:read_channel: 

DEBUG:netmiko:read_channel: 0
DEBUG:netmiko:Pattern found: (terminal\ length\ 0) 
3swalex2>terminal length 0
DEBUG:netmiko:
3swalex2>terminal length 0
DEBUG:netmiko:Exiting disable_paging
DEBUG:netmiko:read_channel: h
DEBUG:netmiko:read_channel: 3swalex>
DEBUG:netmiko:Pattern found: (3swalex.*) 
3swalex>
DEBUG:netmiko:write_channel: b'enable\n'
DEBUG:netmiko:read_channel: 
DEBUG:netmiko:read_channel: 
3swalex2>
DEBUG:netmiko:Clear buffer detects data in the channel
DEBUG:netmiko:read_channel:  0

DEBUG:netmiko:Pattern found: (terminal\ length\ 0) 
sw2alex>terminal length 0
DEBUG:netmiko:
sw2alex>terminal length 0
DEBUG:netmiko:Exiting disable_paging
DEBUG:netmiko:read_channel: en
DEBUG:netmiko:read_channel: sw2alex>
DEBUG:netmiko:Clear buffer detects data in the channel
DEBUG:netmiko:read_channel: abl
DEBUG:netmiko:read_channel: 
DEBUG:netmiko:write_channel: b'\n'
DEBUG:netmiko:read_channel: 
DEBUG:netmiko:read_channel: e

DEBUG:netmiko:Pattern found: (enable) enable
DEBUG:netmiko:read_channel: 
DEBUG:netmiko:read_channel: 

DEBUG:netmiko:read_channel: 
DEBUG:netmiko:write_channel: b'\n'
DEBUG:netmiko:read_channel: 
DEBUG:netmiko:read_channel: Password: 
DEBUG:netmiko:Pattern found: ((?:3swalex|ssword)) 
Password
DEBUG:netmiko:write_channel: b'********\n'
DEBUG:netmiko:read_channel: 
DEBUG:netmiko:read_channel: 3swalex2>
DEBUG:netmiko:Pattern found: (\#|>) 
3swalex2>
DEBUG:netmiko:read_channel: 

DEBUG:netmiko:read_channel: 
DEBUG:netmiko:read_channel: 
DEBUG:netmiko:[find_prompt()]: prompt is 3swalex2>
DEBUG:netmiko:read_channel: sw2alex>
DEBUG:netmiko:Pattern found: (\#|>) 
sw2alex>
DEBUG:netmiko:read_channel: 
DEBUG:netmiko:read_channel: 
DEBUG:netmiko:[find_prompt()]: prompt is sw2alex>
DEBUG:netmiko:read_channel: 
DEBUG:netmiko:write_channel: b'\n'
DEBUG:netmiko:read_channel: 
3swalex#
DEBUG:netmiko:Pattern found: (3swalex) : 
3swalex
DEBUG:netmiko:write_channel: b'\n'
DEBUG:netmiko:read_channel: 
DEBUG:netmiko:read_channel: 
DEBUG:netmiko:write_channel: b'\n'
DEBUG:netmiko:read_channel: 
DEBUG:netmiko:read_channel: 
3swalex2>
DEBUG:netmiko:read_channel: 
3swalex#
DEBUG:netmiko:Pattern found: (3swalex.*) #
3swalex#
DEBUG:netmiko:read_channel: 
sw2alex>
DEBUG:netmiko:read_channel: 
DEBUG:netmiko:[find_prompt()]: prompt is 3swalex2>
DEBUG:netmiko:write_channel: b'\n'
DEBUG:netmiko:read_channel: 
DEBUG:netmiko:read_channel: 
DEBUG:netmiko:[find_prompt()]: prompt is sw2alex>
DEBUG:netmiko:write_channel: b'\n'
DEBUG:netmiko:read_channel: 
DEBUG:netmiko:read_channel: 

DEBUG:netmiko:read_channel: 

DEBUG:netmiko:read_channel: 3swalex2>
DEBUG:netmiko:Pattern found: (3swalex2.*) 
3swalex2>
DEBUG:netmiko:write_channel: b'enable\n'
DEBUG:netmiko:read_channel: 
DEBUG:netmiko:read_channel: sw2alex>
DEBUG:netmiko:Pattern found: (sw2alex.*) 
sw2alex>
DEBUG:netmiko:read_channel: 
DEBUG:netmiko:write_channel: b'enable\n'
DEBUG:netmiko:read_channel: 
DEBUG:netmiko:read_channel: e
DEBUG:netmiko:read_channel: 
DEBUG:netmiko:read_channel: nabl
DEBUG:netmiko:read_channel: ena
DEBUG:netmiko:read_channel: e

DEBUG:netmiko:Pattern found: (enable) enable
DEBUG:netmiko:read_channel: 
DEBUG:netmiko:read_channel: bl
DEBUG:netmiko:read_channel: Password: 
DEBUG:netmiko:Pattern found: ((?:3swalex2|ssword)) 
Password
DEBUG:netmiko:write_channel: b'********\n'
DEBUG:netmiko:read_channel: 
DEBUG:netmiko:read_channel: e
Password: 
DEBUG:netmiko:Pattern found: (enable) enable
DEBUG:netmiko:read_channel: 
DEBUG:netmiko:Pattern found: ((?:sw2alex|ssword)) 
Password
DEBUG:netmiko:write_channel: b'********\n'
DEBUG:netmiko:read_channel: 
DEBUG:netmiko:read_channel: 
DEBUG:netmiko:read_channel: 
DEBUG:netmiko:read_channel: 
DEBUG:netmiko:read_channel: 
DEBUG:netmiko:read_channel: 
3swalex2#
DEBUG:netmiko:Pattern found: (3swalex2) : 
3swalex2
DEBUG:netmiko:write_channel: b'\n'
DEBUG:netmiko:read_channel: 
DEBUG:netmiko:read_channel: 
sw2alex#
DEBUG:netmiko:Pattern found: (sw2alex) : 
sw2alex
DEBUG:netmiko:write_channel: b'\n'
DEBUG:netmiko:read_channel: 
DEBUG:netmiko:read_channel: 
3swalex2#
DEBUG:netmiko:Pattern found: (3swalex2.*) #
3swalex2#
DEBUG:netmiko:read_channel: 
sw2alex#
DEBUG:netmiko:Pattern found: (sw2alex.*) #
sw2alex#
DEBUG:paramiko.transport:starting thread (client mode): 0x92e56610
DEBUG:paramiko.transport:Local version/idstring: SSH-2.0-paramiko_3.1.0
DEBUG:paramiko.transport:starting thread (client mode): 0x90ef91d0
DEBUG:paramiko.transport:Local version/idstring: SSH-2.0-paramiko_3.1.0
DEBUG:paramiko.transport:starting thread (client mode): 0x92e47510
DEBUG:paramiko.transport:Local version/idstring: SSH-2.0-paramiko_3.1.0
DEBUG:paramiko.transport:Remote version/idstring: SSH-1.99-Cisco-1.25
INFO:paramiko.transport:Connected (version 1.99, client Cisco-1.25)
DEBUG:paramiko.transport:=== Key exchange possibilities ===
DEBUG:paramiko.transport:kex algos: diffie-hellman-group-exchange-sha1, diffie-hellman-group14-sha1, diffie-hellman-group1-sha1
DEBUG:paramiko.transport:server key: ssh-rsa
DEBUG:paramiko.transport:client encrypt: aes128-cbc, 3des-cbc, aes192-cbc, aes256-cbc
DEBUG:paramiko.transport:server encrypt: aes128-cbc, 3des-cbc, aes192-cbc, aes256-cbc
DEBUG:paramiko.transport:client mac: hmac-sha1, hmac-sha1-96, hmac-md5, hmac-md5-96
DEBUG:paramiko.transport:server mac: hmac-sha1, hmac-sha1-96, hmac-md5, hmac-md5-96
DEBUG:paramiko.transport:client compress: none
DEBUG:paramiko.transport:server compress: none
DEBUG:paramiko.transport:client lang: <none>
DEBUG:paramiko.transport:server lang: <none>
DEBUG:paramiko.transport:kex follows: False
DEBUG:paramiko.transport:=== Key exchange agreements ===
DEBUG:paramiko.transport:Kex: diffie-hellman-group-exchange-sha1
DEBUG:paramiko.transport:HostKey: ssh-rsa
DEBUG:paramiko.transport:Cipher: aes128-cbc
DEBUG:paramiko.transport:MAC: hmac-sha1
DEBUG:paramiko.transport:Compression: none
DEBUG:paramiko.transport:=== End of kex handshake ===
DEBUG:paramiko.transport:Got server p (2048 bits)
DEBUG:paramiko.transport:Remote version/idstring: SSH-1.99-Cisco-1.25
INFO:paramiko.transport:Connected (version 1.99, client Cisco-1.25)
DEBUG:paramiko.transport:=== Key exchange possibilities ===
DEBUG:paramiko.transport:kex algos: diffie-hellman-group-exchange-sha1, diffie-hellman-group14-sha1, diffie-hellman-group1-sha1
DEBUG:paramiko.transport:server key: ssh-rsa
DEBUG:paramiko.transport:client encrypt: aes128-cbc, 3des-cbc, aes192-cbc, aes256-cbc
DEBUG:paramiko.transport:Remote version/idstring: SSH-1.99-Cisco-1.25
DEBUG:paramiko.transport:server encrypt: aes128-cbc, 3des-cbc, aes192-cbc, aes256-cbc
INFO:paramiko.transport:Connected (version 1.99, client Cisco-1.25)
DEBUG:paramiko.transport:client mac: hmac-sha1, hmac-sha1-96, hmac-md5, hmac-md5-96
DEBUG:paramiko.transport:server mac: hmac-sha1, hmac-sha1-96, hmac-md5, hmac-md5-96
DEBUG:paramiko.transport:client compress: none
DEBUG:paramiko.transport:server compress: none
DEBUG:paramiko.transport:client lang: <none>
DEBUG:paramiko.transport:server lang: <none>
DEBUG:paramiko.transport:kex follows: False
DEBUG:paramiko.transport:=== Key exchange agreements ===
DEBUG:paramiko.transport:Kex: diffie-hellman-group-exchange-sha1
DEBUG:paramiko.transport:HostKey: ssh-rsa
DEBUG:paramiko.transport:Cipher: aes128-cbc
DEBUG:paramiko.transport:MAC: hmac-sha1
DEBUG:paramiko.transport:Compression: none
DEBUG:paramiko.transport:=== End of kex handshake ===
DEBUG:paramiko.transport:=== Key exchange possibilities ===
DEBUG:paramiko.transport:kex algos: diffie-hellman-group-exchange-sha1, diffie-hellman-group14-sha1, diffie-hellman-group1-sha1
DEBUG:paramiko.transport:Got server p (2048 bits)
DEBUG:paramiko.transport:server key: ssh-rsa
DEBUG:paramiko.transport:client encrypt: aes128-cbc, 3des-cbc, aes192-cbc, aes256-cbc
DEBUG:paramiko.transport:server encrypt: aes128-cbc, 3des-cbc, aes192-cbc, aes256-cbc
DEBUG:paramiko.transport:client mac: hmac-sha1, hmac-sha1-96, hmac-md5, hmac-md5-96
DEBUG:paramiko.transport:server mac: hmac-sha1, hmac-sha1-96, hmac-md5, hmac-md5-96
DEBUG:paramiko.transport:client compress: none
DEBUG:paramiko.transport:server compress: none
DEBUG:paramiko.transport:client lang: <none>
DEBUG:paramiko.transport:server lang: <none>
DEBUG:paramiko.transport:kex follows: False
DEBUG:paramiko.transport:=== Key exchange agreements ===
DEBUG:paramiko.transport:Kex: diffie-hellman-group-exchange-sha1
DEBUG:paramiko.transport:HostKey: ssh-rsa
DEBUG:paramiko.transport:Cipher: aes128-cbc
DEBUG:paramiko.transport:MAC: hmac-sha1
DEBUG:paramiko.transport:Compression: none
DEBUG:paramiko.transport:=== End of kex handshake ===
DEBUG:paramiko.transport:kex engine KexGex specified hash_algo <built-in function openssl_sha1>
DEBUG:paramiko.transport:Switch to new keys ...
DEBUG:paramiko.transport:Adding ssh-rsa host key for 22.1.1.4: b'8a1d5317e5f52d65fed338f5b136e6c3'
DEBUG:paramiko.transport:Got server p (2048 bits)
DEBUG:paramiko.transport:kex engine KexGex specified hash_algo <built-in function openssl_sha1>
DEBUG:paramiko.transport:kex engine KexGex specified hash_algo <built-in function openssl_sha1>
DEBUG:paramiko.transport:Switch to new keys ...
DEBUG:paramiko.transport:Switch to new keys ...
DEBUG:paramiko.transport:Adding ssh-rsa host key for 22.1.1.3: b'066c7124312faa51699585c51d69da5c'
DEBUG:paramiko.transport:Adding ssh-rsa host key for 22.1.1.2: b'f3936c9baa657747b0b1aeba7a60394c'
DEBUG:paramiko.transport:userauth is OK
INFO:paramiko.transport:Authentication (password) successful!
DEBUG:paramiko.transport:[chan 0] Max packet in: 32768 bytes
DEBUG:paramiko.transport:[chan 0] Max packet out: 4096 bytes
DEBUG:paramiko.transport:Secsh channel 0 opened.
DEBUG:paramiko.transport:[chan 0] Sesch channel 0 request ok
DEBUG:paramiko.transport:[chan 0] Sesch channel 0 request ok
DEBUG:netmiko:write_channel: b'\n'
DEBUG:paramiko.transport:userauth is OK
INFO:paramiko.transport:Authentication (password) successful!
DEBUG:paramiko.transport:[chan 0] Max packet in: 32768 bytes
DEBUG:paramiko.transport:userauth is OK
DEBUG:netmiko:write_channel: b'terminal width 511\n'
DEBUG:netmiko:read_channel: 
3swalex2>
3swalex2>
DEBUG:paramiko.transport:[chan 0] Max packet out: 4096 bytes
DEBUG:paramiko.transport:Secsh channel 0 opened.
INFO:paramiko.transport:Authentication (password) successful!
DEBUG:paramiko.transport:[chan 0] Sesch channel 0 request ok
DEBUG:paramiko.transport:[chan 0] Max packet in: 32768 bytes
DEBUG:netmiko:read_channel: 
DEBUG:paramiko.transport:[chan 0] Sesch channel 0 request ok
DEBUG:paramiko.transport:[chan 0] Max packet out: 4096 bytes
DEBUG:paramiko.transport:Secsh channel 0 opened.
DEBUG:netmiko:read_channel: t
DEBUG:netmiko:write_channel: b'\n'
DEBUG:netmiko:read_channel: erm
DEBUG:paramiko.transport:[chan 0] Sesch channel 0 request ok
DEBUG:netmiko:read_channel: in
DEBUG:paramiko.transport:[chan 0] Sesch channel 0 request ok
DEBUG:netmiko:read_channel: al
DEBUG:netmiko:write_channel: b'\n'
DEBUG:netmiko:read_channel:  w
DEBUG:netmiko:read_channel: id
DEBUG:netmiko:read_channel: th 
DEBUG:netmiko:read_channel: 511
DEBUG:netmiko:Pattern found: (terminal width 511) 
3swalex2>
3swalex2>terminal width 511
DEBUG:netmiko:In disable_paging
DEBUG:netmiko:Command: terminal length 0

DEBUG:netmiko:write_channel: b'terminal length 0\n'
DEBUG:netmiko:read_channel: 

DEBUG:netmiko:read_channel: 3swalex2>
DEBUG:netmiko:read_channel: te
DEBUG:netmiko:write_channel: b'terminal width 511\n'
DEBUG:netmiko:read_channel: 
3swalex>
3swalex>
DEBUG:netmiko:read_channel: rm
DEBUG:netmiko:read_channel: t
DEBUG:netmiko:read_channel: in
DEBUG:netmiko:read_channel: erm
DEBUG:netmiko:write_channel: b'terminal width 511\n'
DEBUG:netmiko:read_channel: 
sw2alex>
sw2alex>
DEBUG:netmiko:read_channel: al
DEBUG:netmiko:read_channel: in
DEBUG:netmiko:read_channel: t
DEBUG:netmiko:read_channel:  l
DEBUG:netmiko:read_channel: al 
DEBUG:netmiko:read_channel: er
DEBUG:netmiko:read_channel: eng
DEBUG:netmiko:read_channel: wi
DEBUG:netmiko:read_channel: mi
DEBUG:netmiko:read_channel: th
DEBUG:netmiko:read_channel: d
DEBUG:netmiko:read_channel: na
DEBUG:netmiko:read_channel:  0
DEBUG:netmiko:Pattern found: (terminal\ length\ 0) 
3swalex2>terminal length 0
DEBUG:netmiko:
3swalex2>terminal length 0
DEBUG:netmiko:Exiting disable_paging
DEBUG:netmiko:read_channel: th 
DEBUG:netmiko:read_channel: l 
DEBUG:netmiko:read_channel: 
3swalex2>
DEBUG:netmiko:Clear buffer detects data in the channel
DEBUG:netmiko:read_channel: 51
DEBUG:netmiko:read_channel: wi
DEBUG:netmiko:read_channel: 1

DEBUG:netmiko:Pattern found: (terminal width 511) 
3swalex>
3swalex>terminal width 511
DEBUG:netmiko:In disable_paging
DEBUG:netmiko:Command: terminal length 0

DEBUG:netmiko:write_channel: b'terminal length 0\n'
DEBUG:netmiko:read_channel: 
DEBUG:netmiko:read_channel: dt
DEBUG:netmiko:read_channel: 
DEBUG:netmiko:write_channel: b'\n'
DEBUG:netmiko:read_channel: 
DEBUG:netmiko:read_channel: 3swalex>
DEBUG:netmiko:read_channel: h 51
DEBUG:netmiko:read_channel: 

DEBUG:netmiko:read_channel: te
DEBUG:netmiko:read_channel: 1

DEBUG:netmiko:Pattern found: (terminal width 511) 
sw2alex>
sw2alex>terminal width 511
DEBUG:netmiko:In disable_paging
DEBUG:netmiko:Command: terminal length 0

DEBUG:netmiko:write_channel: b'terminal length 0\n'
DEBUG:netmiko:read_channel: 
DEBUG:netmiko:read_channel: 3swalex2>
DEBUG:netmiko:Pattern found: (\#|>) 
3swalex2>
DEBUG:netmiko:read_channel: rmin
DEBUG:netmiko:read_channel: 
DEBUG:netmiko:read_channel: sw2alex>
DEBUG:netmiko:[find_prompt()]: prompt is 3swalex2>
DEBUG:netmiko:read_channel: al
DEBUG:netmiko:read_channel: te
DEBUG:netmiko:read_channel: 
DEBUG:netmiko:write_channel: b'\n'
DEBUG:netmiko:read_channel:  le
DEBUG:netmiko:read_channel: rm
DEBUG:netmiko:read_channel: ng
DEBUG:netmiko:read_channel: ina
DEBUG:netmiko:read_channel: th 
DEBUG:netmiko:read_channel: 
3swalex2>
DEBUG:netmiko:read_channel: l 
DEBUG:netmiko:read_channel: 0

DEBUG:netmiko:Pattern found: (terminal\ length\ 0) 
3swalex>terminal length 0
DEBUG:netmiko:
3swalex>terminal length 0
DEBUG:netmiko:Exiting disable_paging
DEBUG:netmiko:read_channel: 
DEBUG:netmiko:[find_prompt()]: prompt is 3swalex2>
DEBUG:netmiko:write_channel: b'\n'
DEBUG:netmiko:read_channel: 
DEBUG:netmiko:read_channel: len
DEBUG:netmiko:read_channel: 3swalex>
DEBUG:netmiko:Clear buffer detects data in the channel
DEBUG:netmiko:read_channel: gt
DEBUG:netmiko:read_channel: 

DEBUG:netmiko:read_channel: h 0
DEBUG:netmiko:read_channel: 3swalex2>
DEBUG:netmiko:read_channel: 
DEBUG:netmiko:Pattern found: (terminal\ length\ 0) 
sw2alex>terminal length 0
DEBUG:netmiko:Pattern found: (3swalex2.*) 
3swalex2>
DEBUG:netmiko:
sw2alex>terminal length 0
DEBUG:netmiko:Exiting disable_paging
DEBUG:netmiko:write_channel: b'\n'
DEBUG:netmiko:write_channel: b'enable\n'
DEBUG:netmiko:read_channel: 
DEBUG:netmiko:read_channel: 
DEBUG:netmiko:read_channel: 
sw2alex>
DEBUG:netmiko:read_channel: 

DEBUG:netmiko:read_channel: e
DEBUG:netmiko:Clear buffer detects data in the channel
DEBUG:netmiko:read_channel: nabl
DEBUG:netmiko:read_channel: 3swalex>
DEBUG:netmiko:Pattern found: (\#|>) 
3swalex>
DEBUG:netmiko:read_channel: 
DEBUG:netmiko:write_channel: b'\n'
DEBUG:netmiko:read_channel: 
DEBUG:netmiko:read_channel: 
DEBUG:netmiko:[find_prompt()]: prompt is 3swalex>
DEBUG:netmiko:read_channel: e

DEBUG:netmiko:Pattern found: (enable) enable
DEBUG:netmiko:read_channel: 
DEBUG:netmiko:read_channel: 

DEBUG:netmiko:read_channel: 
DEBUG:netmiko:read_channel: Password: 
DEBUG:netmiko:write_channel: b'\n'
DEBUG:netmiko:Pattern found: ((?:3swalex2|ssword)) 
Password
DEBUG:netmiko:write_channel: b'********\n'
DEBUG:netmiko:read_channel: 
DEBUG:netmiko:read_channel: sw2alex>
DEBUG:netmiko:Pattern found: (\#|>) 
sw2alex>
DEBUG:netmiko:read_channel: 
DEBUG:netmiko:read_channel: 
DEBUG:netmiko:[find_prompt()]: prompt is sw2alex>
DEBUG:netmiko:read_channel: 
DEBUG:netmiko:read_channel: 
DEBUG:netmiko:read_channel: 
3swalex>
DEBUG:netmiko:write_channel: b'\n'
DEBUG:netmiko:read_channel: 
DEBUG:netmiko:read_channel: 
DEBUG:netmiko:[find_prompt()]: prompt is 3swalex>
DEBUG:netmiko:write_channel: b'\n'
DEBUG:netmiko:read_channel: 
DEBUG:netmiko:read_channel: 
3swalex2#
DEBUG:netmiko:Pattern found: (3swalex2) : 
3swalex2
DEBUG:netmiko:write_channel: b'\n'
DEBUG:netmiko:read_channel: 
DEBUG:netmiko:read_channel: 

DEBUG:netmiko:read_channel: 
sw2alex>
DEBUG:netmiko:read_channel: 

DEBUG:netmiko:read_channel: 3swalex>
DEBUG:netmiko:Pattern found: (3swalex.*) 
3swalex>
DEBUG:netmiko:write_channel: b'enable\n'
DEBUG:netmiko:read_channel: 
DEBUG:netmiko:read_channel: 
DEBUG:netmiko:[find_prompt()]: prompt is sw2alex>
DEBUG:netmiko:write_channel: b'\n'
DEBUG:netmiko:read_channel: 
DEBUG:netmiko:read_channel: 3swalex2#
DEBUG:netmiko:Pattern found: (3swalex2.*) #
3swalex2#
DEBUG:netmiko:read_channel: 
DEBUG:netmiko:read_channel: 

DEBUG:netmiko:read_channel: en
DEBUG:netmiko:read_channel: sw2alex>
DEBUG:netmiko:Pattern found: (sw2alex.*) 
sw2alex>
DEBUG:netmiko:write_channel: b'enable\n'
DEBUG:netmiko:read_channel: 
DEBUG:netmiko:read_channel: abl
DEBUG:netmiko:read_channel: e
DEBUG:netmiko:read_channel: e

DEBUG:netmiko:Pattern found: (enable) enable
DEBUG:netmiko:read_channel: Password: 
DEBUG:netmiko:Pattern found: ((?:3swalex|ssword)) 
Password
DEBUG:netmiko:write_channel: b'********\n'
DEBUG:netmiko:read_channel: 
DEBUG:netmiko:read_channel: na
DEBUG:netmiko:read_channel: 
DEBUG:netmiko:read_channel: ble
DEBUG:netmiko:Pattern found: (enable) enable
DEBUG:netmiko:read_channel: 
DEBUG:netmiko:read_channel: 
DEBUG:netmiko:read_channel: 
DEBUG:netmiko:read_channel: 
Password: 
DEBUG:netmiko:Pattern found: ((?:sw2alex|ssword)) 
Password
DEBUG:netmiko:write_channel: b'********\n'
DEBUG:netmiko:read_channel: 
DEBUG:netmiko:read_channel: 
3swalex#
DEBUG:netmiko:Pattern found: (3swalex) : 
3swalex
DEBUG:netmiko:write_channel: b'\n'
DEBUG:netmiko:read_channel: 
DEBUG:netmiko:read_channel: 
DEBUG:netmiko:read_channel: 

DEBUG:netmiko:read_channel: 
DEBUG:netmiko:read_channel: 
sw2alex#
DEBUG:netmiko:read_channel: 3swalex#
DEBUG:netmiko:Pattern found: (sw2alex) : 
sw2alex
DEBUG:netmiko:Pattern found: (3swalex.*) #
3swalex#
DEBUG:netmiko:write_channel: b'\n'
DEBUG:netmiko:read_channel: 
DEBUG:netmiko:read_channel: 

DEBUG:netmiko:read_channel: sw2alex#
DEBUG:netmiko:Pattern found: (sw2alex.*) #
sw2alex#
DEBUG:paramiko.transport:starting thread (client mode): 0xe1ce810
DEBUG:paramiko.transport:Local version/idstring: SSH-2.0-paramiko_3.1.0
DEBUG:paramiko.transport:Remote version/idstring: SSH-1.99-Cisco-1.25
INFO:paramiko.transport:Connected (version 1.99, client Cisco-1.25)
DEBUG:paramiko.transport:=== Key exchange possibilities ===
DEBUG:paramiko.transport:kex algos: diffie-hellman-group-exchange-sha1, diffie-hellman-group14-sha1, diffie-hellman-group1-sha1
DEBUG:paramiko.transport:server key: ssh-rsa
DEBUG:paramiko.transport:client encrypt: aes128-cbc, 3des-cbc, aes192-cbc, aes256-cbc
DEBUG:paramiko.transport:server encrypt: aes128-cbc, 3des-cbc, aes192-cbc, aes256-cbc
DEBUG:paramiko.transport:client mac: hmac-sha1, hmac-sha1-96, hmac-md5, hmac-md5-96
DEBUG:paramiko.transport:server mac: hmac-sha1, hmac-sha1-96, hmac-md5, hmac-md5-96
DEBUG:paramiko.transport:client compress: none
DEBUG:paramiko.transport:server compress: none
DEBUG:paramiko.transport:client lang: <none>
DEBUG:paramiko.transport:server lang: <none>
DEBUG:paramiko.transport:kex follows: False
DEBUG:paramiko.transport:=== Key exchange agreements ===
DEBUG:paramiko.transport:Kex: diffie-hellman-group-exchange-sha1
DEBUG:paramiko.transport:HostKey: ssh-rsa
DEBUG:paramiko.transport:Cipher: aes128-cbc
DEBUG:paramiko.transport:MAC: hmac-sha1
DEBUG:paramiko.transport:Compression: none
DEBUG:paramiko.transport:=== End of kex handshake ===
DEBUG:paramiko.transport:Got server p (2048 bits)
DEBUG:paramiko.transport:kex engine KexGex specified hash_algo <built-in function openssl_sha1>
DEBUG:paramiko.transport:Switch to new keys ...
DEBUG:paramiko.transport:Adding ssh-rsa host key for 22.1.1.2: b'f3936c9baa657747b0b1aeba7a60394c'
DEBUG:paramiko.transport:userauth is OK
INFO:paramiko.transport:Authentication (password) successful!
DEBUG:paramiko.transport:[chan 0] Max packet in: 32768 bytes
DEBUG:paramiko.transport:[chan 0] Max packet out: 4096 bytes
DEBUG:paramiko.transport:Secsh channel 0 opened.
DEBUG:paramiko.transport:[chan 0] Sesch channel 0 request ok
DEBUG:paramiko.transport:[chan 0] Sesch channel 0 request ok
DEBUG:netmiko:write_channel: b'\n'
DEBUG:netmiko:write_channel: b'terminal width 511\n'
DEBUG:netmiko:read_channel: 
sw2alex>
sw2alex>
DEBUG:netmiko:read_channel: ter
DEBUG:netmiko:read_channel: mi
DEBUG:netmiko:read_channel: nal 
DEBUG:netmiko:read_channel: wi
DEBUG:netmiko:read_channel: dth 
DEBUG:netmiko:read_channel: 511

DEBUG:netmiko:Pattern found: (terminal width 511) 
sw2alex>
sw2alex>terminal width 511
DEBUG:netmiko:In disable_paging
DEBUG:netmiko:Command: terminal length 0

DEBUG:netmiko:write_channel: b'terminal length 0\n'
DEBUG:netmiko:read_channel: 
DEBUG:netmiko:read_channel: sw2alex>t
DEBUG:netmiko:read_channel: erm
DEBUG:netmiko:read_channel: in
DEBUG:netmiko:read_channel: al l
DEBUG:netmiko:read_channel: engt
DEBUG:netmiko:read_channel: h 
DEBUG:netmiko:read_channel: 0
sw2alex>
DEBUG:netmiko:Pattern found: (terminal\ length\ 0) 
sw2alex>terminal length 0
DEBUG:netmiko:
sw2alex>terminal length 0
DEBUG:netmiko:Exiting disable_paging
DEBUG:netmiko:read_channel: 
DEBUG:netmiko:Clear buffer detects data in the channel
DEBUG:netmiko:read_channel: 
DEBUG:netmiko:write_channel: b'\n'
DEBUG:netmiko:read_channel: 
DEBUG:netmiko:read_channel: 

DEBUG:netmiko:read_channel: sw2alex>
DEBUG:netmiko:Pattern found: (\#|>) 
sw2alex>
DEBUG:netmiko:read_channel: 
DEBUG:netmiko:[find_prompt()]: prompt is sw2alex>
DEBUG:netmiko:read_channel: 
DEBUG:netmiko:write_channel: b'\n'
DEBUG:netmiko:read_channel: 
sw2alex>
DEBUG:netmiko:read_channel: 
DEBUG:netmiko:[find_prompt()]: prompt is sw2alex>
DEBUG:netmiko:write_channel: b'\n'
DEBUG:netmiko:read_channel: 
DEBUG:netmiko:read_channel: 

DEBUG:netmiko:read_channel: sw2alex>
DEBUG:netmiko:Pattern found: (sw2alex.*) 
sw2alex>
DEBUG:netmiko:write_channel: b'enable\n'
DEBUG:netmiko:read_channel: 
DEBUG:netmiko:read_channel: e
DEBUG:netmiko:read_channel: nab
DEBUG:netmiko:read_channel: le

DEBUG:netmiko:Pattern found: (enable) enable
DEBUG:netmiko:read_channel: 
DEBUG:netmiko:read_channel: Password: 
DEBUG:netmiko:Pattern found: ((?:sw2alex|ssword)) 
Password
DEBUG:netmiko:write_channel: b'********\n'
DEBUG:netmiko:read_channel: 
DEBUG:netmiko:read_channel: 
DEBUG:netmiko:read_channel: 
DEBUG:netmiko:read_channel: 
sw2alex#
DEBUG:netmiko:Pattern found: (sw2alex) : 
sw2alex
DEBUG:netmiko:write_channel: b'\n'
DEBUG:netmiko:read_channel: 
DEBUG:netmiko:read_channel: 
sw2alex#
DEBUG:netmiko:Pattern found: (sw2alex.*) #
sw2alex#
DEBUG:paramiko.transport:starting thread (client mode): 0xda6e490
DEBUG:paramiko.transport:Local version/idstring: SSH-2.0-paramiko_3.1.0
DEBUG:paramiko.transport:Remote version/idstring: SSH-1.99-Cisco-1.25
INFO:paramiko.transport:Connected (version 1.99, client Cisco-1.25)
DEBUG:paramiko.transport:=== Key exchange possibilities ===
DEBUG:paramiko.transport:kex algos: diffie-hellman-group-exchange-sha1, diffie-hellman-group14-sha1, diffie-hellman-group1-sha1
DEBUG:paramiko.transport:server key: ssh-rsa
DEBUG:paramiko.transport:client encrypt: aes128-cbc, 3des-cbc, aes192-cbc, aes256-cbc
DEBUG:paramiko.transport:server encrypt: aes128-cbc, 3des-cbc, aes192-cbc, aes256-cbc
DEBUG:paramiko.transport:client mac: hmac-sha1, hmac-sha1-96, hmac-md5, hmac-md5-96
DEBUG:paramiko.transport:server mac: hmac-sha1, hmac-sha1-96, hmac-md5, hmac-md5-96
DEBUG:paramiko.transport:client compress: none
DEBUG:paramiko.transport:server compress: none
DEBUG:paramiko.transport:client lang: <none>
DEBUG:paramiko.transport:server lang: <none>
DEBUG:paramiko.transport:kex follows: False
DEBUG:paramiko.transport:=== Key exchange agreements ===
DEBUG:paramiko.transport:Kex: diffie-hellman-group-exchange-sha1
DEBUG:paramiko.transport:HostKey: ssh-rsa
DEBUG:paramiko.transport:Cipher: aes128-cbc
DEBUG:paramiko.transport:MAC: hmac-sha1
DEBUG:paramiko.transport:Compression: none
DEBUG:paramiko.transport:=== End of kex handshake ===
DEBUG:paramiko.transport:Got server p (2048 bits)
DEBUG:paramiko.transport:kex engine KexGex specified hash_algo <built-in function openssl_sha1>
DEBUG:paramiko.transport:Switch to new keys ...
DEBUG:paramiko.transport:Adding ssh-rsa host key for 22.1.1.2: b'f3936c9baa657747b0b1aeba7a60394c'
DEBUG:paramiko.transport:userauth is OK
INFO:paramiko.transport:Authentication (password) successful!
DEBUG:paramiko.transport:[chan 0] Max packet in: 32768 bytes
DEBUG:paramiko.transport:[chan 0] Max packet out: 4096 bytes
DEBUG:paramiko.transport:Secsh channel 0 opened.
DEBUG:paramiko.transport:[chan 0] Sesch channel 0 request ok
DEBUG:paramiko.transport:[chan 0] Sesch channel 0 request ok
DEBUG:netmiko:write_channel: b'\n'
DEBUG:netmiko:write_channel: b'terminal width 511\n'
DEBUG:netmiko:read_channel: 
sw2alex>
sw2alex>
DEBUG:netmiko:read_channel: te
DEBUG:netmiko:read_channel: rmi
DEBUG:netmiko:read_channel: nal 
DEBUG:netmiko:read_channel: wi
DEBUG:netmiko:read_channel: dth 
DEBUG:netmiko:read_channel: 511
DEBUG:netmiko:Pattern found: (terminal width 511) 
sw2alex>
sw2alex>terminal width 511
DEBUG:netmiko:In disable_paging
DEBUG:netmiko:Command: terminal length 0

DEBUG:netmiko:write_channel: b'terminal length 0\n'
DEBUG:netmiko:read_channel: 

DEBUG:netmiko:read_channel: sw2alex>t
DEBUG:netmiko:read_channel: ermi
DEBUG:netmiko:read_channel: nal
DEBUG:netmiko:read_channel:  len
DEBUG:netmiko:read_channel: gt
DEBUG:netmiko:read_channel: h 0

DEBUG:netmiko:Pattern found: (terminal\ length\ 0) 
sw2alex>terminal length 0
DEBUG:netmiko:
sw2alex>terminal length 0
DEBUG:netmiko:Exiting disable_paging
DEBUG:netmiko:read_channel: sw2alex>
DEBUG:netmiko:Clear buffer detects data in the channel
DEBUG:netmiko:read_channel: 
DEBUG:netmiko:write_channel: b'\n'
DEBUG:netmiko:read_channel: 
DEBUG:netmiko:read_channel: 
sw2alex>
DEBUG:netmiko:Pattern found: (\#|>) 
sw2alex>
DEBUG:netmiko:read_channel: 
DEBUG:netmiko:[find_prompt()]: prompt is sw2alex>
DEBUG:netmiko:read_channel: 
DEBUG:netmiko:write_channel: b'\n'
DEBUG:netmiko:read_channel: 
sw2alex>
DEBUG:netmiko:read_channel: 
DEBUG:netmiko:[find_prompt()]: prompt is sw2alex>
DEBUG:netmiko:write_channel: b'\n'
DEBUG:netmiko:read_channel: 
DEBUG:netmiko:read_channel: 

DEBUG:netmiko:read_channel: sw2alex>
DEBUG:netmiko:Pattern found: (sw2alex.*) 
sw2alex>
DEBUG:netmiko:write_channel: b'enable\n'
DEBUG:netmiko:read_channel: 
DEBUG:netmiko:read_channel: e
DEBUG:netmiko:read_channel: nabl
DEBUG:netmiko:read_channel: e
Password: 
DEBUG:netmiko:Pattern found: (enable) enable
DEBUG:netmiko:read_channel: 
DEBUG:netmiko:Pattern found: ((?:sw2alex|ssword)) 
Password
DEBUG:netmiko:write_channel: b'********\n'
DEBUG:netmiko:read_channel: 
DEBUG:netmiko:read_channel: 
DEBUG:netmiko:read_channel: 
DEBUG:netmiko:read_channel: 
sw2alex#
DEBUG:netmiko:Pattern found: (sw2alex) : 
sw2alex
DEBUG:netmiko:write_channel: b'\n'
DEBUG:netmiko:read_channel: 
DEBUG:netmiko:read_channel: 
sw2alex#
DEBUG:netmiko:Pattern found: (sw2alex.*) #
sw2alex#
DEBUG:paramiko.transport:starting thread (client mode): 0x47def90
DEBUG:paramiko.transport:Local version/idstring: SSH-2.0-paramiko_3.1.0
DEBUG:paramiko.transport:Remote version/idstring: SSH-1.99-Cisco-1.25
INFO:paramiko.transport:Connected (version 1.99, client Cisco-1.25)
DEBUG:paramiko.transport:=== Key exchange possibilities ===
DEBUG:paramiko.transport:kex algos: diffie-hellman-group-exchange-sha1, diffie-hellman-group14-sha1, diffie-hellman-group1-sha1
DEBUG:paramiko.transport:server key: ssh-rsa
DEBUG:paramiko.transport:client encrypt: aes128-cbc, 3des-cbc, aes192-cbc, aes256-cbc
DEBUG:paramiko.transport:server encrypt: aes128-cbc, 3des-cbc, aes192-cbc, aes256-cbc
DEBUG:paramiko.transport:client mac: hmac-sha1, hmac-sha1-96, hmac-md5, hmac-md5-96
DEBUG:paramiko.transport:server mac: hmac-sha1, hmac-sha1-96, hmac-md5, hmac-md5-96
DEBUG:paramiko.transport:client compress: none
DEBUG:paramiko.transport:server compress: none
DEBUG:paramiko.transport:client lang: <none>
DEBUG:paramiko.transport:server lang: <none>
DEBUG:paramiko.transport:kex follows: False
DEBUG:paramiko.transport:=== Key exchange agreements ===
DEBUG:paramiko.transport:Kex: diffie-hellman-group-exchange-sha1
DEBUG:paramiko.transport:HostKey: ssh-rsa
DEBUG:paramiko.transport:Cipher: aes128-cbc
DEBUG:paramiko.transport:MAC: hmac-sha1
DEBUG:paramiko.transport:Compression: none
DEBUG:paramiko.transport:=== End of kex handshake ===
DEBUG:paramiko.transport:Got server p (2048 bits)
DEBUG:paramiko.transport:kex engine KexGex specified hash_algo <built-in function openssl_sha1>
DEBUG:paramiko.transport:Switch to new keys ...
DEBUG:paramiko.transport:Adding ssh-rsa host key for 22.1.1.2: b'f3936c9baa657747b0b1aeba7a60394c'
DEBUG:paramiko.transport:userauth is OK
INFO:paramiko.transport:Authentication (password) successful!
DEBUG:paramiko.transport:[chan 0] Max packet in: 32768 bytes
DEBUG:paramiko.transport:[chan 0] Max packet out: 4096 bytes
DEBUG:paramiko.transport:Secsh channel 0 opened.
DEBUG:paramiko.transport:[chan 0] Sesch channel 0 request ok
DEBUG:paramiko.transport:[chan 0] Sesch channel 0 request ok
DEBUG:netmiko:write_channel: b'\n'
DEBUG:netmiko:write_channel: b'terminal width 511\n'
DEBUG:netmiko:read_channel: 
sw2alex>
sw2alex>
DEBUG:netmiko:read_channel: te
DEBUG:netmiko:read_channel: rmi
DEBUG:netmiko:read_channel: nal 
DEBUG:netmiko:read_channel: wi
DEBUG:netmiko:read_channel: dth
DEBUG:netmiko:read_channel:  51
DEBUG:netmiko:read_channel: 1
sw2alex>
DEBUG:netmiko:Pattern found: (terminal width 511) 
sw2alex>
sw2alex>terminal width 511
DEBUG:netmiko:In disable_paging
DEBUG:netmiko:Command: terminal length 0

DEBUG:netmiko:write_channel: b'terminal length 0\n'
DEBUG:netmiko:read_channel: 
DEBUG:netmiko:read_channel: t
DEBUG:netmiko:read_channel: ermi
DEBUG:netmiko:read_channel: nal
DEBUG:netmiko:read_channel:  le
DEBUG:netmiko:read_channel: ngt
DEBUG:netmiko:read_channel: h 0
DEBUG:netmiko:Pattern found: (terminal\ length\ 0) 
sw2alex>terminal length 0
DEBUG:netmiko:
sw2alex>terminal length 0
DEBUG:netmiko:Exiting disable_paging
DEBUG:netmiko:read_channel: 
sw2alex>
DEBUG:netmiko:Clear buffer detects data in the channel
DEBUG:netmiko:read_channel: 
DEBUG:netmiko:write_channel: b'\n'
DEBUG:netmiko:read_channel: 
DEBUG:netmiko:read_channel: 

DEBUG:netmiko:read_channel: sw2alex>
DEBUG:netmiko:Pattern found: (\#|>) 
sw2alex>
DEBUG:netmiko:read_channel: 
DEBUG:netmiko:[find_prompt()]: prompt is sw2alex>
DEBUG:netmiko:read_channel: 
DEBUG:netmiko:write_channel: b'\n'
DEBUG:netmiko:read_channel: 
sw2alex>
DEBUG:netmiko:read_channel: 
DEBUG:netmiko:[find_prompt()]: prompt is sw2alex>
DEBUG:netmiko:write_channel: b'\n'
DEBUG:netmiko:read_channel: 
DEBUG:netmiko:read_channel: 

DEBUG:netmiko:read_channel: sw2alex>
DEBUG:netmiko:Pattern found: (sw2alex.*) 
sw2alex>
DEBUG:netmiko:write_channel: b'enable\n'
DEBUG:netmiko:read_channel: 
DEBUG:netmiko:read_channel: en
DEBUG:netmiko:read_channel: ab
DEBUG:netmiko:read_channel: le

DEBUG:netmiko:Pattern found: (enable) enable
DEBUG:netmiko:read_channel: 
DEBUG:netmiko:read_channel: Password: 
DEBUG:netmiko:Pattern found: ((?:sw2alex|ssword)) 
Password
DEBUG:netmiko:write_channel: b'********\n'
DEBUG:netmiko:read_channel: 
DEBUG:netmiko:read_channel: 
DEBUG:netmiko:read_channel: 
DEBUG:netmiko:read_channel: 
sw2alex#
DEBUG:netmiko:Pattern found: (sw2alex) : 
sw2alex
DEBUG:netmiko:write_channel: b'\n'
DEBUG:netmiko:read_channel: 
DEBUG:netmiko:read_channel: 

DEBUG:netmiko:read_channel: sw2alex#
DEBUG:netmiko:Pattern found: (sw2alex.*) #
sw2alex#
DEBUG:netmiko:read_channel: 
DEBUG:netmiko:write_channel: b'\n'
DEBUG:netmiko:read_channel: 
sw2alex#
DEBUG:netmiko:read_channel: 
DEBUG:netmiko:[find_prompt()]: prompt is sw2alex#
DEBUG:paramiko.transport:starting thread (client mode): 0xd7ac67d0
DEBUG:paramiko.transport:Local version/idstring: SSH-2.0-paramiko_3.1.0
DEBUG:paramiko.transport:Remote version/idstring: SSH-1.99-Cisco-1.25
INFO:paramiko.transport:Connected (version 1.99, client Cisco-1.25)
DEBUG:paramiko.transport:=== Key exchange possibilities ===
DEBUG:paramiko.transport:kex algos: diffie-hellman-group-exchange-sha1, diffie-hellman-group14-sha1, diffie-hellman-group1-sha1
DEBUG:paramiko.transport:server key: ssh-rsa
DEBUG:paramiko.transport:client encrypt: aes128-cbc, 3des-cbc, aes192-cbc, aes256-cbc
DEBUG:paramiko.transport:server encrypt: aes128-cbc, 3des-cbc, aes192-cbc, aes256-cbc
DEBUG:paramiko.transport:client mac: hmac-sha1, hmac-sha1-96, hmac-md5, hmac-md5-96
DEBUG:paramiko.transport:server mac: hmac-sha1, hmac-sha1-96, hmac-md5, hmac-md5-96
DEBUG:paramiko.transport:client compress: none
DEBUG:paramiko.transport:server compress: none
DEBUG:paramiko.transport:client lang: <none>
DEBUG:paramiko.transport:server lang: <none>
DEBUG:paramiko.transport:kex follows: False
DEBUG:paramiko.transport:=== Key exchange agreements ===
DEBUG:paramiko.transport:Kex: diffie-hellman-group-exchange-sha1
DEBUG:paramiko.transport:HostKey: ssh-rsa
DEBUG:paramiko.transport:Cipher: aes128-cbc
DEBUG:paramiko.transport:MAC: hmac-sha1
DEBUG:paramiko.transport:Compression: none
DEBUG:paramiko.transport:=== End of kex handshake ===
DEBUG:paramiko.transport:Got server p (2048 bits)
DEBUG:paramiko.transport:kex engine KexGex specified hash_algo <built-in function openssl_sha1>
DEBUG:paramiko.transport:Switch to new keys ...
DEBUG:paramiko.transport:Adding ssh-rsa host key for 22.1.1.2: b'f3936c9baa657747b0b1aeba7a60394c'
DEBUG:paramiko.transport:userauth is OK
INFO:paramiko.transport:Authentication (password) successful!
DEBUG:paramiko.transport:[chan 0] Max packet in: 32768 bytes
DEBUG:paramiko.transport:[chan 0] Max packet out: 4096 bytes
DEBUG:paramiko.transport:Secsh channel 0 opened.
DEBUG:paramiko.transport:[chan 0] Sesch channel 0 request ok
DEBUG:paramiko.transport:[chan 0] Sesch channel 0 request ok
DEBUG:netmiko:write_channel: b'\n'
DEBUG:netmiko:write_channel: b'terminal width 511\n'
DEBUG:netmiko:read_channel: 
sw2alex>
sw2alex>
DEBUG:netmiko:read_channel: te
DEBUG:netmiko:read_channel: rmi
DEBUG:netmiko:read_channel: na
DEBUG:netmiko:read_channel: l wi
DEBUG:netmiko:read_channel: dt
DEBUG:netmiko:read_channel: h 51
DEBUG:netmiko:read_channel: 1

DEBUG:netmiko:Pattern found: (terminal width 511) 
sw2alex>
sw2alex>terminal width 511
DEBUG:netmiko:In disable_paging
DEBUG:netmiko:Command: terminal length 0

DEBUG:netmiko:write_channel: b'terminal length 0\n'
DEBUG:netmiko:read_channel: 
DEBUG:netmiko:read_channel: sw2alex>te
DEBUG:netmiko:read_channel: rm
DEBUG:netmiko:read_channel: ina
DEBUG:netmiko:read_channel: l l
DEBUG:netmiko:read_channel: eng
DEBUG:netmiko:read_channel: th 
DEBUG:netmiko:read_channel: 0
sw2alex>
DEBUG:netmiko:Pattern found: (terminal\ length\ 0) 
sw2alex>terminal length 0
DEBUG:netmiko:
sw2alex>terminal length 0
DEBUG:netmiko:Exiting disable_paging
DEBUG:netmiko:read_channel: 
DEBUG:netmiko:Clear buffer detects data in the channel
DEBUG:netmiko:read_channel: 
DEBUG:netmiko:write_channel: b'\n'
DEBUG:netmiko:read_channel: 
DEBUG:netmiko:read_channel: 
sw2alex>
DEBUG:netmiko:Pattern found: (\#|>) 
sw2alex>
DEBUG:netmiko:read_channel: 
DEBUG:netmiko:[find_prompt()]: prompt is sw2alex>
DEBUG:netmiko:read_channel: 
DEBUG:netmiko:write_channel: b'\n'
DEBUG:netmiko:read_channel: 
sw2alex>
DEBUG:netmiko:read_channel: 
DEBUG:netmiko:[find_prompt()]: prompt is sw2alex>
DEBUG:netmiko:write_channel: b'\n'
DEBUG:netmiko:read_channel: 
DEBUG:netmiko:read_channel: 

DEBUG:netmiko:read_channel: sw2alex>
DEBUG:netmiko:Pattern found: (sw2alex.*) 
sw2alex>
DEBUG:netmiko:write_channel: b'enable\n'
DEBUG:netmiko:read_channel: 
DEBUG:netmiko:read_channel: e
DEBUG:netmiko:read_channel: nab
DEBUG:netmiko:read_channel: le

DEBUG:netmiko:Pattern found: (enable) enable
DEBUG:netmiko:read_channel: 
DEBUG:netmiko:read_channel: Password: 
DEBUG:netmiko:Pattern found: ((?:sw2alex|ssword)) 
Password
DEBUG:netmiko:write_channel: b'********\n'
DEBUG:netmiko:read_channel: 
DEBUG:netmiko:read_channel: 
DEBUG:netmiko:read_channel: 
DEBUG:netmiko:read_channel: 
sw2alex#
DEBUG:netmiko:Pattern found: (sw2alex) : 
sw2alex
DEBUG:netmiko:write_channel: b'\n'
DEBUG:netmiko:read_channel: 
DEBUG:netmiko:read_channel: 
sw2alex#
DEBUG:netmiko:Pattern found: (sw2alex.*) #
sw2alex#
DEBUG:netmiko:read_channel: 
DEBUG:netmiko:write_channel: b'\n'
DEBUG:netmiko:read_channel: 
sw2alex#
DEBUG:netmiko:read_channel: 
DEBUG:netmiko:[find_prompt()]: prompt is sw2alex#
DEBUG:netmiko:write_channel: b'\n'
DEBUG:netmiko:read_channel: 
DEBUG:netmiko:read_channel: 

DEBUG:netmiko:read_channel: sw2alex#
DEBUG:netmiko:Pattern found: ([>#]) 
sw2alex#
DEBUG:netmiko:write_channel: b'configure terminal\n'
DEBUG:netmiko:read_channel: 
DEBUG:netmiko:read_channel: c
DEBUG:netmiko:read_channel: onf
DEBUG:netmiko:read_channel: i
DEBUG:netmiko:read_channel: gur
DEBUG:netmiko:read_channel: e t
DEBUG:netmiko:read_channel: er
DEBUG:netmiko:read_channel: min
DEBUG:netmiko:read_channel: al
DEBUG:netmiko:Pattern found: (configure\ terminal) configure terminal
DEBUG:netmiko:read_channel: 
DEBUG:netmiko:read_channel: 
Enter configuration commands, one per line.  End with CNTL/Z.
sw2alex(config)#
DEBUG:netmiko:Pattern found: (sw2alex.*) 
Enter configuration commands, one per line.  End with CNTL/Z.
sw2alex(config)#
DEBUG:netmiko:write_channel: b'\n'
DEBUG:netmiko:read_channel: 
DEBUG:netmiko:read_channel: 

DEBUG:netmiko:read_channel: sw2alex(config)#
DEBUG:netmiko:Pattern found: ([>#]) 
sw2alex(config)#
DEBUG:netmiko:write_channel: b'int range e0/0-1\n'
DEBUG:netmiko:read_channel: 
DEBUG:netmiko:read_channel: i
DEBUG:netmiko:read_channel: 
DEBUG:netmiko:read_channel: nt
DEBUG:netmiko:read_channel:  ra
DEBUG:netmiko:read_channel: nge
DEBUG:netmiko:read_channel:  e0/
DEBUG:netmiko:read_channel: 0-1
DEBUG:netmiko:Pattern found: (int\ range\ e0/0\-1) int range e0/0-1
DEBUG:netmiko:read_channel: 

DEBUG:netmiko:read_channel: sw2alex(config-if-range)#
DEBUG:netmiko:Pattern found: ((?:sw2alex.*$|#.*$)) 
sw2alex(config-if-range)#
DEBUG:netmiko:write_channel: b'sw trunk encapsulation dot1q\n'
DEBUG:netmiko:read_channel: 
DEBUG:netmiko:read_channel: s
DEBUG:netmiko:read_channel: w tr
DEBUG:netmiko:read_channel: unk
DEBUG:netmiko:read_channel:  en
DEBUG:netmiko:read_channel: cap
DEBUG:netmiko:read_channel: sul
DEBUG:netmiko:read_channel: atio
DEBUG:netmiko:read_channel: n
DEBUG:netmiko:read_channel:  do
DEBUG:netmiko:read_channel: t1q

DEBUG:netmiko:Pattern found: (sw\ trunk\ encapsulation\ dot1q) sw trunk encapsulation dot1q
DEBUG:netmiko:read_channel: 
DEBUG:netmiko:read_channel: sw2alex(config-if-range)#
DEBUG:netmiko:Pattern found: ((?:sw2alex.*$|#.*$)) 
sw2alex(config-if-range)#
DEBUG:netmiko:write_channel: b'sw mode trunk\n'
DEBUG:netmiko:read_channel: 
DEBUG:netmiko:read_channel: sw
DEBUG:netmiko:read_channel:  mo
DEBUG:netmiko:read_channel: de 
DEBUG:netmiko:read_channel: trunk
DEBUG:netmiko:Pattern found: (sw\ mode\ trunk) sw mode trunk
DEBUG:netmiko:read_channel: 
DEBUG:netmiko:read_channel: 
sw2alex(config-if-range)#
DEBUG:netmiko:Pattern found: ((?:sw2alex.*$|#.*$)) 
sw2alex(config-if-range)#
DEBUG:netmiko:write_channel: b'exit\n'
DEBUG:netmiko:read_channel: 
DEBUG:netmiko:read_channel: e
DEBUG:netmiko:read_channel: xit

DEBUG:netmiko:Pattern found: (exit) exit
DEBUG:netmiko:read_channel: 
DEBUG:netmiko:read_channel: sw2alex(config)#
DEBUG:netmiko:Pattern found: ((?:sw2alex.*$|#.*$)) 
sw2alex(config)#
DEBUG:netmiko:write_channel: b'\n'
DEBUG:netmiko:read_channel: 
DEBUG:netmiko:read_channel: 

DEBUG:netmiko:read_channel: sw2alex(config)#
DEBUG:netmiko:Pattern found: ([>#]) 
sw2alex(config)#
DEBUG:netmiko:write_channel: b'end\n'
DEBUG:netmiko:read_channel: 
DEBUG:netmiko:read_channel: e
DEBUG:netmiko:read_channel: nd

DEBUG:netmiko:Pattern found: (end) end
DEBUG:netmiko:read_channel: 
DEBUG:netmiko:read_channel: sw2alex#
DEBUG:netmiko:Pattern found: (#.*) 
sw2alex#
DEBUG:netmiko:write_channel: b'\n'
DEBUG:netmiko:read_channel: 
DEBUG:netmiko:read_channel: 

DEBUG:netmiko:read_channel: sw2alex#
DEBUG:netmiko:Pattern found: ([>#]) 
sw2alex#
DEBUG:netmiko:exit_config_mode: end
sw2alex#
DEBUG:netmiko:configure terminal
Enter configuration commands, one per line.  End with CNTL/Z.
sw2alex(config)#int range e0/0-1
sw2alex(config-if-range)#sw trunk encapsulation dot1q
sw2alex(config-if-range)#sw mode trunk
sw2alex(config-if-range)#exit
sw2alex(config)#end
sw2alex#
DEBUG:netmiko:write_channel: b'\n'
DEBUG:netmiko:read_channel: 
DEBUG:netmiko:read_channel: 

DEBUG:netmiko:read_channel: sw2alex#
DEBUG:netmiko:Pattern found: ([>#]) 
sw2alex#
DEBUG:netmiko:write_channel: b'exit\n'
DEBUG:paramiko.transport:EOF in transport thread
DEBUG:paramiko.transport:starting thread (client mode): 0x868111d0
DEBUG:paramiko.transport:Local version/idstring: SSH-2.0-paramiko_3.1.0
DEBUG:paramiko.transport:Remote version/idstring: SSH-1.5-Cisco-1.25
ERROR:paramiko.transport:Exception (client): Incompatible version (1.5 instead of 2.0)
ERROR:paramiko.transport:Traceback (most recent call last):
ERROR:paramiko.transport:  File "C:\Users\GamieZ\AppData\Local\Programs\Python\Python311\Lib\site-packages\paramiko\transport.py", line 2093, in run
ERROR:paramiko.transport:    self._check_banner()
ERROR:paramiko.transport:  File "C:\Users\GamieZ\AppData\Local\Programs\Python\Python311\Lib\site-packages\paramiko\transport.py", line 2299, in _check_banner
ERROR:paramiko.transport:    raise IncompatiblePeer(msg.format(version))
ERROR:paramiko.transport:paramiko.ssh_exception.IncompatiblePeer: Incompatible version (1.5 instead of 2.0)
ERROR:paramiko.transport:
DEBUG:paramiko.transport:starting thread (client mode): 0xdd3db650
DEBUG:paramiko.transport:Local version/idstring: SSH-2.0-paramiko_3.1.0
DEBUG:paramiko.transport:Remote version/idstring: SSH-2.0-Cisco-1.25
INFO:paramiko.transport:Connected (version 2.0, client Cisco-1.25)
DEBUG:paramiko.transport:=== Key exchange possibilities ===
DEBUG:paramiko.transport:kex algos: diffie-hellman-group-exchange-sha1, diffie-hellman-group14-sha1, diffie-hellman-group1-sha1
DEBUG:paramiko.transport:server key: ssh-rsa
DEBUG:paramiko.transport:client encrypt: aes128-cbc, 3des-cbc, aes192-cbc, aes256-cbc
DEBUG:paramiko.transport:server encrypt: aes128-cbc, 3des-cbc, aes192-cbc, aes256-cbc
DEBUG:paramiko.transport:client mac: hmac-sha1, hmac-sha1-96, hmac-md5, hmac-md5-96
DEBUG:paramiko.transport:server mac: hmac-sha1, hmac-sha1-96, hmac-md5, hmac-md5-96
DEBUG:paramiko.transport:client compress: none
DEBUG:paramiko.transport:server compress: none
DEBUG:paramiko.transport:client lang: <none>
DEBUG:paramiko.transport:server lang: <none>
DEBUG:paramiko.transport:kex follows: False
DEBUG:paramiko.transport:=== Key exchange agreements ===
DEBUG:paramiko.transport:Kex: diffie-hellman-group-exchange-sha1
DEBUG:paramiko.transport:HostKey: ssh-rsa
DEBUG:paramiko.transport:Cipher: aes128-cbc
DEBUG:paramiko.transport:MAC: hmac-sha1
DEBUG:paramiko.transport:Compression: none
DEBUG:paramiko.transport:=== End of kex handshake ===
DEBUG:paramiko.transport:Got server p (2048 bits)
DEBUG:paramiko.transport:kex engine KexGex specified hash_algo <built-in function openssl_sha1>
DEBUG:paramiko.transport:Switch to new keys ...
DEBUG:paramiko.transport:Adding ssh-rsa host key for 22.1.1.2: b'5b09dd1c58ff17c069582d14c1016cf4'
DEBUG:paramiko.transport:userauth is OK
INFO:paramiko.transport:Authentication (password) successful!
DEBUG:paramiko.transport:[chan 0] Max packet in: 32768 bytes
DEBUG:paramiko.transport:[chan 0] Max packet out: 4096 bytes
DEBUG:paramiko.transport:Secsh channel 0 opened.
DEBUG:paramiko.transport:[chan 0] Sesch channel 0 request ok
DEBUG:paramiko.transport:[chan 0] Sesch channel 0 request ok
DEBUG:netmiko:write_channel: b'\n'
DEBUG:netmiko:write_channel: b'terminal width 511\n'
DEBUG:netmiko:read_channel: 
sw2alex>
sw2alex>
DEBUG:netmiko:read_channel: ter
DEBUG:netmiko:read_channel: minal
DEBUG:netmiko:read_channel:  wi
DEBUG:netmiko:read_channel: dth
DEBUG:netmiko:read_channel:  511

DEBUG:netmiko:Pattern found: (terminal width 511) 
sw2alex>
sw2alex>terminal width 511
DEBUG:netmiko:In disable_paging
DEBUG:netmiko:Command: terminal length 0

DEBUG:netmiko:write_channel: b'terminal length 0\n'
DEBUG:netmiko:read_channel: 
DEBUG:netmiko:read_channel: sw2alex>
DEBUG:netmiko:read_channel: ter
DEBUG:netmiko:read_channel: m
DEBUG:netmiko:read_channel: ina
DEBUG:netmiko:read_channel: l 
DEBUG:netmiko:read_channel: len
DEBUG:netmiko:read_channel: gt
DEBUG:netmiko:read_channel: h 0
DEBUG:netmiko:Pattern found: (terminal\ length\ 0) 
sw2alex>terminal length 0
DEBUG:netmiko:
sw2alex>terminal length 0
DEBUG:netmiko:Exiting disable_paging
DEBUG:netmiko:read_channel: 
sw2alex>
DEBUG:netmiko:Clear buffer detects data in the channel
DEBUG:netmiko:read_channel: 
DEBUG:netmiko:write_channel: b'\n'
DEBUG:netmiko:read_channel: 
DEBUG:netmiko:read_channel: 
sw2alex>
DEBUG:netmiko:Pattern found: (\#|>) 
sw2alex>
DEBUG:netmiko:read_channel: 
DEBUG:netmiko:[find_prompt()]: prompt is sw2alex>
DEBUG:netmiko:read_channel: 
DEBUG:netmiko:write_channel: b'\n'
DEBUG:netmiko:read_channel: 
sw2alex>
DEBUG:netmiko:read_channel: 
DEBUG:netmiko:[find_prompt()]: prompt is sw2alex>
DEBUG:netmiko:write_channel: b'\n'
DEBUG:netmiko:read_channel: 
DEBUG:netmiko:read_channel: 
sw2alex>
DEBUG:netmiko:Pattern found: (sw2alex.*) 
sw2alex>
DEBUG:netmiko:write_channel: b'enable\n'
DEBUG:netmiko:read_channel: 
DEBUG:netmiko:read_channel: ena
DEBUG:netmiko:read_channel: bl
DEBUG:netmiko:read_channel: e
DEBUG:netmiko:Pattern found: (enable) enable
DEBUG:netmiko:read_channel: 
DEBUG:netmiko:read_channel: 
Password: 
DEBUG:netmiko:Pattern found: ((?:sw2alex|ssword)) 
Password
DEBUG:netmiko:write_channel: b'********\n'
DEBUG:netmiko:read_channel: 
DEBUG:netmiko:read_channel: 
DEBUG:netmiko:read_channel: 
DEBUG:netmiko:read_channel: 
sw2alex#
DEBUG:netmiko:Pattern found: (sw2alex) : 
sw2alex
DEBUG:netmiko:write_channel: b'\n'
DEBUG:netmiko:read_channel: 
DEBUG:netmiko:read_channel: 

DEBUG:netmiko:read_channel: sw2alex#
DEBUG:netmiko:Pattern found: (sw2alex.*) #
sw2alex#
DEBUG:netmiko:write_channel: b'\n'
DEBUG:netmiko:read_channel: 
DEBUG:netmiko:read_channel: 
sw2alex#
DEBUG:netmiko:Pattern found: ([>#]) 
sw2alex#
DEBUG:netmiko:write_channel: b'configure terminal\n'
DEBUG:netmiko:read_channel: 
DEBUG:netmiko:read_channel: con
DEBUG:netmiko:read_channel: figur
DEBUG:netmiko:read_channel: e t
DEBUG:netmiko:read_channel: ermi
DEBUG:netmiko:read_channel: nal

DEBUG:netmiko:Pattern found: (configure\ terminal) configure terminal
DEBUG:netmiko:read_channel: 
DEBUG:netmiko:read_channel: Enter configuration commands, one per line.  End with CNTL/Z.
sw2alex(config)#
DEBUG:netmiko:Pattern found: (sw2alex.*) 
Enter configuration commands, one per line.  End with CNTL/Z.
sw2alex(config)#
DEBUG:netmiko:write_channel: b'\n'
DEBUG:netmiko:read_channel: 
DEBUG:netmiko:read_channel: 
sw2alex(config)#
DEBUG:netmiko:Pattern found: ([>#]) 
sw2alex(config)#
DEBUG:netmiko:write_channel: b'int range e0/2-3\n'
DEBUG:netmiko:read_channel: 
DEBUG:netmiko:read_channel: i
DEBUG:netmiko:read_channel: nt r
DEBUG:netmiko:read_channel: ange
DEBUG:netmiko:read_channel:  e
DEBUG:netmiko:read_channel: 0/2-
DEBUG:netmiko:read_channel: 3

DEBUG:netmiko:Pattern found: (int\ range\ e0/2\-3) int range e0/2-3
DEBUG:netmiko:read_channel: 
DEBUG:netmiko:read_channel: sw2alex(config-if-range)#
DEBUG:netmiko:Pattern found: ((?:sw2alex.*$|#.*$)) 
sw2alex(config-if-range)#
DEBUG:netmiko:write_channel: b'sw mode accsess\n'
DEBUG:netmiko:read_channel: 
DEBUG:netmiko:read_channel: sw
DEBUG:netmiko:read_channel:  mo
DEBUG:netmiko:read_channel: de a
DEBUG:netmiko:read_channel: ccs
DEBUG:netmiko:read_channel: ess
DEBUG:netmiko:Pattern found: (sw\ mode\ accsess) sw mode accsess
DEBUG:netmiko:read_channel: 
DEBUG:netmiko:read_channel: 
                                    ^
% Invalid input detected at '^' marker.

sw2alex(config-if-range)#
DEBUG:netmiko:Pattern found: ((?:sw2alex.*$|#.*$)) 
                                    ^
% Invalid input detected at '^' marker.

sw2alex(config-if-range)#
DEBUG:netmiko:write_channel: b'sw accsess vlan 30\n'
DEBUG:netmiko:read_channel: 
DEBUG:netmiko:read_channel: sw
DEBUG:netmiko:read_channel:  ac
DEBUG:netmiko:read_channel: cs
DEBUG:netmiko:read_channel: ess
DEBUG:netmiko:read_channel:  vl
DEBUG:netmiko:read_channel: an 
DEBUG:netmiko:read_channel: 30

DEBUG:netmiko:Pattern found: (sw\ accsess\ vlan\ 30) sw accsess vlan 30
DEBUG:netmiko:read_channel: 
DEBUG:netmiko:read_channel:                                ^
% Invalid input detected at '^' marker.

sw2alex(config-if-range)#
DEBUG:netmiko:Pattern found: ((?:sw2alex.*$|#.*$)) 
                               ^
% Invalid input detected at '^' marker.

sw2alex(config-if-range)#
DEBUG:netmiko:write_channel: b'Exit\n'
DEBUG:netmiko:read_channel: 
DEBUG:netmiko:read_channel: E
DEBUG:netmiko:read_channel: xit
DEBUG:netmiko:Pattern found: (Exit) Exit
DEBUG:netmiko:read_channel: 

DEBUG:netmiko:read_channel: sw2alex(config)#
DEBUG:netmiko:Pattern found: ((?:sw2alex.*$|#.*$)) 
sw2alex(config)#
DEBUG:netmiko:write_channel: b'int range e1/0-1\n'
DEBUG:netmiko:read_channel: 
DEBUG:netmiko:read_channel: i
DEBUG:netmiko:read_channel: nt 
DEBUG:netmiko:read_channel: ran
DEBUG:netmiko:read_channel: ge
DEBUG:netmiko:read_channel:  e1
DEBUG:netmiko:read_channel: /0-
DEBUG:netmiko:read_channel: 1
sw2alex(config-if-range)#
DEBUG:netmiko:Pattern found: (int\ range\ e1/0\-1) int range e1/0-1
DEBUG:netmiko:read_channel: 
DEBUG:netmiko:Pattern found: ((?:sw2alex.*$|#.*$)) 
sw2alex(config-if-range)#
DEBUG:netmiko:write_channel: b'sw mode accsess\n'
DEBUG:netmiko:read_channel: 
DEBUG:netmiko:read_channel: s
DEBUG:netmiko:read_channel: w mo
DEBUG:netmiko:read_channel: de
DEBUG:netmiko:read_channel:  acc
DEBUG:netmiko:read_channel: sess
DEBUG:netmiko:Pattern found: (sw\ mode\ accsess) sw mode accsess
DEBUG:netmiko:read_channel: 
DEBUG:netmiko:read_channel: 
                                    ^
% Invalid input detected at '^' marker.

sw2alex(config-if-range)#
DEBUG:netmiko:Pattern found: ((?:sw2alex.*$|#.*$)) 
                                    ^
% Invalid input detected at '^' marker.

sw2alex(config-if-range)#
DEBUG:netmiko:write_channel: b'sw accsess vlan 40\n'
DEBUG:netmiko:read_channel: 
DEBUG:netmiko:read_channel: sw
DEBUG:netmiko:read_channel:  ac
DEBUG:netmiko:read_channel: cse
DEBUG:netmiko:read_channel: ss v
DEBUG:netmiko:read_channel: lan
DEBUG:netmiko:read_channel:  40
DEBUG:netmiko:Pattern found: (sw\ accsess\ vlan\ 40) sw accsess vlan 40
DEBUG:netmiko:read_channel: 
DEBUG:netmiko:read_channel: 
                               ^
% Invalid input detected at '^' marker.

sw2alex(config-if-range)#
DEBUG:netmiko:Pattern found: ((?:sw2alex.*$|#.*$)) 
                               ^
% Invalid input detected at '^' marker.

sw2alex(config-if-range)#
DEBUG:netmiko:write_channel: b'Exit\n'
DEBUG:netmiko:read_channel: 
DEBUG:netmiko:read_channel: E
DEBUG:netmiko:read_channel: xit

DEBUG:netmiko:Pattern found: (Exit) Exit
DEBUG:netmiko:read_channel: 
DEBUG:netmiko:read_channel: sw2alex(config)#
DEBUG:netmiko:Pattern found: ((?:sw2alex.*$|#.*$)) 
sw2alex(config)#
DEBUG:netmiko:write_channel: b'\n'
DEBUG:netmiko:read_channel: 
DEBUG:netmiko:read_channel: 

DEBUG:netmiko:read_channel: sw2alex(config)#
DEBUG:netmiko:Pattern found: ([>#]) 
sw2alex(config)#
DEBUG:netmiko:write_channel: b'end\n'
DEBUG:netmiko:read_channel: 
DEBUG:netmiko:read_channel: e
DEBUG:netmiko:read_channel: nd
sw2alex#
DEBUG:netmiko:Pattern found: (end) end
DEBUG:netmiko:read_channel: 
DEBUG:netmiko:Pattern found: (#.*) 
sw2alex#
DEBUG:netmiko:write_channel: b'\n'
DEBUG:netmiko:read_channel: 
DEBUG:netmiko:read_channel: 

DEBUG:netmiko:read_channel: sw2alex#
DEBUG:netmiko:Pattern found: ([>#]) 
sw2alex#
DEBUG:netmiko:exit_config_mode: end
sw2alex#
DEBUG:netmiko:configure terminal
Enter configuration commands, one per line.  End with CNTL/Z.
sw2alex(config)#int range e0/2-3
sw2alex(config-if-range)#sw mode accsess
                                    ^
% Invalid input detected at '^' marker.

sw2alex(config-if-range)#sw accsess vlan 30
                               ^
% Invalid input detected at '^' marker.

sw2alex(config-if-range)#Exit
sw2alex(config)#int range e1/0-1
sw2alex(config-if-range)#sw mode accsess
                                    ^
% Invalid input detected at '^' marker.

sw2alex(config-if-range)#sw accsess vlan 40
                               ^
% Invalid input detected at '^' marker.

sw2alex(config-if-range)#Exit
sw2alex(config)#end
sw2alex#
DEBUG:netmiko:write_channel: b'\n'
DEBUG:netmiko:read_channel: 
DEBUG:netmiko:read_channel: 

DEBUG:netmiko:read_channel: sw2alex#
DEBUG:netmiko:Pattern found: ([>#]) 
sw2alex#
DEBUG:netmiko:write_channel: b'exit\n'
DEBUG:paramiko.transport:EOF in transport thread
DEBUG:paramiko.transport:starting thread (client mode): 0xdf34db10
DEBUG:paramiko.transport:Local version/idstring: SSH-2.0-paramiko_3.1.0
DEBUG:paramiko.transport:Remote version/idstring: SSH-2.0-Cisco-1.25
INFO:paramiko.transport:Connected (version 2.0, client Cisco-1.25)
DEBUG:paramiko.transport:=== Key exchange possibilities ===
DEBUG:paramiko.transport:kex algos: diffie-hellman-group-exchange-sha1, diffie-hellman-group14-sha1, diffie-hellman-group1-sha1
DEBUG:paramiko.transport:server key: ssh-rsa
DEBUG:paramiko.transport:client encrypt: aes128-cbc, 3des-cbc, aes192-cbc, aes256-cbc
DEBUG:paramiko.transport:server encrypt: aes128-cbc, 3des-cbc, aes192-cbc, aes256-cbc
DEBUG:paramiko.transport:client mac: hmac-sha1, hmac-sha1-96, hmac-md5, hmac-md5-96
DEBUG:paramiko.transport:server mac: hmac-sha1, hmac-sha1-96, hmac-md5, hmac-md5-96
DEBUG:paramiko.transport:client compress: none
DEBUG:paramiko.transport:server compress: none
DEBUG:paramiko.transport:client lang: <none>
DEBUG:paramiko.transport:server lang: <none>
DEBUG:paramiko.transport:kex follows: False
DEBUG:paramiko.transport:=== Key exchange agreements ===
DEBUG:paramiko.transport:Kex: diffie-hellman-group-exchange-sha1
DEBUG:paramiko.transport:HostKey: ssh-rsa
DEBUG:paramiko.transport:Cipher: aes128-cbc
DEBUG:paramiko.transport:MAC: hmac-sha1
DEBUG:paramiko.transport:Compression: none
DEBUG:paramiko.transport:=== End of kex handshake ===
DEBUG:paramiko.transport:Got server p (2048 bits)
DEBUG:paramiko.transport:kex engine KexGex specified hash_algo <built-in function openssl_sha1>
DEBUG:paramiko.transport:Switch to new keys ...
DEBUG:paramiko.transport:Adding ssh-rsa host key for 22.1.1.2: b'5b09dd1c58ff17c069582d14c1016cf4'
DEBUG:paramiko.transport:userauth is OK
INFO:paramiko.transport:Authentication (password) successful!
DEBUG:paramiko.transport:[chan 0] Max packet in: 32768 bytes
DEBUG:paramiko.transport:[chan 0] Max packet out: 4096 bytes
DEBUG:paramiko.transport:Secsh channel 0 opened.
DEBUG:paramiko.transport:[chan 0] Sesch channel 0 request ok
DEBUG:paramiko.transport:[chan 0] Sesch channel 0 request ok
DEBUG:netmiko:write_channel: b'\n'
DEBUG:netmiko:write_channel: b'terminal width 511\n'
DEBUG:netmiko:read_channel: sw2alex>
sw2alex>
DEBUG:netmiko:read_channel: te
DEBUG:netmiko:read_channel: rmi
DEBUG:netmiko:read_channel: nal 
DEBUG:netmiko:read_channel: widt
DEBUG:netmiko:read_channel: h 5
DEBUG:netmiko:read_channel: 11

DEBUG:netmiko:Pattern found: (terminal width 511) sw2alex>
sw2alex>terminal width 511
DEBUG:netmiko:In disable_paging
DEBUG:netmiko:Command: terminal length 0

DEBUG:netmiko:write_channel: b'terminal length 0\n'
DEBUG:netmiko:read_channel: 
DEBUG:netmiko:read_channel: sw2alex>te
DEBUG:netmiko:read_channel: rm
DEBUG:netmiko:read_channel: inal
DEBUG:netmiko:read_channel:  l
DEBUG:netmiko:read_channel: engt
DEBUG:netmiko:read_channel: h 
DEBUG:netmiko:read_channel: 0
sw2alex>
DEBUG:netmiko:Pattern found: (terminal\ length\ 0) 
sw2alex>terminal length 0
DEBUG:netmiko:
sw2alex>terminal length 0
DEBUG:netmiko:Exiting disable_paging
DEBUG:netmiko:read_channel: 
DEBUG:netmiko:Clear buffer detects data in the channel
DEBUG:netmiko:read_channel: 
DEBUG:netmiko:write_channel: b'\n'
DEBUG:netmiko:read_channel: 
DEBUG:netmiko:read_channel: 
sw2alex>
DEBUG:netmiko:Pattern found: (\#|>) 
sw2alex>
DEBUG:netmiko:read_channel: 
DEBUG:netmiko:[find_prompt()]: prompt is sw2alex>
DEBUG:netmiko:read_channel: 
DEBUG:netmiko:write_channel: b'\n'
DEBUG:netmiko:read_channel: 
sw2alex>
DEBUG:netmiko:read_channel: 
DEBUG:netmiko:[find_prompt()]: prompt is sw2alex>
DEBUG:netmiko:write_channel: b'\n'
DEBUG:netmiko:read_channel: 
DEBUG:netmiko:read_channel: 

DEBUG:netmiko:read_channel: sw2alex>
DEBUG:netmiko:Pattern found: (sw2alex.*) 
sw2alex>
DEBUG:netmiko:write_channel: b'enable\n'
DEBUG:netmiko:read_channel: 
DEBUG:netmiko:read_channel: en
DEBUG:netmiko:read_channel: abl
DEBUG:netmiko:read_channel: e

DEBUG:netmiko:Pattern found: (enable) enable
DEBUG:netmiko:read_channel: Password: 
DEBUG:netmiko:Pattern found: ((?:sw2alex|ssword)) 
Password
DEBUG:netmiko:write_channel: b'********\n'
DEBUG:netmiko:read_channel: 
DEBUG:netmiko:read_channel: 
DEBUG:netmiko:read_channel: 
DEBUG:netmiko:read_channel: 
sw2alex#
DEBUG:netmiko:Pattern found: (sw2alex) : 
sw2alex
DEBUG:netmiko:write_channel: b'\n'
DEBUG:netmiko:read_channel: 
DEBUG:netmiko:read_channel: 

DEBUG:netmiko:read_channel: sw2alex#
DEBUG:netmiko:Pattern found: (sw2alex.*) #
sw2alex#
DEBUG:netmiko:write_channel: b'\n'
DEBUG:netmiko:read_channel: 
DEBUG:netmiko:read_channel: 

DEBUG:netmiko:read_channel: sw2alex#
DEBUG:netmiko:Pattern found: ([>#]) 
sw2alex#
DEBUG:netmiko:write_channel: b'configure terminal\n'
DEBUG:netmiko:read_channel: 
DEBUG:netmiko:read_channel: c
DEBUG:netmiko:read_channel: onf
DEBUG:netmiko:read_channel: igu
DEBUG:netmiko:read_channel: re 
DEBUG:netmiko:read_channel: te
DEBUG:netmiko:read_channel: rmi
DEBUG:netmiko:read_channel: nal
DEBUG:netmiko:Pattern found: (configure\ terminal) configure terminal
DEBUG:netmiko:read_channel: 
DEBUG:netmiko:read_channel: 
Enter configuration commands, one per line.  End with CNTL/Z.
sw2alex(config)#
DEBUG:netmiko:Pattern found: (sw2alex.*) 
Enter configuration commands, one per line.  End with CNTL/Z.
sw2alex(config)#
DEBUG:netmiko:write_channel: b'\n'
DEBUG:netmiko:read_channel: 
DEBUG:netmiko:read_channel: 

DEBUG:netmiko:read_channel: sw2alex(config)#
DEBUG:netmiko:Pattern found: ([>#]) 
sw2alex(config)#
DEBUG:netmiko:write_channel: b'int range e0/2-3\n'
DEBUG:netmiko:read_channel: 
DEBUG:netmiko:read_channel: in
DEBUG:netmiko:read_channel: t r
DEBUG:netmiko:read_channel: ange
DEBUG:netmiko:read_channel:  e0
DEBUG:netmiko:read_channel: /2-
DEBUG:netmiko:read_channel: 3
sw2alex(config-if-range)#
DEBUG:netmiko:Pattern found: (int\ range\ e0/2\-3) int range e0/2-3
DEBUG:netmiko:read_channel: 
DEBUG:netmiko:Pattern found: ((?:sw2alex.*$|#.*$)) 
sw2alex(config-if-range)#
DEBUG:netmiko:write_channel: b'sw mode access\n'
DEBUG:netmiko:read_channel: 
DEBUG:netmiko:read_channel: s
DEBUG:netmiko:read_channel: w mo
DEBUG:netmiko:read_channel: de a
DEBUG:netmiko:read_channel: cc
DEBUG:netmiko:read_channel: ess

DEBUG:netmiko:Pattern found: (sw\ mode\ access) sw mode access
DEBUG:netmiko:read_channel: 
DEBUG:netmiko:read_channel: sw2alex(config-if-range)#
DEBUG:netmiko:Pattern found: ((?:sw2alex.*$|#.*$)) 
sw2alex(config-if-range)#
DEBUG:netmiko:write_channel: b'sw accsess vlan 30\n'
DEBUG:netmiko:read_channel: 
DEBUG:netmiko:read_channel: s
DEBUG:netmiko:read_channel: w ac
DEBUG:netmiko:read_channel: cse
DEBUG:netmiko:read_channel: ss 
DEBUG:netmiko:read_channel: vla
DEBUG:netmiko:read_channel: n 30
DEBUG:netmiko:Pattern found: (sw\ accsess\ vlan\ 30) sw accsess vlan 30
DEBUG:netmiko:read_channel: 
DEBUG:netmiko:read_channel: 
                               ^
% Invalid input detected at '^' marker.

sw2alex(config-if-range)#
DEBUG:netmiko:Pattern found: ((?:sw2alex.*$|#.*$)) 
                               ^
% Invalid input detected at '^' marker.

sw2alex(config-if-range)#
DEBUG:netmiko:write_channel: b'Exit\n'
DEBUG:netmiko:read_channel: 
DEBUG:netmiko:read_channel: E
DEBUG:netmiko:read_channel: xit

DEBUG:netmiko:Pattern found: (Exit) Exit
DEBUG:netmiko:read_channel: 
DEBUG:netmiko:read_channel: sw2alex(config)#
DEBUG:netmiko:Pattern found: ((?:sw2alex.*$|#.*$)) 
sw2alex(config)#
DEBUG:netmiko:write_channel: b'int range e1/0-1\n'
DEBUG:netmiko:read_channel: 
DEBUG:netmiko:read_channel: i
DEBUG:netmiko:read_channel: nt r
DEBUG:netmiko:read_channel: ang
DEBUG:netmiko:read_channel: e e
DEBUG:netmiko:read_channel: 1/0-
DEBUG:netmiko:read_channel: 1

DEBUG:netmiko:Pattern found: (int\ range\ e1/0\-1) int range e1/0-1
DEBUG:netmiko:read_channel: 
DEBUG:netmiko:read_channel: sw2alex(config-if-range)#
DEBUG:netmiko:Pattern found: ((?:sw2alex.*$|#.*$)) 
sw2alex(config-if-range)#
DEBUG:netmiko:write_channel: b'sw mode access\n'
DEBUG:netmiko:read_channel: 
DEBUG:netmiko:read_channel: sw
DEBUG:netmiko:read_channel:  mo
DEBUG:netmiko:read_channel: de 
DEBUG:netmiko:read_channel: acc
DEBUG:netmiko:read_channel: ess

DEBUG:netmiko:Pattern found: (sw\ mode\ access) sw mode access
DEBUG:netmiko:read_channel: 
DEBUG:netmiko:read_channel: sw2alex(config-if-range)#
DEBUG:netmiko:Pattern found: ((?:sw2alex.*$|#.*$)) 
sw2alex(config-if-range)#
DEBUG:netmiko:write_channel: b'sw accsess vlan 40\n'
DEBUG:netmiko:read_channel: 
DEBUG:netmiko:read_channel: s
DEBUG:netmiko:read_channel: w ac
DEBUG:netmiko:read_channel: cses
DEBUG:netmiko:read_channel: s 
DEBUG:netmiko:read_channel: vlan
DEBUG:netmiko:read_channel:  40
DEBUG:netmiko:Pattern found: (sw\ accsess\ vlan\ 40) sw accsess vlan 40
DEBUG:netmiko:read_channel: 
DEBUG:netmiko:read_channel: 
                               ^
% Invalid input detected at '^' marker.

sw2alex(config-if-range)#
DEBUG:netmiko:Pattern found: ((?:sw2alex.*$|#.*$)) 
                               ^
% Invalid input detected at '^' marker.

sw2alex(config-if-range)#
DEBUG:netmiko:write_channel: b'Exit\n'
DEBUG:netmiko:read_channel: 
DEBUG:netmiko:read_channel: E
DEBUG:netmiko:read_channel: xit
DEBUG:netmiko:Pattern found: (Exit) Exit
DEBUG:netmiko:read_channel: 
DEBUG:netmiko:read_channel: 
sw2alex(config)#
DEBUG:netmiko:Pattern found: ((?:sw2alex.*$|#.*$)) 
sw2alex(config)#
DEBUG:netmiko:write_channel: b'\n'
DEBUG:netmiko:read_channel: 
DEBUG:netmiko:read_channel: 

DEBUG:netmiko:read_channel: sw2alex(config)#
DEBUG:netmiko:Pattern found: ([>#]) 
sw2alex(config)#
DEBUG:netmiko:write_channel: b'end\n'
DEBUG:netmiko:read_channel: 
DEBUG:netmiko:read_channel: e
DEBUG:netmiko:read_channel: nd
sw2alex#
DEBUG:netmiko:Pattern found: (end) end
DEBUG:netmiko:read_channel: 
DEBUG:netmiko:Pattern found: (#.*) 
sw2alex#
DEBUG:netmiko:write_channel: b'\n'
DEBUG:netmiko:read_channel: 
DEBUG:netmiko:read_channel: 

DEBUG:netmiko:read_channel: sw2alex#
DEBUG:netmiko:Pattern found: ([>#]) 
sw2alex#
DEBUG:netmiko:exit_config_mode: end
sw2alex#
DEBUG:netmiko:configure terminal
Enter configuration commands, one per line.  End with CNTL/Z.
sw2alex(config)#int range e0/2-3
sw2alex(config-if-range)#sw mode access
sw2alex(config-if-range)#sw accsess vlan 30
                               ^
% Invalid input detected at '^' marker.

sw2alex(config-if-range)#Exit
sw2alex(config)#int range e1/0-1
sw2alex(config-if-range)#sw mode access
sw2alex(config-if-range)#sw accsess vlan 40
                               ^
% Invalid input detected at '^' marker.

sw2alex(config-if-range)#Exit
sw2alex(config)#end
sw2alex#
DEBUG:netmiko:write_channel: b'\n'
DEBUG:netmiko:read_channel: 
DEBUG:netmiko:read_channel: 
sw2alex#
DEBUG:netmiko:Pattern found: ([>#]) 
sw2alex#
DEBUG:netmiko:write_channel: b'exit\n'
DEBUG:paramiko.transport:EOF in transport thread
DEBUG:paramiko.transport:starting thread (client mode): 0xdf371850
DEBUG:paramiko.transport:Local version/idstring: SSH-2.0-paramiko_3.1.0
DEBUG:paramiko.transport:Remote version/idstring: SSH-2.0-Cisco-1.25
INFO:paramiko.transport:Connected (version 2.0, client Cisco-1.25)
DEBUG:paramiko.transport:=== Key exchange possibilities ===
DEBUG:paramiko.transport:kex algos: diffie-hellman-group-exchange-sha1, diffie-hellman-group14-sha1, diffie-hellman-group1-sha1
DEBUG:paramiko.transport:server key: ssh-rsa
DEBUG:paramiko.transport:client encrypt: aes128-cbc, 3des-cbc, aes192-cbc, aes256-cbc
DEBUG:paramiko.transport:server encrypt: aes128-cbc, 3des-cbc, aes192-cbc, aes256-cbc
DEBUG:paramiko.transport:client mac: hmac-sha1, hmac-sha1-96, hmac-md5, hmac-md5-96
DEBUG:paramiko.transport:server mac: hmac-sha1, hmac-sha1-96, hmac-md5, hmac-md5-96
DEBUG:paramiko.transport:client compress: none
DEBUG:paramiko.transport:server compress: none
DEBUG:paramiko.transport:client lang: <none>
DEBUG:paramiko.transport:server lang: <none>
DEBUG:paramiko.transport:kex follows: False
DEBUG:paramiko.transport:=== Key exchange agreements ===
DEBUG:paramiko.transport:Kex: diffie-hellman-group-exchange-sha1
DEBUG:paramiko.transport:HostKey: ssh-rsa
DEBUG:paramiko.transport:Cipher: aes128-cbc
DEBUG:paramiko.transport:MAC: hmac-sha1
DEBUG:paramiko.transport:Compression: none
DEBUG:paramiko.transport:=== End of kex handshake ===
DEBUG:paramiko.transport:Got server p (2048 bits)
DEBUG:paramiko.transport:kex engine KexGex specified hash_algo <built-in function openssl_sha1>
DEBUG:paramiko.transport:Switch to new keys ...
DEBUG:paramiko.transport:Adding ssh-rsa host key for 22.1.1.2: b'5b09dd1c58ff17c069582d14c1016cf4'
DEBUG:paramiko.transport:userauth is OK
INFO:paramiko.transport:Authentication (password) successful!
DEBUG:paramiko.transport:[chan 0] Max packet in: 32768 bytes
DEBUG:paramiko.transport:[chan 0] Max packet out: 4096 bytes
DEBUG:paramiko.transport:Secsh channel 0 opened.
DEBUG:paramiko.transport:[chan 0] Sesch channel 0 request ok
DEBUG:paramiko.transport:[chan 0] Sesch channel 0 request ok
DEBUG:netmiko:write_channel: b'\n'
DEBUG:netmiko:write_channel: b'terminal width 511\n'
DEBUG:netmiko:read_channel: sw2alex>
sw2alex>
DEBUG:netmiko:read_channel: t
DEBUG:netmiko:read_channel: 
DEBUG:netmiko:read_channel: er
DEBUG:netmiko:read_channel: 
DEBUG:netmiko:read_channel: mi
DEBUG:netmiko:read_channel: n
DEBUG:netmiko:read_channel: a
DEBUG:netmiko:read_channel: l 
DEBUG:netmiko:read_channel: wi
DEBUG:netmiko:read_channel: 
DEBUG:netmiko:read_channel: dt
DEBUG:netmiko:read_channel: h
DEBUG:netmiko:read_channel:  
DEBUG:netmiko:read_channel: 5
DEBUG:netmiko:read_channel: 1
DEBUG:netmiko:read_channel: 1

DEBUG:netmiko:Pattern found: (terminal width 511) sw2alex>
sw2alex>terminal width 511
DEBUG:netmiko:In disable_paging
DEBUG:netmiko:Command: terminal length 0

DEBUG:netmiko:write_channel: b'terminal length 0\n'
DEBUG:netmiko:read_channel: 
DEBUG:netmiko:read_channel: sw2alex>
DEBUG:netmiko:read_channel: 
DEBUG:netmiko:read_channel: te
DEBUG:netmiko:read_channel: 
DEBUG:netmiko:read_channel: rm
DEBUG:netmiko:read_channel: 
DEBUG:netmiko:read_channel: in
DEBUG:netmiko:read_channel: 
DEBUG:netmiko:read_channel: al
DEBUG:netmiko:read_channel:  
DEBUG:netmiko:read_channel: l
DEBUG:netmiko:read_channel: en
DEBUG:netmiko:read_channel: g
DEBUG:netmiko:read_channel: t
DEBUG:netmiko:read_channel: 
DEBUG:netmiko:read_channel: h 
DEBUG:netmiko:read_channel: 0

DEBUG:netmiko:Pattern found: (terminal\ length\ 0) 
sw2alex>terminal length 0
DEBUG:netmiko:
sw2alex>terminal length 0
DEBUG:netmiko:Exiting disable_paging
DEBUG:netmiko:read_channel: sw2alex>
DEBUG:netmiko:Clear buffer detects data in the channel
DEBUG:netmiko:read_channel: 
DEBUG:netmiko:write_channel: b'\n'
DEBUG:netmiko:read_channel: 
DEBUG:netmiko:read_channel: 
DEBUG:netmiko:read_channel: 

DEBUG:netmiko:read_channel: sw2alex>
DEBUG:netmiko:Pattern found: (\#|>) 
sw2alex>
DEBUG:netmiko:read_channel: 
DEBUG:netmiko:[find_prompt()]: prompt is sw2alex>
DEBUG:netmiko:read_channel: 
DEBUG:netmiko:write_channel: b'\n'
DEBUG:netmiko:read_channel: 

DEBUG:netmiko:write_channel: b'\n'
DEBUG:netmiko:read_channel: sw2alex>
DEBUG:netmiko:read_channel: 
DEBUG:netmiko:[find_prompt()]: prompt is sw2alex>
DEBUG:netmiko:write_channel: b'\n'
DEBUG:netmiko:read_channel: 
sw2alex>
DEBUG:netmiko:Pattern found: (sw2alex.*) 
sw2alex>
DEBUG:netmiko:write_channel: b'enable\n'
DEBUG:netmiko:read_channel: 
DEBUG:netmiko:read_channel: 

DEBUG:netmiko:read_channel: sw2alex>
DEBUG:netmiko:read_channel: 
DEBUG:netmiko:read_channel: e
DEBUG:netmiko:read_channel: nab
DEBUG:netmiko:read_channel: 
DEBUG:netmiko:read_channel: le
DEBUG:netmiko:Pattern found: (enable) 
sw2alex>enable
DEBUG:netmiko:read_channel: 
DEBUG:netmiko:read_channel: 
Password: 
DEBUG:netmiko:Pattern found: ((?:sw2alex|ssword)) 
Password
DEBUG:netmiko:write_channel: b'********\n'
DEBUG:netmiko:read_channel: 
DEBUG:netmiko:read_channel: 
DEBUG:netmiko:read_channel: 
DEBUG:netmiko:read_channel: 
DEBUG:netmiko:read_channel: 
DEBUG:netmiko:read_channel: 
sw2alex#
DEBUG:netmiko:Pattern found: (sw2alex) : 
sw2alex
DEBUG:netmiko:write_channel: b'\n'
DEBUG:netmiko:read_channel: 
DEBUG:netmiko:read_channel: 
DEBUG:netmiko:read_channel: 

DEBUG:netmiko:read_channel: sw2alex#
DEBUG:netmiko:Pattern found: (sw2alex.*) #
sw2alex#
DEBUG:netmiko:write_channel: b'\n'
DEBUG:netmiko:read_channel: 
DEBUG:netmiko:read_channel: 

DEBUG:netmiko:read_channel: sw2alex#
DEBUG:netmiko:Pattern found: ([>#]) 
sw2alex#
DEBUG:netmiko:write_channel: b'configure terminal\n'
DEBUG:netmiko:read_channel: 
DEBUG:netmiko:read_channel: co
DEBUG:netmiko:read_channel: nfig
DEBUG:netmiko:read_channel: ure
DEBUG:netmiko:read_channel:  te
DEBUG:netmiko:read_channel: rm
DEBUG:netmiko:read_channel: in
DEBUG:netmiko:read_channel: al

DEBUG:netmiko:Pattern found: (configure\ terminal) configure terminal
DEBUG:netmiko:read_channel: 
DEBUG:netmiko:read_channel: Enter configuration commands, one per line.  End with CNTL/Z.
sw2alex(config)#
DEBUG:netmiko:Pattern found: (sw2alex.*) 
Enter configuration commands, one per line.  End with CNTL/Z.
sw2alex(config)#
DEBUG:netmiko:write_channel: b'\n'
DEBUG:netmiko:read_channel: 
DEBUG:netmiko:read_channel: 

DEBUG:netmiko:read_channel: sw2alex(config)#
DEBUG:netmiko:Pattern found: ([>#]) 
sw2alex(config)#
DEBUG:netmiko:write_channel: b'int range e0/2-3\n'
DEBUG:netmiko:read_channel: 
DEBUG:netmiko:read_channel: i
DEBUG:netmiko:read_channel: nt 
DEBUG:netmiko:read_channel: ra
DEBUG:netmiko:read_channel: ng
DEBUG:netmiko:read_channel: e e
DEBUG:netmiko:read_channel: 0/2-
DEBUG:netmiko:read_channel: 3

DEBUG:netmiko:Pattern found: (int\ range\ e0/2\-3) int range e0/2-3
DEBUG:netmiko:read_channel: 
DEBUG:netmiko:read_channel: sw2alex(config-if-range)#
DEBUG:netmiko:Pattern found: ((?:sw2alex.*$|#.*$)) 
sw2alex(config-if-range)#
DEBUG:netmiko:write_channel: b'sw mode access\n'
DEBUG:netmiko:read_channel: 
DEBUG:netmiko:read_channel: s
DEBUG:netmiko:read_channel: w m
DEBUG:netmiko:read_channel: ode
DEBUG:netmiko:read_channel:  a
DEBUG:netmiko:read_channel: cce
DEBUG:netmiko:read_channel: ss

DEBUG:netmiko:Pattern found: (sw\ mode\ access) sw mode access
DEBUG:netmiko:read_channel: 
DEBUG:netmiko:read_channel: sw2alex(config-if-range)#
DEBUG:netmiko:Pattern found: ((?:sw2alex.*$|#.*$)) 
sw2alex(config-if-range)#
DEBUG:netmiko:write_channel: b'sw accsess vlan 30\n'
DEBUG:netmiko:read_channel: 
DEBUG:netmiko:read_channel: s
DEBUG:netmiko:read_channel: w a
DEBUG:netmiko:read_channel: ccs
DEBUG:netmiko:read_channel: es
DEBUG:netmiko:read_channel: s 
DEBUG:netmiko:read_channel: vla
DEBUG:netmiko:read_channel: n 3
DEBUG:netmiko:read_channel: 0

DEBUG:netmiko:Pattern found: (sw\ accsess\ vlan\ 30) sw accsess vlan 30
DEBUG:netmiko:read_channel: 
DEBUG:netmiko:read_channel:                                ^
% Invalid input detected at '^' marker.

sw2alex(config-if-range)#
DEBUG:netmiko:Pattern found: ((?:sw2alex.*$|#.*$)) 
                               ^
% Invalid input detected at '^' marker.

sw2alex(config-if-range)#
DEBUG:netmiko:write_channel: b'Exit\n'
DEBUG:netmiko:read_channel: 
DEBUG:netmiko:read_channel: E
DEBUG:netmiko:read_channel: xi
DEBUG:netmiko:read_channel: t

DEBUG:netmiko:Pattern found: (Exit) Exit
DEBUG:netmiko:read_channel: 
DEBUG:netmiko:read_channel: sw2alex(config)#
DEBUG:netmiko:Pattern found: ((?:sw2alex.*$|#.*$)) 
sw2alex(config)#
DEBUG:netmiko:write_channel: b'int range e1/0-1\n'
DEBUG:netmiko:read_channel: 
DEBUG:netmiko:read_channel: i
DEBUG:netmiko:read_channel: nt 
DEBUG:netmiko:read_channel: ran
DEBUG:netmiko:read_channel: ge 
DEBUG:netmiko:read_channel: e1
DEBUG:netmiko:read_channel: /0-
DEBUG:netmiko:read_channel: 1
sw2alex(config-if-range)#
DEBUG:netmiko:Pattern found: (int\ range\ e1/0\-1) int range e1/0-1
DEBUG:netmiko:read_channel: 
DEBUG:netmiko:Pattern found: ((?:sw2alex.*$|#.*$)) 
sw2alex(config-if-range)#
DEBUG:netmiko:write_channel: b'sw mode access\n'
DEBUG:netmiko:read_channel: 
DEBUG:netmiko:read_channel: s
DEBUG:netmiko:read_channel: w m
DEBUG:netmiko:read_channel: od
DEBUG:netmiko:read_channel: e 
DEBUG:netmiko:read_channel: acc
DEBUG:netmiko:read_channel: es
DEBUG:netmiko:read_channel: s
sw2alex(config-if-range)#
DEBUG:netmiko:Pattern found: (sw\ mode\ access) sw mode access
DEBUG:netmiko:read_channel: 
DEBUG:netmiko:Pattern found: ((?:sw2alex.*$|#.*$)) 
sw2alex(config-if-range)#
DEBUG:netmiko:write_channel: b'sw accsess vlan 40\n'
DEBUG:netmiko:read_channel: 
DEBUG:netmiko:read_channel: s
DEBUG:netmiko:read_channel: w ac
DEBUG:netmiko:read_channel: cs
DEBUG:netmiko:read_channel: ess 
DEBUG:netmiko:read_channel: vl
DEBUG:netmiko:read_channel: an 4
DEBUG:netmiko:read_channel: 0
                               ^
% Invalid input detected at '^' marker.

sw2alex(config-if-range)#
DEBUG:netmiko:Pattern found: (sw\ accsess\ vlan\ 40) sw accsess vlan 40
DEBUG:netmiko:read_channel: 
DEBUG:netmiko:Pattern found: ((?:sw2alex.*$|#.*$)) 
                               ^
% Invalid input detected at '^' marker.

sw2alex(config-if-range)#
DEBUG:netmiko:write_channel: b'Exit\n'
DEBUG:netmiko:read_channel: 
DEBUG:netmiko:read_channel: E
DEBUG:netmiko:read_channel: xit

DEBUG:netmiko:Pattern found: (Exit) Exit
DEBUG:netmiko:read_channel: 
DEBUG:netmiko:read_channel: sw2alex(config)#
DEBUG:netmiko:Pattern found: ((?:sw2alex.*$|#.*$)) 
sw2alex(config)#
DEBUG:netmiko:write_channel: b'\n'
DEBUG:netmiko:read_channel: 
DEBUG:netmiko:read_channel: 

DEBUG:netmiko:read_channel: sw2alex(config)#
DEBUG:netmiko:Pattern found: ([>#]) 
sw2alex(config)#
DEBUG:netmiko:write_channel: b'end\n'
DEBUG:netmiko:read_channel: 
DEBUG:netmiko:read_channel: en
DEBUG:netmiko:read_channel: d
sw2alex#
DEBUG:netmiko:Pattern found: (end) end
DEBUG:netmiko:read_channel: 
DEBUG:netmiko:Pattern found: (#.*) 
sw2alex#
DEBUG:netmiko:write_channel: b'\n'
DEBUG:netmiko:read_channel: 
DEBUG:netmiko:read_channel: 

DEBUG:netmiko:read_channel: sw2alex#
DEBUG:netmiko:Pattern found: ([>#]) 
sw2alex#
DEBUG:netmiko:exit_config_mode: end
sw2alex#
DEBUG:netmiko:configure terminal
Enter configuration commands, one per line.  End with CNTL/Z.
sw2alex(config)#int range e0/2-3
sw2alex(config-if-range)#sw mode access
sw2alex(config-if-range)#sw accsess vlan 30
                               ^
% Invalid input detected at '^' marker.

sw2alex(config-if-range)#Exit
sw2alex(config)#int range e1/0-1
sw2alex(config-if-range)#sw mode access
sw2alex(config-if-range)#sw accsess vlan 40
                               ^
% Invalid input detected at '^' marker.

sw2alex(config-if-range)#Exit
sw2alex(config)#end
sw2alex#
DEBUG:netmiko:write_channel: b'\n'
DEBUG:netmiko:read_channel: 
DEBUG:netmiko:read_channel: 

DEBUG:netmiko:read_channel: sw2alex#
DEBUG:netmiko:Pattern found: ([>#]) 
sw2alex#
DEBUG:netmiko:write_channel: b'exit\n'
DEBUG:paramiko.transport:EOF in transport thread
DEBUG:paramiko.transport:starting thread (client mode): 0x272e310
DEBUG:paramiko.transport:Local version/idstring: SSH-2.0-paramiko_3.1.0
DEBUG:paramiko.transport:Remote version/idstring: SSH-2.0-Cisco-1.25
INFO:paramiko.transport:Connected (version 2.0, client Cisco-1.25)
DEBUG:paramiko.transport:=== Key exchange possibilities ===
DEBUG:paramiko.transport:kex algos: diffie-hellman-group-exchange-sha1, diffie-hellman-group14-sha1, diffie-hellman-group1-sha1
DEBUG:paramiko.transport:server key: ssh-rsa
DEBUG:paramiko.transport:client encrypt: aes128-cbc, 3des-cbc, aes192-cbc, aes256-cbc
DEBUG:paramiko.transport:server encrypt: aes128-cbc, 3des-cbc, aes192-cbc, aes256-cbc
DEBUG:paramiko.transport:client mac: hmac-sha1, hmac-sha1-96, hmac-md5, hmac-md5-96
DEBUG:paramiko.transport:server mac: hmac-sha1, hmac-sha1-96, hmac-md5, hmac-md5-96
DEBUG:paramiko.transport:client compress: none
DEBUG:paramiko.transport:server compress: none
DEBUG:paramiko.transport:client lang: <none>
DEBUG:paramiko.transport:server lang: <none>
DEBUG:paramiko.transport:kex follows: False
DEBUG:paramiko.transport:=== Key exchange agreements ===
DEBUG:paramiko.transport:Kex: diffie-hellman-group-exchange-sha1
DEBUG:paramiko.transport:HostKey: ssh-rsa
DEBUG:paramiko.transport:Cipher: aes128-cbc
DEBUG:paramiko.transport:MAC: hmac-sha1
DEBUG:paramiko.transport:Compression: none
DEBUG:paramiko.transport:=== End of kex handshake ===
DEBUG:paramiko.transport:Got server p (2048 bits)
DEBUG:paramiko.transport:kex engine KexGex specified hash_algo <built-in function openssl_sha1>
DEBUG:paramiko.transport:Switch to new keys ...
DEBUG:paramiko.transport:Adding ssh-rsa host key for 22.1.1.2: b'5b09dd1c58ff17c069582d14c1016cf4'
DEBUG:paramiko.transport:userauth is OK
INFO:paramiko.transport:Authentication (password) successful!
DEBUG:paramiko.transport:[chan 0] Max packet in: 32768 bytes
DEBUG:paramiko.transport:[chan 0] Max packet out: 4096 bytes
DEBUG:paramiko.transport:Secsh channel 0 opened.
DEBUG:paramiko.transport:[chan 0] Sesch channel 0 request ok
DEBUG:paramiko.transport:[chan 0] Sesch channel 0 request ok
DEBUG:netmiko:write_channel: b'\n'
DEBUG:netmiko:write_channel: b'terminal width 511\n'
DEBUG:netmiko:read_channel: sw2alex>
sw2alex>
DEBUG:netmiko:read_channel: te
DEBUG:netmiko:read_channel: rmi
DEBUG:netmiko:read_channel: nal 
DEBUG:netmiko:read_channel: wi
DEBUG:netmiko:read_channel: dth 
DEBUG:netmiko:read_channel: 51
DEBUG:netmiko:read_channel: 1
sw2alex>
DEBUG:netmiko:Pattern found: (terminal width 511) sw2alex>
sw2alex>terminal width 511
DEBUG:netmiko:In disable_paging
DEBUG:netmiko:Command: terminal length 0

DEBUG:netmiko:write_channel: b'terminal length 0\n'
DEBUG:netmiko:read_channel: 
DEBUG:netmiko:read_channel: te
DEBUG:netmiko:read_channel: rmi
DEBUG:netmiko:read_channel: nal
DEBUG:netmiko:read_channel:  le
DEBUG:netmiko:read_channel: ngt
DEBUG:netmiko:read_channel: h 0
DEBUG:netmiko:Pattern found: (terminal\ length\ 0) 
sw2alex>terminal length 0
DEBUG:netmiko:
sw2alex>terminal length 0
DEBUG:netmiko:Exiting disable_paging
DEBUG:netmiko:read_channel: 
sw2alex>
DEBUG:netmiko:Clear buffer detects data in the channel
DEBUG:netmiko:read_channel: 
DEBUG:netmiko:write_channel: b'\n'
DEBUG:netmiko:read_channel: 
DEBUG:netmiko:read_channel: 
sw2alex>
DEBUG:netmiko:Pattern found: (\#|>) 
sw2alex>
DEBUG:netmiko:read_channel: 
DEBUG:netmiko:[find_prompt()]: prompt is sw2alex>
DEBUG:netmiko:read_channel: 
DEBUG:netmiko:write_channel: b'\n'
DEBUG:netmiko:read_channel: 
sw2alex>
DEBUG:netmiko:read_channel: 
DEBUG:netmiko:[find_prompt()]: prompt is sw2alex>
DEBUG:netmiko:write_channel: b'\n'
DEBUG:netmiko:read_channel: 
DEBUG:netmiko:read_channel: 

DEBUG:netmiko:read_channel: sw2alex>
DEBUG:netmiko:Pattern found: (sw2alex.*) 
sw2alex>
DEBUG:netmiko:write_channel: b'enable\n'
DEBUG:netmiko:read_channel: 
DEBUG:netmiko:read_channel: en
DEBUG:netmiko:read_channel: abl
DEBUG:netmiko:read_channel: e
Password: 
DEBUG:netmiko:Pattern found: (enable) enable
DEBUG:netmiko:read_channel: 
DEBUG:netmiko:Pattern found: ((?:sw2alex|ssword)) 
Password
DEBUG:netmiko:write_channel: b'********\n'
DEBUG:netmiko:read_channel: 
DEBUG:netmiko:read_channel: 
DEBUG:netmiko:read_channel: 
DEBUG:netmiko:read_channel: 
sw2alex#
DEBUG:netmiko:Pattern found: (sw2alex) : 
sw2alex
DEBUG:netmiko:write_channel: b'\n'
DEBUG:netmiko:read_channel: 
DEBUG:netmiko:read_channel: 

DEBUG:netmiko:read_channel: sw2alex#
DEBUG:netmiko:Pattern found: (sw2alex.*) #
sw2alex#
DEBUG:netmiko:write_channel: b'\n'
DEBUG:netmiko:read_channel: 
DEBUG:netmiko:read_channel: 

DEBUG:netmiko:read_channel: sw2alex#
DEBUG:netmiko:Pattern found: ([>#]) 
sw2alex#
DEBUG:netmiko:write_channel: b'configure terminal\n'
DEBUG:netmiko:read_channel: 
DEBUG:netmiko:read_channel: co
DEBUG:netmiko:read_channel: nfi
DEBUG:netmiko:read_channel: gur
DEBUG:netmiko:read_channel: e 
DEBUG:netmiko:read_channel: ter
DEBUG:netmiko:read_channel: min
DEBUG:netmiko:read_channel: al

DEBUG:netmiko:Pattern found: (configure\ terminal) configure terminal
DEBUG:netmiko:read_channel: 
DEBUG:netmiko:read_channel: Enter configuration commands, one per line.  End with CNTL/Z.
sw2alex(config)#
DEBUG:netmiko:Pattern found: (sw2alex.*) 
Enter configuration commands, one per line.  End with CNTL/Z.
sw2alex(config)#
DEBUG:netmiko:write_channel: b'\n'
DEBUG:netmiko:read_channel: 
DEBUG:netmiko:read_channel: 

DEBUG:netmiko:read_channel: sw2alex(config)#
DEBUG:netmiko:Pattern found: ([>#]) 
sw2alex(config)#
DEBUG:netmiko:write_channel: b'int range e0/2-3\n'
DEBUG:netmiko:read_channel: 
DEBUG:netmiko:read_channel: i
DEBUG:netmiko:read_channel: nt 
DEBUG:netmiko:read_channel: ran
DEBUG:netmiko:read_channel: ge
DEBUG:netmiko:read_channel:  e0/
DEBUG:netmiko:read_channel: 2-3
DEBUG:netmiko:Pattern found: (int\ range\ e0/2\-3) int range e0/2-3
DEBUG:netmiko:read_channel: 

DEBUG:netmiko:read_channel: sw2alex(config-if-range)#
DEBUG:netmiko:Pattern found: ((?:sw2alex.*$|#.*$)) 
sw2alex(config-if-range)#
DEBUG:netmiko:write_channel: b'sw mode access\n'
DEBUG:netmiko:read_channel: 
DEBUG:netmiko:read_channel: s
DEBUG:netmiko:read_channel: w mo
DEBUG:netmiko:read_channel: de 
DEBUG:netmiko:read_channel: acc
DEBUG:netmiko:read_channel: ess
DEBUG:netmiko:Pattern found: (sw\ mode\ access) sw mode access
DEBUG:netmiko:read_channel: 

DEBUG:netmiko:read_channel: sw2alex(config-if-range)#
DEBUG:netmiko:Pattern found: ((?:sw2alex.*$|#.*$)) 
sw2alex(config-if-range)#
DEBUG:netmiko:write_channel: b'sw access vlan 30\n'
DEBUG:netmiko:read_channel: 
DEBUG:netmiko:read_channel: sw
DEBUG:netmiko:read_channel:  ac
DEBUG:netmiko:read_channel: ces
DEBUG:netmiko:read_channel: s v
DEBUG:netmiko:read_channel: lan
DEBUG:netmiko:read_channel:  30
DEBUG:netmiko:Pattern found: (sw\ access\ vlan\ 30) sw access vlan 30
DEBUG:netmiko:read_channel: 
DEBUG:netmiko:read_channel: 
sw2alex(config-if-range)#
DEBUG:netmiko:Pattern found: ((?:sw2alex.*$|#.*$)) 
sw2alex(config-if-range)#
DEBUG:netmiko:write_channel: b'Exit\n'
DEBUG:netmiko:read_channel: 
DEBUG:netmiko:read_channel: 
DEBUG:netmiko:read_channel: Exit
DEBUG:netmiko:Pattern found: (Exit) Exit
DEBUG:netmiko:read_channel: 

DEBUG:netmiko:read_channel: sw2alex(config)#
DEBUG:netmiko:Pattern found: ((?:sw2alex.*$|#.*$)) 
sw2alex(config)#
DEBUG:netmiko:write_channel: b'int range e1/0-1\n'
DEBUG:netmiko:read_channel: 
DEBUG:netmiko:read_channel: i
DEBUG:netmiko:read_channel: nt r
DEBUG:netmiko:read_channel: ang
DEBUG:netmiko:read_channel: e e
DEBUG:netmiko:read_channel: 1/0
DEBUG:netmiko:read_channel: -1

DEBUG:netmiko:Pattern found: (int\ range\ e1/0\-1) int range e1/0-1
DEBUG:netmiko:read_channel: 
DEBUG:netmiko:read_channel: sw2alex(config-if-range)#
DEBUG:netmiko:Pattern found: ((?:sw2alex.*$|#.*$)) 
sw2alex(config-if-range)#
DEBUG:netmiko:write_channel: b'sw mode access\n'
DEBUG:netmiko:read_channel: 
DEBUG:netmiko:read_channel: s
DEBUG:netmiko:read_channel: w m
DEBUG:netmiko:read_channel: ode
DEBUG:netmiko:read_channel:  ac
DEBUG:netmiko:read_channel: ces
DEBUG:netmiko:read_channel: s

DEBUG:netmiko:Pattern found: (sw\ mode\ access) sw mode access
DEBUG:netmiko:read_channel: 
DEBUG:netmiko:read_channel: sw2alex(config-if-range)#
DEBUG:netmiko:Pattern found: ((?:sw2alex.*$|#.*$)) 
sw2alex(config-if-range)#
DEBUG:netmiko:write_channel: b'sw access vlan 40\n'
DEBUG:netmiko:read_channel: 
DEBUG:netmiko:read_channel: sw
DEBUG:netmiko:read_channel:  ac
DEBUG:netmiko:read_channel: ces
DEBUG:netmiko:read_channel: s v
DEBUG:netmiko:read_channel: la
DEBUG:netmiko:read_channel: n 4
DEBUG:netmiko:read_channel: 0
sw2alex(config-if-range)#
DEBUG:netmiko:Pattern found: (sw\ access\ vlan\ 40) sw access vlan 40
DEBUG:netmiko:read_channel: 
DEBUG:netmiko:Pattern found: ((?:sw2alex.*$|#.*$)) 
sw2alex(config-if-range)#
DEBUG:netmiko:write_channel: b'Exit\n'
DEBUG:netmiko:read_channel: 
DEBUG:netmiko:read_channel: E
DEBUG:netmiko:read_channel: xit
DEBUG:netmiko:Pattern found: (Exit) Exit
DEBUG:netmiko:read_channel: 
DEBUG:netmiko:read_channel: 
sw2alex(config)#
DEBUG:netmiko:Pattern found: ((?:sw2alex.*$|#.*$)) 
sw2alex(config)#
DEBUG:netmiko:write_channel: b'\n'
DEBUG:netmiko:read_channel: 
DEBUG:netmiko:read_channel: 

DEBUG:netmiko:read_channel: sw2alex(config)#
DEBUG:netmiko:Pattern found: ([>#]) 
sw2alex(config)#
DEBUG:netmiko:write_channel: b'end\n'
DEBUG:netmiko:read_channel: 
DEBUG:netmiko:read_channel: e
DEBUG:netmiko:read_channel: nd
sw2alex#
DEBUG:netmiko:Pattern found: (end) end
DEBUG:netmiko:read_channel: 
DEBUG:netmiko:Pattern found: (#.*) 
sw2alex#
DEBUG:netmiko:write_channel: b'\n'
DEBUG:netmiko:read_channel: 
DEBUG:netmiko:read_channel: 
sw2alex#
DEBUG:netmiko:Pattern found: ([>#]) 
sw2alex#
DEBUG:netmiko:exit_config_mode: end
sw2alex#
DEBUG:netmiko:configure terminal
Enter configuration commands, one per line.  End with CNTL/Z.
sw2alex(config)#int range e0/2-3
sw2alex(config-if-range)#sw mode access
sw2alex(config-if-range)#sw access vlan 30
sw2alex(config-if-range)#Exit
sw2alex(config)#int range e1/0-1
sw2alex(config-if-range)#sw mode access
sw2alex(config-if-range)#sw access vlan 40
sw2alex(config-if-range)#Exit
sw2alex(config)#end
sw2alex#
DEBUG:netmiko:write_channel: b'\n'
DEBUG:netmiko:read_channel: 
DEBUG:netmiko:read_channel: 
sw2alex#
DEBUG:netmiko:Pattern found: ([>#]) 
sw2alex#
DEBUG:netmiko:write_channel: b'exit\n'
DEBUG:paramiko.transport:EOF in transport thread
DEBUG:paramiko.transport:starting thread (client mode): 0x2750ed0
DEBUG:paramiko.transport:Local version/idstring: SSH-2.0-paramiko_3.1.0
DEBUG:paramiko.transport:Remote version/idstring: SSH-2.0-Cisco-1.25
INFO:paramiko.transport:Connected (version 2.0, client Cisco-1.25)
DEBUG:paramiko.transport:=== Key exchange possibilities ===
DEBUG:paramiko.transport:kex algos: diffie-hellman-group-exchange-sha1, diffie-hellman-group14-sha1, diffie-hellman-group1-sha1
DEBUG:paramiko.transport:server key: ssh-rsa
DEBUG:paramiko.transport:client encrypt: aes128-cbc, 3des-cbc, aes192-cbc, aes256-cbc
DEBUG:paramiko.transport:server encrypt: aes128-cbc, 3des-cbc, aes192-cbc, aes256-cbc
DEBUG:paramiko.transport:client mac: hmac-sha1, hmac-sha1-96, hmac-md5, hmac-md5-96
DEBUG:paramiko.transport:server mac: hmac-sha1, hmac-sha1-96, hmac-md5, hmac-md5-96
DEBUG:paramiko.transport:client compress: none
DEBUG:paramiko.transport:server compress: none
DEBUG:paramiko.transport:client lang: <none>
DEBUG:paramiko.transport:server lang: <none>
DEBUG:paramiko.transport:kex follows: False
DEBUG:paramiko.transport:=== Key exchange agreements ===
DEBUG:paramiko.transport:Kex: diffie-hellman-group-exchange-sha1
DEBUG:paramiko.transport:HostKey: ssh-rsa
DEBUG:paramiko.transport:Cipher: aes128-cbc
DEBUG:paramiko.transport:MAC: hmac-sha1
DEBUG:paramiko.transport:Compression: none
DEBUG:paramiko.transport:=== End of kex handshake ===
DEBUG:paramiko.transport:Got server p (2048 bits)
DEBUG:paramiko.transport:kex engine KexGex specified hash_algo <built-in function openssl_sha1>
DEBUG:paramiko.transport:Switch to new keys ...
DEBUG:paramiko.transport:Adding ssh-rsa host key for 22.1.1.3: b'43dbc13c02cd179ed57518fa8ac85d41'
DEBUG:paramiko.transport:userauth is OK
INFO:paramiko.transport:Authentication (password) successful!
DEBUG:paramiko.transport:[chan 0] Max packet in: 32768 bytes
DEBUG:paramiko.transport:[chan 0] Max packet out: 4096 bytes
DEBUG:paramiko.transport:Secsh channel 0 opened.
DEBUG:paramiko.transport:[chan 0] Sesch channel 0 request ok
DEBUG:paramiko.transport:[chan 0] Sesch channel 0 request ok
DEBUG:netmiko:write_channel: b'\n'
DEBUG:netmiko:write_channel: b'terminal width 511\n'
DEBUG:netmiko:read_channel: 
3swalex>
3swalex>
DEBUG:netmiko:read_channel: t
DEBUG:netmiko:read_channel: ermi
DEBUG:netmiko:read_channel: nal
DEBUG:netmiko:read_channel:  wi
DEBUG:netmiko:read_channel: dth 
DEBUG:netmiko:read_channel: 511
DEBUG:netmiko:Pattern found: (terminal width 511) 
3swalex>
3swalex>terminal width 511
DEBUG:netmiko:In disable_paging
DEBUG:netmiko:Command: terminal length 0

DEBUG:netmiko:write_channel: b'terminal length 0\n'
DEBUG:netmiko:read_channel: 

DEBUG:netmiko:read_channel: 3swalex>t
DEBUG:netmiko:read_channel: erm
DEBUG:netmiko:read_channel: ina
DEBUG:netmiko:read_channel: l l
DEBUG:netmiko:read_channel: engt
DEBUG:netmiko:read_channel: h 0
DEBUG:netmiko:Pattern found: (terminal\ length\ 0) 
3swalex>terminal length 0
DEBUG:netmiko:
3swalex>terminal length 0
DEBUG:netmiko:Exiting disable_paging
DEBUG:netmiko:read_channel: 
3swalex>
DEBUG:netmiko:Clear buffer detects data in the channel
DEBUG:netmiko:read_channel: 
DEBUG:netmiko:write_channel: b'\n'
DEBUG:netmiko:read_channel: 
DEBUG:netmiko:read_channel: 

DEBUG:netmiko:read_channel: 3swalex>
DEBUG:netmiko:Pattern found: (\#|>) 
3swalex>
DEBUG:netmiko:read_channel: 
DEBUG:netmiko:[find_prompt()]: prompt is 3swalex>
DEBUG:netmiko:read_channel: 
DEBUG:netmiko:write_channel: b'\n'
DEBUG:netmiko:read_channel: 
3swalex>
DEBUG:netmiko:read_channel: 
DEBUG:netmiko:[find_prompt()]: prompt is 3swalex>
DEBUG:netmiko:write_channel: b'\n'
DEBUG:netmiko:read_channel: 
DEBUG:netmiko:read_channel: 

DEBUG:netmiko:read_channel: 3swalex>
DEBUG:netmiko:Pattern found: (3swalex.*) 
3swalex>
DEBUG:netmiko:write_channel: b'enable\n'
DEBUG:netmiko:read_channel: 
DEBUG:netmiko:read_channel: e
DEBUG:netmiko:read_channel: nabl
DEBUG:netmiko:read_channel: e
Password: 
DEBUG:netmiko:Pattern found: (enable) enable
DEBUG:netmiko:read_channel: 
DEBUG:netmiko:Pattern found: ((?:3swalex|ssword)) 
Password
DEBUG:netmiko:write_channel: b'********\n'
DEBUG:netmiko:read_channel: 
DEBUG:netmiko:read_channel: 
DEBUG:netmiko:read_channel: 
DEBUG:netmiko:read_channel: 
3swalex#
DEBUG:netmiko:Pattern found: (3swalex) : 
3swalex
DEBUG:netmiko:write_channel: b'\n'
DEBUG:netmiko:read_channel: 
DEBUG:netmiko:read_channel: 

DEBUG:netmiko:read_channel: 3swalex#
DEBUG:netmiko:Pattern found: (3swalex.*) #
3swalex#
DEBUG:netmiko:write_channel: b'conf t\n'
DEBUG:netmiko:read_channel: conf t
Enter configuration commands, one per line.  End with CNTL/Z.
3swalex(config)#
DEBUG:netmiko:read_channel: 
DEBUG:netmiko:read_channel: 
DEBUG:netmiko:write_channel: b'ip route 0.0.0.0 255.255.255.255 10.1.1.2\n'
DEBUG:netmiko:read_channel: ip route 0.0.0.0 255.255.25
DEBUG:netmiko:read_channel: 5.255 10.1.1.2

DEBUG:netmiko:read_channel: 
DEBUG:netmiko:read_channel: 3swalex(config)#
DEBUG:netmiko:read_channel: 
DEBUG:netmiko:read_channel: 
DEBUG:netmiko:write_channel: b'sppaning tree vlan 10 root primary\n'
DEBUG:netmiko:read_channel: sppaning tr
DEBUG:netmiko:read_channel: ee vlan 10 r
DEBUG:netmiko:read_channel: oot primary
                  ^
% Invalid input detected at '^' marker.

3swalex(config)#
DEBUG:netmiko:read_channel: 
DEBUG:netmiko:read_channel: 
DEBUG:netmiko:write_channel: b'interface vlan 10\n'
DEBUG:netmiko:read_channel: interface vlan 10
3swalex(config-if)#
DEBUG:netmiko:read_channel: 
DEBUG:netmiko:read_channel: 
DEBUG:netmiko:write_channel: b'ip address 192.168.10.1\n'
DEBUG:netmiko:read_channel: ip address 192.168.10.1
DEBUG:netmiko:read_channel: 
% Incomplete command.

3swalex(config-if)#
DEBUG:netmiko:read_channel: 
DEBUG:netmiko:read_channel: 
DEBUG:netmiko:write_channel: b'ip helper-address 10.1.1.2\n'
DEBUG:netmiko:read_channel: ip helper-address 10.1.1.
DEBUG:netmiko:read_channel: 2
3swalex(config-if)#
DEBUG:netmiko:read_channel: 
DEBUG:netmiko:read_channel: 
DEBUG:netmiko:write_channel: b'standby 10 priorty 150\n'
DEBUG:netmiko:read_channel: standby 10 priorty 150
                                   ^
% Invalid input detected at '^' marker.

3swalex(config-if)#
DEBUG:netmiko:read_channel: 
DEBUG:netmiko:read_channel: 
DEBUG:netmiko:write_channel: b'standby 10 ip 192.168.10.3\n'
DEBUG:netmiko:read_channel: standby 10 ip 192.168.10.3

DEBUG:netmiko:read_channel: % Warning: address is not within a subnet on this interface
3swalex(config-if)#
DEBUG:netmiko:read_channel: 
DEBUG:netmiko:read_channel: 
DEBUG:netmiko:write_channel: b'no shut\n'
DEBUG:netmiko:read_channel: no shut
3swalex(config-if)#
DEBUG:netmiko:read_channel: 
DEBUG:netmiko:read_channel: 
DEBUG:netmiko:write_channel: b'sppaning tree vlan 20 root primary\n'
DEBUG:netmiko:read_channel: sppaning tree vlan 2
DEBUG:netmiko:read_channel: 0 root primary
                     ^
% Invalid input detected at '^' marker.

3swalex(config-if)#
DEBUG:netmiko:read_channel: 
DEBUG:netmiko:read_channel: 
DEBUG:netmiko:write_channel: b'interface vlan 20\n'
DEBUG:netmiko:read_channel: interface vlan 20
3swalex(config-if)#
DEBUG:netmiko:read_channel: 
DEBUG:netmiko:read_channel: 
DEBUG:netmiko:write_channel: b'ip address 192.168.20.1\n'
DEBUG:netmiko:read_channel: ip address 192.
DEBUG:netmiko:read_channel: 168.20.1
% Incomplete command.

3swalex(config-if)#
DEBUG:netmiko:read_channel: 
DEBUG:netmiko:read_channel: 
DEBUG:netmiko:write_channel: b'ip helper-address 10.1.1.2\n'
DEBUG:netmiko:read_channel: ip helper
DEBUG:netmiko:read_channel: -address 1
DEBUG:netmiko:read_channel: 0.1.1.2
3swalex(config-if)#
DEBUG:netmiko:read_channel: 
DEBUG:netmiko:read_channel: 
DEBUG:netmiko:write_channel: b'standby 20 priorty 150\n'
DEBUG:netmiko:read_channel: standby 20 
DEBUG:netmiko:read_channel: priorty 15
DEBUG:netmiko:read_channel: 0
                                   ^
% Invalid input detected at '^' marker.

3swalex(config-if)#
DEBUG:netmiko:read_channel: 
DEBUG:netmiko:read_channel: 
DEBUG:netmiko:write_channel: b'standby 20 ip 192.168.20.3\n'
DEBUG:netmiko:read_channel: standby 20 
DEBUG:netmiko:read_channel: ip 192.168.
DEBUG:netmiko:read_channel: 20.3
% Warning: address is not within a subnet on this interface
3swalex(config-if)#
DEBUG:netmiko:read_channel: 
DEBUG:netmiko:read_channel: 
DEBUG:netmiko:write_channel: b'no shut\n'
DEBUG:netmiko:read_channel: no shut
3swalex(config-if)#
DEBUG:netmiko:read_channel: 
DEBUG:netmiko:read_channel: 
DEBUG:netmiko:write_channel: b'sppaning tree vlan 30 root primary\n'
DEBUG:netmiko:read_channel: sppaning tree vlan 3
DEBUG:netmiko:read_channel: 0 root primary
                     ^
% Invalid input detected at '^' marker.

3swalex(config-if)#
DEBUG:netmiko:read_channel: 
DEBUG:netmiko:read_channel: 
DEBUG:netmiko:write_channel: b'interface vlan 30\n'
DEBUG:netmiko:read_channel: interface vlan 30
3swalex(config-if)#
DEBUG:netmiko:read_channel: 
DEBUG:netmiko:read_channel: 
DEBUG:netmiko:write_channel: b'ip address 192.168.30.1\n'
DEBUG:netmiko:read_channel: ip address 192.168.30.1
% Incomplete command.

3swalex(config-if)#
DEBUG:netmiko:read_channel: 
DEBUG:netmiko:read_channel: 
DEBUG:netmiko:write_channel: b'ip helper-address 10.1.1.2\n'
DEBUG:netmiko:read_channel: ip helper-address 10.1.
DEBUG:netmiko:read_channel: 1.2
3swalex(config-if)#
DEBUG:netmiko:read_channel: 
DEBUG:netmiko:read_channel: 
DEBUG:netmiko:write_channel: b'standby 30 priorty 150\n'
DEBUG:netmiko:read_channel: standby 30 priorty 150
                                   ^
% Invalid input detected at '^' marker.

3swalex(config-if)#
DEBUG:netmiko:read_channel: 
DEBUG:netmiko:read_channel: 
DEBUG:netmiko:write_channel: b'standby 30 ip 192.168.30.3\n'
DEBUG:netmiko:read_channel: standby 30 ip 192.168.30.3

DEBUG:netmiko:read_channel: % Warning: address is not within a subnet on this interface
3swalex(config-if)#
DEBUG:netmiko:read_channel: 
DEBUG:netmiko:read_channel: 
DEBUG:netmiko:write_channel: b'no shut\n'
DEBUG:netmiko:read_channel: no shut
3swalex(config-if)#
DEBUG:netmiko:read_channel: 
DEBUG:netmiko:read_channel: 
DEBUG:netmiko:write_channel: b'sppaning tree vlan 40 root primary\n'
DEBUG:netmiko:read_channel: sppaning tree vlan 40 r
DEBUG:netmiko:read_channel: oot primary
                     ^
% Invalid input detected at '^' marker.

3swalex(config-if)#
DEBUG:netmiko:read_channel: 
DEBUG:netmiko:read_channel: 
DEBUG:netmiko:write_channel: b'interface vlan 40\n'
DEBUG:netmiko:read_channel: interface vlan 40
3swalex(config-if)#
DEBUG:netmiko:read_channel: 
DEBUG:netmiko:read_channel: 
DEBUG:netmiko:write_channel: b'ip address 192.168.40.1\n'
DEBUG:netmiko:read_channel: ip address 
DEBUG:netmiko:read_channel: 192.168.40.1
DEBUG:netmiko:read_channel: 
% Incomplete command.

3swalex(config-if)#
DEBUG:netmiko:read_channel: 
DEBUG:netmiko:read_channel: 
DEBUG:netmiko:write_channel: b'ip helper-address 10.1.1.2\n'
DEBUG:netmiko:read_channel: ip hel
DEBUG:netmiko:read_channel: per-address 
DEBUG:netmiko:read_channel: 10.1.1.2
3swalex(config-if)#
DEBUG:netmiko:read_channel: 
DEBUG:netmiko:read_channel: 
DEBUG:netmiko:write_channel: b'standby 40 priorty 150\n'
DEBUG:netmiko:read_channel: standby 40 
DEBUG:netmiko:read_channel: priorty 15
DEBUG:netmiko:read_channel: 0
                                   ^
% Invalid input detected at '^' marker.

3swalex(config-if)#
DEBUG:netmiko:read_channel: 
DEBUG:netmiko:read_channel: 
DEBUG:netmiko:write_channel: b'standby 40 ip 192.168.40.3\n'
DEBUG:netmiko:read_channel: standby 40 ip 192.168.40.
DEBUG:netmiko:read_channel: 3
% Warning: address is not within a subnet on this interface
3swalex(config-if)#
DEBUG:netmiko:read_channel: 
DEBUG:netmiko:read_channel: 
DEBUG:netmiko:write_channel: b'no shut\n'
DEBUG:netmiko:read_channel: no shut
3swalex(config-if)#
DEBUG:netmiko:read_channel: 
DEBUG:netmiko:read_channel: 
DEBUG:netmiko:write_channel: b'\n'
DEBUG:netmiko:read_channel: 
DEBUG:netmiko:read_channel: 
3swalex(config-if)#
DEBUG:netmiko:Pattern found: ([>#]) 
3swalex(config-if)#
DEBUG:netmiko:write_channel: b'\n'
DEBUG:netmiko:read_channel: 
DEBUG:netmiko:read_channel: 
3swalex(config-if)#
DEBUG:netmiko:Pattern found: ([>#]) 
3swalex(config-if)#
DEBUG:netmiko:write_channel: b'end\n'
DEBUG:netmiko:read_channel: 
DEBUG:netmiko:read_channel: 
DEBUG:netmiko:read_channel: 
DEBUG:netmiko:read_channel: 
DEBUG:netmiko:read_channel: 
DEBUG:netmiko:read_channel: 
DEBUG:netmiko:read_channel: 
DEBUG:netmiko:read_channel: 
DEBUG:netmiko:read_channel: 
DEBUG:netmiko:read_channel: 
DEBUG:netmiko:read_channel: 
DEBUG:netmiko:read_channel: 
DEBUG:netmiko:read_channel: 
DEBUG:netmiko:read_channel: 
DEBUG:netmiko:read_channel: 
DEBUG:netmiko:read_channel: 
DEBUG:netmiko:read_channel: 
DEBUG:netmiko:read_channel: 
DEBUG:netmiko:read_channel: 
DEBUG:netmiko:read_channel: 
DEBUG:netmiko:read_channel: 
DEBUG:netmiko:read_channel: 
DEBUG:netmiko:read_channel: 
DEBUG:netmiko:read_channel: 
DEBUG:netmiko:read_channel: 
DEBUG:netmiko:read_channel: 
DEBUG:netmiko:read_channel: 
DEBUG:netmiko:read_channel: 
DEBUG:netmiko:read_channel: 
DEBUG:netmiko:read_channel: 
DEBUG:netmiko:read_channel: 
DEBUG:netmiko:read_channel: 
DEBUG:netmiko:read_channel: 
DEBUG:netmiko:read_channel: 
DEBUG:netmiko:read_channel: 
DEBUG:netmiko:read_channel: 
DEBUG:netmiko:read_channel: 
DEBUG:netmiko:read_channel: 
DEBUG:netmiko:read_channel: 
DEBUG:netmiko:read_channel: 
DEBUG:netmiko:read_channel: 
DEBUG:netmiko:read_channel: 
DEBUG:netmiko:read_channel: 
DEBUG:netmiko:read_channel: 
DEBUG:netmiko:read_channel: 
DEBUG:netmiko:read_channel: 
DEBUG:netmiko:read_channel: 
DEBUG:netmiko:read_channel: 
DEBUG:netmiko:read_channel: 
DEBUG:netmiko:read_channel: 
DEBUG:netmiko:read_channel: 
DEBUG:netmiko:read_channel: 
DEBUG:netmiko:read_channel: 
DEBUG:netmiko:read_channel: 
DEBUG:netmiko:read_channel: 
DEBUG:netmiko:read_channel: 
DEBUG:netmiko:read_channel: 
DEBUG:netmiko:read_channel: 
DEBUG:netmiko:read_channel: 
DEBUG:netmiko:read_channel: e
DEBUG:netmiko:read_channel: nd

DEBUG:netmiko:Pattern found: (end) end
DEBUG:netmiko:read_channel: 
DEBUG:netmiko:read_channel: 3swalex#
DEBUG:netmiko:Pattern found: (#.*) 
3swalex#
DEBUG:netmiko:write_channel: b'\n'
DEBUG:netmiko:read_channel: 
DEBUG:netmiko:read_channel: 
3swalex#
DEBUG:netmiko:Pattern found: ([>#]) 
3swalex#
DEBUG:netmiko:exit_config_mode: end
3swalex#
DEBUG:netmiko:write_channel: b'exit\n'
DEBUG:paramiko.transport:EOF in transport thread
DEBUG:paramiko.transport:starting thread (client mode): 0xcdc9ea50
DEBUG:paramiko.transport:Local version/idstring: SSH-2.0-paramiko_3.1.0
DEBUG:paramiko.transport:Remote version/idstring: SSH-2.0-Cisco-1.25
INFO:paramiko.transport:Connected (version 2.0, client Cisco-1.25)
DEBUG:paramiko.transport:=== Key exchange possibilities ===
DEBUG:paramiko.transport:kex algos: diffie-hellman-group-exchange-sha1, diffie-hellman-group14-sha1, diffie-hellman-group1-sha1
DEBUG:paramiko.transport:server key: ssh-rsa
DEBUG:paramiko.transport:client encrypt: aes128-cbc, 3des-cbc, aes192-cbc, aes256-cbc
DEBUG:paramiko.transport:server encrypt: aes128-cbc, 3des-cbc, aes192-cbc, aes256-cbc
DEBUG:paramiko.transport:client mac: hmac-sha1, hmac-sha1-96, hmac-md5, hmac-md5-96
DEBUG:paramiko.transport:server mac: hmac-sha1, hmac-sha1-96, hmac-md5, hmac-md5-96
DEBUG:paramiko.transport:client compress: none
DEBUG:paramiko.transport:server compress: none
DEBUG:paramiko.transport:client lang: <none>
DEBUG:paramiko.transport:server lang: <none>
DEBUG:paramiko.transport:kex follows: False
DEBUG:paramiko.transport:=== Key exchange agreements ===
DEBUG:paramiko.transport:Kex: diffie-hellman-group-exchange-sha1
DEBUG:paramiko.transport:HostKey: ssh-rsa
DEBUG:paramiko.transport:Cipher: aes128-cbc
DEBUG:paramiko.transport:MAC: hmac-sha1
DEBUG:paramiko.transport:Compression: none
DEBUG:paramiko.transport:=== End of kex handshake ===
DEBUG:paramiko.transport:Got server p (2048 bits)
DEBUG:paramiko.transport:kex engine KexGex specified hash_algo <built-in function openssl_sha1>
DEBUG:paramiko.transport:Switch to new keys ...
DEBUG:paramiko.transport:Adding ssh-rsa host key for 22.1.1.3: b'43dbc13c02cd179ed57518fa8ac85d41'
DEBUG:paramiko.transport:userauth is OK
INFO:paramiko.transport:Authentication (password) successful!
DEBUG:paramiko.transport:[chan 0] Max packet in: 32768 bytes
DEBUG:paramiko.transport:[chan 0] Max packet out: 4096 bytes
DEBUG:paramiko.transport:Secsh channel 0 opened.
DEBUG:paramiko.transport:[chan 0] Sesch channel 0 request ok
DEBUG:paramiko.transport:[chan 0] Sesch channel 0 request ok
DEBUG:netmiko:write_channel: b'\n'
DEBUG:netmiko:write_channel: b'terminal width 511\n'
DEBUG:netmiko:read_channel: 3swalex>
3swalex>
DEBUG:netmiko:read_channel: ter
DEBUG:netmiko:read_channel: mina
DEBUG:netmiko:read_channel: l wi
DEBUG:netmiko:read_channel: dth
DEBUG:netmiko:read_channel:  51
DEBUG:netmiko:read_channel: 1
3swalex>
DEBUG:netmiko:Pattern found: (terminal width 511) 3swalex>
3swalex>terminal width 511
DEBUG:netmiko:In disable_paging
DEBUG:netmiko:Command: terminal length 0

DEBUG:netmiko:write_channel: b'terminal length 0\n'
DEBUG:netmiko:read_channel: 
DEBUG:netmiko:read_channel: te
DEBUG:netmiko:read_channel: rmi
DEBUG:netmiko:read_channel: nal 
DEBUG:netmiko:read_channel: len
DEBUG:netmiko:read_channel: gth
DEBUG:netmiko:read_channel:  0
3swalex>
DEBUG:netmiko:Pattern found: (terminal\ length\ 0) 
3swalex>terminal length 0
DEBUG:netmiko:
3swalex>terminal length 0
DEBUG:netmiko:Exiting disable_paging
DEBUG:netmiko:read_channel: 
DEBUG:netmiko:Clear buffer detects data in the channel
DEBUG:netmiko:read_channel: 
DEBUG:netmiko:write_channel: b'\n'
DEBUG:netmiko:read_channel: 
DEBUG:netmiko:read_channel: 
3swalex>
DEBUG:netmiko:Pattern found: (\#|>) 
3swalex>
DEBUG:netmiko:read_channel: 
DEBUG:netmiko:[find_prompt()]: prompt is 3swalex>
DEBUG:netmiko:read_channel: 
DEBUG:netmiko:write_channel: b'\n'
DEBUG:netmiko:read_channel: 
3swalex>
DEBUG:netmiko:read_channel: 
DEBUG:netmiko:[find_prompt()]: prompt is 3swalex>
DEBUG:netmiko:write_channel: b'\n'
DEBUG:netmiko:read_channel: 
DEBUG:netmiko:read_channel: 

DEBUG:netmiko:read_channel: 3swalex>
DEBUG:netmiko:Pattern found: (3swalex.*) 
3swalex>
DEBUG:netmiko:write_channel: b'enable\n'
DEBUG:netmiko:read_channel: 
DEBUG:netmiko:read_channel: 
DEBUG:netmiko:read_channel: ena
DEBUG:netmiko:read_channel: ble
DEBUG:netmiko:Pattern found: (enable) enable
DEBUG:netmiko:read_channel: 
DEBUG:netmiko:read_channel: 
Password: 
DEBUG:netmiko:Pattern found: ((?:3swalex|ssword)) 
Password
DEBUG:netmiko:write_channel: b'********\n'
DEBUG:netmiko:read_channel: 
DEBUG:netmiko:read_channel: 
DEBUG:netmiko:read_channel: 
DEBUG:netmiko:read_channel: 
3swalex#
DEBUG:netmiko:Pattern found: (3swalex) : 
3swalex
DEBUG:netmiko:write_channel: b'\n'
DEBUG:netmiko:read_channel: 
DEBUG:netmiko:read_channel: 

DEBUG:netmiko:read_channel: 3swalex#
DEBUG:netmiko:Pattern found: (3swalex.*) #
3swalex#
DEBUG:netmiko:write_channel: b'conf t\n'
DEBUG:netmiko:read_channel: conf t
Enter configuration commands, one per line.  End with CNTL/Z.
3swalex(config)#
DEBUG:netmiko:read_channel: 
DEBUG:netmiko:read_channel: 
DEBUG:netmiko:write_channel: b'ip route 0.0.0.0 255.255.255.255 10.1.1.2\n'
DEBUG:netmiko:read_channel: ip route 0.0.0.0 255.255.25
DEBUG:netmiko:read_channel: 5.255 10.1.1.2
3swalex(config)#
DEBUG:netmiko:read_channel: 
DEBUG:netmiko:read_channel: 
DEBUG:netmiko:write_channel: b'sppaning tree vlan 10 root primary\n'
DEBUG:netmiko:read_channel: sppaning tree vlan 1
DEBUG:netmiko:read_channel: 0 root primary
                  ^
% Invalid input detected at '^' marker.

3swalex(config)#
DEBUG:netmiko:read_channel: 
DEBUG:netmiko:read_channel: 
DEBUG:netmiko:write_channel: b'interface vlan 10\n'
DEBUG:netmiko:read_channel: interface vlan 10
3swalex(config-if)#
DEBUG:netmiko:read_channel: 
DEBUG:netmiko:read_channel: 
DEBUG:netmiko:write_channel: b'no switchport\n'
DEBUG:netmiko:read_channel: no switchport
                       ^
% Invalid input detected at '^' marker.

3swalex(config-if)#
DEBUG:netmiko:read_channel: 
DEBUG:netmiko:read_channel: 
DEBUG:netmiko:write_channel: b'no shut\n'
DEBUG:netmiko:read_channel: no shut
3swalex(config-if)#
DEBUG:netmiko:read_channel: 
DEBUG:netmiko:read_channel: 
DEBUG:netmiko:write_channel: b'ip address 192.168.10.1\n'
DEBUG:netmiko:read_channel: ip address 192.168.10.1
DEBUG:netmiko:read_channel: 
% Incomplete command.

3swalex(config-if)#
DEBUG:netmiko:read_channel: 
DEBUG:netmiko:read_channel: 
DEBUG:netmiko:write_channel: b'ip helper-address 10.1.1.2\n'
DEBUG:netmiko:read_channel: ip helper-address 10.1.
DEBUG:netmiko:read_channel: 1.2
3swalex(config-if)#
DEBUG:netmiko:read_channel: 
DEBUG:netmiko:read_channel: 
DEBUG:netmiko:write_channel: b'standby 10 priorty 150\n'
DEBUG:netmiko:read_channel: standby 10 priorty 150

DEBUG:netmiko:read_channel:                                    ^
% Invalid input detected at '^' marker.

3swalex(config-if)#
DEBUG:netmiko:read_channel: 
DEBUG:netmiko:read_channel: 
DEBUG:netmiko:write_channel: b'standby 10 ip 192.168.10.3\n'
DEBUG:netmiko:read_channel: standby 10 ip 192.168.10.
DEBUG:netmiko:read_channel: 3
3swalex(config-if)#
DEBUG:netmiko:read_channel: 
DEBUG:netmiko:read_channel: 
DEBUG:netmiko:write_channel: b'sppaning tree vlan 20 root primary\n'
DEBUG:netmiko:read_channel: sppaning tree vlan 20
DEBUG:netmiko:read_channel:  root primary
                     ^
% Invalid input detected at '^' marker.

3swalex(config-if)#
DEBUG:netmiko:read_channel: 
DEBUG:netmiko:read_channel: 
DEBUG:netmiko:write_channel: b'interface vlan 20\n'
DEBUG:netmiko:read_channel: interface vlan 20

DEBUG:netmiko:read_channel: 3swalex(config-if)#
DEBUG:netmiko:read_channel: 
DEBUG:netmiko:read_channel: 
DEBUG:netmiko:write_channel: b'no switchport\n'
DEBUG:netmiko:read_channel: no switchport
                       ^
% Invalid input detected at '^' marker.

3swalex(config-if)#
DEBUG:netmiko:read_channel: 
DEBUG:netmiko:read_channel: 
DEBUG:netmiko:write_channel: b'no shut\n'
DEBUG:netmiko:read_channel: no shut
3swalex(config-if)#
DEBUG:netmiko:read_channel: 
DEBUG:netmiko:read_channel: 
DEBUG:netmiko:write_channel: b'ip address 192.168.20.1\n'
DEBUG:netmiko:read_channel: ip address 192.168.20.1
% Incomplete command.

3swalex(config-if)#
DEBUG:netmiko:read_channel: 
DEBUG:netmiko:read_channel: 
DEBUG:netmiko:write_channel: b'ip helper-address 10.1.1.2\n'
DEBUG:netmiko:read_channel: ip helper-address 10.1.1
DEBUG:netmiko:read_channel: .2
3swalex(config-if)#
DEBUG:netmiko:read_channel: 
DEBUG:netmiko:read_channel: 
DEBUG:netmiko:write_channel: b'standby 20 priorty 150\n'
DEBUG:netmiko:read_channel: standby 20 priorty 150
                                   ^
% Invalid input detected at '^' marker.

3swalex(config-if)#
DEBUG:netmiko:read_channel: 
DEBUG:netmiko:read_channel: 
DEBUG:netmiko:write_channel: b'standby 20 ip 192.168.20.3\n'
DEBUG:netmiko:read_channel: standby 20 ip 192.168.2
DEBUG:netmiko:read_channel: 0.3
3swalex(config-if)#
DEBUG:netmiko:read_channel: 
DEBUG:netmiko:read_channel: 
DEBUG:netmiko:write_channel: b'sppaning tree vlan 30 root primary\n'
DEBUG:netmiko:read_channel: sppaning tree vlan 30 root
DEBUG:netmiko:read_channel:  primary
                     ^
% Invalid input detected at '^' marker.

3swalex(config-if)#
DEBUG:netmiko:read_channel: 
DEBUG:netmiko:read_channel: 
DEBUG:netmiko:write_channel: b'interface vlan 30\n'
DEBUG:netmiko:read_channel: interface vlan 30
3swalex(config-if)#
DEBUG:netmiko:read_channel: 
DEBUG:netmiko:read_channel: 
DEBUG:netmiko:write_channel: b'no switchport\n'
DEBUG:netmiko:read_channel: no switchport
                       ^
% Invalid input detected at '^' marker.

3swalex(config-if)#
DEBUG:netmiko:read_channel: 
DEBUG:netmiko:read_channel: 
DEBUG:netmiko:write_channel: b'no shut\n'
DEBUG:netmiko:read_channel: no shut
3swalex(config-if)#
DEBUG:netmiko:read_channel: 
DEBUG:netmiko:read_channel: 
DEBUG:netmiko:write_channel: b'ip address 192.168.30.1\n'
DEBUG:netmiko:read_channel: ip address 192.168.30.1
% Incomplete command.

3swalex(config-if)#
DEBUG:netmiko:read_channel: 
DEBUG:netmiko:read_channel: 
DEBUG:netmiko:write_channel: b'ip helper-address 10.1.1.2\n'
DEBUG:netmiko:read_channel: ip helper-address 10.1.
DEBUG:netmiko:read_channel: 1.2
3swalex(config-if)#
DEBUG:netmiko:read_channel: 
DEBUG:netmiko:read_channel: 
DEBUG:netmiko:write_channel: b'standby 30 priorty 150\n'
DEBUG:netmiko:read_channel: standby 30 priorty 150
                                   ^
% Invalid input detected at '^' marker.

3swalex(config-if)#
DEBUG:netmiko:read_channel: 
DEBUG:netmiko:read_channel: 
DEBUG:netmiko:write_channel: b'standby 30 ip 192.168.30.3\n'
DEBUG:netmiko:read_channel: standby 30 ip 192.168.30.
DEBUG:netmiko:read_channel: 3
3swalex(config-if)#
DEBUG:netmiko:read_channel: 
DEBUG:netmiko:read_channel: 
DEBUG:netmiko:write_channel: b'sppaning tree vlan 40 root primary\n'
DEBUG:netmiko:read_channel: sppaning tree vlan 40 
DEBUG:netmiko:read_channel: root primary
                     ^
% Invalid input detected at '^' marker.

3swalex(config-if)#
DEBUG:netmiko:read_channel: 
DEBUG:paramiko.transport:starting thread (client mode): 0x1b2f5a10
DEBUG:paramiko.transport:Local version/idstring: SSH-2.0-paramiko_3.1.0
DEBUG:paramiko.transport:Remote version/idstring: SSH-2.0-Cisco-1.25
INFO:paramiko.transport:Connected (version 2.0, client Cisco-1.25)
DEBUG:paramiko.transport:=== Key exchange possibilities ===
DEBUG:paramiko.transport:kex algos: diffie-hellman-group-exchange-sha1, diffie-hellman-group14-sha1, diffie-hellman-group1-sha1
DEBUG:paramiko.transport:server key: ssh-rsa
DEBUG:paramiko.transport:client encrypt: aes128-cbc, 3des-cbc, aes192-cbc, aes256-cbc
DEBUG:paramiko.transport:server encrypt: aes128-cbc, 3des-cbc, aes192-cbc, aes256-cbc
DEBUG:paramiko.transport:client mac: hmac-sha1, hmac-sha1-96, hmac-md5, hmac-md5-96
DEBUG:paramiko.transport:server mac: hmac-sha1, hmac-sha1-96, hmac-md5, hmac-md5-96
DEBUG:paramiko.transport:client compress: none
DEBUG:paramiko.transport:server compress: none
DEBUG:paramiko.transport:client lang: <none>
DEBUG:paramiko.transport:server lang: <none>
DEBUG:paramiko.transport:kex follows: False
DEBUG:paramiko.transport:=== Key exchange agreements ===
DEBUG:paramiko.transport:Kex: diffie-hellman-group-exchange-sha1
DEBUG:paramiko.transport:HostKey: ssh-rsa
DEBUG:paramiko.transport:Cipher: aes128-cbc
DEBUG:paramiko.transport:MAC: hmac-sha1
DEBUG:paramiko.transport:Compression: none
DEBUG:paramiko.transport:=== End of kex handshake ===
DEBUG:paramiko.transport:Got server p (2048 bits)
DEBUG:paramiko.transport:kex engine KexGex specified hash_algo <built-in function openssl_sha1>
DEBUG:paramiko.transport:Switch to new keys ...
DEBUG:paramiko.transport:Adding ssh-rsa host key for 22.1.1.3: b'43dbc13c02cd179ed57518fa8ac85d41'
DEBUG:paramiko.transport:userauth is OK
INFO:paramiko.transport:Authentication (password) successful!
DEBUG:paramiko.transport:[chan 0] Max packet in: 32768 bytes
DEBUG:paramiko.transport:[chan 0] Max packet out: 4096 bytes
DEBUG:paramiko.transport:Secsh channel 0 opened.
DEBUG:paramiko.transport:[chan 0] Sesch channel 0 request ok
DEBUG:paramiko.transport:[chan 0] Sesch channel 0 request ok
DEBUG:netmiko:write_channel: b'\n'
DEBUG:netmiko:write_channel: b'terminal width 511\n'
DEBUG:netmiko:read_channel: 
3swalex>
3swalex>
DEBUG:netmiko:read_channel: te
DEBUG:netmiko:read_channel: rmi
DEBUG:netmiko:read_channel: nal 
DEBUG:netmiko:read_channel: widt
DEBUG:netmiko:read_channel: h 5
DEBUG:netmiko:read_channel: 11

DEBUG:netmiko:Pattern found: (terminal width 511) 
3swalex>
3swalex>terminal width 511
DEBUG:netmiko:In disable_paging
DEBUG:netmiko:Command: terminal length 0

DEBUG:netmiko:write_channel: b'terminal length 0\n'
DEBUG:netmiko:read_channel: 
DEBUG:netmiko:read_channel: 3swalex>te
DEBUG:netmiko:read_channel: rmi
DEBUG:netmiko:read_channel: nal
DEBUG:netmiko:read_channel:  le
DEBUG:netmiko:read_channel: ngt
DEBUG:netmiko:read_channel: h 0

DEBUG:netmiko:Pattern found: (terminal\ length\ 0) 
3swalex>terminal length 0
DEBUG:netmiko:
3swalex>terminal length 0
DEBUG:netmiko:Exiting disable_paging
DEBUG:netmiko:read_channel: 3swalex>
DEBUG:netmiko:Clear buffer detects data in the channel
DEBUG:netmiko:read_channel: 
DEBUG:netmiko:write_channel: b'\n'
DEBUG:netmiko:read_channel: 
DEBUG:netmiko:read_channel: 
3swalex>
DEBUG:netmiko:Pattern found: (\#|>) 
3swalex>
DEBUG:netmiko:read_channel: 
DEBUG:netmiko:[find_prompt()]: prompt is 3swalex>
DEBUG:netmiko:read_channel: 
DEBUG:netmiko:write_channel: b'\n'
DEBUG:netmiko:read_channel: 
3swalex>
DEBUG:netmiko:read_channel: 
DEBUG:netmiko:[find_prompt()]: prompt is 3swalex>
DEBUG:netmiko:write_channel: b'\n'
DEBUG:netmiko:read_channel: 
DEBUG:netmiko:read_channel: 
3swalex>
DEBUG:netmiko:Pattern found: (3swalex.*) 
3swalex>
DEBUG:netmiko:write_channel: b'enable\n'
DEBUG:netmiko:read_channel: 
DEBUG:netmiko:read_channel: en
DEBUG:netmiko:read_channel: abl
DEBUG:netmiko:read_channel: e
Password: 
DEBUG:netmiko:Pattern found: (enable) enable
DEBUG:netmiko:read_channel: 
DEBUG:netmiko:Pattern found: ((?:3swalex|ssword)) 
Password
DEBUG:netmiko:write_channel: b'********\n'
DEBUG:netmiko:read_channel: 
DEBUG:netmiko:read_channel: 
DEBUG:netmiko:read_channel: 
3swalex#
DEBUG:netmiko:Pattern found: (3swalex) : 
3swalex
DEBUG:netmiko:write_channel: b'\n'
DEBUG:netmiko:read_channel: 
DEBUG:netmiko:read_channel: 

DEBUG:netmiko:read_channel: 3swalex#
DEBUG:netmiko:Pattern found: (3swalex.*) #
3swalex#
DEBUG:netmiko:write_channel: b'conf t\n'
DEBUG:netmiko:read_channel: conf t
Enter configuration commands, one per line.  End with CNTL/Z.
3swalex(config)#
DEBUG:netmiko:read_channel: 
DEBUG:netmiko:read_channel: 
DEBUG:netmiko:write_channel: b'ip route 0.0.0.0 255.255.255.255 10.1.1.2\n'
DEBUG:netmiko:read_channel: ip route 0.0.0.0 255.255.25
DEBUG:netmiko:read_channel: 5.255 10.1.1.2
3swalex(config)#
DEBUG:netmiko:read_channel: 
DEBUG:netmiko:read_channel: 
DEBUG:netmiko:read_channel: 
DEBUG:netmiko:write_channel: b'\n'
DEBUG:netmiko:read_channel: 
3swalex(config)#
DEBUG:netmiko:read_channel: 
DEBUG:netmiko:[find_prompt()]: prompt is 3swalex(config)#
DEBUG:netmiko:write_channel: b'sppaning tree vlan 10 root primary\n'
DEBUG:netmiko:read_channel: 
DEBUG:netmiko:read_channel: sp
DEBUG:netmiko:read_channel: pan
DEBUG:netmiko:read_channel: ing
DEBUG:netmiko:read_channel:  tr
DEBUG:netmiko:read_channel: ee 
DEBUG:netmiko:read_channel: vl
DEBUG:netmiko:read_channel: an 
DEBUG:netmiko:read_channel: 10
DEBUG:netmiko:read_channel:  ro
DEBUG:netmiko:read_channel: ot 
DEBUG:netmiko:read_channel: pri
DEBUG:netmiko:read_channel: mar
DEBUG:netmiko:read_channel: y

DEBUG:netmiko:Pattern found: (sppaning\ tree\ vlan\ 10\ root\ primary) sppaning tree vlan 10 root primary
DEBUG:netmiko:read_channel:                   ^
% Invalid input detected at '^' marker.

3swalex(config)#
DEBUG:netmiko:read_channel: 
DEBUG:netmiko:write_channel: b'\n'
DEBUG:netmiko:read_channel: 
3swalex(config)#
DEBUG:netmiko:read_channel: 
DEBUG:netmiko:[find_prompt()]: prompt is 3swalex(config)#
DEBUG:netmiko:write_channel: b'interface vlan 10\n'
DEBUG:netmiko:read_channel: 
DEBUG:netmiko:read_channel: i
DEBUG:netmiko:read_channel: nte
DEBUG:netmiko:read_channel: rfa
DEBUG:netmiko:read_channel: ce 
DEBUG:netmiko:read_channel: vla
DEBUG:netmiko:read_channel: n 
DEBUG:netmiko:read_channel: 10
3swalex(config-if)#
DEBUG:netmiko:Pattern found: (interface\ vlan\ 10) interface vlan 10
DEBUG:netmiko:read_channel: 
DEBUG:netmiko:read_channel: 
DEBUG:netmiko:read_channel: 
DEBUG:netmiko:read_channel: 
DEBUG:netmiko:read_channel: 
DEBUG:netmiko:read_channel: 
DEBUG:netmiko:read_channel: 
DEBUG:netmiko:read_channel: 
DEBUG:netmiko:read_channel: 
DEBUG:netmiko:read_channel: 
DEBUG:netmiko:read_channel: 
DEBUG:netmiko:read_channel: 
DEBUG:netmiko:read_channel: 
DEBUG:netmiko:read_channel: 
DEBUG:netmiko:read_channel: 
DEBUG:netmiko:read_channel: 
DEBUG:netmiko:read_channel: 
DEBUG:netmiko:read_channel: 
DEBUG:netmiko:read_channel: 
DEBUG:netmiko:read_channel: 
DEBUG:netmiko:read_channel: 
DEBUG:netmiko:read_channel: 
DEBUG:netmiko:read_channel: 
DEBUG:netmiko:read_channel: 
DEBUG:netmiko:read_channel: 
DEBUG:netmiko:read_channel: 
DEBUG:netmiko:read_channel: 
DEBUG:netmiko:read_channel: 
DEBUG:netmiko:read_channel: 
DEBUG:netmiko:read_channel: 
DEBUG:netmiko:read_channel: 
DEBUG:netmiko:read_channel: 
DEBUG:netmiko:read_channel: 
DEBUG:netmiko:read_channel: 
DEBUG:netmiko:read_channel: 
DEBUG:netmiko:read_channel: 
DEBUG:netmiko:read_channel: 
DEBUG:netmiko:read_channel: 
DEBUG:netmiko:read_channel: 
DEBUG:netmiko:read_channel: 
DEBUG:netmiko:read_channel: 
DEBUG:netmiko:read_channel: 
DEBUG:netmiko:read_channel: 
DEBUG:netmiko:read_channel: 
DEBUG:netmiko:read_channel: 
DEBUG:netmiko:read_channel: 
DEBUG:netmiko:read_channel: 
DEBUG:netmiko:read_channel: 
DEBUG:netmiko:read_channel: 
DEBUG:netmiko:read_channel: 
DEBUG:netmiko:read_channel: 
DEBUG:netmiko:read_channel: 
DEBUG:netmiko:read_channel: 
DEBUG:netmiko:read_channel: 
DEBUG:netmiko:read_channel: 
DEBUG:netmiko:read_channel: 
DEBUG:netmiko:read_channel: 
DEBUG:netmiko:read_channel: 
DEBUG:netmiko:read_channel: 
DEBUG:netmiko:read_channel: 
DEBUG:netmiko:read_channel: 
DEBUG:netmiko:read_channel: 
DEBUG:netmiko:read_channel: 
DEBUG:netmiko:read_channel: 
DEBUG:netmiko:read_channel: 
DEBUG:netmiko:read_channel: 
DEBUG:netmiko:read_channel: 
DEBUG:netmiko:read_channel: 
DEBUG:netmiko:read_channel: 
DEBUG:netmiko:read_channel: 
DEBUG:netmiko:read_channel: 
DEBUG:netmiko:read_channel: 
DEBUG:netmiko:read_channel: 
DEBUG:netmiko:read_channel: 
DEBUG:netmiko:read_channel: 
DEBUG:netmiko:read_channel: 
DEBUG:netmiko:read_channel: 
DEBUG:netmiko:read_channel: 
DEBUG:netmiko:read_channel: 
DEBUG:netmiko:read_channel: 
DEBUG:netmiko:read_channel: 
DEBUG:netmiko:read_channel: 
DEBUG:netmiko:read_channel: 
DEBUG:netmiko:read_channel: 
DEBUG:netmiko:read_channel: 
DEBUG:netmiko:read_channel: 
DEBUG:netmiko:read_channel: 
DEBUG:netmiko:read_channel: 
DEBUG:netmiko:read_channel: 
DEBUG:netmiko:read_channel: 
DEBUG:netmiko:read_channel: 
DEBUG:netmiko:read_channel: 
DEBUG:netmiko:read_channel: 
DEBUG:netmiko:read_channel: 
DEBUG:netmiko:read_channel: 
DEBUG:netmiko:read_channel: 
DEBUG:netmiko:read_channel: 
DEBUG:netmiko:read_channel: 
DEBUG:netmiko:read_channel: 
DEBUG:netmiko:read_channel: 
DEBUG:netmiko:read_channel: 
DEBUG:netmiko:read_channel: 
DEBUG:netmiko:read_channel: 
DEBUG:netmiko:read_channel: 
DEBUG:netmiko:read_channel: 
DEBUG:netmiko:read_channel: 
DEBUG:netmiko:read_channel: 
DEBUG:netmiko:read_channel: 
DEBUG:netmiko:read_channel: 
DEBUG:netmiko:read_channel: 
DEBUG:netmiko:read_channel: 
DEBUG:netmiko:read_channel: 
DEBUG:netmiko:read_channel: 
DEBUG:netmiko:read_channel: 
DEBUG:netmiko:read_channel: 
DEBUG:netmiko:read_channel: 
DEBUG:netmiko:read_channel: 
DEBUG:netmiko:read_channel: 
DEBUG:netmiko:read_channel: 
DEBUG:netmiko:read_channel: 
DEBUG:netmiko:read_channel: 
DEBUG:netmiko:read_channel: 
DEBUG:netmiko:read_channel: 
DEBUG:netmiko:read_channel: 
DEBUG:netmiko:read_channel: 
DEBUG:netmiko:read_channel: 
DEBUG:netmiko:read_channel: 
DEBUG:netmiko:read_channel: 
DEBUG:netmiko:read_channel: 
DEBUG:netmiko:read_channel: 
DEBUG:netmiko:read_channel: 
DEBUG:netmiko:read_channel: 
DEBUG:netmiko:read_channel: 
DEBUG:netmiko:read_channel: 
DEBUG:netmiko:read_channel: 
DEBUG:netmiko:read_channel: 
DEBUG:netmiko:read_channel: 
DEBUG:netmiko:read_channel: 
DEBUG:netmiko:read_channel: 
DEBUG:netmiko:read_channel: 
DEBUG:netmiko:read_channel: 
DEBUG:netmiko:read_channel: 
DEBUG:netmiko:read_channel: 
DEBUG:netmiko:read_channel: 
DEBUG:netmiko:read_channel: 
DEBUG:netmiko:read_channel: 
DEBUG:netmiko:read_channel: 
DEBUG:netmiko:read_channel: 
DEBUG:netmiko:read_channel: 
DEBUG:netmiko:read_channel: 
DEBUG:netmiko:read_channel: 
DEBUG:netmiko:read_channel: 
DEBUG:netmiko:read_channel: 
DEBUG:netmiko:read_channel: 
DEBUG:netmiko:read_channel: 
DEBUG:netmiko:read_channel: 
DEBUG:netmiko:read_channel: 
DEBUG:netmiko:read_channel: 
DEBUG:netmiko:read_channel: 
DEBUG:netmiko:read_channel: 
DEBUG:netmiko:read_channel: 
DEBUG:netmiko:read_channel: 
DEBUG:netmiko:read_channel: 
DEBUG:netmiko:read_channel: 
DEBUG:netmiko:read_channel: 
DEBUG:netmiko:read_channel: 
DEBUG:netmiko:read_channel: 
DEBUG:netmiko:read_channel: 
DEBUG:netmiko:read_channel: 
DEBUG:netmiko:read_channel: 
DEBUG:netmiko:read_channel: 
DEBUG:netmiko:read_channel: 
DEBUG:netmiko:read_channel: 
DEBUG:netmiko:read_channel: 
DEBUG:netmiko:read_channel: 
DEBUG:netmiko:read_channel: 
DEBUG:netmiko:read_channel: 
DEBUG:netmiko:read_channel: 
DEBUG:netmiko:read_channel: 
DEBUG:netmiko:read_channel: 
DEBUG:netmiko:read_channel: 
DEBUG:netmiko:read_channel: 
DEBUG:netmiko:read_channel: 
DEBUG:netmiko:read_channel: 
DEBUG:netmiko:read_channel: 
DEBUG:netmiko:read_channel: 
DEBUG:netmiko:read_channel: 
DEBUG:netmiko:read_channel: 
DEBUG:netmiko:read_channel: 
DEBUG:netmiko:read_channel: 
DEBUG:netmiko:read_channel: 
DEBUG:netmiko:read_channel: 
DEBUG:netmiko:read_channel: 
DEBUG:netmiko:read_channel: 
DEBUG:netmiko:read_channel: 
DEBUG:netmiko:read_channel: 
DEBUG:netmiko:read_channel: 
DEBUG:netmiko:read_channel: 
DEBUG:netmiko:read_channel: 
DEBUG:netmiko:read_channel: 
DEBUG:netmiko:read_channel: 
DEBUG:netmiko:read_channel: 
DEBUG:netmiko:read_channel: 
DEBUG:netmiko:read_channel: 
DEBUG:netmiko:read_channel: 
DEBUG:netmiko:read_channel: 
DEBUG:netmiko:read_channel: 
DEBUG:netmiko:read_channel: 
DEBUG:netmiko:read_channel: 
DEBUG:netmiko:read_channel: 
DEBUG:netmiko:read_channel: 
DEBUG:netmiko:read_channel: 
DEBUG:netmiko:read_channel: 
DEBUG:netmiko:read_channel: 
DEBUG:netmiko:read_channel: 
DEBUG:netmiko:read_channel: 
DEBUG:netmiko:read_channel: 
DEBUG:netmiko:read_channel: 
DEBUG:netmiko:read_channel: 
DEBUG:netmiko:read_channel: 
DEBUG:netmiko:read_channel: 
DEBUG:netmiko:read_channel: 
DEBUG:netmiko:read_channel: 
DEBUG:netmiko:read_channel: 
DEBUG:netmiko:read_channel: 
DEBUG:netmiko:read_channel: 
DEBUG:netmiko:read_channel: 
DEBUG:netmiko:read_channel: 
DEBUG:netmiko:read_channel: 
DEBUG:netmiko:read_channel: 
DEBUG:netmiko:read_channel: 
DEBUG:netmiko:read_channel: 
DEBUG:netmiko:read_channel: 
DEBUG:netmiko:read_channel: 
DEBUG:netmiko:read_channel: 
DEBUG:netmiko:read_channel: 
DEBUG:netmiko:read_channel: 
DEBUG:netmiko:read_channel: 
DEBUG:netmiko:read_channel: 
DEBUG:netmiko:read_channel: 
DEBUG:netmiko:read_channel: 
DEBUG:netmiko:read_channel: 
DEBUG:netmiko:read_channel: 
DEBUG:netmiko:read_channel: 
DEBUG:netmiko:read_channel: 
DEBUG:netmiko:read_channel: 
DEBUG:netmiko:read_channel: 
DEBUG:netmiko:read_channel: 
DEBUG:netmiko:read_channel: 
DEBUG:netmiko:read_channel: 
DEBUG:netmiko:read_channel: 
DEBUG:netmiko:read_channel: 
DEBUG:netmiko:read_channel: 
DEBUG:netmiko:read_channel: 
DEBUG:netmiko:read_channel: 
DEBUG:netmiko:read_channel: 
DEBUG:netmiko:read_channel: 
DEBUG:netmiko:read_channel: 
DEBUG:netmiko:read_channel: 
DEBUG:netmiko:read_channel: 
DEBUG:netmiko:read_channel: 
DEBUG:netmiko:read_channel: 
DEBUG:netmiko:read_channel: 
DEBUG:netmiko:read_channel: 
DEBUG:netmiko:read_channel: 
DEBUG:netmiko:read_channel: 
DEBUG:netmiko:read_channel: 
DEBUG:netmiko:read_channel: 
DEBUG:netmiko:read_channel: 
DEBUG:netmiko:read_channel: 
DEBUG:netmiko:read_channel: 
DEBUG:netmiko:read_channel: 
DEBUG:netmiko:read_channel: 
DEBUG:netmiko:read_channel: 
DEBUG:netmiko:read_channel: 
DEBUG:netmiko:read_channel: 
DEBUG:netmiko:read_channel: 
DEBUG:netmiko:read_channel: 
DEBUG:netmiko:read_channel: 
DEBUG:netmiko:read_channel: 
DEBUG:netmiko:read_channel: 
DEBUG:netmiko:read_channel: 
DEBUG:netmiko:read_channel: 
DEBUG:netmiko:read_channel: 
DEBUG:netmiko:read_channel: 
DEBUG:netmiko:read_channel: 
DEBUG:netmiko:read_channel: 
DEBUG:netmiko:read_channel: 
DEBUG:netmiko:read_channel: 
DEBUG:netmiko:read_channel: 
DEBUG:netmiko:read_channel: 
DEBUG:netmiko:read_channel: 
DEBUG:netmiko:read_channel: 
DEBUG:netmiko:read_channel: 
DEBUG:netmiko:read_channel: 
DEBUG:netmiko:read_channel: 
DEBUG:netmiko:read_channel: 
DEBUG:netmiko:read_channel: 
DEBUG:netmiko:read_channel: 
DEBUG:netmiko:read_channel: 
DEBUG:netmiko:read_channel: 
DEBUG:netmiko:read_channel: 
DEBUG:netmiko:read_channel: 
DEBUG:netmiko:read_channel: 
DEBUG:netmiko:read_channel: 
DEBUG:netmiko:read_channel: 
DEBUG:netmiko:read_channel: 
DEBUG:netmiko:read_channel: 
DEBUG:netmiko:read_channel: 
DEBUG:netmiko:read_channel: 
DEBUG:netmiko:read_channel: 
DEBUG:netmiko:read_channel: 
DEBUG:netmiko:read_channel: 
DEBUG:netmiko:read_channel: 
DEBUG:netmiko:read_channel: 
DEBUG:netmiko:read_channel: 
DEBUG:netmiko:read_channel: 
DEBUG:netmiko:read_channel: 
DEBUG:netmiko:read_channel: 
DEBUG:netmiko:read_channel: 
DEBUG:netmiko:read_channel: 
DEBUG:netmiko:read_channel: 
DEBUG:netmiko:read_channel: 
DEBUG:netmiko:read_channel: 
DEBUG:netmiko:read_channel: 
DEBUG:netmiko:read_channel: 
DEBUG:netmiko:read_channel: 
DEBUG:netmiko:read_channel: 
DEBUG:netmiko:read_channel: 
DEBUG:netmiko:read_channel: 
DEBUG:netmiko:read_channel: 
DEBUG:netmiko:read_channel: 
DEBUG:netmiko:read_channel: 
DEBUG:netmiko:read_channel: 
DEBUG:netmiko:read_channel: 
DEBUG:netmiko:read_channel: 
DEBUG:netmiko:read_channel: 
DEBUG:netmiko:read_channel: 
DEBUG:netmiko:read_channel: 
DEBUG:netmiko:read_channel: 
DEBUG:netmiko:read_channel: 
DEBUG:netmiko:read_channel: 
DEBUG:netmiko:read_channel: 
DEBUG:netmiko:read_channel: 
DEBUG:netmiko:read_channel: 
DEBUG:netmiko:read_channel: 
DEBUG:netmiko:read_channel: 
DEBUG:netmiko:read_channel: 
DEBUG:netmiko:read_channel: 
DEBUG:netmiko:read_channel: 
DEBUG:netmiko:read_channel: 
DEBUG:netmiko:read_channel: 
DEBUG:netmiko:read_channel: 
DEBUG:netmiko:read_channel: 
DEBUG:netmiko:read_channel: 
DEBUG:netmiko:read_channel: 
DEBUG:netmiko:read_channel: 
DEBUG:netmiko:read_channel: 
DEBUG:netmiko:read_channel: 
DEBUG:netmiko:read_channel: 
DEBUG:netmiko:read_channel: 
DEBUG:paramiko.transport:starting thread (client mode): 0x80be62d0
DEBUG:paramiko.transport:Local version/idstring: SSH-2.0-paramiko_3.1.0
DEBUG:paramiko.transport:Remote version/idstring: SSH-2.0-Cisco-1.25
INFO:paramiko.transport:Connected (version 2.0, client Cisco-1.25)
DEBUG:paramiko.transport:=== Key exchange possibilities ===
DEBUG:paramiko.transport:kex algos: diffie-hellman-group-exchange-sha1, diffie-hellman-group14-sha1, diffie-hellman-group1-sha1
DEBUG:paramiko.transport:server key: ssh-rsa
DEBUG:paramiko.transport:client encrypt: aes128-cbc, 3des-cbc, aes192-cbc, aes256-cbc
DEBUG:paramiko.transport:server encrypt: aes128-cbc, 3des-cbc, aes192-cbc, aes256-cbc
DEBUG:paramiko.transport:client mac: hmac-sha1, hmac-sha1-96, hmac-md5, hmac-md5-96
DEBUG:paramiko.transport:server mac: hmac-sha1, hmac-sha1-96, hmac-md5, hmac-md5-96
DEBUG:paramiko.transport:client compress: none
DEBUG:paramiko.transport:server compress: none
DEBUG:paramiko.transport:client lang: <none>
DEBUG:paramiko.transport:server lang: <none>
DEBUG:paramiko.transport:kex follows: False
DEBUG:paramiko.transport:=== Key exchange agreements ===
DEBUG:paramiko.transport:Kex: diffie-hellman-group-exchange-sha1
DEBUG:paramiko.transport:HostKey: ssh-rsa
DEBUG:paramiko.transport:Cipher: aes128-cbc
DEBUG:paramiko.transport:MAC: hmac-sha1
DEBUG:paramiko.transport:Compression: none
DEBUG:paramiko.transport:=== End of kex handshake ===
DEBUG:paramiko.transport:Got server p (2048 bits)
DEBUG:paramiko.transport:kex engine KexGex specified hash_algo <built-in function openssl_sha1>
DEBUG:paramiko.transport:Switch to new keys ...
DEBUG:paramiko.transport:Adding ssh-rsa host key for 22.1.1.3: b'43dbc13c02cd179ed57518fa8ac85d41'
DEBUG:paramiko.transport:userauth is OK
INFO:paramiko.transport:Authentication (password) successful!
DEBUG:paramiko.transport:[chan 0] Max packet in: 32768 bytes
DEBUG:paramiko.transport:[chan 0] Max packet out: 4096 bytes
DEBUG:paramiko.transport:Secsh channel 0 opened.
DEBUG:paramiko.transport:[chan 0] Sesch channel 0 request ok
DEBUG:paramiko.transport:[chan 0] Sesch channel 0 request ok
DEBUG:netmiko:write_channel: b'\n'
DEBUG:netmiko:write_channel: b'terminal width 511\n'
DEBUG:netmiko:read_channel: 
3swalex>
3swalex>
DEBUG:netmiko:read_channel: ter
DEBUG:netmiko:read_channel: mi
DEBUG:netmiko:read_channel: nal 
DEBUG:netmiko:read_channel: wi
DEBUG:netmiko:read_channel: dth 
DEBUG:netmiko:read_channel: 511
DEBUG:netmiko:Pattern found: (terminal width 511) 
3swalex>
3swalex>terminal width 511
DEBUG:netmiko:In disable_paging
DEBUG:netmiko:Command: terminal length 0

DEBUG:netmiko:write_channel: b'terminal length 0\n'
DEBUG:netmiko:read_channel: 

DEBUG:netmiko:read_channel: 3swalex>t
DEBUG:netmiko:read_channel: erm
DEBUG:netmiko:read_channel: ina
DEBUG:netmiko:read_channel: l l
DEBUG:netmiko:read_channel: ength
DEBUG:netmiko:read_channel:  0

DEBUG:netmiko:Pattern found: (terminal\ length\ 0) 
3swalex>terminal length 0
DEBUG:netmiko:
3swalex>terminal length 0
DEBUG:netmiko:Exiting disable_paging
DEBUG:netmiko:read_channel: 3swalex>
DEBUG:netmiko:Clear buffer detects data in the channel
DEBUG:netmiko:read_channel: 
DEBUG:netmiko:write_channel: b'\n'
DEBUG:netmiko:read_channel: 
DEBUG:netmiko:read_channel: 
3swalex>
DEBUG:netmiko:Pattern found: (\#|>) 
3swalex>
DEBUG:netmiko:read_channel: 
DEBUG:netmiko:[find_prompt()]: prompt is 3swalex>
DEBUG:netmiko:read_channel: 
DEBUG:netmiko:write_channel: b'\n'
DEBUG:netmiko:read_channel: 
3swalex>
DEBUG:netmiko:read_channel: 
DEBUG:netmiko:[find_prompt()]: prompt is 3swalex>
DEBUG:netmiko:write_channel: b'\n'
DEBUG:netmiko:read_channel: 
DEBUG:netmiko:read_channel: 
3swalex>
DEBUG:netmiko:Pattern found: (3swalex.*) 
3swalex>
DEBUG:netmiko:write_channel: b'enable\n'
DEBUG:netmiko:read_channel: 
DEBUG:netmiko:read_channel: ena
DEBUG:netmiko:read_channel: ble

DEBUG:netmiko:Pattern found: (enable) enable
DEBUG:netmiko:read_channel: 
DEBUG:netmiko:read_channel: Password: 
DEBUG:netmiko:Pattern found: ((?:3swalex|ssword)) 
Password
DEBUG:netmiko:write_channel: b'********\n'
DEBUG:netmiko:read_channel: 
DEBUG:netmiko:read_channel: 
DEBUG:netmiko:read_channel: 
DEBUG:netmiko:read_channel: 
DEBUG:netmiko:read_channel: 
3swalex#
DEBUG:netmiko:Pattern found: (3swalex) : 
3swalex
DEBUG:netmiko:write_channel: b'\n'
DEBUG:netmiko:read_channel: 
DEBUG:netmiko:read_channel: 

DEBUG:netmiko:read_channel: 3swalex#
DEBUG:netmiko:Pattern found: (3swalex.*) #
3swalex#
DEBUG:netmiko:write_channel: b'conf t\n'
DEBUG:netmiko:read_channel: conf t
Enter configuration commands, one per line.  End with CNTL/Z.
3swalex(config)#
DEBUG:netmiko:read_channel: 
DEBUG:netmiko:read_channel: 
DEBUG:netmiko:write_channel: b'ip route 0.0.0.0 255.255.255.255 10.1.1.2\n'
DEBUG:netmiko:read_channel: ip route 0.0.0.0 255.255
DEBUG:netmiko:read_channel: .255.255 10.1.1.2
3swalex(config)#
DEBUG:netmiko:read_channel: 
DEBUG:netmiko:read_channel: 
DEBUG:netmiko:read_channel: 
DEBUG:netmiko:write_channel: b'\n'
DEBUG:netmiko:read_channel: 
3swalex(config)#
DEBUG:netmiko:read_channel: 
DEBUG:netmiko:[find_prompt()]: prompt is 3swalex(config)#
DEBUG:netmiko:read_channel: 
DEBUG:netmiko:write_channel: b'\n'
DEBUG:netmiko:read_channel: 

DEBUG:netmiko:write_channel: b'\n'
DEBUG:netmiko:read_channel: 3swalex(config)#
3swalex(config)#
DEBUG:netmiko:read_channel: 
DEBUG:netmiko:[find_prompt()]: prompt is 3swalex(config)#
DEBUG:netmiko:write_channel: b'sppaning tree vlan 10 root primary\n'
DEBUG:netmiko:read_channel: 
DEBUG:netmiko:read_channel: s
DEBUG:netmiko:read_channel: p
DEBUG:netmiko:read_channel: p
DEBUG:netmiko:read_channel: an
DEBUG:netmiko:read_channel: 
DEBUG:netmiko:read_channel: in
DEBUG:netmiko:read_channel: g 
DEBUG:netmiko:read_channel: 
DEBUG:netmiko:read_channel: tr
DEBUG:netmiko:read_channel: e
DEBUG:netmiko:read_channel: e
DEBUG:netmiko:read_channel:  v
DEBUG:netmiko:read_channel: la
DEBUG:netmiko:read_channel: n
DEBUG:netmiko:read_channel:  
DEBUG:netmiko:read_channel: 10
DEBUG:netmiko:read_channel:  
DEBUG:netmiko:read_channel: r
DEBUG:netmiko:read_channel: 
DEBUG:netmiko:read_channel: oo
DEBUG:netmiko:read_channel: t 
DEBUG:netmiko:read_channel: 
DEBUG:netmiko:read_channel: pr
DEBUG:netmiko:read_channel: 
DEBUG:netmiko:read_channel: im
DEBUG:netmiko:read_channel: a
DEBUG:netmiko:read_channel: r
DEBUG:netmiko:read_channel: y

DEBUG:netmiko:Pattern found: (sppaning\ tree\ vlan\ 10\ root\ primary) sppaning tree vlan 10 root primary
DEBUG:netmiko:read_channel:                   ^
% Invalid input detected at '^' marker.

3swalex(config)#
DEBUG:netmiko:read_channel: 
DEBUG:netmiko:write_channel: b'\n'
DEBUG:netmiko:read_channel: 

DEBUG:netmiko:write_channel: b'\n'
DEBUG:netmiko:read_channel: 3swalex(config)#

DEBUG:netmiko:read_channel: 3swalex(config)#
DEBUG:netmiko:Clear buffer detects data in the channel
DEBUG:netmiko:read_channel: 
DEBUG:netmiko:[find_prompt()]: prompt is 3swalex(config)#
DEBUG:netmiko:read_channel: 
DEBUG:netmiko:write_channel: b'\n'
DEBUG:netmiko:read_channel: 

DEBUG:netmiko:write_channel: b'\n'
DEBUG:netmiko:read_channel: 3swalex(config)#

DEBUG:netmiko:read_channel: 3swalex(config)#
DEBUG:netmiko:Clear buffer detects data in the channel
DEBUG:netmiko:read_channel: 
DEBUG:netmiko:[find_prompt()]: prompt is 3swalex(config)#
DEBUG:netmiko:write_channel: b'interface vlan 10\n'
DEBUG:netmiko:read_channel: 
DEBUG:netmiko:read_channel: i
DEBUG:netmiko:read_channel: 
DEBUG:netmiko:read_channel: nt
DEBUG:netmiko:read_channel: 
DEBUG:netmiko:read_channel: er
DEBUG:netmiko:read_channel: f
DEBUG:netmiko:read_channel: a
DEBUG:netmiko:read_channel: ce
DEBUG:netmiko:read_channel: 
DEBUG:netmiko:read_channel:  v
DEBUG:netmiko:read_channel: 
DEBUG:netmiko:read_channel: la
DEBUG:netmiko:read_channel: n
DEBUG:netmiko:read_channel:  
DEBUG:netmiko:read_channel: 10
DEBUG:netmiko:Pattern found: (interface\ vlan\ 10) interface vlan 10
DEBUG:netmiko:read_channel: 
3swalex(config-if)#
DEBUG:netmiko:read_channel: 
DEBUG:netmiko:read_channel: 
DEBUG:netmiko:read_channel: 
DEBUG:netmiko:read_channel: 
DEBUG:netmiko:read_channel: 
DEBUG:netmiko:read_channel: 
DEBUG:netmiko:read_channel: 
DEBUG:netmiko:read_channel: 
DEBUG:netmiko:read_channel: 
DEBUG:netmiko:read_channel: 
DEBUG:netmiko:read_channel: 
DEBUG:netmiko:read_channel: 
DEBUG:netmiko:read_channel: 
DEBUG:netmiko:read_channel: 
DEBUG:netmiko:read_channel: 
DEBUG:netmiko:read_channel: 
DEBUG:netmiko:read_channel: 
DEBUG:netmiko:read_channel: 
DEBUG:netmiko:read_channel: 
DEBUG:netmiko:read_channel: 
DEBUG:netmiko:read_channel: 
DEBUG:netmiko:read_channel: 
DEBUG:netmiko:read_channel: 
DEBUG:netmiko:read_channel: 
DEBUG:netmiko:read_channel: 
DEBUG:netmiko:read_channel: 
DEBUG:netmiko:read_channel: 
DEBUG:netmiko:read_channel: 
DEBUG:netmiko:read_channel: 
DEBUG:netmiko:read_channel: 
DEBUG:netmiko:read_channel: 
DEBUG:netmiko:read_channel: 
DEBUG:netmiko:read_channel: 
DEBUG:netmiko:read_channel: 
DEBUG:netmiko:read_channel: 
DEBUG:netmiko:read_channel: 
DEBUG:netmiko:read_channel: 
DEBUG:netmiko:read_channel: 
DEBUG:netmiko:read_channel: 
DEBUG:netmiko:read_channel: 
DEBUG:netmiko:read_channel: 
DEBUG:netmiko:read_channel: 
DEBUG:netmiko:read_channel: 
DEBUG:netmiko:read_channel: 
DEBUG:netmiko:read_channel: 
DEBUG:netmiko:read_channel: 
DEBUG:netmiko:read_channel: 
DEBUG:netmiko:read_channel: 
DEBUG:netmiko:read_channel: 
DEBUG:netmiko:read_channel: 
DEBUG:netmiko:read_channel: 
DEBUG:netmiko:read_channel: 
DEBUG:netmiko:read_channel: 
DEBUG:netmiko:read_channel: 
DEBUG:netmiko:read_channel: 
DEBUG:netmiko:read_channel: 
DEBUG:netmiko:read_channel: 
DEBUG:netmiko:read_channel: 
DEBUG:netmiko:read_channel: 
DEBUG:netmiko:read_channel: 
DEBUG:netmiko:read_channel: 
DEBUG:netmiko:read_channel: 
DEBUG:netmiko:read_channel: 
DEBUG:netmiko:read_channel: 
DEBUG:netmiko:read_channel: 
DEBUG:netmiko:read_channel: 
DEBUG:netmiko:read_channel: 
DEBUG:netmiko:read_channel: 
DEBUG:netmiko:read_channel: 
DEBUG:netmiko:read_channel: 
DEBUG:netmiko:read_channel: 
DEBUG:netmiko:read_channel: 
DEBUG:netmiko:read_channel: 
DEBUG:netmiko:read_channel: 
DEBUG:netmiko:read_channel: 
DEBUG:netmiko:read_channel: 
DEBUG:netmiko:read_channel: 
DEBUG:netmiko:read_channel: 
DEBUG:netmiko:read_channel: 
DEBUG:netmiko:read_channel: 
DEBUG:netmiko:read_channel: 
DEBUG:netmiko:read_channel: 
DEBUG:netmiko:read_channel: 
DEBUG:netmiko:read_channel: 
DEBUG:netmiko:read_channel: 
DEBUG:netmiko:read_channel: 
DEBUG:netmiko:read_channel: 
DEBUG:netmiko:read_channel: 
DEBUG:netmiko:read_channel: 
DEBUG:netmiko:read_channel: 
DEBUG:netmiko:read_channel: 
DEBUG:netmiko:read_channel: 
DEBUG:netmiko:read_channel: 
DEBUG:netmiko:read_channel: 
DEBUG:netmiko:read_channel: 
DEBUG:netmiko:read_channel: 
DEBUG:netmiko:read_channel: 
DEBUG:netmiko:read_channel: 
DEBUG:netmiko:read_channel: 
DEBUG:netmiko:read_channel: 
DEBUG:netmiko:read_channel: 
DEBUG:netmiko:read_channel: 
DEBUG:netmiko:read_channel: 
DEBUG:netmiko:read_channel: 
DEBUG:netmiko:read_channel: 
DEBUG:netmiko:read_channel: 
DEBUG:netmiko:read_channel: 
DEBUG:netmiko:read_channel: 
DEBUG:netmiko:read_channel: 
DEBUG:netmiko:read_channel: 
DEBUG:netmiko:read_channel: 
DEBUG:netmiko:read_channel: 
DEBUG:netmiko:read_channel: 
DEBUG:netmiko:read_channel: 
DEBUG:netmiko:read_channel: 
DEBUG:netmiko:read_channel: 
DEBUG:netmiko:read_channel: 
DEBUG:netmiko:read_channel: 
DEBUG:netmiko:read_channel: 
DEBUG:netmiko:read_channel: 
DEBUG:netmiko:read_channel: 
DEBUG:netmiko:read_channel: 
DEBUG:netmiko:read_channel: 
DEBUG:netmiko:read_channel: 
DEBUG:netmiko:read_channel: 
DEBUG:netmiko:read_channel: 
DEBUG:netmiko:read_channel: 
DEBUG:netmiko:read_channel: 
DEBUG:netmiko:read_channel: 
DEBUG:netmiko:read_channel: 
DEBUG:netmiko:read_channel: 
DEBUG:netmiko:read_channel: 
DEBUG:netmiko:read_channel: 
DEBUG:netmiko:read_channel: 
DEBUG:netmiko:read_channel: 
DEBUG:netmiko:read_channel: 
DEBUG:netmiko:read_channel: 
DEBUG:netmiko:read_channel: 
DEBUG:netmiko:read_channel: 
DEBUG:netmiko:read_channel: 
DEBUG:netmiko:read_channel: 
DEBUG:netmiko:read_channel: 
DEBUG:netmiko:read_channel: 
DEBUG:netmiko:read_channel: 
DEBUG:netmiko:read_channel: 
DEBUG:netmiko:read_channel: 
DEBUG:netmiko:read_channel: 
DEBUG:netmiko:read_channel: 
DEBUG:netmiko:read_channel: 
DEBUG:netmiko:read_channel: 
DEBUG:netmiko:read_channel: 
DEBUG:netmiko:read_channel: 
DEBUG:netmiko:read_channel: 
DEBUG:netmiko:read_channel: 
DEBUG:netmiko:read_channel: 
DEBUG:netmiko:read_channel: 
DEBUG:netmiko:read_channel: 
DEBUG:netmiko:read_channel: 
DEBUG:netmiko:read_channel: 
DEBUG:netmiko:read_channel: 
DEBUG:netmiko:read_channel: 
DEBUG:netmiko:read_channel: 
DEBUG:netmiko:read_channel: 
DEBUG:netmiko:read_channel: 
DEBUG:netmiko:read_channel: 
DEBUG:netmiko:read_channel: 
DEBUG:netmiko:read_channel: 
DEBUG:netmiko:read_channel: 
DEBUG:netmiko:read_channel: 
DEBUG:netmiko:read_channel: 
DEBUG:netmiko:read_channel: 
DEBUG:netmiko:read_channel: 
DEBUG:netmiko:read_channel: 
DEBUG:netmiko:read_channel: 
DEBUG:netmiko:read_channel: 
DEBUG:netmiko:read_channel: 
DEBUG:netmiko:read_channel: 
DEBUG:netmiko:read_channel: 
DEBUG:netmiko:read_channel: 
DEBUG:netmiko:read_channel: 
DEBUG:netmiko:read_channel: 
DEBUG:netmiko:read_channel: 
DEBUG:netmiko:read_channel: 
DEBUG:netmiko:read_channel: 
DEBUG:netmiko:read_channel: 
DEBUG:netmiko:read_channel: 
DEBUG:netmiko:read_channel: 
DEBUG:netmiko:read_channel: 
DEBUG:netmiko:read_channel: 
DEBUG:netmiko:read_channel: 
DEBUG:netmiko:read_channel: 
DEBUG:netmiko:read_channel: 
DEBUG:netmiko:read_channel: 
DEBUG:netmiko:read_channel: 
DEBUG:netmiko:read_channel: 
DEBUG:netmiko:read_channel: 
DEBUG:netmiko:read_channel: 
DEBUG:netmiko:read_channel: 
DEBUG:netmiko:read_channel: 
DEBUG:netmiko:read_channel: 
DEBUG:netmiko:read_channel: 
DEBUG:netmiko:read_channel: 
DEBUG:netmiko:read_channel: 
DEBUG:netmiko:read_channel: 
DEBUG:netmiko:read_channel: 
DEBUG:netmiko:read_channel: 
DEBUG:netmiko:read_channel: 
DEBUG:netmiko:read_channel: 
DEBUG:netmiko:read_channel: 
DEBUG:netmiko:read_channel: 
DEBUG:netmiko:read_channel: 
DEBUG:netmiko:read_channel: 
DEBUG:netmiko:read_channel: 
DEBUG:netmiko:read_channel: 
DEBUG:netmiko:read_channel: 
DEBUG:netmiko:read_channel: 
DEBUG:netmiko:read_channel: 
DEBUG:netmiko:read_channel: 
DEBUG:netmiko:read_channel: 
DEBUG:netmiko:read_channel: 
DEBUG:netmiko:read_channel: 
DEBUG:netmiko:read_channel: 
DEBUG:netmiko:read_channel: 
DEBUG:netmiko:read_channel: 
DEBUG:netmiko:read_channel: 
DEBUG:netmiko:read_channel: 
DEBUG:netmiko:read_channel: 
DEBUG:netmiko:read_channel: 
DEBUG:netmiko:read_channel: 
DEBUG:netmiko:read_channel: 
DEBUG:netmiko:read_channel: 
DEBUG:netmiko:read_channel: 
DEBUG:netmiko:read_channel: 
DEBUG:netmiko:read_channel: 
DEBUG:netmiko:read_channel: 
DEBUG:netmiko:read_channel: 
DEBUG:netmiko:read_channel: 
DEBUG:netmiko:read_channel: 
DEBUG:netmiko:read_channel: 
DEBUG:netmiko:read_channel: 
DEBUG:netmiko:read_channel: 
DEBUG:netmiko:read_channel: 
DEBUG:netmiko:read_channel: 
DEBUG:netmiko:read_channel: 
DEBUG:netmiko:read_channel: 
DEBUG:netmiko:read_channel: 
DEBUG:netmiko:read_channel: 
DEBUG:netmiko:read_channel: 
DEBUG:netmiko:read_channel: 
DEBUG:netmiko:read_channel: 
DEBUG:netmiko:read_channel: 
DEBUG:netmiko:read_channel: 
DEBUG:netmiko:read_channel: 
DEBUG:netmiko:read_channel: 
DEBUG:netmiko:read_channel: 
DEBUG:netmiko:read_channel: 
DEBUG:netmiko:read_channel: 
DEBUG:netmiko:read_channel: 
DEBUG:netmiko:read_channel: 
DEBUG:netmiko:read_channel: 
DEBUG:netmiko:read_channel: 
DEBUG:netmiko:read_channel: 
DEBUG:netmiko:read_channel: 
DEBUG:netmiko:read_channel: 
DEBUG:netmiko:read_channel: 
DEBUG:netmiko:read_channel: 
DEBUG:netmiko:read_channel: 
DEBUG:netmiko:read_channel: 
DEBUG:netmiko:read_channel: 
DEBUG:netmiko:read_channel: 
DEBUG:netmiko:read_channel: 
DEBUG:netmiko:read_channel: 
DEBUG:netmiko:read_channel: 
DEBUG:netmiko:read_channel: 
DEBUG:netmiko:read_channel: 
DEBUG:netmiko:read_channel: 
DEBUG:netmiko:read_channel: 
DEBUG:netmiko:read_channel: 
DEBUG:netmiko:read_channel: 
DEBUG:netmiko:read_channel: 
DEBUG:netmiko:read_channel: 
DEBUG:netmiko:read_channel: 
DEBUG:netmiko:read_channel: 
DEBUG:netmiko:read_channel: 
DEBUG:netmiko:read_channel: 
DEBUG:netmiko:read_channel: 
DEBUG:netmiko:read_channel: 
DEBUG:netmiko:read_channel: 
DEBUG:netmiko:read_channel: 
DEBUG:netmiko:read_channel: 
DEBUG:netmiko:read_channel: 
DEBUG:netmiko:read_channel: 
DEBUG:netmiko:read_channel: 
DEBUG:netmiko:read_channel: 
DEBUG:netmiko:read_channel: 
DEBUG:netmiko:read_channel: 
DEBUG:netmiko:read_channel: 
DEBUG:netmiko:read_channel: 
DEBUG:netmiko:read_channel: 
DEBUG:netmiko:read_channel: 
DEBUG:netmiko:read_channel: 
DEBUG:netmiko:read_channel: 
DEBUG:netmiko:read_channel: 
DEBUG:netmiko:read_channel: 
DEBUG:netmiko:read_channel: 
DEBUG:netmiko:read_channel: 
DEBUG:netmiko:read_channel: 
DEBUG:netmiko:read_channel: 
DEBUG:netmiko:read_channel: 
DEBUG:netmiko:read_channel: 
DEBUG:netmiko:read_channel: 
DEBUG:netmiko:read_channel: 
DEBUG:netmiko:read_channel: 
DEBUG:netmiko:read_channel: 
DEBUG:netmiko:read_channel: 
DEBUG:netmiko:read_channel: 
DEBUG:netmiko:read_channel: 
DEBUG:netmiko:read_channel: 
DEBUG:netmiko:read_channel: 
DEBUG:netmiko:read_channel: 
DEBUG:netmiko:read_channel: 
DEBUG:netmiko:read_channel: 
DEBUG:netmiko:read_channel: 
DEBUG:netmiko:read_channel: 
DEBUG:netmiko:read_channel: 
DEBUG:netmiko:read_channel: 
DEBUG:netmiko:read_channel: 
DEBUG:netmiko:read_channel: 
DEBUG:netmiko:read_channel: 
DEBUG:netmiko:read_channel: 
DEBUG:netmiko:read_channel: 
DEBUG:netmiko:read_channel: 
DEBUG:netmiko:read_channel: 
DEBUG:netmiko:read_channel: 
DEBUG:netmiko:read_channel: 
DEBUG:netmiko:read_channel: 
DEBUG:netmiko:read_channel: 
DEBUG:netmiko:read_channel: 
DEBUG:netmiko:read_channel: 
DEBUG:netmiko:read_channel: 
DEBUG:netmiko:read_channel: 
DEBUG:netmiko:read_channel: 
DEBUG:netmiko:read_channel: 
DEBUG:netmiko:read_channel: 
DEBUG:netmiko:read_channel: 
DEBUG:netmiko:read_channel: 
DEBUG:netmiko:read_channel: 
DEBUG:netmiko:read_channel: 
DEBUG:netmiko:read_channel: 
DEBUG:netmiko:read_channel: 
DEBUG:netmiko:read_channel: 
DEBUG:netmiko:read_channel: 
DEBUG:netmiko:read_channel: 
DEBUG:netmiko:read_channel: 
DEBUG:netmiko:read_channel: 
DEBUG:netmiko:read_channel: 
DEBUG:netmiko:read_channel: 
DEBUG:netmiko:read_channel: 
DEBUG:netmiko:read_channel: 
DEBUG:netmiko:read_channel: 
DEBUG:netmiko:read_channel: 
DEBUG:netmiko:read_channel: 
DEBUG:netmiko:read_channel: 
DEBUG:netmiko:read_channel: 
DEBUG:paramiko.transport:starting thread (client mode): 0xdd1f5110
DEBUG:paramiko.transport:Local version/idstring: SSH-2.0-paramiko_3.1.0
DEBUG:paramiko.transport:Remote version/idstring: SSH-2.0-Cisco-1.25
INFO:paramiko.transport:Connected (version 2.0, client Cisco-1.25)
DEBUG:paramiko.transport:=== Key exchange possibilities ===
DEBUG:paramiko.transport:kex algos: diffie-hellman-group-exchange-sha1, diffie-hellman-group14-sha1, diffie-hellman-group1-sha1
DEBUG:paramiko.transport:server key: ssh-rsa
DEBUG:paramiko.transport:client encrypt: aes128-cbc, 3des-cbc, aes192-cbc, aes256-cbc
DEBUG:paramiko.transport:server encrypt: aes128-cbc, 3des-cbc, aes192-cbc, aes256-cbc
DEBUG:paramiko.transport:client mac: hmac-sha1, hmac-sha1-96, hmac-md5, hmac-md5-96
DEBUG:paramiko.transport:server mac: hmac-sha1, hmac-sha1-96, hmac-md5, hmac-md5-96
DEBUG:paramiko.transport:client compress: none
DEBUG:paramiko.transport:server compress: none
DEBUG:paramiko.transport:client lang: <none>
DEBUG:paramiko.transport:server lang: <none>
DEBUG:paramiko.transport:kex follows: False
DEBUG:paramiko.transport:=== Key exchange agreements ===
DEBUG:paramiko.transport:Kex: diffie-hellman-group-exchange-sha1
DEBUG:paramiko.transport:HostKey: ssh-rsa
DEBUG:paramiko.transport:Cipher: aes128-cbc
DEBUG:paramiko.transport:MAC: hmac-sha1
DEBUG:paramiko.transport:Compression: none
DEBUG:paramiko.transport:=== End of kex handshake ===
DEBUG:paramiko.transport:Got server p (2048 bits)
DEBUG:paramiko.transport:kex engine KexGex specified hash_algo <built-in function openssl_sha1>
DEBUG:paramiko.transport:Switch to new keys ...
DEBUG:paramiko.transport:Adding ssh-rsa host key for 22.1.1.3: b'43dbc13c02cd179ed57518fa8ac85d41'
DEBUG:paramiko.transport:userauth is OK
INFO:paramiko.transport:Authentication (password) successful!
DEBUG:paramiko.transport:[chan 0] Max packet in: 32768 bytes
DEBUG:paramiko.transport:[chan 0] Max packet out: 4096 bytes
DEBUG:paramiko.transport:Secsh channel 0 opened.
DEBUG:paramiko.transport:[chan 0] Sesch channel 0 request ok
DEBUG:paramiko.transport:[chan 0] Sesch channel 0 request ok
DEBUG:netmiko:write_channel: b'\n'
DEBUG:netmiko:write_channel: b'terminal width 511\n'
DEBUG:netmiko:read_channel: 
3swalex>
3swalex>
DEBUG:netmiko:read_channel: te
DEBUG:netmiko:read_channel: rmi
DEBUG:netmiko:read_channel: na
DEBUG:netmiko:read_channel: l w
DEBUG:netmiko:read_channel: idt
DEBUG:netmiko:read_channel: h 
DEBUG:netmiko:read_channel: 511

DEBUG:netmiko:Pattern found: (terminal width 511) 
3swalex>
3swalex>terminal width 511
DEBUG:netmiko:In disable_paging
DEBUG:netmiko:Command: terminal length 0

DEBUG:netmiko:write_channel: b'terminal length 0\n'
DEBUG:netmiko:read_channel: 
DEBUG:netmiko:read_channel: 3swalex>
DEBUG:netmiko:read_channel: term
DEBUG:netmiko:read_channel: ina
DEBUG:netmiko:read_channel: l l
DEBUG:netmiko:read_channel: en
DEBUG:netmiko:read_channel: gth 
DEBUG:netmiko:read_channel: 0
3swalex>
DEBUG:netmiko:Pattern found: (terminal\ length\ 0) 
3swalex>terminal length 0
DEBUG:netmiko:
3swalex>terminal length 0
DEBUG:netmiko:Exiting disable_paging
DEBUG:netmiko:read_channel: 
DEBUG:netmiko:Clear buffer detects data in the channel
DEBUG:netmiko:read_channel: 
DEBUG:netmiko:write_channel: b'\n'
DEBUG:netmiko:read_channel: 
DEBUG:netmiko:read_channel: 
3swalex>
DEBUG:netmiko:Pattern found: (\#|>) 
3swalex>
DEBUG:netmiko:read_channel: 
DEBUG:netmiko:[find_prompt()]: prompt is 3swalex>
DEBUG:netmiko:read_channel: 
DEBUG:netmiko:write_channel: b'\n'
DEBUG:netmiko:read_channel: 
3swalex>
DEBUG:netmiko:read_channel: 
DEBUG:netmiko:[find_prompt()]: prompt is 3swalex>
DEBUG:netmiko:write_channel: b'\n'
DEBUG:netmiko:read_channel: 
DEBUG:netmiko:read_channel: 
3swalex>
DEBUG:netmiko:Pattern found: (3swalex.*) 
3swalex>
DEBUG:netmiko:write_channel: b'enable\n'
DEBUG:netmiko:read_channel: 
DEBUG:netmiko:read_channel: e
DEBUG:netmiko:read_channel: na
DEBUG:netmiko:read_channel: ble

DEBUG:netmiko:Pattern found: (enable) enable
DEBUG:netmiko:read_channel: Password: 
DEBUG:netmiko:Pattern found: ((?:3swalex|ssword)) 
Password
DEBUG:netmiko:write_channel: b'********\n'
DEBUG:netmiko:read_channel: 
DEBUG:netmiko:read_channel: 
DEBUG:netmiko:read_channel: 
DEBUG:netmiko:read_channel: 
3swalex#
DEBUG:netmiko:Pattern found: (3swalex) : 
3swalex
DEBUG:netmiko:write_channel: b'\n'
DEBUG:netmiko:read_channel: 
DEBUG:netmiko:read_channel: 

DEBUG:netmiko:read_channel: 3swalex#
DEBUG:netmiko:Pattern found: (3swalex.*) #
3swalex#
DEBUG:netmiko:write_channel: b'conf t\n'
DEBUG:netmiko:read_channel: conf t
Enter configuration commands, one per line.  End with CNTL/Z.
3swalex(config)#
DEBUG:netmiko:read_channel: 
DEBUG:netmiko:read_channel: 
DEBUG:netmiko:write_channel: b'ip route 0.0.0.0 255.255.255.255 10.1.1.2\n'
DEBUG:netmiko:read_channel: ip route 0.0.0.0 255.255.25
DEBUG:netmiko:read_channel: 5.255 10.1.1.2
3swalex(config)#
DEBUG:netmiko:read_channel: 
DEBUG:netmiko:read_channel: 
DEBUG:netmiko:read_channel: 
DEBUG:netmiko:write_channel: b'\n'
DEBUG:netmiko:read_channel: 
3swalex(config)#
DEBUG:netmiko:read_channel: 
DEBUG:netmiko:[find_prompt()]: prompt is 3swalex(config)#
DEBUG:netmiko:write_channel: b'sppaning-tree vlan 10 root primary\n'
DEBUG:netmiko:read_channel: sppaning-tree vlan 10 r
DEBUG:netmiko:read_channel: oot primary
                  ^
% Invalid input detected at '^' marker.

3swalex(config)#
DEBUG:netmiko:read_channel: 
DEBUG:netmiko:read_channel: 
DEBUG:netmiko:read_channel: 
DEBUG:netmiko:write_channel: b'\n'
DEBUG:netmiko:read_channel: 
3swalex(config)#
DEBUG:netmiko:read_channel: 
DEBUG:netmiko:[find_prompt()]: prompt is 3swalex(config)#
DEBUG:netmiko:write_channel: b'int vlan 10\n'
DEBUG:netmiko:read_channel: 
DEBUG:netmiko:read_channel: in
DEBUG:netmiko:read_channel: t v
DEBUG:netmiko:read_channel: lan 
DEBUG:netmiko:read_channel: 10

DEBUG:netmiko:Pattern found: (int\ vlan\ 10) int vlan 10
DEBUG:netmiko:read_channel: 3swalex(config-if)#
DEBUG:netmiko:read_channel: 
DEBUG:netmiko:read_channel: 
DEBUG:netmiko:read_channel: 
DEBUG:netmiko:read_channel: 
DEBUG:netmiko:read_channel: 
DEBUG:netmiko:read_channel: 
DEBUG:netmiko:read_channel: 
DEBUG:netmiko:read_channel: 
DEBUG:netmiko:read_channel: 
DEBUG:netmiko:read_channel: 
DEBUG:netmiko:read_channel: 
DEBUG:netmiko:read_channel: 
DEBUG:netmiko:read_channel: 
DEBUG:netmiko:read_channel: 
DEBUG:netmiko:read_channel: 
DEBUG:netmiko:read_channel: 
DEBUG:netmiko:read_channel: 
DEBUG:netmiko:read_channel: 
DEBUG:netmiko:read_channel: 
DEBUG:netmiko:read_channel: 
DEBUG:netmiko:read_channel: 
DEBUG:netmiko:read_channel: 
DEBUG:netmiko:read_channel: 
DEBUG:netmiko:read_channel: 
DEBUG:netmiko:read_channel: 
DEBUG:netmiko:read_channel: 
DEBUG:netmiko:read_channel: 
DEBUG:netmiko:read_channel: 
DEBUG:netmiko:read_channel: 
DEBUG:netmiko:read_channel: 
DEBUG:netmiko:read_channel: 
DEBUG:netmiko:read_channel: 
DEBUG:netmiko:read_channel: 
DEBUG:netmiko:read_channel: 
DEBUG:netmiko:read_channel: 
DEBUG:netmiko:read_channel: 
DEBUG:netmiko:read_channel: 
DEBUG:netmiko:read_channel: 
DEBUG:netmiko:read_channel: 
DEBUG:netmiko:read_channel: 
DEBUG:netmiko:read_channel: 
DEBUG:netmiko:read_channel: 
DEBUG:netmiko:read_channel: 
DEBUG:netmiko:read_channel: 
DEBUG:netmiko:read_channel: 
DEBUG:netmiko:read_channel: 
DEBUG:netmiko:read_channel: 
DEBUG:netmiko:read_channel: 
DEBUG:netmiko:read_channel: 
DEBUG:netmiko:read_channel: 
DEBUG:netmiko:read_channel: 
DEBUG:netmiko:read_channel: 
DEBUG:netmiko:read_channel: 
DEBUG:netmiko:read_channel: 
DEBUG:netmiko:read_channel: 
DEBUG:netmiko:read_channel: 
DEBUG:netmiko:read_channel: 
DEBUG:netmiko:read_channel: 
DEBUG:netmiko:read_channel: 
DEBUG:netmiko:read_channel: 
DEBUG:netmiko:read_channel: 
DEBUG:netmiko:read_channel: 
DEBUG:netmiko:read_channel: 
DEBUG:netmiko:read_channel: 
DEBUG:netmiko:read_channel: 
DEBUG:netmiko:read_channel: 
DEBUG:netmiko:read_channel: 
DEBUG:netmiko:read_channel: 
DEBUG:netmiko:read_channel: 
DEBUG:netmiko:read_channel: 
DEBUG:netmiko:read_channel: 
DEBUG:netmiko:read_channel: 
DEBUG:netmiko:read_channel: 
DEBUG:netmiko:read_channel: 
DEBUG:netmiko:read_channel: 
DEBUG:netmiko:read_channel: 
DEBUG:netmiko:read_channel: 
DEBUG:netmiko:read_channel: 
DEBUG:netmiko:read_channel: 
DEBUG:netmiko:read_channel: 
DEBUG:netmiko:read_channel: 
DEBUG:netmiko:read_channel: 
DEBUG:netmiko:read_channel: 
DEBUG:netmiko:read_channel: 
DEBUG:netmiko:read_channel: 
DEBUG:netmiko:read_channel: 
DEBUG:netmiko:read_channel: 
DEBUG:netmiko:read_channel: 
DEBUG:netmiko:read_channel: 
DEBUG:netmiko:read_channel: 
DEBUG:netmiko:read_channel: 
DEBUG:netmiko:read_channel: 
DEBUG:netmiko:read_channel: 
DEBUG:netmiko:read_channel: 
DEBUG:netmiko:read_channel: 
DEBUG:netmiko:read_channel: 
DEBUG:netmiko:read_channel: 
DEBUG:netmiko:read_channel: 
DEBUG:netmiko:read_channel: 
DEBUG:netmiko:read_channel: 
DEBUG:netmiko:read_channel: 
DEBUG:netmiko:read_channel: 
DEBUG:netmiko:read_channel: 
DEBUG:netmiko:read_channel: 
DEBUG:netmiko:read_channel: 
DEBUG:netmiko:read_channel: 
DEBUG:netmiko:read_channel: 
DEBUG:netmiko:read_channel: 
DEBUG:netmiko:read_channel: 
DEBUG:netmiko:read_channel: 
DEBUG:netmiko:read_channel: 
DEBUG:netmiko:read_channel: 
DEBUG:netmiko:read_channel: 
DEBUG:netmiko:read_channel: 
DEBUG:netmiko:read_channel: 
DEBUG:netmiko:read_channel: 
DEBUG:netmiko:read_channel: 
DEBUG:netmiko:read_channel: 
DEBUG:netmiko:read_channel: 
DEBUG:netmiko:read_channel: 
DEBUG:netmiko:read_channel: 
DEBUG:netmiko:read_channel: 
DEBUG:netmiko:read_channel: 
DEBUG:netmiko:read_channel: 
DEBUG:netmiko:read_channel: 
DEBUG:netmiko:read_channel: 
DEBUG:netmiko:read_channel: 
DEBUG:netmiko:read_channel: 
DEBUG:netmiko:read_channel: 
DEBUG:netmiko:read_channel: 
DEBUG:netmiko:read_channel: 
DEBUG:netmiko:read_channel: 
DEBUG:netmiko:read_channel: 
DEBUG:netmiko:read_channel: 
DEBUG:netmiko:read_channel: 
DEBUG:netmiko:read_channel: 
DEBUG:netmiko:read_channel: 
DEBUG:netmiko:read_channel: 
DEBUG:netmiko:read_channel: 
DEBUG:netmiko:read_channel: 
DEBUG:netmiko:read_channel: 
DEBUG:netmiko:read_channel: 
DEBUG:netmiko:read_channel: 
DEBUG:netmiko:read_channel: 
DEBUG:netmiko:read_channel: 
DEBUG:netmiko:read_channel: 
DEBUG:netmiko:read_channel: 
DEBUG:netmiko:read_channel: 
DEBUG:netmiko:read_channel: 
DEBUG:netmiko:read_channel: 
DEBUG:netmiko:read_channel: 
DEBUG:netmiko:read_channel: 
DEBUG:netmiko:read_channel: 
DEBUG:netmiko:read_channel: 
DEBUG:netmiko:read_channel: 
DEBUG:netmiko:read_channel: 
DEBUG:netmiko:read_channel: 
DEBUG:netmiko:read_channel: 
DEBUG:netmiko:read_channel: 
DEBUG:netmiko:read_channel: 
DEBUG:netmiko:read_channel: 
DEBUG:netmiko:read_channel: 
DEBUG:netmiko:read_channel: 
DEBUG:netmiko:read_channel: 
DEBUG:netmiko:read_channel: 
DEBUG:netmiko:read_channel: 
DEBUG:netmiko:read_channel: 
DEBUG:netmiko:read_channel: 
DEBUG:netmiko:read_channel: 
DEBUG:netmiko:read_channel: 
DEBUG:netmiko:read_channel: 
DEBUG:netmiko:read_channel: 
DEBUG:netmiko:read_channel: 
DEBUG:netmiko:read_channel: 
DEBUG:netmiko:read_channel: 
DEBUG:netmiko:read_channel: 
DEBUG:netmiko:read_channel: 
DEBUG:netmiko:read_channel: 
DEBUG:netmiko:read_channel: 
DEBUG:netmiko:read_channel: 
DEBUG:netmiko:read_channel: 
DEBUG:netmiko:read_channel: 
DEBUG:netmiko:read_channel: 
DEBUG:netmiko:read_channel: 
DEBUG:netmiko:read_channel: 
DEBUG:netmiko:read_channel: 
DEBUG:netmiko:read_channel: 
DEBUG:netmiko:read_channel: 
DEBUG:netmiko:read_channel: 
DEBUG:netmiko:read_channel: 
DEBUG:netmiko:read_channel: 
DEBUG:netmiko:read_channel: 
DEBUG:netmiko:read_channel: 
DEBUG:netmiko:read_channel: 
DEBUG:netmiko:read_channel: 
DEBUG:netmiko:read_channel: 
DEBUG:netmiko:read_channel: 
DEBUG:netmiko:read_channel: 
DEBUG:netmiko:read_channel: 
DEBUG:netmiko:read_channel: 
DEBUG:netmiko:read_channel: 
DEBUG:netmiko:read_channel: 
DEBUG:netmiko:read_channel: 
DEBUG:netmiko:read_channel: 
DEBUG:netmiko:read_channel: 
DEBUG:netmiko:read_channel: 
DEBUG:netmiko:read_channel: 
DEBUG:netmiko:read_channel: 
DEBUG:netmiko:read_channel: 
DEBUG:netmiko:read_channel: 
DEBUG:netmiko:read_channel: 
DEBUG:netmiko:read_channel: 
DEBUG:netmiko:read_channel: 
DEBUG:netmiko:read_channel: 
DEBUG:netmiko:read_channel: 
DEBUG:netmiko:read_channel: 
DEBUG:netmiko:read_channel: 
DEBUG:netmiko:read_channel: 
DEBUG:netmiko:read_channel: 
DEBUG:netmiko:read_channel: 
DEBUG:netmiko:read_channel: 
DEBUG:netmiko:read_channel: 
DEBUG:netmiko:read_channel: 
DEBUG:netmiko:read_channel: 
DEBUG:netmiko:read_channel: 
DEBUG:netmiko:read_channel: 
DEBUG:netmiko:read_channel: 
DEBUG:netmiko:read_channel: 
DEBUG:netmiko:read_channel: 
DEBUG:netmiko:read_channel: 
DEBUG:netmiko:read_channel: 
DEBUG:netmiko:read_channel: 
DEBUG:netmiko:read_channel: 
DEBUG:netmiko:read_channel: 
DEBUG:netmiko:read_channel: 
DEBUG:netmiko:read_channel: 
DEBUG:netmiko:read_channel: 
DEBUG:netmiko:read_channel: 
DEBUG:netmiko:read_channel: 
DEBUG:netmiko:read_channel: 
DEBUG:netmiko:read_channel: 
DEBUG:netmiko:read_channel: 
DEBUG:netmiko:read_channel: 
DEBUG:netmiko:read_channel: 
DEBUG:netmiko:read_channel: 
DEBUG:netmiko:read_channel: 
DEBUG:netmiko:read_channel: 
DEBUG:netmiko:read_channel: 
DEBUG:netmiko:read_channel: 
DEBUG:netmiko:read_channel: 
DEBUG:netmiko:read_channel: 
DEBUG:netmiko:read_channel: 
DEBUG:netmiko:read_channel: 
DEBUG:netmiko:read_channel: 
DEBUG:netmiko:read_channel: 
DEBUG:netmiko:read_channel: 
DEBUG:netmiko:read_channel: 
DEBUG:netmiko:read_channel: 
DEBUG:netmiko:read_channel: 
DEBUG:netmiko:read_channel: 
DEBUG:netmiko:read_channel: 
DEBUG:netmiko:read_channel: 
DEBUG:netmiko:read_channel: 
DEBUG:netmiko:read_channel: 
DEBUG:netmiko:read_channel: 
DEBUG:netmiko:read_channel: 
DEBUG:netmiko:read_channel: 
DEBUG:netmiko:read_channel: 
DEBUG:netmiko:read_channel: 
DEBUG:netmiko:read_channel: 
DEBUG:netmiko:read_channel: 
DEBUG:netmiko:read_channel: 
DEBUG:netmiko:read_channel: 
DEBUG:netmiko:read_channel: 
DEBUG:netmiko:read_channel: 
DEBUG:netmiko:read_channel: 
DEBUG:netmiko:read_channel: 
DEBUG:netmiko:read_channel: 
DEBUG:netmiko:read_channel: 
DEBUG:netmiko:read_channel: 
DEBUG:netmiko:read_channel: 
DEBUG:netmiko:read_channel: 
DEBUG:netmiko:read_channel: 
DEBUG:netmiko:read_channel: 
DEBUG:netmiko:read_channel: 
DEBUG:netmiko:read_channel: 
DEBUG:netmiko:read_channel: 
DEBUG:netmiko:read_channel: 
DEBUG:netmiko:read_channel: 
DEBUG:netmiko:read_channel: 
DEBUG:netmiko:read_channel: 
DEBUG:netmiko:read_channel: 
DEBUG:netmiko:read_channel: 
DEBUG:netmiko:read_channel: 
DEBUG:netmiko:read_channel: 
DEBUG:paramiko.transport:starting thread (client mode): 0x7be5d290
DEBUG:paramiko.transport:Local version/idstring: SSH-2.0-paramiko_3.1.0
DEBUG:paramiko.transport:Remote version/idstring: SSH-2.0-Cisco-1.25
INFO:paramiko.transport:Connected (version 2.0, client Cisco-1.25)
DEBUG:paramiko.transport:=== Key exchange possibilities ===
DEBUG:paramiko.transport:kex algos: diffie-hellman-group-exchange-sha1, diffie-hellman-group14-sha1, diffie-hellman-group1-sha1
DEBUG:paramiko.transport:server key: ssh-rsa
DEBUG:paramiko.transport:client encrypt: aes128-cbc, 3des-cbc, aes192-cbc, aes256-cbc
DEBUG:paramiko.transport:server encrypt: aes128-cbc, 3des-cbc, aes192-cbc, aes256-cbc
DEBUG:paramiko.transport:client mac: hmac-sha1, hmac-sha1-96, hmac-md5, hmac-md5-96
DEBUG:paramiko.transport:server mac: hmac-sha1, hmac-sha1-96, hmac-md5, hmac-md5-96
DEBUG:paramiko.transport:client compress: none
DEBUG:paramiko.transport:server compress: none
DEBUG:paramiko.transport:client lang: <none>
DEBUG:paramiko.transport:server lang: <none>
DEBUG:paramiko.transport:kex follows: False
DEBUG:paramiko.transport:=== Key exchange agreements ===
DEBUG:paramiko.transport:Kex: diffie-hellman-group-exchange-sha1
DEBUG:paramiko.transport:HostKey: ssh-rsa
DEBUG:paramiko.transport:Cipher: aes128-cbc
DEBUG:paramiko.transport:MAC: hmac-sha1
DEBUG:paramiko.transport:Compression: none
DEBUG:paramiko.transport:=== End of kex handshake ===
DEBUG:paramiko.transport:Got server p (2048 bits)
DEBUG:paramiko.transport:kex engine KexGex specified hash_algo <built-in function openssl_sha1>
DEBUG:paramiko.transport:Switch to new keys ...
DEBUG:paramiko.transport:Adding ssh-rsa host key for 22.1.1.3: b'43dbc13c02cd179ed57518fa8ac85d41'
DEBUG:paramiko.transport:userauth is OK
INFO:paramiko.transport:Authentication (password) successful!
DEBUG:paramiko.transport:[chan 0] Max packet in: 32768 bytes
DEBUG:paramiko.transport:[chan 0] Max packet out: 4096 bytes
DEBUG:paramiko.transport:Secsh channel 0 opened.
DEBUG:paramiko.transport:[chan 0] Sesch channel 0 request ok
DEBUG:paramiko.transport:[chan 0] Sesch channel 0 request ok
DEBUG:netmiko:write_channel: b'\n'
DEBUG:netmiko:write_channel: b'terminal width 511\n'
DEBUG:netmiko:read_channel: 
3swalex>
3swalex>
DEBUG:netmiko:read_channel: ter
DEBUG:netmiko:read_channel: min
DEBUG:netmiko:read_channel: al 
DEBUG:netmiko:read_channel: wi
DEBUG:netmiko:read_channel: dth 
DEBUG:netmiko:read_channel: 51
DEBUG:netmiko:read_channel: 1
3swalex>
DEBUG:netmiko:Pattern found: (terminal width 511) 
3swalex>
3swalex>terminal width 511
DEBUG:netmiko:In disable_paging
DEBUG:netmiko:Command: terminal length 0

DEBUG:netmiko:write_channel: b'terminal length 0\n'
DEBUG:netmiko:read_channel: 
DEBUG:netmiko:read_channel: te
DEBUG:netmiko:read_channel: rmi
DEBUG:netmiko:read_channel: nal
DEBUG:netmiko:read_channel:  le
DEBUG:netmiko:read_channel: ng
DEBUG:netmiko:read_channel: th 
DEBUG:netmiko:read_channel: 0
3swalex>
DEBUG:netmiko:Pattern found: (terminal\ length\ 0) 
3swalex>terminal length 0
DEBUG:netmiko:
3swalex>terminal length 0
DEBUG:netmiko:Exiting disable_paging
DEBUG:netmiko:read_channel: 
DEBUG:netmiko:Clear buffer detects data in the channel
DEBUG:netmiko:read_channel: 
DEBUG:netmiko:write_channel: b'\n'
DEBUG:netmiko:read_channel: 
DEBUG:netmiko:read_channel: 

DEBUG:netmiko:read_channel: 3swalex>
DEBUG:netmiko:Pattern found: (\#|>) 
3swalex>
DEBUG:netmiko:read_channel: 
DEBUG:netmiko:[find_prompt()]: prompt is 3swalex>
DEBUG:netmiko:read_channel: 
DEBUG:netmiko:write_channel: b'\n'
DEBUG:netmiko:read_channel: 
3swalex>
DEBUG:netmiko:read_channel: 
DEBUG:netmiko:[find_prompt()]: prompt is 3swalex>
DEBUG:netmiko:write_channel: b'\n'
DEBUG:netmiko:read_channel: 
DEBUG:netmiko:read_channel: 

DEBUG:netmiko:read_channel: 3swalex>
DEBUG:netmiko:Pattern found: (3swalex.*) 
3swalex>
DEBUG:netmiko:write_channel: b'enable\n'
DEBUG:netmiko:read_channel: 
DEBUG:netmiko:read_channel: 
DEBUG:netmiko:read_channel: en
DEBUG:netmiko:read_channel: abl
DEBUG:netmiko:read_channel: e
Password: 
DEBUG:netmiko:Pattern found: (enable) enable
DEBUG:netmiko:read_channel: 
DEBUG:netmiko:Pattern found: ((?:3swalex|ssword)) 
Password
DEBUG:netmiko:write_channel: b'********\n'
DEBUG:netmiko:read_channel: 
DEBUG:netmiko:read_channel: 
DEBUG:netmiko:read_channel: 
DEBUG:netmiko:read_channel: 
3swalex#
DEBUG:netmiko:Pattern found: (3swalex) : 
3swalex
DEBUG:netmiko:write_channel: b'\n'
DEBUG:netmiko:read_channel: 
DEBUG:netmiko:read_channel: 

DEBUG:netmiko:read_channel: 3swalex#
DEBUG:netmiko:Pattern found: (3swalex.*) #
3swalex#
DEBUG:netmiko:write_channel: b'conf t\n'
DEBUG:netmiko:read_channel: conf t
Enter configuration commands, one per line.  End with CNTL/Z.
3swalex(config)#
DEBUG:netmiko:read_channel: 
DEBUG:netmiko:read_channel: 
DEBUG:netmiko:write_channel: b'ip route 0.0.0.0 255.255.255.255 10.1.1.2\n'
DEBUG:netmiko:read_channel: ip route 0.0.0.0 255.25
DEBUG:netmiko:read_channel: 5.255.255 10.1.1.2
3swalex(config)#
DEBUG:netmiko:read_channel: 
DEBUG:netmiko:read_channel: 
DEBUG:netmiko:read_channel: 
DEBUG:netmiko:write_channel: b'\n'
DEBUG:netmiko:read_channel: 
3swalex(config)#
DEBUG:netmiko:read_channel: 
DEBUG:netmiko:[find_prompt()]: prompt is 3swalex(config)#
DEBUG:netmiko:write_channel: b'sppaning-tree vlan 10 root primary\n'
DEBUG:netmiko:read_channel: sppaning-tree vlan 10 
DEBUG:netmiko:read_channel: root primary
                  ^
% Invalid input detected at '^' marker.

3swalex(config)#
DEBUG:netmiko:read_channel: 
DEBUG:netmiko:read_channel: 
DEBUG:netmiko:read_channel: 
DEBUG:netmiko:write_channel: b'\n'
DEBUG:netmiko:read_channel: 
3swalex(config)#
DEBUG:netmiko:read_channel: 
DEBUG:netmiko:[find_prompt()]: prompt is 3swalex(config)#
DEBUG:netmiko:write_channel: b'int vlan 10\n'
DEBUG:netmiko:read_channel: 
DEBUG:netmiko:read_channel: in
DEBUG:netmiko:read_channel: t v
DEBUG:netmiko:read_channel: lan
DEBUG:netmiko:read_channel:  10
DEBUG:netmiko:Pattern found: (int\ vlan\ 10) int vlan 10
DEBUG:netmiko:read_channel: 
3swalex(config-if)#
DEBUG:netmiko:read_channel: 
DEBUG:netmiko:read_channel: 
DEBUG:netmiko:read_channel: 
DEBUG:netmiko:read_channel: 
DEBUG:netmiko:read_channel: 
DEBUG:netmiko:read_channel: 
DEBUG:netmiko:read_channel: 
DEBUG:netmiko:read_channel: 
DEBUG:netmiko:read_channel: 
DEBUG:netmiko:read_channel: 
DEBUG:netmiko:read_channel: 
DEBUG:netmiko:read_channel: 
DEBUG:netmiko:read_channel: 
DEBUG:netmiko:read_channel: 
DEBUG:netmiko:read_channel: 
DEBUG:netmiko:read_channel: 
DEBUG:netmiko:read_channel: 
DEBUG:netmiko:read_channel: 
DEBUG:netmiko:read_channel: 
DEBUG:netmiko:read_channel: 
DEBUG:netmiko:read_channel: 
DEBUG:netmiko:read_channel: 
DEBUG:netmiko:read_channel: 
DEBUG:netmiko:read_channel: 
DEBUG:netmiko:read_channel: 
DEBUG:netmiko:read_channel: 
DEBUG:netmiko:read_channel: 
DEBUG:netmiko:read_channel: 
DEBUG:netmiko:read_channel: 
DEBUG:netmiko:read_channel: 
DEBUG:netmiko:read_channel: 
DEBUG:netmiko:read_channel: 
DEBUG:netmiko:read_channel: 
DEBUG:netmiko:read_channel: 
DEBUG:netmiko:read_channel: 
DEBUG:netmiko:read_channel: 
DEBUG:netmiko:read_channel: 
DEBUG:netmiko:read_channel: 
DEBUG:netmiko:read_channel: 
DEBUG:netmiko:read_channel: 
DEBUG:netmiko:read_channel: 
DEBUG:netmiko:read_channel: 
DEBUG:netmiko:read_channel: 
DEBUG:netmiko:read_channel: 
DEBUG:netmiko:read_channel: 
DEBUG:netmiko:read_channel: 
DEBUG:netmiko:read_channel: 
DEBUG:netmiko:read_channel: 
DEBUG:netmiko:read_channel: 
DEBUG:netmiko:read_channel: 
DEBUG:netmiko:read_channel: 
DEBUG:netmiko:read_channel: 
DEBUG:netmiko:read_channel: 
DEBUG:netmiko:read_channel: 
DEBUG:netmiko:read_channel: 
DEBUG:netmiko:read_channel: 
DEBUG:netmiko:read_channel: 
DEBUG:netmiko:read_channel: 
DEBUG:netmiko:read_channel: 
DEBUG:netmiko:read_channel: 
DEBUG:netmiko:read_channel: 
DEBUG:netmiko:read_channel: 
DEBUG:netmiko:read_channel: 
DEBUG:netmiko:read_channel: 
DEBUG:netmiko:read_channel: 
DEBUG:netmiko:read_channel: 
DEBUG:netmiko:read_channel: 
DEBUG:netmiko:read_channel: 
DEBUG:netmiko:read_channel: 
DEBUG:netmiko:read_channel: 
DEBUG:netmiko:read_channel: 
DEBUG:netmiko:read_channel: 
DEBUG:netmiko:read_channel: 
DEBUG:netmiko:read_channel: 
DEBUG:netmiko:read_channel: 
DEBUG:netmiko:read_channel: 
DEBUG:netmiko:read_channel: 
DEBUG:netmiko:read_channel: 
DEBUG:netmiko:read_channel: 
DEBUG:netmiko:read_channel: 
DEBUG:netmiko:read_channel: 
DEBUG:netmiko:read_channel: 
DEBUG:netmiko:read_channel: 
DEBUG:netmiko:read_channel: 
DEBUG:netmiko:read_channel: 
DEBUG:netmiko:read_channel: 
DEBUG:netmiko:read_channel: 
DEBUG:netmiko:read_channel: 
DEBUG:netmiko:read_channel: 
DEBUG:netmiko:read_channel: 
DEBUG:netmiko:read_channel: 
DEBUG:netmiko:read_channel: 
DEBUG:netmiko:read_channel: 
DEBUG:netmiko:read_channel: 
DEBUG:netmiko:read_channel: 
DEBUG:netmiko:read_channel: 
DEBUG:netmiko:read_channel: 
DEBUG:netmiko:read_channel: 
DEBUG:netmiko:read_channel: 
DEBUG:netmiko:read_channel: 
DEBUG:netmiko:read_channel: 
DEBUG:netmiko:read_channel: 
DEBUG:netmiko:read_channel: 
DEBUG:netmiko:read_channel: 
DEBUG:netmiko:read_channel: 
DEBUG:netmiko:read_channel: 
DEBUG:netmiko:read_channel: 
DEBUG:netmiko:read_channel: 
DEBUG:netmiko:read_channel: 
DEBUG:netmiko:read_channel: 
DEBUG:netmiko:read_channel: 
DEBUG:netmiko:read_channel: 
DEBUG:netmiko:read_channel: 
DEBUG:netmiko:read_channel: 
DEBUG:netmiko:read_channel: 
DEBUG:netmiko:read_channel: 
DEBUG:netmiko:read_channel: 
DEBUG:netmiko:read_channel: 
DEBUG:netmiko:read_channel: 
DEBUG:netmiko:read_channel: 
DEBUG:netmiko:read_channel: 
DEBUG:netmiko:read_channel: 
DEBUG:netmiko:read_channel: 
DEBUG:netmiko:read_channel: 
DEBUG:netmiko:read_channel: 
DEBUG:netmiko:read_channel: 
DEBUG:netmiko:read_channel: 
DEBUG:netmiko:read_channel: 
DEBUG:netmiko:read_channel: 
DEBUG:netmiko:read_channel: 
DEBUG:netmiko:read_channel: 
DEBUG:netmiko:read_channel: 
DEBUG:netmiko:read_channel: 
DEBUG:netmiko:read_channel: 
DEBUG:netmiko:read_channel: 
DEBUG:netmiko:read_channel: 
DEBUG:netmiko:read_channel: 
DEBUG:netmiko:read_channel: 
DEBUG:netmiko:read_channel: 
DEBUG:netmiko:read_channel: 
DEBUG:netmiko:read_channel: 
DEBUG:netmiko:read_channel: 
DEBUG:netmiko:read_channel: 
DEBUG:netmiko:read_channel: 
DEBUG:netmiko:read_channel: 
DEBUG:netmiko:read_channel: 
DEBUG:netmiko:read_channel: 
DEBUG:netmiko:read_channel: 
DEBUG:netmiko:read_channel: 
DEBUG:netmiko:read_channel: 
DEBUG:netmiko:read_channel: 
DEBUG:netmiko:read_channel: 
DEBUG:netmiko:read_channel: 
DEBUG:netmiko:read_channel: 
DEBUG:netmiko:read_channel: 
DEBUG:netmiko:read_channel: 
DEBUG:netmiko:read_channel: 
DEBUG:netmiko:read_channel: 
DEBUG:netmiko:read_channel: 
DEBUG:netmiko:read_channel: 
DEBUG:netmiko:read_channel: 
DEBUG:netmiko:read_channel: 
DEBUG:netmiko:read_channel: 
DEBUG:netmiko:read_channel: 
DEBUG:netmiko:read_channel: 
DEBUG:netmiko:read_channel: 
DEBUG:netmiko:read_channel: 
DEBUG:netmiko:read_channel: 
DEBUG:netmiko:read_channel: 
DEBUG:netmiko:read_channel: 
DEBUG:netmiko:read_channel: 
DEBUG:netmiko:read_channel: 
DEBUG:netmiko:read_channel: 
DEBUG:netmiko:read_channel: 
DEBUG:netmiko:read_channel: 
DEBUG:netmiko:read_channel: 
DEBUG:netmiko:read_channel: 
DEBUG:netmiko:read_channel: 
DEBUG:netmiko:read_channel: 
DEBUG:netmiko:read_channel: 
DEBUG:netmiko:read_channel: 
DEBUG:netmiko:read_channel: 
DEBUG:netmiko:read_channel: 
DEBUG:netmiko:read_channel: 
DEBUG:netmiko:read_channel: 
DEBUG:netmiko:read_channel: 
DEBUG:netmiko:read_channel: 
DEBUG:netmiko:read_channel: 
DEBUG:netmiko:read_channel: 
DEBUG:netmiko:read_channel: 
DEBUG:netmiko:read_channel: 
DEBUG:netmiko:read_channel: 
DEBUG:netmiko:read_channel: 
DEBUG:netmiko:read_channel: 
DEBUG:netmiko:read_channel: 
DEBUG:netmiko:read_channel: 
DEBUG:netmiko:read_channel: 
DEBUG:netmiko:read_channel: 
DEBUG:netmiko:read_channel: 
DEBUG:netmiko:read_channel: 
DEBUG:netmiko:read_channel: 
DEBUG:netmiko:read_channel: 
DEBUG:netmiko:read_channel: 
DEBUG:netmiko:read_channel: 
DEBUG:netmiko:read_channel: 
DEBUG:netmiko:read_channel: 
DEBUG:netmiko:read_channel: 
DEBUG:netmiko:read_channel: 
DEBUG:netmiko:read_channel: 
DEBUG:netmiko:read_channel: 
DEBUG:netmiko:read_channel: 
DEBUG:netmiko:read_channel: 
DEBUG:netmiko:read_channel: 
DEBUG:netmiko:read_channel: 
DEBUG:netmiko:read_channel: 
DEBUG:netmiko:read_channel: 
DEBUG:netmiko:read_channel: 
DEBUG:netmiko:read_channel: 
DEBUG:netmiko:read_channel: 
DEBUG:netmiko:read_channel: 
DEBUG:netmiko:read_channel: 
DEBUG:netmiko:read_channel: 
DEBUG:netmiko:read_channel: 
DEBUG:netmiko:read_channel: 
DEBUG:netmiko:read_channel: 
DEBUG:netmiko:read_channel: 
DEBUG:netmiko:read_channel: 
DEBUG:netmiko:read_channel: 
DEBUG:netmiko:read_channel: 
DEBUG:netmiko:read_channel: 
DEBUG:netmiko:read_channel: 
DEBUG:netmiko:read_channel: 
DEBUG:netmiko:read_channel: 
DEBUG:netmiko:read_channel: 
DEBUG:netmiko:read_channel: 
DEBUG:netmiko:read_channel: 
DEBUG:netmiko:read_channel: 
DEBUG:netmiko:read_channel: 
DEBUG:netmiko:read_channel: 
DEBUG:netmiko:read_channel: 
DEBUG:netmiko:read_channel: 
DEBUG:netmiko:read_channel: 
DEBUG:netmiko:read_channel: 
DEBUG:netmiko:read_channel: 
DEBUG:netmiko:read_channel: 
DEBUG:netmiko:read_channel: 
DEBUG:netmiko:read_channel: 
DEBUG:netmiko:read_channel: 
DEBUG:netmiko:read_channel: 
DEBUG:netmiko:read_channel: 
DEBUG:netmiko:read_channel: 
DEBUG:netmiko:read_channel: 
DEBUG:netmiko:read_channel: 
DEBUG:netmiko:read_channel: 
DEBUG:netmiko:read_channel: 
DEBUG:netmiko:read_channel: 
DEBUG:netmiko:read_channel: 
DEBUG:netmiko:read_channel: 
DEBUG:netmiko:read_channel: 
DEBUG:netmiko:read_channel: 
DEBUG:netmiko:read_channel: 
DEBUG:netmiko:read_channel: 
DEBUG:netmiko:read_channel: 
DEBUG:netmiko:read_channel: 
DEBUG:netmiko:read_channel: 
DEBUG:netmiko:read_channel: 
DEBUG:netmiko:read_channel: 
DEBUG:netmiko:read_channel: 
DEBUG:netmiko:read_channel: 
DEBUG:netmiko:read_channel: 
DEBUG:netmiko:read_channel: 
DEBUG:netmiko:read_channel: 
DEBUG:netmiko:read_channel: 
DEBUG:netmiko:read_channel: 
DEBUG:netmiko:read_channel: 
DEBUG:netmiko:read_channel: 
DEBUG:netmiko:read_channel: 
DEBUG:netmiko:read_channel: 
DEBUG:netmiko:read_channel: 
DEBUG:netmiko:read_channel: 
DEBUG:netmiko:read_channel: 
DEBUG:netmiko:read_channel: 
DEBUG:netmiko:read_channel: 
DEBUG:netmiko:read_channel: 
DEBUG:netmiko:read_channel: 
DEBUG:netmiko:read_channel: 
DEBUG:netmiko:read_channel: 
DEBUG:netmiko:read_channel: 
DEBUG:netmiko:read_channel: 
DEBUG:netmiko:read_channel: 
DEBUG:netmiko:read_channel: 
DEBUG:netmiko:read_channel: 
DEBUG:netmiko:read_channel: 
DEBUG:netmiko:read_channel: 
DEBUG:netmiko:read_channel: 
DEBUG:netmiko:read_channel: 
DEBUG:netmiko:read_channel: 
DEBUG:netmiko:read_channel: 
DEBUG:netmiko:read_channel: 
DEBUG:netmiko:read_channel: 
DEBUG:netmiko:read_channel: 
DEBUG:netmiko:read_channel: 
DEBUG:netmiko:read_channel: 
DEBUG:netmiko:read_channel: 
DEBUG:netmiko:read_channel: 
DEBUG:netmiko:read_channel: 
DEBUG:netmiko:read_channel: 
DEBUG:netmiko:read_channel: 
DEBUG:netmiko:read_channel: 
DEBUG:netmiko:read_channel: 
DEBUG:netmiko:read_channel: 
DEBUG:netmiko:read_channel: 
DEBUG:netmiko:read_channel: 
DEBUG:netmiko:read_channel: 
DEBUG:netmiko:read_channel: 
DEBUG:netmiko:read_channel: 
DEBUG:netmiko:read_channel: 
DEBUG:netmiko:read_channel: 
DEBUG:netmiko:read_channel: 
DEBUG:netmiko:read_channel: 
DEBUG:netmiko:read_channel: 
DEBUG:netmiko:read_channel: 
DEBUG:netmiko:read_channel: 
DEBUG:netmiko:read_channel: 
DEBUG:netmiko:read_channel: 
DEBUG:netmiko:read_channel: 
DEBUG:netmiko:read_channel: 
DEBUG:netmiko:read_channel: 
DEBUG:netmiko:read_channel: 
DEBUG:netmiko:read_channel: 
DEBUG:netmiko:read_channel: 
DEBUG:netmiko:read_channel: 
DEBUG:netmiko:read_channel: 
DEBUG:netmiko:read_channel: 
DEBUG:netmiko:read_channel: 
DEBUG:netmiko:read_channel: 
DEBUG:netmiko:read_channel: 
DEBUG:netmiko:read_channel: 
DEBUG:netmiko:read_channel: 
DEBUG:netmiko:read_channel: 
DEBUG:netmiko:read_channel: 
DEBUG:netmiko:read_channel: 
DEBUG:netmiko:read_channel: 
DEBUG:netmiko:read_channel: 
DEBUG:netmiko:read_channel: 
DEBUG:netmiko:read_channel: 
DEBUG:netmiko:read_channel: 
DEBUG:netmiko:read_channel: 
DEBUG:netmiko:read_channel: 
DEBUG:netmiko:read_channel: 
DEBUG:netmiko:read_channel: 
DEBUG:netmiko:read_channel: 
DEBUG:netmiko:read_channel: 
DEBUG:paramiko.transport:EOF in transport thread
DEBUG:paramiko.transport:starting thread (client mode): 0xa139e6d0
DEBUG:paramiko.transport:Local version/idstring: SSH-2.0-paramiko_3.1.0
DEBUG:paramiko.transport:Remote version/idstring: SSH-2.0-Cisco-1.25
INFO:paramiko.transport:Connected (version 2.0, client Cisco-1.25)
DEBUG:paramiko.transport:=== Key exchange possibilities ===
DEBUG:paramiko.transport:kex algos: diffie-hellman-group-exchange-sha1, diffie-hellman-group14-sha1, diffie-hellman-group1-sha1
DEBUG:paramiko.transport:server key: ssh-rsa
DEBUG:paramiko.transport:client encrypt: aes128-cbc, 3des-cbc, aes192-cbc, aes256-cbc
DEBUG:paramiko.transport:server encrypt: aes128-cbc, 3des-cbc, aes192-cbc, aes256-cbc
DEBUG:paramiko.transport:client mac: hmac-sha1, hmac-sha1-96, hmac-md5, hmac-md5-96
DEBUG:paramiko.transport:server mac: hmac-sha1, hmac-sha1-96, hmac-md5, hmac-md5-96
DEBUG:paramiko.transport:client compress: none
DEBUG:paramiko.transport:server compress: none
DEBUG:paramiko.transport:client lang: <none>
DEBUG:paramiko.transport:server lang: <none>
DEBUG:paramiko.transport:kex follows: False
DEBUG:paramiko.transport:=== Key exchange agreements ===
DEBUG:paramiko.transport:Kex: diffie-hellman-group-exchange-sha1
DEBUG:paramiko.transport:HostKey: ssh-rsa
DEBUG:paramiko.transport:Cipher: aes128-cbc
DEBUG:paramiko.transport:MAC: hmac-sha1
DEBUG:paramiko.transport:Compression: none
DEBUG:paramiko.transport:=== End of kex handshake ===
DEBUG:paramiko.transport:Got server p (2048 bits)
DEBUG:paramiko.transport:kex engine KexGex specified hash_algo <built-in function openssl_sha1>
DEBUG:paramiko.transport:Switch to new keys ...
DEBUG:paramiko.transport:Adding ssh-rsa host key for 22.1.1.3: b'43dbc13c02cd179ed57518fa8ac85d41'
DEBUG:paramiko.transport:userauth is OK
INFO:paramiko.transport:Authentication (password) successful!
DEBUG:paramiko.transport:[chan 0] Max packet in: 32768 bytes
DEBUG:paramiko.transport:[chan 0] Max packet out: 4096 bytes
DEBUG:paramiko.transport:Secsh channel 0 opened.
DEBUG:paramiko.transport:[chan 0] Sesch channel 0 request ok
DEBUG:paramiko.transport:[chan 0] Sesch channel 0 request ok
DEBUG:netmiko:write_channel: b'\n'
DEBUG:netmiko:write_channel: b'terminal width 511\n'
DEBUG:netmiko:read_channel: 
3swalex>
3swalex>
DEBUG:netmiko:read_channel: ter
DEBUG:netmiko:read_channel: mi
DEBUG:netmiko:read_channel: nal 
DEBUG:netmiko:read_channel: wid
DEBUG:netmiko:read_channel: th 
DEBUG:netmiko:read_channel: 511
DEBUG:netmiko:Pattern found: (terminal width 511) 
3swalex>
3swalex>terminal width 511
DEBUG:netmiko:In disable_paging
DEBUG:netmiko:Command: terminal length 0

DEBUG:netmiko:write_channel: b'terminal length 0\n'
DEBUG:netmiko:read_channel: 

DEBUG:netmiko:read_channel: 3swalex>t
DEBUG:netmiko:read_channel: erm
DEBUG:netmiko:read_channel: ina
DEBUG:netmiko:read_channel: l l
DEBUG:netmiko:read_channel: eng
DEBUG:netmiko:read_channel: th 
DEBUG:netmiko:read_channel: 0
3swalex>
DEBUG:netmiko:Pattern found: (terminal\ length\ 0) 
3swalex>terminal length 0
DEBUG:netmiko:
3swalex>terminal length 0
DEBUG:netmiko:Exiting disable_paging
DEBUG:netmiko:read_channel: 
DEBUG:netmiko:Clear buffer detects data in the channel
DEBUG:netmiko:read_channel: 
DEBUG:netmiko:write_channel: b'\n'
DEBUG:netmiko:read_channel: 
DEBUG:netmiko:read_channel: 

DEBUG:netmiko:read_channel: 3swalex>
DEBUG:netmiko:Pattern found: (\#|>) 
3swalex>
DEBUG:netmiko:read_channel: 
DEBUG:netmiko:[find_prompt()]: prompt is 3swalex>
DEBUG:netmiko:read_channel: 
DEBUG:netmiko:write_channel: b'\n'
DEBUG:netmiko:read_channel: 
3swalex>
DEBUG:netmiko:read_channel: 
DEBUG:netmiko:[find_prompt()]: prompt is 3swalex>
DEBUG:netmiko:write_channel: b'\n'
DEBUG:netmiko:read_channel: 
DEBUG:netmiko:read_channel: 

DEBUG:netmiko:read_channel: 3swalex>
DEBUG:netmiko:Pattern found: (3swalex.*) 
3swalex>
DEBUG:netmiko:write_channel: b'enable\n'
DEBUG:netmiko:read_channel: 
DEBUG:netmiko:read_channel: en
DEBUG:netmiko:read_channel: abl
DEBUG:netmiko:read_channel: e
Password: 
DEBUG:netmiko:Pattern found: (enable) enable
DEBUG:netmiko:read_channel: 
DEBUG:netmiko:Pattern found: ((?:3swalex|ssword)) 
Password
DEBUG:netmiko:write_channel: b'********\n'
DEBUG:netmiko:read_channel: 
DEBUG:netmiko:read_channel: 
DEBUG:netmiko:read_channel: 
DEBUG:netmiko:read_channel: 
3swalex#
DEBUG:netmiko:Pattern found: (3swalex) : 
3swalex
DEBUG:netmiko:write_channel: b'\n'
DEBUG:netmiko:read_channel: 
DEBUG:netmiko:read_channel: 

DEBUG:netmiko:read_channel: 3swalex#
DEBUG:netmiko:Pattern found: (3swalex.*) #
3swalex#
DEBUG:netmiko:write_channel: b'conf t\n'
DEBUG:netmiko:read_channel: conf t
Enter configuration commands, one per line.  End with CNTL/Z.
3swalex(config)#
DEBUG:netmiko:read_channel: 
DEBUG:netmiko:read_channel: 
DEBUG:netmiko:write_channel: b'ip route 0.0.0.0 255.255.255.255 10.1.1.2\n'
DEBUG:netmiko:read_channel: ip route 0.0.0.0 255.255.255
DEBUG:netmiko:read_channel: .255 10.1.1.2
3swalex(config)#
DEBUG:netmiko:read_channel: 
DEBUG:netmiko:read_channel: 
DEBUG:netmiko:read_channel: 
DEBUG:netmiko:write_channel: b'\n'
DEBUG:netmiko:read_channel: 
3swalex(config)#
DEBUG:netmiko:read_channel: 
DEBUG:netmiko:[find_prompt()]: prompt is 3swalex(config)#
DEBUG:netmiko:write_channel: b'spanning-tree vlan 10 root primary\n'
DEBUG:netmiko:read_channel: spanning-tree vlan 1
DEBUG:netmiko:read_channel: 0 root primary
3swalex(config)#
DEBUG:netmiko:read_channel: 
DEBUG:netmiko:read_channel: 
DEBUG:netmiko:write_channel: b'int vlan 10\n'
DEBUG:netmiko:read_channel: int vlan 10
3swalex(config-if)#
DEBUG:netmiko:read_channel: 
DEBUG:netmiko:read_channel: 
DEBUG:netmiko:write_channel: b'no shut\n'
DEBUG:netmiko:read_channel: no shut
3swalex(config-if)#
DEBUG:netmiko:read_channel: 
DEBUG:netmiko:read_channel: 
DEBUG:netmiko:write_channel: b'ip address 192.168.10.1\n'
DEBUG:netmiko:read_channel: ip address 192.168.10
DEBUG:netmiko:read_channel: .1
% Incomplete command.

3swalex(config-if)#
DEBUG:netmiko:read_channel: 
DEBUG:netmiko:read_channel: 
DEBUG:netmiko:write_channel: b'ip helper-address 10.1.1.2\n'
DEBUG:netmiko:read_channel: ip helper-address 10.1.
DEBUG:netmiko:read_channel: 1.2
3swalex(config-if)#
DEBUG:netmiko:read_channel: 
DEBUG:netmiko:read_channel: 
DEBUG:netmiko:write_channel: b'standby 10 priorty 150\n'
DEBUG:netmiko:read_channel: standby 10 priorty 150

DEBUG:netmiko:read_channel:                                    ^
% Invalid input detected at '^' marker.

3swalex(config-if)#
DEBUG:netmiko:read_channel: 
DEBUG:netmiko:read_channel: 
DEBUG:netmiko:write_channel: b'standby 10 ip 192.168.10.3\n'
DEBUG:netmiko:read_channel: standby 10 ip 192.168.10
DEBUG:netmiko:read_channel: .3
3swalex(config-if)#
DEBUG:netmiko:read_channel: 
DEBUG:netmiko:read_channel: 
DEBUG:netmiko:write_channel: b'spanning-tree vlan 20 root primary\n'
DEBUG:netmiko:read_channel: spanning-tree vlan 20 roo
DEBUG:netmiko:read_channel: t primary
3swalex(config)#
DEBUG:netmiko:read_channel: 
DEBUG:netmiko:read_channel: 
DEBUG:netmiko:write_channel: b'int vlan 20\n'
DEBUG:netmiko:read_channel: int vlan 20
3swalex(config-if)#
DEBUG:netmiko:read_channel: 
DEBUG:netmiko:read_channel: 
DEBUG:netmiko:write_channel: b'no shut\n'
DEBUG:netmiko:read_channel: no shut
3swalex(config-if)#
DEBUG:netmiko:read_channel: 
DEBUG:netmiko:read_channel: 
DEBUG:netmiko:write_channel: b'ip address 192.168.20.1\n'
DEBUG:netmiko:read_channel: ip address 192.168.20.
DEBUG:netmiko:read_channel: 1
% Incomplete command.

3swalex(config-if)#
DEBUG:netmiko:read_channel: 
DEBUG:paramiko.transport:starting thread (client mode): 0xa8576f90
DEBUG:paramiko.transport:Local version/idstring: SSH-2.0-paramiko_3.1.0
DEBUG:paramiko.transport:Remote version/idstring: SSH-2.0-Cisco-1.25
INFO:paramiko.transport:Connected (version 2.0, client Cisco-1.25)
DEBUG:paramiko.transport:=== Key exchange possibilities ===
DEBUG:paramiko.transport:kex algos: diffie-hellman-group-exchange-sha1, diffie-hellman-group14-sha1, diffie-hellman-group1-sha1
DEBUG:paramiko.transport:server key: ssh-rsa
DEBUG:paramiko.transport:client encrypt: aes128-cbc, 3des-cbc, aes192-cbc, aes256-cbc
DEBUG:paramiko.transport:server encrypt: aes128-cbc, 3des-cbc, aes192-cbc, aes256-cbc
DEBUG:paramiko.transport:client mac: hmac-sha1, hmac-sha1-96, hmac-md5, hmac-md5-96
DEBUG:paramiko.transport:server mac: hmac-sha1, hmac-sha1-96, hmac-md5, hmac-md5-96
DEBUG:paramiko.transport:client compress: none
DEBUG:paramiko.transport:server compress: none
DEBUG:paramiko.transport:client lang: <none>
DEBUG:paramiko.transport:server lang: <none>
DEBUG:paramiko.transport:kex follows: False
DEBUG:paramiko.transport:=== Key exchange agreements ===
DEBUG:paramiko.transport:Kex: diffie-hellman-group-exchange-sha1
DEBUG:paramiko.transport:HostKey: ssh-rsa
DEBUG:paramiko.transport:Cipher: aes128-cbc
DEBUG:paramiko.transport:MAC: hmac-sha1
DEBUG:paramiko.transport:Compression: none
DEBUG:paramiko.transport:=== End of kex handshake ===
DEBUG:paramiko.transport:Got server p (2048 bits)
DEBUG:paramiko.transport:kex engine KexGex specified hash_algo <built-in function openssl_sha1>
DEBUG:paramiko.transport:Switch to new keys ...
DEBUG:paramiko.transport:Adding ssh-rsa host key for 22.1.1.3: b'43dbc13c02cd179ed57518fa8ac85d41'
DEBUG:paramiko.transport:userauth is OK
INFO:paramiko.transport:Authentication (password) successful!
DEBUG:paramiko.transport:[chan 0] Max packet in: 32768 bytes
DEBUG:paramiko.transport:[chan 0] Max packet out: 4096 bytes
DEBUG:paramiko.transport:Secsh channel 0 opened.
DEBUG:paramiko.transport:[chan 0] Sesch channel 0 request ok
DEBUG:paramiko.transport:[chan 0] Sesch channel 0 request ok
DEBUG:netmiko:write_channel: b'\n'
DEBUG:netmiko:write_channel: b'terminal width 511\n'
DEBUG:netmiko:read_channel: 
3swalex>
3swalex>
DEBUG:netmiko:read_channel: ter
DEBUG:netmiko:read_channel: min
DEBUG:netmiko:read_channel: al 
DEBUG:netmiko:read_channel: wid
DEBUG:netmiko:read_channel: th 
DEBUG:netmiko:read_channel: 51
DEBUG:netmiko:read_channel: 1
3swalex>
DEBUG:netmiko:Pattern found: (terminal width 511) 
3swalex>
3swalex>terminal width 511
DEBUG:netmiko:In disable_paging
DEBUG:netmiko:Command: terminal length 0

DEBUG:netmiko:write_channel: b'terminal length 0\n'
DEBUG:netmiko:read_channel: 
DEBUG:netmiko:read_channel: te
DEBUG:netmiko:read_channel: rmi
DEBUG:netmiko:read_channel: nal
DEBUG:netmiko:read_channel:  le
DEBUG:netmiko:read_channel: ng
DEBUG:netmiko:read_channel: th
DEBUG:netmiko:read_channel:  0
3swalex>
DEBUG:netmiko:Pattern found: (terminal\ length\ 0) 
3swalex>terminal length 0
DEBUG:netmiko:
3swalex>terminal length 0
DEBUG:netmiko:Exiting disable_paging
DEBUG:netmiko:read_channel: 
DEBUG:netmiko:Clear buffer detects data in the channel
DEBUG:netmiko:read_channel: 
DEBUG:netmiko:write_channel: b'\n'
DEBUG:netmiko:read_channel: 
DEBUG:netmiko:read_channel: 
3swalex>
DEBUG:netmiko:Pattern found: (\#|>) 
3swalex>
DEBUG:netmiko:read_channel: 
DEBUG:netmiko:[find_prompt()]: prompt is 3swalex>
DEBUG:netmiko:read_channel: 
DEBUG:netmiko:write_channel: b'\n'
DEBUG:netmiko:read_channel: 
3swalex>
DEBUG:netmiko:read_channel: 
DEBUG:netmiko:[find_prompt()]: prompt is 3swalex>
DEBUG:netmiko:write_channel: b'\n'
DEBUG:netmiko:read_channel: 
DEBUG:netmiko:read_channel: 

DEBUG:netmiko:read_channel: 3swalex>
DEBUG:netmiko:Pattern found: (3swalex.*) 
3swalex>
DEBUG:netmiko:write_channel: b'enable\n'
DEBUG:netmiko:read_channel: 
DEBUG:netmiko:read_channel: e
DEBUG:netmiko:read_channel: nab
DEBUG:netmiko:read_channel: le

DEBUG:netmiko:Pattern found: (enable) enable
DEBUG:netmiko:read_channel: 
DEBUG:netmiko:read_channel: Password: 
DEBUG:netmiko:Pattern found: ((?:3swalex|ssword)) 
Password
DEBUG:netmiko:write_channel: b'********\n'
DEBUG:netmiko:read_channel: 
DEBUG:netmiko:read_channel: 
DEBUG:netmiko:read_channel: 
DEBUG:netmiko:read_channel: 
3swalex#
DEBUG:netmiko:Pattern found: (3swalex) : 
3swalex
DEBUG:netmiko:write_channel: b'\n'
DEBUG:netmiko:read_channel: 
DEBUG:netmiko:read_channel: 
3swalex#
DEBUG:netmiko:Pattern found: (3swalex.*) #
3swalex#
DEBUG:netmiko:write_channel: b'conf t\n'
DEBUG:netmiko:read_channel: conf t
Enter configuration commands, one per line.  End with CNTL/Z.
3swalex(config)#
DEBUG:netmiko:read_channel: 
DEBUG:netmiko:read_channel: 
DEBUG:netmiko:write_channel: b'ip route 0.0.0.0 255.255.255.255 10.1.1.2\n'
DEBUG:netmiko:read_channel: ip route 0.0.0.0 255.255.
DEBUG:netmiko:read_channel: 255.255 10.1.1.2
3swalex(config)#
DEBUG:netmiko:read_channel: 
DEBUG:netmiko:read_channel: 
DEBUG:netmiko:read_channel: 
DEBUG:netmiko:write_channel: b'\n'
DEBUG:netmiko:read_channel: 
3swalex(config)#
DEBUG:netmiko:read_channel: 
DEBUG:netmiko:[find_prompt()]: prompt is 3swalex(config)#
DEBUG:netmiko:write_channel: b'spanning-tree vlan 10 root primary\n'
DEBUG:netmiko:read_channel: spanning-tree vlan 
DEBUG:netmiko:read_channel: 10 root primary
3swalex(config)#
DEBUG:netmiko:read_channel: 
DEBUG:netmiko:read_channel: 
DEBUG:netmiko:write_channel: b'int vlan 10\n'
DEBUG:netmiko:read_channel: int vlan 10
3swalex(config-if)#
DEBUG:netmiko:read_channel: 
DEBUG:netmiko:read_channel: 
DEBUG:netmiko:write_channel: b'no shut\n'
DEBUG:netmiko:read_channel: no shut
3swalex(config-if)#
DEBUG:netmiko:read_channel: 
DEBUG:paramiko.transport:starting thread (client mode): 0xdb47e610
DEBUG:paramiko.transport:Local version/idstring: SSH-2.0-paramiko_3.1.0
DEBUG:paramiko.transport:Remote version/idstring: SSH-2.0-Cisco-1.25
INFO:paramiko.transport:Connected (version 2.0, client Cisco-1.25)
DEBUG:paramiko.transport:=== Key exchange possibilities ===
DEBUG:paramiko.transport:kex algos: diffie-hellman-group-exchange-sha1, diffie-hellman-group14-sha1, diffie-hellman-group1-sha1
DEBUG:paramiko.transport:server key: ssh-rsa
DEBUG:paramiko.transport:client encrypt: aes128-cbc, 3des-cbc, aes192-cbc, aes256-cbc
DEBUG:paramiko.transport:server encrypt: aes128-cbc, 3des-cbc, aes192-cbc, aes256-cbc
DEBUG:paramiko.transport:client mac: hmac-sha1, hmac-sha1-96, hmac-md5, hmac-md5-96
DEBUG:paramiko.transport:server mac: hmac-sha1, hmac-sha1-96, hmac-md5, hmac-md5-96
DEBUG:paramiko.transport:client compress: none
DEBUG:paramiko.transport:server compress: none
DEBUG:paramiko.transport:client lang: <none>
DEBUG:paramiko.transport:server lang: <none>
DEBUG:paramiko.transport:kex follows: False
DEBUG:paramiko.transport:=== Key exchange agreements ===
DEBUG:paramiko.transport:Kex: diffie-hellman-group-exchange-sha1
DEBUG:paramiko.transport:HostKey: ssh-rsa
DEBUG:paramiko.transport:Cipher: aes128-cbc
DEBUG:paramiko.transport:MAC: hmac-sha1
DEBUG:paramiko.transport:Compression: none
DEBUG:paramiko.transport:=== End of kex handshake ===
DEBUG:paramiko.transport:Got server p (2048 bits)
DEBUG:paramiko.transport:kex engine KexGex specified hash_algo <built-in function openssl_sha1>
DEBUG:paramiko.transport:Switch to new keys ...
DEBUG:paramiko.transport:Adding ssh-rsa host key for 22.1.1.3: b'43dbc13c02cd179ed57518fa8ac85d41'
DEBUG:paramiko.transport:userauth is OK
INFO:paramiko.transport:Authentication (password) successful!
DEBUG:paramiko.transport:[chan 0] Max packet in: 32768 bytes
DEBUG:paramiko.transport:[chan 0] Max packet out: 4096 bytes
DEBUG:paramiko.transport:Secsh channel 0 opened.
DEBUG:paramiko.transport:[chan 0] Sesch channel 0 request ok
DEBUG:paramiko.transport:[chan 0] Sesch channel 0 request ok
DEBUG:netmiko:write_channel: b'\n'
DEBUG:netmiko:write_channel: b'terminal width 511\n'
DEBUG:netmiko:read_channel: 
3swalex>
3swalex>
DEBUG:netmiko:read_channel: ter
DEBUG:netmiko:read_channel: mi
DEBUG:netmiko:read_channel: na
DEBUG:netmiko:read_channel: l w
DEBUG:netmiko:read_channel: id
DEBUG:netmiko:read_channel: th 
DEBUG:netmiko:read_channel: 51
DEBUG:netmiko:read_channel: 1

DEBUG:netmiko:Pattern found: (terminal width 511) 
3swalex>
3swalex>terminal width 511
DEBUG:netmiko:In disable_paging
DEBUG:netmiko:Command: terminal length 0

DEBUG:netmiko:write_channel: b'terminal length 0\n'
DEBUG:netmiko:read_channel: 3swalex>
DEBUG:netmiko:read_channel: 
DEBUG:netmiko:read_channel: ter
DEBUG:netmiko:read_channel: mi
DEBUG:netmiko:read_channel: nal
DEBUG:netmiko:read_channel:  l
DEBUG:netmiko:read_channel: eng
DEBUG:netmiko:read_channel: th
DEBUG:netmiko:read_channel:  0
3swalex>
DEBUG:netmiko:Pattern found: (terminal\ length\ 0) 
3swalex>terminal length 0
DEBUG:netmiko:
3swalex>terminal length 0
DEBUG:netmiko:Exiting disable_paging
DEBUG:netmiko:read_channel: 
DEBUG:netmiko:Clear buffer detects data in the channel
DEBUG:netmiko:read_channel: 
DEBUG:netmiko:write_channel: b'\n'
DEBUG:netmiko:read_channel: 
DEBUG:netmiko:read_channel: 

DEBUG:netmiko:read_channel: 3swalex>
DEBUG:netmiko:Pattern found: (\#|>) 
3swalex>
DEBUG:netmiko:read_channel: 
DEBUG:netmiko:[find_prompt()]: prompt is 3swalex>
DEBUG:netmiko:read_channel: 
DEBUG:netmiko:write_channel: b'\n'
DEBUG:netmiko:read_channel: 
3swalex>
DEBUG:netmiko:read_channel: 
DEBUG:netmiko:[find_prompt()]: prompt is 3swalex>
DEBUG:netmiko:write_channel: b'\n'
DEBUG:netmiko:read_channel: 
DEBUG:netmiko:read_channel: 

DEBUG:netmiko:read_channel: 3swalex>
DEBUG:netmiko:Pattern found: (3swalex.*) 
3swalex>
DEBUG:netmiko:write_channel: b'enable\n'
DEBUG:netmiko:read_channel: 
DEBUG:netmiko:read_channel: en
DEBUG:netmiko:read_channel: ab
DEBUG:netmiko:read_channel: le

DEBUG:netmiko:Pattern found: (enable) enable
DEBUG:netmiko:read_channel: 
DEBUG:netmiko:read_channel: Password: 
DEBUG:netmiko:Pattern found: ((?:3swalex|ssword)) 
Password
DEBUG:netmiko:write_channel: b'********\n'
DEBUG:netmiko:read_channel: 
DEBUG:netmiko:read_channel: 
DEBUG:netmiko:read_channel: 
DEBUG:netmiko:read_channel: 
3swalex#
DEBUG:netmiko:Pattern found: (3swalex) : 
3swalex
DEBUG:netmiko:write_channel: b'\n'
DEBUG:netmiko:read_channel: 
DEBUG:netmiko:read_channel: 

DEBUG:netmiko:read_channel: 3swalex#
DEBUG:netmiko:Pattern found: (3swalex.*) #
3swalex#
DEBUG:netmiko:write_channel: b'conf t\n'
DEBUG:netmiko:read_channel: conf t
Enter configuration commands, one per line.  End with CNTL/Z.
3swalex(config)#
DEBUG:netmiko:read_channel: 
DEBUG:netmiko:read_channel: 
DEBUG:netmiko:write_channel: b'ip route 0.0.0.0 255.255.255.255 10.1.1.2\n'
DEBUG:netmiko:read_channel: ip route 0.0.0.0 255.255.
DEBUG:netmiko:read_channel: 255.255 10.1.1.2
3swalex(config)#
DEBUG:netmiko:read_channel: 
DEBUG:netmiko:read_channel: 
DEBUG:netmiko:write_channel: b'sppaning tree vlan 10 root primary\n'
DEBUG:netmiko:read_channel: sppaning tree vlan 10 
DEBUG:netmiko:read_channel: root primary
                  ^
% Invalid input detected at '^' marker.

3swalex(config)#
DEBUG:netmiko:read_channel: 
DEBUG:netmiko:read_channel: 
DEBUG:netmiko:write_channel: b'interface vlan 10\n'
DEBUG:netmiko:read_channel: interface vlan 10
3swalex(config-if)#
DEBUG:netmiko:read_channel: 
DEBUG:netmiko:read_channel: 
DEBUG:netmiko:write_channel: b'ip address 192.168.10.1\n'
DEBUG:netmiko:read_channel: ip address 192.168.10.1
% Incomplete command.

3swalex(config-if)#
DEBUG:netmiko:read_channel: 
DEBUG:netmiko:read_channel: 
DEBUG:netmiko:write_channel: b'ip helper-address 10.1.1.2\n'
DEBUG:netmiko:read_channel: ip helper-address 10.1.1.2
DEBUG:netmiko:read_channel: 
3swalex(config-if)#
DEBUG:netmiko:read_channel: 
DEBUG:netmiko:read_channel: 
DEBUG:netmiko:write_channel: b'standby 10 priorty 150\n'
DEBUG:netmiko:read_channel: standby 10 priorty 150

DEBUG:netmiko:read_channel:                                    ^
% Invalid input detected at '^' marker.

3swalex(config-if)#
DEBUG:netmiko:read_channel: 
DEBUG:netmiko:read_channel: 
DEBUG:netmiko:write_channel: b'standby 10 ip 192.168.10.3\n'
DEBUG:netmiko:read_channel: standby 10 ip 192.168.10.3
DEBUG:netmiko:read_channel: 
3swalex(config-if)#
DEBUG:netmiko:read_channel: 
DEBUG:netmiko:read_channel: 
DEBUG:netmiko:write_channel: b'no shut\n'
DEBUG:netmiko:read_channel: no shut
3swalex(config-if)#
DEBUG:netmiko:read_channel: 
DEBUG:netmiko:read_channel: 
DEBUG:netmiko:write_channel: b'sppaning tree vlan 20 root primary\n'
DEBUG:netmiko:read_channel: sppaning tree vlan 
DEBUG:netmiko:read_channel: 20 root p
DEBUG:netmiko:read_channel: rimary
                     ^
% Invalid input detected at '^' marker.

3swalex(config-if)#
DEBUG:netmiko:read_channel: 
DEBUG:netmiko:read_channel: 
DEBUG:netmiko:write_channel: b'interface vlan 20\n'
DEBUG:netmiko:read_channel: interface
DEBUG:netmiko:read_channel:  vlan 20
3swalex(config-if)#
DEBUG:netmiko:read_channel: 
DEBUG:netmiko:read_channel: 
DEBUG:netmiko:write_channel: b'ip address 192.168.20.1\n'
DEBUG:netmiko:read_channel: ip addres
DEBUG:netmiko:read_channel: s 192.168.
DEBUG:netmiko:read_channel: 20.1
% Incomplete command.

3swalex(config-if)#
DEBUG:netmiko:read_channel: 
DEBUG:netmiko:read_channel: 
DEBUG:netmiko:write_channel: b'ip helper-address 10.1.1.2\n'
DEBUG:netmiko:read_channel: ip helper-addr
DEBUG:netmiko:read_channel: ess 10.1.1.2
3swalex(config-if)#
DEBUG:netmiko:read_channel: 
DEBUG:netmiko:read_channel: 
DEBUG:netmiko:write_channel: b'standby 20 priorty 150\n'
DEBUG:netmiko:read_channel: standby 20 priorty 150

DEBUG:netmiko:read_channel:                                    ^
% Invalid input detected at '^' marker.

3swalex(config-if)#
DEBUG:netmiko:read_channel: 
DEBUG:netmiko:read_channel: 
DEBUG:netmiko:write_channel: b'standby 20 ip 192.168.20.3\n'
DEBUG:netmiko:read_channel: standby 20 ip 192.16
DEBUG:netmiko:read_channel: 8.20.3
3swalex(config-if)#
DEBUG:netmiko:read_channel: 
DEBUG:netmiko:read_channel: 
DEBUG:netmiko:write_channel: b'no shut\n'
DEBUG:netmiko:read_channel: no shut
3swalex(config-if)#
DEBUG:netmiko:read_channel: 
DEBUG:netmiko:read_channel: 
DEBUG:netmiko:write_channel: b'sppaning tree vlan 30 root primary\n'
DEBUG:netmiko:read_channel: sppaning tree vlan 30 
DEBUG:netmiko:read_channel: root primary
                     ^
% Invalid input detected at '^' marker.

3swalex(config-if)#
DEBUG:netmiko:read_channel: 
DEBUG:netmiko:read_channel: 
DEBUG:netmiko:write_channel: b'interface vlan 30\n'
DEBUG:netmiko:read_channel: interface vlan 30
3swalex(config-if)#
DEBUG:netmiko:read_channel: 
DEBUG:netmiko:read_channel: 
DEBUG:netmiko:write_channel: b'ip address 192.168.30.1\n'
DEBUG:netmiko:read_channel: ip address 192.168.30.1
% Incomplete command.

3swalex(config-if)#
DEBUG:netmiko:read_channel: 
DEBUG:netmiko:read_channel: 
DEBUG:netmiko:write_channel: b'ip helper-address 10.1.1.2\n'
DEBUG:netmiko:read_channel: ip helper-address 10.1.
DEBUG:netmiko:read_channel: 1.2
3swalex(config-if)#
DEBUG:netmiko:read_channel: 
DEBUG:netmiko:read_channel: 
DEBUG:netmiko:write_channel: b'standby 30 priorty 150\n'
DEBUG:netmiko:read_channel: standby 30 priorty 150
                                   ^
% Invalid input detected at '^' marker.

3swalex(config-if)#
DEBUG:netmiko:read_channel: 
DEBUG:netmiko:read_channel: 
DEBUG:netmiko:write_channel: b'standby 30 ip 192.168.30.3\n'
DEBUG:netmiko:read_channel: standby 30 ip 192.168.3
DEBUG:netmiko:read_channel: 0.3
3swalex(config-if)#
DEBUG:netmiko:read_channel: 
DEBUG:netmiko:read_channel: 
DEBUG:netmiko:write_channel: b'no shut\n'
DEBUG:netmiko:read_channel: no shut
3swalex(config-if)#
DEBUG:netmiko:read_channel: 
DEBUG:netmiko:read_channel: 
DEBUG:netmiko:write_channel: b'sppaning tree vlan 40 root primary\n'
DEBUG:netmiko:read_channel: sppaning tree vlan 40
DEBUG:netmiko:read_channel:  root primary
                     ^
% Invalid input detected at '^' marker.

3swalex(config-if)#
DEBUG:netmiko:read_channel: 
DEBUG:netmiko:read_channel: 
DEBUG:netmiko:write_channel: b'interface vlan 40\n'
DEBUG:netmiko:read_channel: interface vlan 40
3swalex(config-if)#
DEBUG:netmiko:read_channel: 
DEBUG:netmiko:read_channel: 
DEBUG:netmiko:write_channel: b'ip address 192.168.40.1\n'
DEBUG:netmiko:read_channel: ip address 192.168.4
DEBUG:netmiko:read_channel: 0.1
% Incomplete command.

3swalex(config-if)#
DEBUG:netmiko:read_channel: 
DEBUG:netmiko:read_channel: 
DEBUG:netmiko:write_channel: b'ip helper-address 10.1.1.2\n'
DEBUG:netmiko:read_channel: ip helper-address 10.1.1.2

DEBUG:netmiko:read_channel: 3swalex(config-if)#
DEBUG:netmiko:read_channel: 
DEBUG:netmiko:read_channel: 
DEBUG:netmiko:write_channel: b'standby 40 priorty 150\n'
DEBUG:netmiko:read_channel: standby 40 priorty 150
                                   ^
% Invalid input detected at '^' marker.

3swalex(config-if)#
DEBUG:netmiko:read_channel: 
DEBUG:netmiko:read_channel: 
DEBUG:netmiko:write_channel: b'standby 40 ip 192.168.40.3\n'
DEBUG:netmiko:read_channel: standby 40 ip 192.168.4
DEBUG:netmiko:read_channel: 0.3
3swalex(config-if)#
DEBUG:netmiko:read_channel: 
DEBUG:netmiko:read_channel: 
DEBUG:netmiko:write_channel: b'no shut\n'
DEBUG:netmiko:read_channel: no shut
3swalex(config-if)#
DEBUG:netmiko:read_channel: 
DEBUG:netmiko:read_channel: 
DEBUG:netmiko:write_channel: b'\n'
DEBUG:netmiko:read_channel: 
DEBUG:netmiko:read_channel: 

DEBUG:netmiko:read_channel: 3swalex(config-if)#
DEBUG:netmiko:Pattern found: ([>#]) 
3swalex(config-if)#
DEBUG:netmiko:write_channel: b'\n'
DEBUG:netmiko:read_channel: 
DEBUG:netmiko:read_channel: 

DEBUG:netmiko:read_channel: 3swalex(config-if)#
DEBUG:netmiko:Pattern found: ([>#]) 
3swalex(config-if)#
DEBUG:netmiko:write_channel: b'end\n'
DEBUG:netmiko:read_channel: 
DEBUG:netmiko:read_channel: e
DEBUG:netmiko:read_channel: nd
DEBUG:netmiko:Pattern found: (end) end
DEBUG:netmiko:read_channel: 
DEBUG:netmiko:read_channel: 
3swalex#
DEBUG:netmiko:Pattern found: (#.*) 
3swalex#
DEBUG:netmiko:write_channel: b'\n'
DEBUG:netmiko:read_channel: 
DEBUG:netmiko:read_channel: 

DEBUG:netmiko:read_channel: 3swalex#
DEBUG:netmiko:Pattern found: ([>#]) 
3swalex#
DEBUG:netmiko:exit_config_mode: end
3swalex#
DEBUG:netmiko:write_channel: b'exit\n'
DEBUG:paramiko.transport:EOF in transport thread
DEBUG:paramiko.transport:starting thread (client mode): 0x4d3ddb50
DEBUG:paramiko.transport:Local version/idstring: SSH-2.0-paramiko_3.1.0
DEBUG:paramiko.transport:Remote version/idstring: SSH-1.99-Cisco-1.25
INFO:paramiko.transport:Connected (version 1.99, client Cisco-1.25)
DEBUG:paramiko.transport:=== Key exchange possibilities ===
DEBUG:paramiko.transport:kex algos: diffie-hellman-group1-sha1
DEBUG:paramiko.transport:server key: ssh-rsa
DEBUG:paramiko.transport:client encrypt: aes128-cbc, 3des-cbc, aes192-cbc, aes256-cbc
DEBUG:paramiko.transport:server encrypt: aes128-cbc, 3des-cbc, aes192-cbc, aes256-cbc
DEBUG:paramiko.transport:client mac: hmac-sha1, hmac-sha1-96, hmac-md5, hmac-md5-96
DEBUG:paramiko.transport:server mac: hmac-sha1, hmac-sha1-96, hmac-md5, hmac-md5-96
DEBUG:paramiko.transport:client compress: none
DEBUG:paramiko.transport:server compress: none
DEBUG:paramiko.transport:client lang: <none>
DEBUG:paramiko.transport:server lang: <none>
DEBUG:paramiko.transport:kex follows: False
DEBUG:paramiko.transport:=== Key exchange agreements ===
DEBUG:paramiko.transport:Kex: diffie-hellman-group1-sha1
DEBUG:paramiko.transport:HostKey: ssh-rsa
DEBUG:paramiko.transport:Cipher: aes128-cbc
DEBUG:paramiko.transport:MAC: hmac-sha1
DEBUG:paramiko.transport:Compression: none
DEBUG:paramiko.transport:=== End of kex handshake ===
DEBUG:paramiko.transport:kex engine KexGroup1 specified hash_algo <built-in function openssl_sha1>
DEBUG:paramiko.transport:Switch to new keys ...
DEBUG:paramiko.transport:Adding ssh-rsa host key for 22.1.1.5: b'b82f15d360ffac609fc40954a010f48c'
DEBUG:paramiko.transport:userauth is OK
INFO:paramiko.transport:Authentication (password) successful!
DEBUG:paramiko.transport:[chan 0] Max packet in: 32768 bytes
DEBUG:paramiko.transport:[chan 0] Max packet out: 4096 bytes
DEBUG:paramiko.transport:Secsh channel 0 opened.
DEBUG:paramiko.transport:[chan 0] Sesch channel 0 request ok
DEBUG:paramiko.transport:[chan 0] Sesch channel 0 request ok
DEBUG:netmiko:write_channel: b'\n'
DEBUG:netmiko:write_channel: b'terminal width 511\n'
DEBUG:netmiko:read_channel: 
alex>
alex>
DEBUG:netmiko:read_channel: ter
DEBUG:netmiko:read_channel: minal width 511

DEBUG:netmiko:Pattern found: (terminal width 511) 
alex>
alex>terminal width 511
DEBUG:netmiko:In disable_paging
DEBUG:netmiko:Command: terminal length 0

DEBUG:netmiko:write_channel: b'terminal length 0\n'
DEBUG:netmiko:read_channel: 
DEBUG:netmiko:read_channel: 
DEBUG:netmiko:read_channel: 
DEBUG:netmiko:read_channel: 
DEBUG:netmiko:read_channel: 
DEBUG:netmiko:read_channel: 
DEBUG:netmiko:read_channel: 
DEBUG:netmiko:read_channel: 
DEBUG:netmiko:read_channel: 
DEBUG:netmiko:read_channel: 
DEBUG:netmiko:read_channel: alex>term
DEBUG:netmiko:read_channel: inal length 0
alex>
DEBUG:netmiko:Pattern found: (terminal\ length\ 0) 
alex>terminal length 0
DEBUG:netmiko:
alex>terminal length 0
DEBUG:netmiko:Exiting disable_paging
DEBUG:netmiko:read_channel: 
DEBUG:netmiko:Clear buffer detects data in the channel
DEBUG:netmiko:read_channel: 
DEBUG:netmiko:write_channel: b'\n'
DEBUG:netmiko:read_channel: 
DEBUG:netmiko:read_channel: 
alex>
DEBUG:netmiko:Pattern found: (\#|>) 
alex>
DEBUG:netmiko:read_channel: 
DEBUG:netmiko:[find_prompt()]: prompt is alex>
DEBUG:netmiko:read_channel: 
DEBUG:netmiko:write_channel: b'\n'
DEBUG:netmiko:read_channel: 
alex>
DEBUG:netmiko:read_channel: 
DEBUG:netmiko:[find_prompt()]: prompt is alex>
DEBUG:netmiko:write_channel: b'\n'
DEBUG:netmiko:read_channel: 
DEBUG:netmiko:read_channel: 

DEBUG:netmiko:read_channel: alex>
DEBUG:netmiko:Pattern found: (alex.*) 
alex>
DEBUG:netmiko:write_channel: b'enable\n'
DEBUG:netmiko:read_channel: 
DEBUG:netmiko:read_channel: e
DEBUG:netmiko:read_channel: nable

DEBUG:netmiko:Pattern found: (enable) enable
DEBUG:netmiko:read_channel: 
DEBUG:netmiko:read_channel: Password: 
DEBUG:netmiko:Pattern found: ((?:alex|ssword)) 
Password
DEBUG:netmiko:write_channel: b'********\n'
DEBUG:netmiko:read_channel: 
DEBUG:netmiko:read_channel: 
DEBUG:netmiko:read_channel: 
alex#
DEBUG:netmiko:Pattern found: (alex) : 
alex
DEBUG:netmiko:write_channel: b'\n'
DEBUG:netmiko:read_channel: 
DEBUG:netmiko:read_channel: 
alex#
DEBUG:netmiko:Pattern found: (alex.*) #
alex#
DEBUG:netmiko:read_channel: 
DEBUG:netmiko:write_channel: b'\n'
DEBUG:netmiko:read_channel: 
alex#
DEBUG:netmiko:read_channel: 
DEBUG:netmiko:[find_prompt()]: prompt is alex#
DEBUG:netmiko:write_channel: b'conf t\n'
DEBUG:netmiko:read_channel: 
DEBUG:netmiko:read_channel: 
DEBUG:netmiko:read_channel: conf t
Enter configuration commands, one per line.  End with CNTL/Z.
alex(config)#
DEBUG:netmiko:Pattern found: (conf\ t) conf t
DEBUG:netmiko:read_channel: 
DEBUG:netmiko:read_channel: 
DEBUG:netmiko:read_channel: 
DEBUG:netmiko:read_channel: 
DEBUG:netmiko:read_channel: 
DEBUG:netmiko:read_channel: 
DEBUG:netmiko:read_channel: 
DEBUG:netmiko:read_channel: 
DEBUG:netmiko:read_channel: 
DEBUG:netmiko:read_channel: 
DEBUG:netmiko:read_channel: 
DEBUG:netmiko:read_channel: 
DEBUG:netmiko:read_channel: 
DEBUG:netmiko:read_channel: 
DEBUG:netmiko:read_channel: 
DEBUG:netmiko:read_channel: 
DEBUG:netmiko:read_channel: 
DEBUG:netmiko:read_channel: 
DEBUG:netmiko:read_channel: 
DEBUG:netmiko:read_channel: 
DEBUG:netmiko:read_channel: 
DEBUG:netmiko:read_channel: 
DEBUG:netmiko:read_channel: 
DEBUG:netmiko:read_channel: 
DEBUG:netmiko:read_channel: 
DEBUG:netmiko:read_channel: 
DEBUG:netmiko:read_channel: 
DEBUG:netmiko:read_channel: 
DEBUG:netmiko:read_channel: 
DEBUG:netmiko:read_channel: 
DEBUG:netmiko:read_channel: 
DEBUG:netmiko:read_channel: 
DEBUG:netmiko:read_channel: 
DEBUG:netmiko:read_channel: 
DEBUG:netmiko:read_channel: 
DEBUG:netmiko:read_channel: 
DEBUG:netmiko:read_channel: 
DEBUG:netmiko:read_channel: 
DEBUG:netmiko:read_channel: 
DEBUG:netmiko:read_channel: 
DEBUG:netmiko:read_channel: 
DEBUG:netmiko:read_channel: 
DEBUG:netmiko:read_channel: 
DEBUG:netmiko:read_channel: 
DEBUG:netmiko:read_channel: 
DEBUG:netmiko:read_channel: 
DEBUG:netmiko:read_channel: 
DEBUG:netmiko:read_channel: 
DEBUG:netmiko:read_channel: 
DEBUG:netmiko:read_channel: 
DEBUG:netmiko:read_channel: 
DEBUG:netmiko:read_channel: 
DEBUG:netmiko:read_channel: 
DEBUG:netmiko:read_channel: 
DEBUG:netmiko:read_channel: 
DEBUG:netmiko:read_channel: 
DEBUG:netmiko:read_channel: 
DEBUG:netmiko:read_channel: 
DEBUG:netmiko:read_channel: 
DEBUG:netmiko:read_channel: 
DEBUG:netmiko:read_channel: 
DEBUG:netmiko:read_channel: 
DEBUG:netmiko:read_channel: 
DEBUG:netmiko:read_channel: 
DEBUG:netmiko:read_channel: 
DEBUG:netmiko:read_channel: 
DEBUG:netmiko:read_channel: 
DEBUG:netmiko:read_channel: 
DEBUG:netmiko:read_channel: 
DEBUG:netmiko:read_channel: 
DEBUG:netmiko:read_channel: 
DEBUG:netmiko:read_channel: 
DEBUG:netmiko:read_channel: 
DEBUG:netmiko:read_channel: 
DEBUG:netmiko:read_channel: 
DEBUG:netmiko:read_channel: 
DEBUG:netmiko:read_channel: 
DEBUG:netmiko:read_channel: 
DEBUG:netmiko:read_channel: 
DEBUG:netmiko:read_channel: 
DEBUG:netmiko:read_channel: 
DEBUG:netmiko:read_channel: 
DEBUG:netmiko:read_channel: 
DEBUG:netmiko:read_channel: 
DEBUG:netmiko:read_channel: 
DEBUG:netmiko:read_channel: 
DEBUG:netmiko:read_channel: 
DEBUG:netmiko:read_channel: 
DEBUG:netmiko:read_channel: 
DEBUG:netmiko:read_channel: 
DEBUG:netmiko:read_channel: 
DEBUG:netmiko:read_channel: 
DEBUG:netmiko:read_channel: 
DEBUG:netmiko:read_channel: 
DEBUG:netmiko:read_channel: 
DEBUG:netmiko:read_channel: 
DEBUG:netmiko:read_channel: 
DEBUG:netmiko:read_channel: 
DEBUG:netmiko:read_channel: 
DEBUG:netmiko:read_channel: 
DEBUG:netmiko:read_channel: 
DEBUG:netmiko:read_channel: 
DEBUG:netmiko:read_channel: 
DEBUG:netmiko:read_channel: 
DEBUG:netmiko:read_channel: 
DEBUG:netmiko:read_channel: 
DEBUG:netmiko:read_channel: 
DEBUG:netmiko:read_channel: 
DEBUG:netmiko:read_channel: 
DEBUG:netmiko:read_channel: 
DEBUG:netmiko:read_channel: 
DEBUG:netmiko:read_channel: 
DEBUG:netmiko:read_channel: 
DEBUG:netmiko:read_channel: 
DEBUG:netmiko:read_channel: 
DEBUG:netmiko:read_channel: 
DEBUG:netmiko:read_channel: 
DEBUG:netmiko:read_channel: 
DEBUG:netmiko:read_channel: 
DEBUG:netmiko:read_channel: 
DEBUG:netmiko:read_channel: 
DEBUG:netmiko:read_channel: 
DEBUG:netmiko:read_channel: 
DEBUG:netmiko:read_channel: 
DEBUG:netmiko:read_channel: 
DEBUG:netmiko:read_channel: 
DEBUG:netmiko:read_channel: 
DEBUG:netmiko:read_channel: 
DEBUG:netmiko:read_channel: 
DEBUG:netmiko:read_channel: 
DEBUG:netmiko:read_channel: 
DEBUG:netmiko:read_channel: 
DEBUG:netmiko:read_channel: 
DEBUG:netmiko:read_channel: 
DEBUG:netmiko:read_channel: 
DEBUG:netmiko:read_channel: 
DEBUG:netmiko:read_channel: 
DEBUG:netmiko:read_channel: 
DEBUG:netmiko:read_channel: 
DEBUG:netmiko:read_channel: 
DEBUG:netmiko:read_channel: 
DEBUG:netmiko:read_channel: 
DEBUG:netmiko:read_channel: 
DEBUG:netmiko:read_channel: 
DEBUG:netmiko:read_channel: 
DEBUG:netmiko:read_channel: 
DEBUG:netmiko:read_channel: 
DEBUG:netmiko:read_channel: 
DEBUG:netmiko:read_channel: 
DEBUG:netmiko:read_channel: 
DEBUG:netmiko:read_channel: 
DEBUG:netmiko:read_channel: 
DEBUG:netmiko:read_channel: 
DEBUG:netmiko:read_channel: 
DEBUG:netmiko:read_channel: 
DEBUG:netmiko:read_channel: 
DEBUG:netmiko:read_channel: 
DEBUG:netmiko:read_channel: 
DEBUG:netmiko:read_channel: 
DEBUG:netmiko:read_channel: 
DEBUG:netmiko:read_channel: 
DEBUG:netmiko:read_channel: 
DEBUG:netmiko:read_channel: 
DEBUG:netmiko:read_channel: 
DEBUG:netmiko:read_channel: 
DEBUG:netmiko:read_channel: 
DEBUG:netmiko:read_channel: 
DEBUG:netmiko:read_channel: 
DEBUG:netmiko:read_channel: 
DEBUG:netmiko:read_channel: 
DEBUG:netmiko:read_channel: 
DEBUG:netmiko:read_channel: 
DEBUG:netmiko:read_channel: 
DEBUG:netmiko:read_channel: 
DEBUG:netmiko:read_channel: 
DEBUG:netmiko:read_channel: 
DEBUG:netmiko:read_channel: 
DEBUG:netmiko:read_channel: 
DEBUG:netmiko:read_channel: 
DEBUG:netmiko:read_channel: 
DEBUG:netmiko:read_channel: 
DEBUG:netmiko:read_channel: 
DEBUG:netmiko:read_channel: 
DEBUG:netmiko:read_channel: 
DEBUG:netmiko:read_channel: 
DEBUG:netmiko:read_channel: 
DEBUG:netmiko:read_channel: 
DEBUG:netmiko:read_channel: 
DEBUG:netmiko:read_channel: 
DEBUG:netmiko:read_channel: 
DEBUG:netmiko:read_channel: 
DEBUG:netmiko:read_channel: 
DEBUG:netmiko:read_channel: 
DEBUG:netmiko:read_channel: 
DEBUG:netmiko:read_channel: 
DEBUG:netmiko:read_channel: 
DEBUG:netmiko:read_channel: 
DEBUG:netmiko:read_channel: 
DEBUG:netmiko:read_channel: 
DEBUG:netmiko:read_channel: 
DEBUG:netmiko:read_channel: 
DEBUG:netmiko:read_channel: 
DEBUG:netmiko:read_channel: 
DEBUG:netmiko:read_channel: 
DEBUG:netmiko:read_channel: 
DEBUG:netmiko:read_channel: 
DEBUG:netmiko:read_channel: 
DEBUG:netmiko:read_channel: 
DEBUG:netmiko:read_channel: 
DEBUG:netmiko:read_channel: 
DEBUG:netmiko:read_channel: 
DEBUG:netmiko:read_channel: 
DEBUG:netmiko:read_channel: 
DEBUG:netmiko:read_channel: 
DEBUG:netmiko:read_channel: 
DEBUG:netmiko:read_channel: 
DEBUG:netmiko:read_channel: 
DEBUG:netmiko:read_channel: 
DEBUG:netmiko:read_channel: 
DEBUG:netmiko:read_channel: 
DEBUG:netmiko:read_channel: 
DEBUG:netmiko:read_channel: 
DEBUG:netmiko:read_channel: 
DEBUG:netmiko:read_channel: 
DEBUG:netmiko:read_channel: 
DEBUG:netmiko:read_channel: 
DEBUG:netmiko:read_channel: 
DEBUG:netmiko:read_channel: 
DEBUG:netmiko:read_channel: 
DEBUG:netmiko:read_channel: 
DEBUG:netmiko:read_channel: 
DEBUG:netmiko:read_channel: 
DEBUG:netmiko:read_channel: 
DEBUG:netmiko:read_channel: 
DEBUG:netmiko:read_channel: 
DEBUG:netmiko:read_channel: 
DEBUG:netmiko:read_channel: 
DEBUG:netmiko:read_channel: 
DEBUG:netmiko:read_channel: 
DEBUG:netmiko:read_channel: 
DEBUG:netmiko:read_channel: 
DEBUG:netmiko:read_channel: 
DEBUG:netmiko:read_channel: 
DEBUG:netmiko:read_channel: 
DEBUG:netmiko:read_channel: 
DEBUG:netmiko:read_channel: 
DEBUG:netmiko:read_channel: 
DEBUG:netmiko:read_channel: 
DEBUG:netmiko:read_channel: 
DEBUG:netmiko:read_channel: 
DEBUG:netmiko:read_channel: 
DEBUG:netmiko:read_channel: 
DEBUG:netmiko:read_channel: 
DEBUG:netmiko:read_channel: 
DEBUG:netmiko:read_channel: 
DEBUG:netmiko:read_channel: 
DEBUG:netmiko:read_channel: 
DEBUG:netmiko:read_channel: 
DEBUG:netmiko:read_channel: 
DEBUG:netmiko:read_channel: 
DEBUG:netmiko:read_channel: 
DEBUG:netmiko:read_channel: 
DEBUG:netmiko:read_channel: 
DEBUG:netmiko:read_channel: 
DEBUG:netmiko:read_channel: 
DEBUG:netmiko:read_channel: 
DEBUG:netmiko:read_channel: 
DEBUG:netmiko:read_channel: 
DEBUG:netmiko:read_channel: 
DEBUG:netmiko:read_channel: 
DEBUG:netmiko:read_channel: 
DEBUG:netmiko:read_channel: 
DEBUG:netmiko:read_channel: 
DEBUG:netmiko:read_channel: 
DEBUG:netmiko:read_channel: 
DEBUG:netmiko:read_channel: 
DEBUG:netmiko:read_channel: 
DEBUG:netmiko:read_channel: 
DEBUG:netmiko:read_channel: 
DEBUG:netmiko:read_channel: 
DEBUG:netmiko:read_channel: 
DEBUG:netmiko:read_channel: 
DEBUG:netmiko:read_channel: 
DEBUG:netmiko:read_channel: 
DEBUG:netmiko:read_channel: 
DEBUG:netmiko:read_channel: 
DEBUG:netmiko:read_channel: 
DEBUG:netmiko:read_channel: 
DEBUG:netmiko:read_channel: 
DEBUG:netmiko:read_channel: 
DEBUG:netmiko:read_channel: 
DEBUG:netmiko:read_channel: 
DEBUG:netmiko:read_channel: 
DEBUG:netmiko:read_channel: 
DEBUG:netmiko:read_channel: 
DEBUG:netmiko:read_channel: 
DEBUG:netmiko:read_channel: 
DEBUG:netmiko:read_channel: 
DEBUG:netmiko:read_channel: 
DEBUG:netmiko:read_channel: 
DEBUG:netmiko:read_channel: 
DEBUG:netmiko:read_channel: 
DEBUG:netmiko:read_channel: 
DEBUG:netmiko:read_channel: 
DEBUG:netmiko:read_channel: 
DEBUG:netmiko:read_channel: 
DEBUG:netmiko:read_channel: 
DEBUG:netmiko:read_channel: 
DEBUG:netmiko:read_channel: 
DEBUG:netmiko:read_channel: 
DEBUG:netmiko:read_channel: 
DEBUG:netmiko:read_channel: 
DEBUG:netmiko:read_channel: 
DEBUG:netmiko:read_channel: 
DEBUG:netmiko:read_channel: 
DEBUG:netmiko:read_channel: 
DEBUG:netmiko:read_channel: 
DEBUG:netmiko:read_channel: 
DEBUG:netmiko:read_channel: 
DEBUG:netmiko:read_channel: 
DEBUG:netmiko:read_channel: 
DEBUG:netmiko:read_channel: 
DEBUG:netmiko:read_channel: 
DEBUG:netmiko:read_channel: 
DEBUG:netmiko:read_channel: 
DEBUG:netmiko:read_channel: 
DEBUG:netmiko:read_channel: 
DEBUG:netmiko:read_channel: 
DEBUG:netmiko:read_channel: 
DEBUG:netmiko:read_channel: 
DEBUG:netmiko:read_channel: 
DEBUG:netmiko:read_channel: 
DEBUG:netmiko:read_channel: 
DEBUG:netmiko:read_channel: 
DEBUG:netmiko:read_channel: 
DEBUG:netmiko:read_channel: 
DEBUG:netmiko:read_channel: 
DEBUG:netmiko:read_channel: 
DEBUG:netmiko:read_channel: 
DEBUG:netmiko:read_channel: 
DEBUG:netmiko:read_channel: 
DEBUG:netmiko:read_channel: 
DEBUG:netmiko:read_channel: 
DEBUG:netmiko:read_channel: 
DEBUG:netmiko:read_channel: 
DEBUG:netmiko:read_channel: 
DEBUG:netmiko:read_channel: 
DEBUG:netmiko:read_channel: 
DEBUG:netmiko:read_channel: 
DEBUG:netmiko:read_channel: 
DEBUG:netmiko:read_channel: 
DEBUG:netmiko:read_channel: 
DEBUG:netmiko:read_channel: 
DEBUG:netmiko:read_channel: 
DEBUG:netmiko:read_channel: 
DEBUG:netmiko:read_channel: 
DEBUG:netmiko:read_channel: 
DEBUG:netmiko:read_channel: 
DEBUG:netmiko:read_channel: 
DEBUG:netmiko:read_channel: 
DEBUG:netmiko:read_channel: 
DEBUG:netmiko:read_channel: 
DEBUG:netmiko:read_channel: 
DEBUG:netmiko:read_channel: 
DEBUG:netmiko:read_channel: 
DEBUG:netmiko:read_channel: 
DEBUG:paramiko.transport:starting thread (client mode): 0x7dbdded0
DEBUG:paramiko.transport:Local version/idstring: SSH-2.0-paramiko_3.1.0
DEBUG:paramiko.transport:Remote version/idstring: SSH-1.99-Cisco-1.25
INFO:paramiko.transport:Connected (version 1.99, client Cisco-1.25)
DEBUG:paramiko.transport:=== Key exchange possibilities ===
DEBUG:paramiko.transport:kex algos: diffie-hellman-group1-sha1
DEBUG:paramiko.transport:server key: ssh-rsa
DEBUG:paramiko.transport:client encrypt: aes128-cbc, 3des-cbc, aes192-cbc, aes256-cbc
DEBUG:paramiko.transport:server encrypt: aes128-cbc, 3des-cbc, aes192-cbc, aes256-cbc
DEBUG:paramiko.transport:client mac: hmac-sha1, hmac-sha1-96, hmac-md5, hmac-md5-96
DEBUG:paramiko.transport:server mac: hmac-sha1, hmac-sha1-96, hmac-md5, hmac-md5-96
DEBUG:paramiko.transport:client compress: none
DEBUG:paramiko.transport:server compress: none
DEBUG:paramiko.transport:client lang: <none>
DEBUG:paramiko.transport:server lang: <none>
DEBUG:paramiko.transport:kex follows: False
DEBUG:paramiko.transport:=== Key exchange agreements ===
DEBUG:paramiko.transport:Kex: diffie-hellman-group1-sha1
DEBUG:paramiko.transport:HostKey: ssh-rsa
DEBUG:paramiko.transport:Cipher: aes128-cbc
DEBUG:paramiko.transport:MAC: hmac-sha1
DEBUG:paramiko.transport:Compression: none
DEBUG:paramiko.transport:=== End of kex handshake ===
DEBUG:paramiko.transport:kex engine KexGroup1 specified hash_algo <built-in function openssl_sha1>
DEBUG:paramiko.transport:Switch to new keys ...
DEBUG:paramiko.transport:Adding ssh-rsa host key for 22.1.1.5: b'b82f15d360ffac609fc40954a010f48c'
DEBUG:paramiko.transport:userauth is OK
INFO:paramiko.transport:Authentication (password) successful!
DEBUG:paramiko.transport:[chan 0] Max packet in: 32768 bytes
DEBUG:paramiko.transport:[chan 0] Max packet out: 4096 bytes
DEBUG:paramiko.transport:Secsh channel 0 opened.
DEBUG:paramiko.transport:[chan 0] Sesch channel 0 request ok
DEBUG:paramiko.transport:[chan 0] Sesch channel 0 request ok
DEBUG:netmiko:write_channel: b'\n'
DEBUG:netmiko:write_channel: b'terminal width 511\n'
DEBUG:netmiko:read_channel: 
alex>
alex>
DEBUG:netmiko:read_channel: terminal widt
DEBUG:netmiko:read_channel: h 511
DEBUG:netmiko:Pattern found: (terminal width 511) 
alex>
alex>terminal width 511
DEBUG:netmiko:In disable_paging
DEBUG:netmiko:Command: terminal length 0

DEBUG:netmiko:write_channel: b'terminal length 0\n'
DEBUG:netmiko:read_channel: 
alex>
DEBUG:netmiko:read_channel: terminal l
DEBUG:netmiko:read_channel: 
DEBUG:netmiko:read_channel: ength 0
alex>
DEBUG:netmiko:Pattern found: (terminal\ length\ 0) 
alex>terminal length 0
DEBUG:netmiko:
alex>terminal length 0
DEBUG:netmiko:Exiting disable_paging
DEBUG:netmiko:read_channel: 
DEBUG:netmiko:Clear buffer detects data in the channel
DEBUG:netmiko:read_channel: 
DEBUG:netmiko:write_channel: b'\n'
DEBUG:netmiko:read_channel: 
DEBUG:netmiko:read_channel: 
alex>
DEBUG:netmiko:Pattern found: (\#|>) 
alex>
DEBUG:netmiko:read_channel: 
DEBUG:netmiko:[find_prompt()]: prompt is alex>
DEBUG:netmiko:read_channel: 
DEBUG:netmiko:write_channel: b'\n'
DEBUG:netmiko:read_channel: 
alex>
DEBUG:netmiko:read_channel: 
DEBUG:netmiko:[find_prompt()]: prompt is alex>
DEBUG:netmiko:write_channel: b'\n'
DEBUG:netmiko:read_channel: 
DEBUG:netmiko:read_channel: 
alex>
DEBUG:netmiko:Pattern found: (alex.*) 
alex>
DEBUG:netmiko:write_channel: b'enable\n'
DEBUG:netmiko:read_channel: 
DEBUG:netmiko:read_channel: enable
Password: 
DEBUG:netmiko:Pattern found: (enable) enable
DEBUG:netmiko:read_channel: 
DEBUG:netmiko:Pattern found: ((?:alex|ssword)) 
Password
DEBUG:netmiko:write_channel: b'********\n'
DEBUG:netmiko:read_channel: 
DEBUG:netmiko:read_channel: 
DEBUG:netmiko:read_channel: 
DEBUG:netmiko:read_channel: 
alex#
DEBUG:netmiko:Pattern found: (alex) : 
alex
DEBUG:netmiko:write_channel: b'\n'
DEBUG:netmiko:read_channel: 
DEBUG:netmiko:read_channel: 
DEBUG:netmiko:read_channel: 
alex#
DEBUG:netmiko:Pattern found: (alex.*) #
alex#
DEBUG:netmiko:write_channel: b'conf t\n'
DEBUG:netmiko:read_channel: conf t
Enter configuration commands, one per line.  End with CNTL/Z.
alex(config)#
DEBUG:netmiko:read_channel: 
DEBUG:netmiko:read_channel: 
DEBUG:netmiko:read_channel: 
DEBUG:netmiko:write_channel: b'\n'
DEBUG:netmiko:read_channel: 
alex(config)#
DEBUG:netmiko:read_channel: 
DEBUG:netmiko:[find_prompt()]: prompt is alex(config)#
DEBUG:netmiko:write_channel: b'ip dhcp excluded-address 192.168.10.1 192.168.10.10\n'
DEBUG:netmiko:read_channel: 
DEBUG:netmiko:read_channel: ip dhcp exc
DEBUG:netmiko:read_channel: luded
DEBUG:netmiko:read_channel: -address 192.168
DEBUG:netmiko:read_channel: .10.1 192.168.10
DEBUG:netmiko:read_channel: .10

DEBUG:netmiko:Pattern found: (ip\ dhcp\ excluded\-address\ 192\.168\.10\.1\ 192\.168\.10\.10) ip dhcp excluded-address 192.168.10.1 192.168.10.10
DEBUG:netmiko:read_channel: 
DEBUG:netmiko:read_channel: 
DEBUG:netmiko:read_channel: 
DEBUG:netmiko:read_channel: 
DEBUG:netmiko:read_channel: 
DEBUG:netmiko:read_channel: 
DEBUG:netmiko:read_channel: 
DEBUG:netmiko:read_channel: 
DEBUG:netmiko:read_channel: 
DEBUG:netmiko:read_channel: 
DEBUG:netmiko:read_channel: 
DEBUG:netmiko:read_channel: 
DEBUG:netmiko:read_channel: 
DEBUG:netmiko:read_channel: 
DEBUG:netmiko:read_channel: 
DEBUG:netmiko:read_channel: 
DEBUG:netmiko:read_channel: 
DEBUG:netmiko:read_channel: 
DEBUG:netmiko:read_channel: 
DEBUG:netmiko:read_channel: 
DEBUG:netmiko:read_channel: 
DEBUG:netmiko:read_channel: 
DEBUG:netmiko:read_channel: 
DEBUG:netmiko:read_channel: 
DEBUG:netmiko:read_channel: 
DEBUG:netmiko:read_channel: 
DEBUG:netmiko:read_channel: 
DEBUG:netmiko:read_channel: 
DEBUG:netmiko:read_channel: 
DEBUG:netmiko:read_channel: 
DEBUG:netmiko:read_channel: 
DEBUG:netmiko:read_channel: 
DEBUG:netmiko:read_channel: 
DEBUG:netmiko:read_channel: 
DEBUG:netmiko:read_channel: 
DEBUG:netmiko:read_channel: 
DEBUG:netmiko:read_channel: 
DEBUG:netmiko:read_channel: 
DEBUG:netmiko:read_channel: alex(config)#
DEBUG:netmiko:read_channel: 
DEBUG:netmiko:write_channel: b'\n'
DEBUG:netmiko:read_channel: 
alex(config)#
DEBUG:netmiko:read_channel: 
DEBUG:netmiko:[find_prompt()]: prompt is alex(config)#
DEBUG:netmiko:write_channel: b'ip dhcp pool data10\n'
DEBUG:netmiko:read_channel: 
DEBUG:netmiko:read_channel: ip dhcp pool d
DEBUG:netmiko:read_channel: at
DEBUG:netmiko:read_channel: a10

DEBUG:netmiko:Pattern found: (ip\ dhcp\ pool\ data10) ip dhcp pool data10
DEBUG:netmiko:read_channel: alex(dhcp-config)#
DEBUG:netmiko:read_channel: 
DEBUG:netmiko:read_channel: 
DEBUG:netmiko:read_channel: 
DEBUG:netmiko:read_channel: 
DEBUG:netmiko:read_channel: 
DEBUG:netmiko:read_channel: 
DEBUG:netmiko:read_channel: 
DEBUG:netmiko:read_channel: 
DEBUG:netmiko:read_channel: 
DEBUG:netmiko:read_channel: 
DEBUG:netmiko:read_channel: 
DEBUG:netmiko:read_channel: 
DEBUG:netmiko:read_channel: 
DEBUG:netmiko:read_channel: 
DEBUG:netmiko:read_channel: 
DEBUG:netmiko:read_channel: 
DEBUG:netmiko:read_channel: 
DEBUG:netmiko:read_channel: 
DEBUG:netmiko:read_channel: 
DEBUG:netmiko:read_channel: 
DEBUG:netmiko:read_channel: 
DEBUG:netmiko:read_channel: 
DEBUG:netmiko:read_channel: 
DEBUG:netmiko:read_channel: 
DEBUG:netmiko:read_channel: 
DEBUG:netmiko:read_channel: 
DEBUG:netmiko:read_channel: 
DEBUG:netmiko:read_channel: 
DEBUG:netmiko:read_channel: 
DEBUG:netmiko:read_channel: 
DEBUG:netmiko:read_channel: 
DEBUG:netmiko:read_channel: 
DEBUG:netmiko:read_channel: 
DEBUG:netmiko:read_channel: 
DEBUG:netmiko:read_channel: 
DEBUG:netmiko:read_channel: 
DEBUG:netmiko:read_channel: 
DEBUG:netmiko:read_channel: 
DEBUG:netmiko:read_channel: 
DEBUG:netmiko:read_channel: 
DEBUG:netmiko:read_channel: 
DEBUG:netmiko:read_channel: 
DEBUG:netmiko:read_channel: 
DEBUG:netmiko:read_channel: 
DEBUG:netmiko:read_channel: 
DEBUG:netmiko:read_channel: 
DEBUG:netmiko:read_channel: 
DEBUG:netmiko:read_channel: 
DEBUG:netmiko:read_channel: 
DEBUG:netmiko:read_channel: 
DEBUG:netmiko:read_channel: 
DEBUG:netmiko:read_channel: 
DEBUG:netmiko:read_channel: 
DEBUG:netmiko:read_channel: 
DEBUG:netmiko:read_channel: 
DEBUG:netmiko:read_channel: 
DEBUG:netmiko:read_channel: 
DEBUG:netmiko:read_channel: 
DEBUG:netmiko:read_channel: 
DEBUG:netmiko:read_channel: 
DEBUG:netmiko:read_channel: 
DEBUG:netmiko:read_channel: 
DEBUG:netmiko:read_channel: 
DEBUG:netmiko:read_channel: 
DEBUG:netmiko:read_channel: 
DEBUG:netmiko:read_channel: 
DEBUG:netmiko:read_channel: 
DEBUG:netmiko:read_channel: 
DEBUG:netmiko:read_channel: 
DEBUG:netmiko:read_channel: 
DEBUG:netmiko:read_channel: 
DEBUG:netmiko:read_channel: 
DEBUG:netmiko:read_channel: 
DEBUG:netmiko:read_channel: 
DEBUG:netmiko:read_channel: 
DEBUG:netmiko:read_channel: 
DEBUG:netmiko:read_channel: 
DEBUG:netmiko:read_channel: 
DEBUG:netmiko:read_channel: 
DEBUG:netmiko:read_channel: 
DEBUG:netmiko:read_channel: 
DEBUG:netmiko:read_channel: 
DEBUG:netmiko:read_channel: 
DEBUG:netmiko:read_channel: 
DEBUG:netmiko:read_channel: 
DEBUG:netmiko:read_channel: 
DEBUG:netmiko:read_channel: 
DEBUG:netmiko:read_channel: 
DEBUG:netmiko:read_channel: 
DEBUG:netmiko:read_channel: 
DEBUG:netmiko:read_channel: 
DEBUG:netmiko:read_channel: 
DEBUG:netmiko:read_channel: 
DEBUG:netmiko:read_channel: 
DEBUG:netmiko:read_channel: 
DEBUG:netmiko:read_channel: 
DEBUG:netmiko:read_channel: 
DEBUG:netmiko:read_channel: 
DEBUG:netmiko:read_channel: 
DEBUG:netmiko:read_channel: 
DEBUG:netmiko:read_channel: 
DEBUG:netmiko:read_channel: 
DEBUG:netmiko:read_channel: 
DEBUG:netmiko:read_channel: 
DEBUG:netmiko:read_channel: 
DEBUG:netmiko:read_channel: 
DEBUG:netmiko:read_channel: 
DEBUG:netmiko:read_channel: 
DEBUG:netmiko:read_channel: 
DEBUG:netmiko:read_channel: 
DEBUG:netmiko:read_channel: 
DEBUG:netmiko:read_channel: 
DEBUG:netmiko:read_channel: 
DEBUG:netmiko:read_channel: 
DEBUG:netmiko:read_channel: 
DEBUG:netmiko:read_channel: 
DEBUG:netmiko:read_channel: 
DEBUG:netmiko:read_channel: 
DEBUG:netmiko:read_channel: 
DEBUG:netmiko:read_channel: 
DEBUG:netmiko:read_channel: 
DEBUG:netmiko:read_channel: 
DEBUG:netmiko:read_channel: 
DEBUG:netmiko:read_channel: 
DEBUG:netmiko:read_channel: 
DEBUG:netmiko:read_channel: 
DEBUG:netmiko:read_channel: 
DEBUG:netmiko:read_channel: 
DEBUG:netmiko:read_channel: 
DEBUG:netmiko:read_channel: 
DEBUG:netmiko:read_channel: 
DEBUG:netmiko:read_channel: 
DEBUG:netmiko:read_channel: 
DEBUG:netmiko:read_channel: 
DEBUG:netmiko:read_channel: 
DEBUG:netmiko:read_channel: 
DEBUG:netmiko:read_channel: 
DEBUG:netmiko:read_channel: 
DEBUG:netmiko:read_channel: 
DEBUG:netmiko:read_channel: 
DEBUG:netmiko:read_channel: 
DEBUG:netmiko:read_channel: 
DEBUG:netmiko:read_channel: 
DEBUG:netmiko:read_channel: 
DEBUG:netmiko:read_channel: 
DEBUG:netmiko:read_channel: 
DEBUG:netmiko:read_channel: 
DEBUG:netmiko:read_channel: 
DEBUG:netmiko:read_channel: 
DEBUG:netmiko:read_channel: 
DEBUG:netmiko:read_channel: 
DEBUG:netmiko:read_channel: 
DEBUG:netmiko:read_channel: 
DEBUG:netmiko:read_channel: 
DEBUG:netmiko:read_channel: 
DEBUG:netmiko:read_channel: 
DEBUG:netmiko:read_channel: 
DEBUG:netmiko:read_channel: 
DEBUG:netmiko:read_channel: 
DEBUG:netmiko:read_channel: 
DEBUG:netmiko:read_channel: 
DEBUG:netmiko:read_channel: 
DEBUG:netmiko:read_channel: 
DEBUG:netmiko:read_channel: 
DEBUG:netmiko:read_channel: 
DEBUG:netmiko:read_channel: 
DEBUG:netmiko:read_channel: 
DEBUG:netmiko:read_channel: 
DEBUG:netmiko:read_channel: 
DEBUG:netmiko:read_channel: 
DEBUG:netmiko:read_channel: 
DEBUG:netmiko:read_channel: 
DEBUG:netmiko:read_channel: 
DEBUG:netmiko:read_channel: 
DEBUG:netmiko:read_channel: 
DEBUG:netmiko:read_channel: 
DEBUG:netmiko:read_channel: 
DEBUG:netmiko:read_channel: 
DEBUG:netmiko:read_channel: 
DEBUG:netmiko:read_channel: 
DEBUG:netmiko:read_channel: 
DEBUG:netmiko:read_channel: 
DEBUG:netmiko:read_channel: 
DEBUG:netmiko:read_channel: 
DEBUG:netmiko:read_channel: 
DEBUG:netmiko:read_channel: 
DEBUG:netmiko:read_channel: 
DEBUG:netmiko:read_channel: 
DEBUG:netmiko:read_channel: 
DEBUG:netmiko:read_channel: 
DEBUG:netmiko:read_channel: 
DEBUG:netmiko:read_channel: 
DEBUG:netmiko:read_channel: 
DEBUG:netmiko:read_channel: 
DEBUG:netmiko:read_channel: 
DEBUG:netmiko:read_channel: 
DEBUG:netmiko:read_channel: 
DEBUG:netmiko:read_channel: 
DEBUG:netmiko:read_channel: 
DEBUG:netmiko:read_channel: 
DEBUG:netmiko:read_channel: 
DEBUG:netmiko:read_channel: 
DEBUG:netmiko:read_channel: 
DEBUG:netmiko:read_channel: 
DEBUG:netmiko:read_channel: 
DEBUG:netmiko:read_channel: 
DEBUG:netmiko:read_channel: 
DEBUG:netmiko:read_channel: 
DEBUG:netmiko:read_channel: 
DEBUG:netmiko:read_channel: 
DEBUG:netmiko:read_channel: 
DEBUG:netmiko:read_channel: 
DEBUG:netmiko:read_channel: 
DEBUG:netmiko:read_channel: 
DEBUG:netmiko:read_channel: 
DEBUG:netmiko:read_channel: 
DEBUG:netmiko:read_channel: 
DEBUG:netmiko:read_channel: 
DEBUG:netmiko:read_channel: 
DEBUG:netmiko:read_channel: 
DEBUG:netmiko:read_channel: 
DEBUG:netmiko:read_channel: 
DEBUG:netmiko:read_channel: 
DEBUG:netmiko:read_channel: 
DEBUG:netmiko:read_channel: 
DEBUG:netmiko:read_channel: 
DEBUG:netmiko:read_channel: 
DEBUG:netmiko:read_channel: 
DEBUG:netmiko:read_channel: 
DEBUG:netmiko:read_channel: 
DEBUG:netmiko:read_channel: 
DEBUG:netmiko:read_channel: 
DEBUG:netmiko:read_channel: 
DEBUG:netmiko:read_channel: 
DEBUG:netmiko:read_channel: 
DEBUG:netmiko:read_channel: 
DEBUG:netmiko:read_channel: 
DEBUG:netmiko:read_channel: 
DEBUG:netmiko:read_channel: 
DEBUG:netmiko:read_channel: 
DEBUG:netmiko:read_channel: 
DEBUG:netmiko:read_channel: 
DEBUG:netmiko:read_channel: 
DEBUG:netmiko:read_channel: 
DEBUG:netmiko:read_channel: 
DEBUG:netmiko:read_channel: 
DEBUG:netmiko:read_channel: 
DEBUG:netmiko:read_channel: 
DEBUG:netmiko:read_channel: 
DEBUG:netmiko:read_channel: 
DEBUG:netmiko:read_channel: 
DEBUG:netmiko:read_channel: 
DEBUG:netmiko:read_channel: 
DEBUG:netmiko:read_channel: 
DEBUG:netmiko:read_channel: 
DEBUG:netmiko:read_channel: 
DEBUG:netmiko:read_channel: 
DEBUG:netmiko:read_channel: 
DEBUG:netmiko:read_channel: 
DEBUG:netmiko:read_channel: 
DEBUG:netmiko:read_channel: 
DEBUG:netmiko:read_channel: 
DEBUG:netmiko:read_channel: 
DEBUG:netmiko:read_channel: 
DEBUG:netmiko:read_channel: 
DEBUG:netmiko:read_channel: 
DEBUG:netmiko:read_channel: 
DEBUG:netmiko:read_channel: 
DEBUG:netmiko:read_channel: 
DEBUG:netmiko:read_channel: 
DEBUG:netmiko:read_channel: 
DEBUG:netmiko:read_channel: 
DEBUG:netmiko:read_channel: 
DEBUG:netmiko:read_channel: 
DEBUG:netmiko:read_channel: 
DEBUG:netmiko:read_channel: 
DEBUG:netmiko:read_channel: 
DEBUG:netmiko:read_channel: 
DEBUG:netmiko:read_channel: 
DEBUG:netmiko:read_channel: 
DEBUG:netmiko:read_channel: 
DEBUG:netmiko:read_channel: 
DEBUG:netmiko:read_channel: 
DEBUG:netmiko:read_channel: 
DEBUG:netmiko:read_channel: 
DEBUG:netmiko:read_channel: 
DEBUG:netmiko:read_channel: 
DEBUG:netmiko:read_channel: 
DEBUG:netmiko:read_channel: 
DEBUG:netmiko:read_channel: 
DEBUG:netmiko:read_channel: 
DEBUG:netmiko:read_channel: 
DEBUG:netmiko:read_channel: 
DEBUG:netmiko:read_channel: 
DEBUG:netmiko:read_channel: 
DEBUG:netmiko:read_channel: 
DEBUG:netmiko:read_channel: 
DEBUG:netmiko:read_channel: 
DEBUG:netmiko:read_channel: 
DEBUG:netmiko:read_channel: 
DEBUG:netmiko:read_channel: 
DEBUG:netmiko:read_channel: 
DEBUG:netmiko:read_channel: 
DEBUG:netmiko:read_channel: 
DEBUG:netmiko:read_channel: 
DEBUG:netmiko:read_channel: 
DEBUG:netmiko:read_channel: 
DEBUG:netmiko:read_channel: 
DEBUG:netmiko:read_channel: 
DEBUG:netmiko:read_channel: 
DEBUG:netmiko:read_channel: 
DEBUG:netmiko:read_channel: 
DEBUG:netmiko:read_channel: 
DEBUG:netmiko:read_channel: 
DEBUG:netmiko:read_channel: 
DEBUG:netmiko:read_channel: 
DEBUG:netmiko:read_channel: 
DEBUG:netmiko:read_channel: 
DEBUG:netmiko:read_channel: 
DEBUG:netmiko:read_channel: 
DEBUG:netmiko:read_channel: 
DEBUG:netmiko:read_channel: 
DEBUG:netmiko:read_channel: 
DEBUG:netmiko:read_channel: 
DEBUG:netmiko:read_channel: 
DEBUG:netmiko:read_channel: 
DEBUG:netmiko:read_channel: 
DEBUG:netmiko:read_channel: 
DEBUG:netmiko:read_channel: 
DEBUG:netmiko:read_channel: 
DEBUG:netmiko:read_channel: 
DEBUG:netmiko:read_channel: 
DEBUG:netmiko:read_channel: 
DEBUG:netmiko:read_channel: 
DEBUG:netmiko:read_channel: 
DEBUG:netmiko:read_channel: 
DEBUG:netmiko:read_channel: 
DEBUG:netmiko:read_channel: 
DEBUG:netmiko:read_channel: 
DEBUG:netmiko:read_channel: 
DEBUG:netmiko:read_channel: 
DEBUG:netmiko:read_channel: 
DEBUG:netmiko:read_channel: 
DEBUG:netmiko:read_channel: 
DEBUG:paramiko.transport:starting thread (client mode): 0x200e2c10
DEBUG:paramiko.transport:Local version/idstring: SSH-2.0-paramiko_3.1.0
DEBUG:paramiko.transport:Remote version/idstring: SSH-1.99-Cisco-1.25
INFO:paramiko.transport:Connected (version 1.99, client Cisco-1.25)
DEBUG:paramiko.transport:=== Key exchange possibilities ===
DEBUG:paramiko.transport:kex algos: diffie-hellman-group1-sha1
DEBUG:paramiko.transport:server key: ssh-rsa
DEBUG:paramiko.transport:client encrypt: aes128-cbc, 3des-cbc, aes192-cbc, aes256-cbc
DEBUG:paramiko.transport:server encrypt: aes128-cbc, 3des-cbc, aes192-cbc, aes256-cbc
DEBUG:paramiko.transport:client mac: hmac-sha1, hmac-sha1-96, hmac-md5, hmac-md5-96
DEBUG:paramiko.transport:server mac: hmac-sha1, hmac-sha1-96, hmac-md5, hmac-md5-96
DEBUG:paramiko.transport:client compress: none
DEBUG:paramiko.transport:server compress: none
DEBUG:paramiko.transport:client lang: <none>
DEBUG:paramiko.transport:server lang: <none>
DEBUG:paramiko.transport:kex follows: False
DEBUG:paramiko.transport:=== Key exchange agreements ===
DEBUG:paramiko.transport:Kex: diffie-hellman-group1-sha1
DEBUG:paramiko.transport:HostKey: ssh-rsa
DEBUG:paramiko.transport:Cipher: aes128-cbc
DEBUG:paramiko.transport:MAC: hmac-sha1
DEBUG:paramiko.transport:Compression: none
DEBUG:paramiko.transport:=== End of kex handshake ===
DEBUG:paramiko.transport:kex engine KexGroup1 specified hash_algo <built-in function openssl_sha1>
DEBUG:paramiko.transport:Switch to new keys ...
DEBUG:paramiko.transport:Adding ssh-rsa host key for 22.1.1.5: b'b82f15d360ffac609fc40954a010f48c'
DEBUG:paramiko.transport:userauth is OK
INFO:paramiko.transport:Authentication (password) successful!
DEBUG:paramiko.transport:[chan 0] Max packet in: 32768 bytes
DEBUG:paramiko.transport:[chan 0] Max packet out: 4096 bytes
DEBUG:paramiko.transport:Secsh channel 0 opened.
DEBUG:paramiko.transport:[chan 0] Sesch channel 0 request ok
DEBUG:paramiko.transport:[chan 0] Sesch channel 0 request ok
DEBUG:netmiko:write_channel: b'\n'
DEBUG:netmiko:write_channel: b'terminal width 511\n'
DEBUG:netmiko:read_channel: 
alex>
alex>
DEBUG:netmiko:read_channel: terminal wi
DEBUG:netmiko:read_channel: dth 511
alex>
DEBUG:netmiko:Pattern found: (terminal width 511) 
alex>
alex>terminal width 511
DEBUG:netmiko:In disable_paging
DEBUG:netmiko:Command: terminal length 0

DEBUG:netmiko:write_channel: b'terminal length 0\n'
DEBUG:netmiko:read_channel: 
DEBUG:netmiko:read_channel: terminal l
DEBUG:netmiko:read_channel: ength 0
alex>
DEBUG:netmiko:Pattern found: (terminal\ length\ 0) 
alex>terminal length 0
DEBUG:netmiko:
alex>terminal length 0
DEBUG:netmiko:Exiting disable_paging
DEBUG:netmiko:read_channel: 
DEBUG:netmiko:Clear buffer detects data in the channel
DEBUG:netmiko:read_channel: 
DEBUG:netmiko:write_channel: b'\n'
DEBUG:netmiko:read_channel: 
DEBUG:netmiko:read_channel: 
alex>
DEBUG:netmiko:Pattern found: (\#|>) 
alex>
DEBUG:netmiko:read_channel: 
DEBUG:netmiko:[find_prompt()]: prompt is alex>
DEBUG:netmiko:read_channel: 
DEBUG:netmiko:write_channel: b'\n'
DEBUG:netmiko:read_channel: 
alex>
DEBUG:netmiko:read_channel: 
DEBUG:netmiko:[find_prompt()]: prompt is alex>
DEBUG:netmiko:write_channel: b'\n'
DEBUG:netmiko:read_channel: 
DEBUG:netmiko:read_channel: 
alex>
DEBUG:netmiko:Pattern found: (alex.*) 
alex>
DEBUG:netmiko:write_channel: b'enable\n'
DEBUG:netmiko:read_channel: 
DEBUG:netmiko:read_channel: enable
DEBUG:netmiko:Pattern found: (enable) enable
DEBUG:netmiko:read_channel: 
DEBUG:netmiko:read_channel: 
Password: 
DEBUG:netmiko:Pattern found: ((?:alex|ssword)) 
Password
DEBUG:netmiko:write_channel: b'********\n'
DEBUG:netmiko:read_channel: 
DEBUG:netmiko:read_channel: 
DEBUG:netmiko:read_channel: 
alex#
DEBUG:netmiko:Pattern found: (alex) : 
alex
DEBUG:netmiko:write_channel: b'\n'
DEBUG:netmiko:read_channel: 
DEBUG:netmiko:read_channel: 
DEBUG:netmiko:read_channel: 
alex#
DEBUG:netmiko:Pattern found: (alex.*) #
alex#
DEBUG:netmiko:write_channel: b'conf t\n'
DEBUG:netmiko:read_channel: conf t
Enter configuration commands, one per line.  End with CNTL/Z.
alex(config)#
DEBUG:netmiko:read_channel: 
DEBUG:netmiko:read_channel: 
DEBUG:netmiko:write_channel: b'ip dhcp excluded-address 192.168.10.1 192.168.10.10\n'
DEBUG:netmiko:read_channel: ip dhcp excluded-address 192.168.1
DEBUG:netmiko:read_channel: 0.1 192.168.10.10
alex(config)#
DEBUG:netmiko:read_channel: 
DEBUG:netmiko:read_channel: 
DEBUG:netmiko:write_channel: b'ip dhcp pool data10\n'
DEBUG:netmiko:read_channel: ip dhcp pool data10
alex(dhcp-config)#
DEBUG:netmiko:read_channel: 
DEBUG:netmiko:read_channel: 
DEBUG:netmiko:write_channel: b'network 192.168.10.0\n'
DEBUG:netmiko:read_channel: network 192.168.10.0
alex(dhcp-config)#
DEBUG:netmiko:read_channel: 
DEBUG:netmiko:read_channel: 
DEBUG:netmiko:write_channel: b'default-router 192.168.10.3\n'
DEBUG:netmiko:read_channel: default-router 192.168.10.3
alex(dhcp-config)#
DEBUG:netmiko:read_channel: 
DEBUG:netmiko:read_channel: 
DEBUG:netmiko:write_channel: b'ip dhcp excluded-address 192.168.20.1 192.168.20.10\n'
DEBUG:netmiko:read_channel: ip dhcp excluded-address 192.168.20.1 192.168.20.10
DEBUG:netmiko:read_channel: 
alex(config)#
DEBUG:netmiko:read_channel: 
DEBUG:netmiko:read_channel: 
DEBUG:netmiko:write_channel: b'ip dhcp pool data20\n'
DEBUG:netmiko:read_channel: ip dhcp pool data20
alex(dhcp-config)#
DEBUG:netmiko:read_channel: 
DEBUG:netmiko:read_channel: 
DEBUG:netmiko:write_channel: b'network 192.168.20.0\n'
DEBUG:netmiko:read_channel: network 192.168.20.0
alex(dhcp-config)#
DEBUG:netmiko:read_channel: 
DEBUG:netmiko:read_channel: 
DEBUG:netmiko:write_channel: b'default-router 192.168.20.3\n'
DEBUG:netmiko:read_channel: default-router 192.168.20.3
alex(dhcp-config)#
DEBUG:netmiko:read_channel: 
DEBUG:netmiko:read_channel: 
DEBUG:netmiko:write_channel: b'ip dhcp excluded-address 192.168.30.1 192.168.30.10\n'
DEBUG:netmiko:read_channel: ip dhcp excluded-address 192.168.30.1 192.168.30.10
alex(config)#
DEBUG:netmiko:read_channel: 
DEBUG:netmiko:read_channel: 
DEBUG:netmiko:write_channel: b'ip dhcp pool data30\n'
DEBUG:netmiko:read_channel: ip dhcp pool data30
alex(dhcp-config)#
DEBUG:netmiko:read_channel: 
DEBUG:netmiko:read_channel: 
DEBUG:netmiko:write_channel: b'network 192.168.30.0\n'
DEBUG:netmiko:read_channel: network 192.168.30.0
alex(dhcp-config)#
DEBUG:netmiko:read_channel: 
DEBUG:netmiko:read_channel: 
DEBUG:netmiko:write_channel: b'default-router 192.168.30.3\n'
DEBUG:netmiko:read_channel: default-router 192.168.30.3
alex(dhcp-config)#
DEBUG:netmiko:read_channel: 
DEBUG:netmiko:read_channel: 
DEBUG:netmiko:write_channel: b'ip dhcp excluded-address 192.168.40.1 192.168.40.10\n'
DEBUG:netmiko:read_channel: ip dhcp excluded-address 192.168.40.1 192.168
DEBUG:netmiko:read_channel: .40.10
alex(config)#
DEBUG:netmiko:read_channel: 
DEBUG:netmiko:read_channel: 
DEBUG:netmiko:write_channel: b'ip dhcp pool data40\n'
DEBUG:netmiko:read_channel: ip dhcp pool data40
alex(dhcp-config)#
DEBUG:netmiko:read_channel: 
DEBUG:netmiko:read_channel: 
DEBUG:netmiko:write_channel: b'network 192.168.40.0\n'
DEBUG:netmiko:read_channel: network 192.168.40.0
alex(dhcp-config)#
DEBUG:netmiko:read_channel: 
DEBUG:netmiko:read_channel: 
DEBUG:netmiko:write_channel: b'default-router 192.168.40.3\n'
DEBUG:netmiko:read_channel: default-router 192.168.40.3
alex(dhcp-config)#
DEBUG:netmiko:read_channel: 
DEBUG:netmiko:read_channel: 
DEBUG:netmiko:write_channel: b'\n'
DEBUG:netmiko:read_channel: 
DEBUG:netmiko:read_channel: 
alex(dhcp-config)#
DEBUG:netmiko:Pattern found: ([>#]) 
alex(dhcp-config)#
DEBUG:netmiko:write_channel: b'\n'
DEBUG:netmiko:read_channel: 
DEBUG:netmiko:read_channel: 
alex(dhcp-config)#
DEBUG:netmiko:Pattern found: ([>#]) 
alex(dhcp-config)#
DEBUG:netmiko:write_channel: b'end\n'
DEBUG:netmiko:read_channel: 
DEBUG:netmiko:read_channel: end

DEBUG:netmiko:Pattern found: (end) end
DEBUG:netmiko:read_channel: 
DEBUG:netmiko:read_channel: alex#
DEBUG:netmiko:Pattern found: (#.*) 
alex#
DEBUG:netmiko:write_channel: b'\n'
DEBUG:netmiko:read_channel: 
DEBUG:netmiko:read_channel: 
DEBUG:netmiko:read_channel: 
alex#
DEBUG:netmiko:Pattern found: ([>#]) 
alex#
DEBUG:netmiko:exit_config_mode: end
alex#
DEBUG:netmiko:write_channel: b'exit\n'
DEBUG:paramiko.transport:EOF in transport thread
DEBUG:paramiko.transport:starting thread (client mode): 0xa73df090
DEBUG:paramiko.transport:Local version/idstring: SSH-2.0-paramiko_3.1.0
DEBUG:paramiko.transport:Remote version/idstring: SSH-1.99-Cisco-1.25
INFO:paramiko.transport:Connected (version 1.99, client Cisco-1.25)
DEBUG:paramiko.transport:=== Key exchange possibilities ===
DEBUG:paramiko.transport:kex algos: diffie-hellman-group1-sha1
DEBUG:paramiko.transport:server key: ssh-rsa
DEBUG:paramiko.transport:client encrypt: aes128-cbc, 3des-cbc, aes192-cbc, aes256-cbc
DEBUG:paramiko.transport:server encrypt: aes128-cbc, 3des-cbc, aes192-cbc, aes256-cbc
DEBUG:paramiko.transport:client mac: hmac-sha1, hmac-sha1-96, hmac-md5, hmac-md5-96
DEBUG:paramiko.transport:server mac: hmac-sha1, hmac-sha1-96, hmac-md5, hmac-md5-96
DEBUG:paramiko.transport:client compress: none
DEBUG:paramiko.transport:server compress: none
DEBUG:paramiko.transport:client lang: <none>
DEBUG:paramiko.transport:server lang: <none>
DEBUG:paramiko.transport:kex follows: False
DEBUG:paramiko.transport:=== Key exchange agreements ===
DEBUG:paramiko.transport:Kex: diffie-hellman-group1-sha1
DEBUG:paramiko.transport:HostKey: ssh-rsa
DEBUG:paramiko.transport:Cipher: aes128-cbc
DEBUG:paramiko.transport:MAC: hmac-sha1
DEBUG:paramiko.transport:Compression: none
DEBUG:paramiko.transport:=== End of kex handshake ===
DEBUG:paramiko.transport:kex engine KexGroup1 specified hash_algo <built-in function openssl_sha1>
DEBUG:paramiko.transport:Switch to new keys ...
DEBUG:paramiko.transport:Adding ssh-rsa host key for 22.1.1.5: b'b82f15d360ffac609fc40954a010f48c'
DEBUG:paramiko.transport:userauth is OK
INFO:paramiko.transport:Authentication (password) successful!
DEBUG:paramiko.transport:[chan 0] Max packet in: 32768 bytes
DEBUG:paramiko.transport:[chan 0] Max packet out: 4096 bytes
DEBUG:paramiko.transport:Secsh channel 0 opened.
DEBUG:paramiko.transport:[chan 0] Sesch channel 0 request ok
DEBUG:paramiko.transport:[chan 0] Sesch channel 0 request ok
DEBUG:netmiko:write_channel: b'\n'
DEBUG:netmiko:write_channel: b'terminal width 511\n'
DEBUG:netmiko:read_channel: 
alex>
alex>
DEBUG:netmiko:read_channel: te
DEBUG:netmiko:read_channel: rminal width 511
DEBUG:netmiko:Pattern found: (terminal width 511) 
alex>
alex>terminal width 511
DEBUG:netmiko:In disable_paging
DEBUG:netmiko:Command: terminal length 0

DEBUG:netmiko:write_channel: b'terminal length 0\n'
DEBUG:netmiko:read_channel: 
alex>
DEBUG:netmiko:read_channel: terminal leng
DEBUG:netmiko:read_channel: th 
DEBUG:netmiko:read_channel: 0
alex>
DEBUG:netmiko:Pattern found: (terminal\ length\ 0) 
alex>terminal length 0
DEBUG:netmiko:
alex>terminal length 0
DEBUG:netmiko:Exiting disable_paging
DEBUG:netmiko:read_channel: 
DEBUG:netmiko:Clear buffer detects data in the channel
DEBUG:netmiko:read_channel: 
DEBUG:netmiko:write_channel: b'\n'
DEBUG:netmiko:read_channel: 
DEBUG:netmiko:read_channel: 
alex>
DEBUG:netmiko:Pattern found: (\#|>) 
alex>
DEBUG:netmiko:read_channel: 
DEBUG:netmiko:[find_prompt()]: prompt is alex>
DEBUG:netmiko:read_channel: 
DEBUG:netmiko:write_channel: b'\n'
DEBUG:netmiko:read_channel: 
alex>
DEBUG:netmiko:read_channel: 
DEBUG:netmiko:[find_prompt()]: prompt is alex>
DEBUG:netmiko:write_channel: b'\n'
DEBUG:netmiko:read_channel: 
DEBUG:netmiko:read_channel: 
alex>
DEBUG:netmiko:Pattern found: (alex.*) 
alex>
DEBUG:netmiko:write_channel: b'enable\n'
DEBUG:netmiko:read_channel: 
DEBUG:netmiko:read_channel: e
DEBUG:netmiko:read_channel: nable
Password: 
DEBUG:netmiko:Pattern found: (enable) enable
DEBUG:netmiko:read_channel: 
DEBUG:netmiko:Pattern found: ((?:alex|ssword)) 
Password
DEBUG:netmiko:write_channel: b'********\n'
DEBUG:netmiko:read_channel: 
DEBUG:netmiko:read_channel: 
DEBUG:netmiko:read_channel: 
alex#
DEBUG:netmiko:Pattern found: (alex) : 
alex
DEBUG:netmiko:write_channel: b'\n'
DEBUG:netmiko:read_channel: 
DEBUG:netmiko:read_channel: 
alex#
DEBUG:netmiko:Pattern found: (alex.*) #
alex#
DEBUG:netmiko:write_channel: b'conf t\n'
DEBUG:netmiko:read_channel: conf t
Enter configuration commands, one per line.  End with CNTL/Z.
alex(config)#
DEBUG:netmiko:read_channel: 
DEBUG:netmiko:read_channel: 
DEBUG:netmiko:read_channel: 
DEBUG:netmiko:write_channel: b'\n'
DEBUG:netmiko:read_channel: 
alex(config)#
DEBUG:netmiko:read_channel: 
DEBUG:netmiko:[find_prompt()]: prompt is alex(config)#
DEBUG:netmiko:write_channel: b'router bgp 1\n'
DEBUG:netmiko:read_channel: 
DEBUG:netmiko:read_channel: 
DEBUG:netmiko:read_channel: router bgp 1

DEBUG:netmiko:Pattern found: (router\ bgp\ 1) router bgp 1
DEBUG:netmiko:read_channel: 
DEBUG:netmiko:read_channel: 
DEBUG:netmiko:read_channel: 
DEBUG:netmiko:read_channel: 
DEBUG:netmiko:read_channel: 
DEBUG:netmiko:read_channel: 
DEBUG:netmiko:read_channel: 
DEBUG:netmiko:read_channel: 
DEBUG:netmiko:read_channel: 
DEBUG:netmiko:read_channel: 
DEBUG:netmiko:read_channel: 
DEBUG:netmiko:read_channel: 
DEBUG:netmiko:read_channel: 
DEBUG:netmiko:read_channel: 
DEBUG:netmiko:read_channel: 
DEBUG:netmiko:read_channel: 
DEBUG:netmiko:read_channel: 
DEBUG:netmiko:read_channel: 
DEBUG:netmiko:read_channel: 
DEBUG:netmiko:read_channel: 
DEBUG:netmiko:read_channel: 
DEBUG:netmiko:read_channel: 
DEBUG:netmiko:read_channel: 
DEBUG:netmiko:read_channel: 
DEBUG:netmiko:read_channel: 
DEBUG:netmiko:read_channel: 
DEBUG:netmiko:read_channel: alex(config-router)#
DEBUG:netmiko:read_channel: 
DEBUG:netmiko:read_channel: 
DEBUG:netmiko:read_channel: 
DEBUG:netmiko:read_channel: 
DEBUG:netmiko:read_channel: 
DEBUG:netmiko:read_channel: 
DEBUG:netmiko:read_channel: 
DEBUG:netmiko:read_channel: 
DEBUG:netmiko:read_channel: 
DEBUG:netmiko:read_channel: 
DEBUG:netmiko:read_channel: 
DEBUG:netmiko:read_channel: 
DEBUG:netmiko:read_channel: 
DEBUG:netmiko:read_channel: 
DEBUG:netmiko:read_channel: 
DEBUG:netmiko:read_channel: 
DEBUG:netmiko:read_channel: 
DEBUG:netmiko:read_channel: 
DEBUG:netmiko:read_channel: 
DEBUG:netmiko:read_channel: 
DEBUG:netmiko:read_channel: 
DEBUG:netmiko:read_channel: 
DEBUG:netmiko:read_channel: 
DEBUG:netmiko:read_channel: 
DEBUG:netmiko:read_channel: 
DEBUG:netmiko:read_channel: 
DEBUG:netmiko:read_channel: 
DEBUG:netmiko:read_channel: 
DEBUG:netmiko:read_channel: 
DEBUG:netmiko:read_channel: 
DEBUG:netmiko:read_channel: 
DEBUG:netmiko:read_channel: 
DEBUG:netmiko:read_channel: 
DEBUG:netmiko:read_channel: 
DEBUG:netmiko:read_channel: 
DEBUG:netmiko:read_channel: 
DEBUG:netmiko:read_channel: 
DEBUG:netmiko:read_channel: 
DEBUG:netmiko:read_channel: 
DEBUG:netmiko:read_channel: 
DEBUG:netmiko:read_channel: 
DEBUG:netmiko:read_channel: 
DEBUG:netmiko:read_channel: 
DEBUG:netmiko:read_channel: 
DEBUG:netmiko:read_channel: 
DEBUG:netmiko:read_channel: 
DEBUG:netmiko:read_channel: 
DEBUG:netmiko:read_channel: 
DEBUG:netmiko:read_channel: 
DEBUG:netmiko:read_channel: 
DEBUG:netmiko:read_channel: 
DEBUG:netmiko:read_channel: 
DEBUG:netmiko:read_channel: 
DEBUG:netmiko:read_channel: 
DEBUG:netmiko:read_channel: 
DEBUG:netmiko:read_channel: 
DEBUG:netmiko:read_channel: 
DEBUG:netmiko:read_channel: 
DEBUG:netmiko:read_channel: 
DEBUG:netmiko:read_channel: 
DEBUG:netmiko:read_channel: 
DEBUG:netmiko:read_channel: 
DEBUG:netmiko:read_channel: 
DEBUG:netmiko:read_channel: 
DEBUG:netmiko:read_channel: 
DEBUG:netmiko:read_channel: 
DEBUG:netmiko:read_channel: 
DEBUG:netmiko:read_channel: 
DEBUG:netmiko:read_channel: 
DEBUG:netmiko:read_channel: 
DEBUG:netmiko:read_channel: 
DEBUG:netmiko:read_channel: 
DEBUG:netmiko:read_channel: 
DEBUG:netmiko:read_channel: 
DEBUG:netmiko:read_channel: 
DEBUG:netmiko:read_channel: 
DEBUG:netmiko:read_channel: 
DEBUG:netmiko:read_channel: 
DEBUG:netmiko:read_channel: 
DEBUG:netmiko:read_channel: 
DEBUG:netmiko:read_channel: 
DEBUG:netmiko:read_channel: 
DEBUG:netmiko:read_channel: 
DEBUG:netmiko:read_channel: 
DEBUG:netmiko:read_channel: 
DEBUG:netmiko:read_channel: 
DEBUG:netmiko:read_channel: 
DEBUG:netmiko:read_channel: 
DEBUG:netmiko:read_channel: 
DEBUG:netmiko:read_channel: 
DEBUG:netmiko:read_channel: 
DEBUG:netmiko:read_channel: 
DEBUG:netmiko:read_channel: 
DEBUG:netmiko:read_channel: 
DEBUG:netmiko:read_channel: 
DEBUG:netmiko:read_channel: 
DEBUG:netmiko:read_channel: 
DEBUG:netmiko:read_channel: 
DEBUG:netmiko:read_channel: 
DEBUG:netmiko:read_channel: 
DEBUG:netmiko:read_channel: 
DEBUG:netmiko:read_channel: 
DEBUG:netmiko:read_channel: 
DEBUG:netmiko:read_channel: 
DEBUG:netmiko:read_channel: 
DEBUG:netmiko:read_channel: 
DEBUG:netmiko:read_channel: 
DEBUG:netmiko:read_channel: 
DEBUG:netmiko:read_channel: 
DEBUG:netmiko:read_channel: 
DEBUG:netmiko:read_channel: 
DEBUG:netmiko:read_channel: 
DEBUG:netmiko:read_channel: 
DEBUG:netmiko:read_channel: 
DEBUG:netmiko:read_channel: 
DEBUG:netmiko:read_channel: 
DEBUG:netmiko:read_channel: 
DEBUG:netmiko:read_channel: 
DEBUG:netmiko:read_channel: 
DEBUG:netmiko:read_channel: 
DEBUG:netmiko:read_channel: 
DEBUG:netmiko:read_channel: 
DEBUG:netmiko:read_channel: 
DEBUG:netmiko:read_channel: 
DEBUG:netmiko:read_channel: 
DEBUG:netmiko:read_channel: 
DEBUG:netmiko:read_channel: 
DEBUG:netmiko:read_channel: 
DEBUG:netmiko:read_channel: 
DEBUG:netmiko:read_channel: 
DEBUG:netmiko:read_channel: 
DEBUG:netmiko:read_channel: 
DEBUG:netmiko:read_channel: 
DEBUG:netmiko:read_channel: 
DEBUG:netmiko:read_channel: 
DEBUG:netmiko:read_channel: 
DEBUG:netmiko:read_channel: 
DEBUG:netmiko:read_channel: 
DEBUG:netmiko:read_channel: 
DEBUG:netmiko:read_channel: 
DEBUG:netmiko:read_channel: 
DEBUG:netmiko:read_channel: 
DEBUG:netmiko:read_channel: 
DEBUG:netmiko:read_channel: 
DEBUG:netmiko:read_channel: 
DEBUG:netmiko:read_channel: 
DEBUG:netmiko:read_channel: 
DEBUG:netmiko:read_channel: 
DEBUG:netmiko:read_channel: 
DEBUG:netmiko:read_channel: 
DEBUG:netmiko:read_channel: 
DEBUG:netmiko:read_channel: 
DEBUG:netmiko:read_channel: 
DEBUG:netmiko:read_channel: 
DEBUG:netmiko:read_channel: 
DEBUG:netmiko:read_channel: 
DEBUG:netmiko:read_channel: 
DEBUG:netmiko:read_channel: 
DEBUG:netmiko:read_channel: 
DEBUG:netmiko:read_channel: 
DEBUG:netmiko:read_channel: 
DEBUG:netmiko:read_channel: 
DEBUG:netmiko:read_channel: 
DEBUG:netmiko:read_channel: 
DEBUG:netmiko:read_channel: 
DEBUG:netmiko:read_channel: 
DEBUG:netmiko:read_channel: 
DEBUG:netmiko:read_channel: 
DEBUG:netmiko:read_channel: 
DEBUG:netmiko:read_channel: 
DEBUG:netmiko:read_channel: 
DEBUG:netmiko:read_channel: 
DEBUG:netmiko:read_channel: 
DEBUG:netmiko:read_channel: 
DEBUG:netmiko:read_channel: 
DEBUG:netmiko:read_channel: 
DEBUG:netmiko:read_channel: 
DEBUG:netmiko:read_channel: 
DEBUG:netmiko:read_channel: 
DEBUG:netmiko:read_channel: 
DEBUG:netmiko:read_channel: 
DEBUG:netmiko:read_channel: 
DEBUG:netmiko:read_channel: 
DEBUG:netmiko:read_channel: 
DEBUG:netmiko:read_channel: 
DEBUG:netmiko:read_channel: 
DEBUG:netmiko:read_channel: 
DEBUG:netmiko:read_channel: 
DEBUG:netmiko:read_channel: 
DEBUG:netmiko:read_channel: 
DEBUG:netmiko:read_channel: 
DEBUG:netmiko:read_channel: 
DEBUG:netmiko:read_channel: 
DEBUG:netmiko:read_channel: 
DEBUG:netmiko:read_channel: 
DEBUG:netmiko:read_channel: 
DEBUG:netmiko:read_channel: 
DEBUG:netmiko:read_channel: 
DEBUG:netmiko:read_channel: 
DEBUG:netmiko:read_channel: 
DEBUG:netmiko:read_channel: 
DEBUG:netmiko:read_channel: 
DEBUG:netmiko:read_channel: 
DEBUG:netmiko:read_channel: 
DEBUG:netmiko:read_channel: 
DEBUG:netmiko:read_channel: 
DEBUG:netmiko:read_channel: 
DEBUG:netmiko:read_channel: 
DEBUG:netmiko:read_channel: 
DEBUG:netmiko:read_channel: 
DEBUG:netmiko:read_channel: 
DEBUG:netmiko:read_channel: 
DEBUG:netmiko:read_channel: 
DEBUG:netmiko:read_channel: 
DEBUG:netmiko:read_channel: 
DEBUG:netmiko:read_channel: 
DEBUG:netmiko:read_channel: 
DEBUG:netmiko:read_channel: 
DEBUG:netmiko:read_channel: 
DEBUG:netmiko:read_channel: 
DEBUG:netmiko:read_channel: 
DEBUG:netmiko:read_channel: 
DEBUG:netmiko:read_channel: 
DEBUG:netmiko:read_channel: 
DEBUG:netmiko:read_channel: 
DEBUG:netmiko:read_channel: 
DEBUG:netmiko:read_channel: 
DEBUG:netmiko:read_channel: 
DEBUG:netmiko:read_channel: 
DEBUG:netmiko:read_channel: 
DEBUG:netmiko:read_channel: 
DEBUG:netmiko:read_channel: 
DEBUG:netmiko:read_channel: 
DEBUG:netmiko:read_channel: 
DEBUG:netmiko:read_channel: 
DEBUG:netmiko:read_channel: 
DEBUG:netmiko:read_channel: 
DEBUG:netmiko:read_channel: 
DEBUG:netmiko:read_channel: 
DEBUG:netmiko:read_channel: 
DEBUG:netmiko:read_channel: 
DEBUG:netmiko:read_channel: 
DEBUG:netmiko:read_channel: 
DEBUG:netmiko:read_channel: 
DEBUG:netmiko:read_channel: 
DEBUG:netmiko:read_channel: 
DEBUG:netmiko:read_channel: 
DEBUG:netmiko:read_channel: 
DEBUG:netmiko:read_channel: 
DEBUG:netmiko:read_channel: 
DEBUG:netmiko:read_channel: 
DEBUG:netmiko:read_channel: 
DEBUG:netmiko:read_channel: 
DEBUG:netmiko:read_channel: 
DEBUG:netmiko:read_channel: 
DEBUG:netmiko:read_channel: 
DEBUG:netmiko:read_channel: 
DEBUG:netmiko:read_channel: 
DEBUG:netmiko:read_channel: 
DEBUG:netmiko:read_channel: 
DEBUG:netmiko:read_channel: 
DEBUG:netmiko:read_channel: 
DEBUG:netmiko:read_channel: 
DEBUG:netmiko:read_channel: 
DEBUG:netmiko:read_channel: 
DEBUG:netmiko:read_channel: 
DEBUG:netmiko:read_channel: 
DEBUG:netmiko:read_channel: 
DEBUG:netmiko:read_channel: 
DEBUG:netmiko:read_channel: 
DEBUG:netmiko:read_channel: 
DEBUG:netmiko:read_channel: 
DEBUG:netmiko:read_channel: 
DEBUG:netmiko:read_channel: 
DEBUG:netmiko:read_channel: 
DEBUG:netmiko:read_channel: 
DEBUG:netmiko:read_channel: 
DEBUG:netmiko:read_channel: 
DEBUG:netmiko:read_channel: 
DEBUG:netmiko:read_channel: 
DEBUG:netmiko:read_channel: 
DEBUG:netmiko:read_channel: 
DEBUG:netmiko:read_channel: 
DEBUG:netmiko:read_channel: 
DEBUG:netmiko:read_channel: 
DEBUG:netmiko:read_channel: 
DEBUG:netmiko:read_channel: 
DEBUG:netmiko:read_channel: 
DEBUG:netmiko:read_channel: 
DEBUG:netmiko:read_channel: 
DEBUG:netmiko:read_channel: 
DEBUG:netmiko:read_channel: 
DEBUG:netmiko:read_channel: 
DEBUG:netmiko:read_channel: 
DEBUG:netmiko:read_channel: 
DEBUG:netmiko:read_channel: 
DEBUG:netmiko:read_channel: 
DEBUG:netmiko:read_channel: 
DEBUG:netmiko:read_channel: 
DEBUG:netmiko:read_channel: 
DEBUG:netmiko:read_channel: 
DEBUG:netmiko:read_channel: 
DEBUG:netmiko:read_channel: 
DEBUG:netmiko:read_channel: 
DEBUG:netmiko:read_channel: 
DEBUG:netmiko:read_channel: 
DEBUG:netmiko:read_channel: 
DEBUG:netmiko:read_channel: 
DEBUG:netmiko:read_channel: 
DEBUG:netmiko:read_channel: 
DEBUG:netmiko:read_channel: 
DEBUG:netmiko:read_channel: 
DEBUG:netmiko:read_channel: 
DEBUG:netmiko:read_channel: 
DEBUG:netmiko:read_channel: 
DEBUG:netmiko:read_channel: 
DEBUG:netmiko:read_channel: 
DEBUG:netmiko:read_channel: 
DEBUG:netmiko:read_channel: 
DEBUG:netmiko:read_channel: 
DEBUG:netmiko:read_channel: 
DEBUG:netmiko:read_channel: 
DEBUG:netmiko:read_channel: 
DEBUG:netmiko:read_channel: 
DEBUG:netmiko:read_channel: 
DEBUG:paramiko.transport:starting thread (client mode): 0xd9c7da90
DEBUG:paramiko.transport:Local version/idstring: SSH-2.0-paramiko_3.1.0
DEBUG:paramiko.transport:Remote version/idstring: SSH-1.99-Cisco-1.25
INFO:paramiko.transport:Connected (version 1.99, client Cisco-1.25)
DEBUG:paramiko.transport:=== Key exchange possibilities ===
DEBUG:paramiko.transport:kex algos: diffie-hellman-group1-sha1
DEBUG:paramiko.transport:server key: ssh-rsa
DEBUG:paramiko.transport:client encrypt: aes128-cbc, 3des-cbc, aes192-cbc, aes256-cbc
DEBUG:paramiko.transport:server encrypt: aes128-cbc, 3des-cbc, aes192-cbc, aes256-cbc
DEBUG:paramiko.transport:client mac: hmac-sha1, hmac-sha1-96, hmac-md5, hmac-md5-96
DEBUG:paramiko.transport:server mac: hmac-sha1, hmac-sha1-96, hmac-md5, hmac-md5-96
DEBUG:paramiko.transport:client compress: none
DEBUG:paramiko.transport:server compress: none
DEBUG:paramiko.transport:client lang: <none>
DEBUG:paramiko.transport:server lang: <none>
DEBUG:paramiko.transport:kex follows: False
DEBUG:paramiko.transport:=== Key exchange agreements ===
DEBUG:paramiko.transport:Kex: diffie-hellman-group1-sha1
DEBUG:paramiko.transport:HostKey: ssh-rsa
DEBUG:paramiko.transport:Cipher: aes128-cbc
DEBUG:paramiko.transport:MAC: hmac-sha1
DEBUG:paramiko.transport:Compression: none
DEBUG:paramiko.transport:=== End of kex handshake ===
DEBUG:paramiko.transport:kex engine KexGroup1 specified hash_algo <built-in function openssl_sha1>
DEBUG:paramiko.transport:Switch to new keys ...
DEBUG:paramiko.transport:Adding ssh-rsa host key for 22.1.1.5: b'b82f15d360ffac609fc40954a010f48c'
DEBUG:paramiko.transport:userauth is OK
INFO:paramiko.transport:Authentication (password) successful!
DEBUG:paramiko.transport:[chan 0] Max packet in: 32768 bytes
DEBUG:paramiko.transport:[chan 0] Max packet out: 4096 bytes
DEBUG:paramiko.transport:Secsh channel 0 opened.
DEBUG:paramiko.transport:[chan 0] Sesch channel 0 request ok
DEBUG:paramiko.transport:[chan 0] Sesch channel 0 request ok
DEBUG:netmiko:write_channel: b'\n'
DEBUG:netmiko:write_channel: b'terminal width 511\n'
DEBUG:netmiko:read_channel: 
alex>
alex>
DEBUG:netmiko:read_channel: terminal width 5
DEBUG:netmiko:read_channel: 11
alex>
DEBUG:netmiko:Pattern found: (terminal width 511) 
alex>
alex>terminal width 511
DEBUG:netmiko:In disable_paging
DEBUG:netmiko:Command: terminal length 0

DEBUG:netmiko:write_channel: b'terminal length 0\n'
DEBUG:netmiko:read_channel: 
DEBUG:netmiko:read_channel: terminal lengt
DEBUG:netmiko:read_channel: h 0
alex>
DEBUG:netmiko:Pattern found: (terminal\ length\ 0) 
alex>terminal length 0
DEBUG:netmiko:
alex>terminal length 0
DEBUG:netmiko:Exiting disable_paging
DEBUG:netmiko:read_channel: 
DEBUG:netmiko:Clear buffer detects data in the channel
DEBUG:netmiko:read_channel: 
DEBUG:netmiko:write_channel: b'\n'
DEBUG:netmiko:read_channel: 
DEBUG:netmiko:read_channel: 
DEBUG:netmiko:read_channel: 
alex>
DEBUG:netmiko:Pattern found: (\#|>) 
alex>
DEBUG:netmiko:read_channel: 
DEBUG:netmiko:[find_prompt()]: prompt is alex>
DEBUG:netmiko:read_channel: 
DEBUG:netmiko:write_channel: b'\n'
DEBUG:netmiko:read_channel: 
alex>
DEBUG:netmiko:read_channel: 
DEBUG:netmiko:[find_prompt()]: prompt is alex>
DEBUG:netmiko:write_channel: b'\n'
DEBUG:netmiko:read_channel: 
DEBUG:netmiko:read_channel: 
alex>
DEBUG:netmiko:Pattern found: (alex.*) 
alex>
DEBUG:netmiko:write_channel: b'enable\n'
DEBUG:netmiko:read_channel: 
DEBUG:netmiko:read_channel: enable
Password: 
DEBUG:netmiko:Pattern found: (enable) enable
DEBUG:netmiko:read_channel: 
DEBUG:netmiko:Pattern found: ((?:alex|ssword)) 
Password
DEBUG:netmiko:write_channel: b'********\n'
DEBUG:netmiko:read_channel: 
DEBUG:netmiko:read_channel: 
DEBUG:netmiko:read_channel: 
alex#
DEBUG:netmiko:Pattern found: (alex) : 
alex
DEBUG:netmiko:write_channel: b'\n'
DEBUG:netmiko:read_channel: 
DEBUG:netmiko:read_channel: 
alex#
DEBUG:netmiko:Pattern found: (alex.*) #
alex#
DEBUG:netmiko:write_channel: b'conf t\n'
DEBUG:netmiko:read_channel: conf t
Enter configuration commands, one per line.  End with CNTL/Z.
alex(config)#
DEBUG:netmiko:read_channel: 
DEBUG:netmiko:read_channel: 
DEBUG:netmiko:read_channel: 
DEBUG:netmiko:write_channel: b'\n'
DEBUG:netmiko:read_channel: 
alex(config)#
DEBUG:netmiko:read_channel: 
DEBUG:netmiko:[find_prompt()]: prompt is alex(config)#
DEBUG:netmiko:read_channel: 
DEBUG:netmiko:write_channel: b'\n'
DEBUG:netmiko:read_channel: 
alex(config)#
DEBUG:netmiko:read_channel: 
DEBUG:netmiko:[find_prompt()]: prompt is alex(config)#
DEBUG:netmiko:write_channel: b'router bgp 1\n'
DEBUG:netmiko:read_channel: 
DEBUG:netmiko:read_channel: router bgp 
DEBUG:netmiko:read_channel: 1
alex(config-router)#
DEBUG:netmiko:Pattern found: (router\ bgp\ 1) router bgp 1
DEBUG:netmiko:read_channel: 
DEBUG:netmiko:read_channel: 
DEBUG:netmiko:read_channel: 
DEBUG:netmiko:read_channel: 
DEBUG:netmiko:read_channel: 
DEBUG:netmiko:read_channel: 
DEBUG:netmiko:read_channel: 
DEBUG:netmiko:read_channel: 
DEBUG:netmiko:read_channel: 
DEBUG:netmiko:read_channel: 
DEBUG:netmiko:read_channel: 
DEBUG:netmiko:read_channel: 
DEBUG:netmiko:read_channel: 
DEBUG:netmiko:read_channel: 
DEBUG:netmiko:read_channel: 
DEBUG:netmiko:read_channel: 
DEBUG:netmiko:read_channel: 
DEBUG:netmiko:read_channel: 
DEBUG:netmiko:read_channel: 
DEBUG:netmiko:read_channel: 
DEBUG:netmiko:read_channel: 
DEBUG:netmiko:read_channel: 
DEBUG:netmiko:read_channel: 
DEBUG:netmiko:read_channel: 
DEBUG:netmiko:read_channel: 
DEBUG:netmiko:read_channel: 
DEBUG:netmiko:read_channel: 
DEBUG:netmiko:read_channel: 
DEBUG:netmiko:read_channel: 
DEBUG:netmiko:read_channel: 
DEBUG:netmiko:read_channel: 
DEBUG:netmiko:read_channel: 
DEBUG:netmiko:read_channel: 
DEBUG:netmiko:read_channel: 
DEBUG:netmiko:read_channel: 
DEBUG:netmiko:read_channel: 
DEBUG:netmiko:read_channel: 
DEBUG:netmiko:read_channel: 
DEBUG:netmiko:read_channel: 
DEBUG:netmiko:read_channel: 
DEBUG:netmiko:read_channel: 
DEBUG:netmiko:read_channel: 
DEBUG:netmiko:read_channel: 
DEBUG:netmiko:read_channel: 
DEBUG:netmiko:read_channel: 
DEBUG:netmiko:read_channel: 
DEBUG:netmiko:read_channel: 
DEBUG:netmiko:read_channel: 
DEBUG:netmiko:read_channel: 
DEBUG:netmiko:read_channel: 
DEBUG:netmiko:read_channel: 
DEBUG:netmiko:read_channel: 
DEBUG:netmiko:read_channel: 
DEBUG:netmiko:read_channel: 
DEBUG:netmiko:read_channel: 
DEBUG:netmiko:read_channel: 
DEBUG:netmiko:read_channel: 
DEBUG:netmiko:read_channel: 
DEBUG:netmiko:read_channel: 
DEBUG:netmiko:read_channel: 
DEBUG:netmiko:read_channel: 
DEBUG:netmiko:read_channel: 
DEBUG:netmiko:read_channel: 
DEBUG:netmiko:read_channel: 
DEBUG:netmiko:read_channel: 
DEBUG:netmiko:read_channel: 
DEBUG:netmiko:read_channel: 
DEBUG:netmiko:read_channel: 
DEBUG:netmiko:read_channel: 
DEBUG:netmiko:read_channel: 
DEBUG:netmiko:read_channel: 
DEBUG:netmiko:read_channel: 
DEBUG:netmiko:read_channel: 
DEBUG:netmiko:read_channel: 
DEBUG:netmiko:read_channel: 
DEBUG:netmiko:read_channel: 
DEBUG:netmiko:read_channel: 
DEBUG:netmiko:read_channel: 
DEBUG:netmiko:read_channel: 
DEBUG:netmiko:read_channel: 
DEBUG:netmiko:read_channel: 
DEBUG:netmiko:read_channel: 
DEBUG:netmiko:read_channel: 
DEBUG:netmiko:read_channel: 
DEBUG:netmiko:read_channel: 
DEBUG:netmiko:read_channel: 
DEBUG:netmiko:read_channel: 
DEBUG:netmiko:read_channel: 
DEBUG:netmiko:read_channel: 
DEBUG:netmiko:read_channel: 
DEBUG:netmiko:read_channel: 
DEBUG:netmiko:read_channel: 
DEBUG:netmiko:read_channel: 
DEBUG:netmiko:read_channel: 
DEBUG:netmiko:read_channel: 
DEBUG:netmiko:read_channel: 
DEBUG:netmiko:read_channel: 
DEBUG:netmiko:read_channel: 
DEBUG:netmiko:read_channel: 
DEBUG:netmiko:read_channel: 
DEBUG:netmiko:read_channel: 
DEBUG:netmiko:read_channel: 
DEBUG:netmiko:read_channel: 
DEBUG:netmiko:read_channel: 
DEBUG:netmiko:read_channel: 
DEBUG:netmiko:read_channel: 
DEBUG:netmiko:read_channel: 
DEBUG:netmiko:read_channel: 
DEBUG:netmiko:read_channel: 
DEBUG:netmiko:read_channel: 
DEBUG:netmiko:read_channel: 
DEBUG:netmiko:read_channel: 
DEBUG:netmiko:read_channel: 
DEBUG:netmiko:read_channel: 
DEBUG:netmiko:read_channel: 
DEBUG:netmiko:read_channel: 
DEBUG:netmiko:read_channel: 
DEBUG:netmiko:read_channel: 
DEBUG:netmiko:read_channel: 
DEBUG:netmiko:read_channel: 
DEBUG:netmiko:read_channel: 
DEBUG:netmiko:read_channel: 
DEBUG:netmiko:read_channel: 
DEBUG:netmiko:read_channel: 
DEBUG:netmiko:read_channel: 
DEBUG:netmiko:read_channel: 
DEBUG:netmiko:read_channel: 
DEBUG:netmiko:read_channel: 
DEBUG:netmiko:read_channel: 
DEBUG:netmiko:read_channel: 
DEBUG:netmiko:read_channel: 
DEBUG:netmiko:read_channel: 
DEBUG:netmiko:read_channel: 
DEBUG:netmiko:read_channel: 
DEBUG:netmiko:read_channel: 
DEBUG:netmiko:read_channel: 
DEBUG:netmiko:read_channel: 
DEBUG:netmiko:read_channel: 
DEBUG:netmiko:read_channel: 
DEBUG:netmiko:read_channel: 
DEBUG:netmiko:read_channel: 
DEBUG:netmiko:read_channel: 
DEBUG:netmiko:read_channel: 
DEBUG:netmiko:read_channel: 
DEBUG:netmiko:read_channel: 
DEBUG:netmiko:read_channel: 
DEBUG:netmiko:read_channel: 
DEBUG:netmiko:read_channel: 
DEBUG:netmiko:read_channel: 
DEBUG:netmiko:read_channel: 
DEBUG:netmiko:read_channel: 
DEBUG:netmiko:read_channel: 
DEBUG:netmiko:read_channel: 
DEBUG:netmiko:read_channel: 
DEBUG:netmiko:read_channel: 
DEBUG:netmiko:read_channel: 
DEBUG:netmiko:read_channel: 
DEBUG:netmiko:read_channel: 
DEBUG:netmiko:read_channel: 
DEBUG:netmiko:read_channel: 
DEBUG:netmiko:read_channel: 
DEBUG:netmiko:read_channel: 
DEBUG:netmiko:read_channel: 
DEBUG:netmiko:read_channel: 
DEBUG:netmiko:read_channel: 
DEBUG:netmiko:read_channel: 
DEBUG:netmiko:read_channel: 
DEBUG:netmiko:read_channel: 
DEBUG:netmiko:read_channel: 
DEBUG:netmiko:read_channel: 
DEBUG:netmiko:read_channel: 
DEBUG:netmiko:read_channel: 
DEBUG:netmiko:read_channel: 
DEBUG:netmiko:read_channel: 
DEBUG:netmiko:read_channel: 
DEBUG:netmiko:read_channel: 
DEBUG:netmiko:read_channel: 
DEBUG:netmiko:read_channel: 
DEBUG:netmiko:read_channel: 
DEBUG:netmiko:read_channel: 
DEBUG:netmiko:read_channel: 
DEBUG:netmiko:read_channel: 
DEBUG:netmiko:read_channel: 
DEBUG:netmiko:read_channel: 
DEBUG:netmiko:read_channel: 
DEBUG:netmiko:read_channel: 
DEBUG:netmiko:read_channel: 
DEBUG:netmiko:read_channel: 
DEBUG:netmiko:read_channel: 
DEBUG:netmiko:read_channel: 
DEBUG:netmiko:read_channel: 
DEBUG:netmiko:read_channel: 
DEBUG:netmiko:read_channel: 
DEBUG:netmiko:read_channel: 
DEBUG:netmiko:read_channel: 
DEBUG:netmiko:read_channel: 
DEBUG:netmiko:read_channel: 
DEBUG:netmiko:read_channel: 
DEBUG:netmiko:read_channel: 
DEBUG:netmiko:read_channel: 
DEBUG:netmiko:read_channel: 
DEBUG:netmiko:read_channel: 
DEBUG:netmiko:read_channel: 
DEBUG:netmiko:read_channel: 
DEBUG:netmiko:read_channel: 
DEBUG:netmiko:read_channel: 
DEBUG:netmiko:read_channel: 
DEBUG:netmiko:read_channel: 
DEBUG:netmiko:read_channel: 
DEBUG:netmiko:read_channel: 
DEBUG:netmiko:read_channel: 
DEBUG:netmiko:read_channel: 
DEBUG:netmiko:read_channel: 
DEBUG:netmiko:read_channel: 
DEBUG:netmiko:read_channel: 
DEBUG:netmiko:read_channel: 
DEBUG:netmiko:read_channel: 
DEBUG:netmiko:read_channel: 
DEBUG:netmiko:read_channel: 
DEBUG:netmiko:read_channel: 
DEBUG:netmiko:read_channel: 
DEBUG:netmiko:read_channel: 
DEBUG:netmiko:read_channel: 
DEBUG:netmiko:read_channel: 
DEBUG:netmiko:read_channel: 
DEBUG:netmiko:read_channel: 
DEBUG:netmiko:read_channel: 
DEBUG:netmiko:read_channel: 
DEBUG:netmiko:read_channel: 
DEBUG:netmiko:read_channel: 
DEBUG:netmiko:read_channel: 
DEBUG:netmiko:read_channel: 
DEBUG:netmiko:read_channel: 
DEBUG:netmiko:read_channel: 
DEBUG:netmiko:read_channel: 
DEBUG:netmiko:read_channel: 
DEBUG:netmiko:read_channel: 
DEBUG:netmiko:read_channel: 
DEBUG:netmiko:read_channel: 
DEBUG:netmiko:read_channel: 
DEBUG:netmiko:read_channel: 
DEBUG:netmiko:read_channel: 
DEBUG:netmiko:read_channel: 
DEBUG:netmiko:read_channel: 
DEBUG:netmiko:read_channel: 
DEBUG:netmiko:read_channel: 
DEBUG:netmiko:read_channel: 
DEBUG:netmiko:read_channel: 
DEBUG:netmiko:read_channel: 
DEBUG:netmiko:read_channel: 
DEBUG:netmiko:read_channel: 
DEBUG:netmiko:read_channel: 
DEBUG:netmiko:read_channel: 
DEBUG:netmiko:read_channel: 
DEBUG:netmiko:read_channel: 
DEBUG:netmiko:read_channel: 
DEBUG:netmiko:read_channel: 
DEBUG:netmiko:read_channel: 
DEBUG:netmiko:read_channel: 
DEBUG:netmiko:read_channel: 
DEBUG:netmiko:read_channel: 
DEBUG:netmiko:read_channel: 
DEBUG:netmiko:read_channel: 
DEBUG:netmiko:read_channel: 
DEBUG:netmiko:read_channel: 
DEBUG:netmiko:read_channel: 
DEBUG:netmiko:read_channel: 
DEBUG:netmiko:read_channel: 
DEBUG:netmiko:read_channel: 
DEBUG:netmiko:read_channel: 
DEBUG:netmiko:read_channel: 
DEBUG:netmiko:read_channel: 
DEBUG:netmiko:read_channel: 
DEBUG:netmiko:read_channel: 
DEBUG:netmiko:read_channel: 
DEBUG:netmiko:read_channel: 
DEBUG:netmiko:read_channel: 
DEBUG:netmiko:read_channel: 
DEBUG:netmiko:read_channel: 
DEBUG:netmiko:read_channel: 
DEBUG:netmiko:read_channel: 
DEBUG:netmiko:read_channel: 
DEBUG:netmiko:read_channel: 
DEBUG:netmiko:read_channel: 
DEBUG:netmiko:read_channel: 
DEBUG:netmiko:read_channel: 
DEBUG:netmiko:read_channel: 
DEBUG:netmiko:read_channel: 
DEBUG:netmiko:read_channel: 
DEBUG:netmiko:read_channel: 
DEBUG:netmiko:read_channel: 
DEBUG:netmiko:read_channel: 
DEBUG:netmiko:read_channel: 
DEBUG:netmiko:read_channel: 
DEBUG:netmiko:read_channel: 
DEBUG:netmiko:read_channel: 
DEBUG:netmiko:read_channel: 
DEBUG:netmiko:read_channel: 
DEBUG:netmiko:read_channel: 
DEBUG:netmiko:read_channel: 
DEBUG:netmiko:read_channel: 
DEBUG:netmiko:read_channel: 
DEBUG:netmiko:read_channel: 
DEBUG:netmiko:read_channel: 
DEBUG:netmiko:read_channel: 
DEBUG:netmiko:read_channel: 
DEBUG:netmiko:read_channel: 
DEBUG:netmiko:read_channel: 
DEBUG:netmiko:read_channel: 
DEBUG:netmiko:read_channel: 
DEBUG:netmiko:read_channel: 
DEBUG:netmiko:read_channel: 
DEBUG:netmiko:read_channel: 
DEBUG:netmiko:read_channel: 
DEBUG:netmiko:read_channel: 
DEBUG:netmiko:read_channel: 
DEBUG:netmiko:read_channel: 
DEBUG:netmiko:read_channel: 
DEBUG:netmiko:read_channel: 
DEBUG:netmiko:read_channel: 
DEBUG:netmiko:read_channel: 
DEBUG:netmiko:read_channel: 
DEBUG:netmiko:read_channel: 
DEBUG:netmiko:read_channel: 
DEBUG:netmiko:read_channel: 
DEBUG:netmiko:read_channel: 
DEBUG:netmiko:read_channel: 
DEBUG:netmiko:read_channel: 
DEBUG:netmiko:read_channel: 
DEBUG:netmiko:read_channel: 
DEBUG:netmiko:read_channel: 
DEBUG:netmiko:read_channel: 
DEBUG:netmiko:read_channel: 
DEBUG:netmiko:read_channel: 
DEBUG:netmiko:read_channel: 
DEBUG:netmiko:read_channel: 
DEBUG:netmiko:read_channel: 
DEBUG:netmiko:read_channel: 
DEBUG:netmiko:read_channel: 
DEBUG:netmiko:read_channel: 
DEBUG:netmiko:read_channel: 
DEBUG:netmiko:read_channel: 
DEBUG:netmiko:read_channel: 
DEBUG:netmiko:read_channel: 
DEBUG:netmiko:read_channel: 
DEBUG:netmiko:read_channel: 
DEBUG:netmiko:read_channel: 
DEBUG:netmiko:read_channel: 
DEBUG:netmiko:read_channel: 
DEBUG:netmiko:read_channel: 
DEBUG:netmiko:read_channel: 
DEBUG:netmiko:read_channel: 
DEBUG:netmiko:read_channel: 
DEBUG:netmiko:read_channel: 
DEBUG:netmiko:read_channel: 
DEBUG:netmiko:read_channel: 
DEBUG:netmiko:read_channel: 
DEBUG:netmiko:read_channel: 
DEBUG:netmiko:read_channel: 
DEBUG:netmiko:read_channel: 
DEBUG:netmiko:read_channel: 
DEBUG:netmiko:read_channel: 
DEBUG:netmiko:read_channel: 
DEBUG:netmiko:read_channel: 
DEBUG:netmiko:read_channel: 
DEBUG:netmiko:read_channel: 
DEBUG:netmiko:read_channel: 
DEBUG:paramiko.transport:starting thread (client mode): 0xd7d30350
DEBUG:paramiko.transport:Local version/idstring: SSH-2.0-paramiko_3.1.0
DEBUG:paramiko.transport:Remote version/idstring: SSH-1.99-Cisco-1.25
INFO:paramiko.transport:Connected (version 1.99, client Cisco-1.25)
DEBUG:paramiko.transport:=== Key exchange possibilities ===
DEBUG:paramiko.transport:kex algos: diffie-hellman-group1-sha1
DEBUG:paramiko.transport:server key: ssh-rsa
DEBUG:paramiko.transport:client encrypt: aes128-cbc, 3des-cbc, aes192-cbc, aes256-cbc
DEBUG:paramiko.transport:server encrypt: aes128-cbc, 3des-cbc, aes192-cbc, aes256-cbc
DEBUG:paramiko.transport:client mac: hmac-sha1, hmac-sha1-96, hmac-md5, hmac-md5-96
DEBUG:paramiko.transport:server mac: hmac-sha1, hmac-sha1-96, hmac-md5, hmac-md5-96
DEBUG:paramiko.transport:client compress: none
DEBUG:paramiko.transport:server compress: none
DEBUG:paramiko.transport:client lang: <none>
DEBUG:paramiko.transport:server lang: <none>
DEBUG:paramiko.transport:kex follows: False
DEBUG:paramiko.transport:=== Key exchange agreements ===
DEBUG:paramiko.transport:Kex: diffie-hellman-group1-sha1
DEBUG:paramiko.transport:HostKey: ssh-rsa
DEBUG:paramiko.transport:Cipher: aes128-cbc
DEBUG:paramiko.transport:MAC: hmac-sha1
DEBUG:paramiko.transport:Compression: none
DEBUG:paramiko.transport:=== End of kex handshake ===
DEBUG:paramiko.transport:kex engine KexGroup1 specified hash_algo <built-in function openssl_sha1>
DEBUG:paramiko.transport:Switch to new keys ...
DEBUG:paramiko.transport:Adding ssh-rsa host key for 22.1.1.5: b'b82f15d360ffac609fc40954a010f48c'
DEBUG:paramiko.transport:userauth is OK
INFO:paramiko.transport:Authentication (password) successful!
DEBUG:paramiko.transport:[chan 0] Max packet in: 32768 bytes
DEBUG:paramiko.transport:[chan 0] Max packet out: 4096 bytes
DEBUG:paramiko.transport:Secsh channel 0 opened.
DEBUG:paramiko.transport:[chan 0] Sesch channel 0 request ok
DEBUG:paramiko.transport:[chan 0] Sesch channel 0 request ok
DEBUG:netmiko:write_channel: b'\n'
DEBUG:netmiko:write_channel: b'terminal width 511\n'
DEBUG:netmiko:read_channel: 
alex>
alex>
DEBUG:netmiko:read_channel: terminal width 5
DEBUG:netmiko:read_channel: 11
alex>
DEBUG:netmiko:Pattern found: (terminal width 511) 
alex>
alex>terminal width 511
DEBUG:netmiko:In disable_paging
DEBUG:netmiko:Command: terminal length 0

DEBUG:netmiko:write_channel: b'terminal length 0\n'
DEBUG:netmiko:read_channel: 
DEBUG:netmiko:read_channel: ter
DEBUG:netmiko:read_channel: minal length 0
alex>
DEBUG:netmiko:Pattern found: (terminal\ length\ 0) 
alex>terminal length 0
DEBUG:netmiko:
alex>terminal length 0
DEBUG:netmiko:Exiting disable_paging
DEBUG:netmiko:read_channel: 
DEBUG:netmiko:Clear buffer detects data in the channel
DEBUG:netmiko:read_channel: 
DEBUG:netmiko:write_channel: b'\n'
DEBUG:netmiko:read_channel: 
DEBUG:netmiko:read_channel: 
alex>
DEBUG:netmiko:Pattern found: (\#|>) 
alex>
DEBUG:netmiko:read_channel: 
DEBUG:netmiko:[find_prompt()]: prompt is alex>
DEBUG:netmiko:read_channel: 
DEBUG:netmiko:write_channel: b'\n'
DEBUG:netmiko:read_channel: 
alex>
DEBUG:netmiko:read_channel: 
DEBUG:netmiko:[find_prompt()]: prompt is alex>
DEBUG:netmiko:write_channel: b'\n'
DEBUG:netmiko:read_channel: 
DEBUG:netmiko:read_channel: 
DEBUG:netmiko:read_channel: 
alex>
DEBUG:netmiko:Pattern found: (alex.*) 
alex>
DEBUG:netmiko:write_channel: b'enable\n'
DEBUG:netmiko:read_channel: 
DEBUG:netmiko:read_channel: enable
Password: 
DEBUG:netmiko:Pattern found: (enable) enable
DEBUG:netmiko:read_channel: 
DEBUG:netmiko:Pattern found: ((?:alex|ssword)) 
Password
DEBUG:netmiko:write_channel: b'********\n'
DEBUG:netmiko:read_channel: 
DEBUG:netmiko:read_channel: 
DEBUG:netmiko:read_channel: 
alex#
DEBUG:netmiko:Pattern found: (alex) : 
alex
DEBUG:netmiko:write_channel: b'\n'
DEBUG:netmiko:read_channel: 
DEBUG:netmiko:read_channel: 
alex#
DEBUG:netmiko:Pattern found: (alex.*) #
alex#
DEBUG:netmiko:write_channel: b'conf t\n'
DEBUG:netmiko:read_channel: conf t
Enter configuration commands, one per line.  End with CNTL/Z.
alex(config)#
DEBUG:netmiko:read_channel: 
DEBUG:netmiko:read_channel: 
DEBUG:netmiko:read_channel: 
DEBUG:netmiko:write_channel: b'\n'
DEBUG:netmiko:read_channel: 

DEBUG:netmiko:write_channel: b'\n'
DEBUG:netmiko:read_channel: alex(config)#
alex(config)#
DEBUG:netmiko:read_channel: 
DEBUG:netmiko:[find_prompt()]: prompt is alex(config)#
DEBUG:netmiko:read_channel: 
DEBUG:netmiko:write_channel: b'\n'
DEBUG:netmiko:read_channel: 
alex(config)#
DEBUG:netmiko:read_channel: 
DEBUG:netmiko:[find_prompt()]: prompt is alex(config)#
DEBUG:netmiko:write_channel: b'router bgp 1\n'
DEBUG:netmiko:read_channel: 
DEBUG:netmiko:read_channel: router bgp 1

DEBUG:netmiko:Pattern found: (router\ bgp\ 1) router bgp 1
DEBUG:netmiko:read_channel: alex(config-router)#
DEBUG:netmiko:read_channel: 
DEBUG:netmiko:read_channel: 
DEBUG:netmiko:read_channel: 
DEBUG:netmiko:read_channel: 
DEBUG:netmiko:read_channel: 
DEBUG:netmiko:read_channel: 
DEBUG:netmiko:read_channel: 
DEBUG:netmiko:read_channel: 
DEBUG:netmiko:read_channel: 
DEBUG:netmiko:read_channel: 
DEBUG:netmiko:read_channel: 
DEBUG:netmiko:read_channel: 
DEBUG:netmiko:read_channel: 
DEBUG:netmiko:read_channel: 
DEBUG:netmiko:read_channel: 
DEBUG:netmiko:read_channel: 
DEBUG:netmiko:read_channel: 
DEBUG:netmiko:read_channel: 
DEBUG:netmiko:read_channel: 
DEBUG:netmiko:read_channel: 
DEBUG:netmiko:read_channel: 
DEBUG:netmiko:read_channel: 
DEBUG:netmiko:read_channel: 
DEBUG:netmiko:read_channel: 
DEBUG:netmiko:read_channel: 
DEBUG:netmiko:read_channel: 
DEBUG:netmiko:read_channel: 
DEBUG:netmiko:read_channel: 
DEBUG:netmiko:read_channel: 
DEBUG:netmiko:read_channel: 
DEBUG:netmiko:read_channel: 
DEBUG:netmiko:read_channel: 
DEBUG:netmiko:read_channel: 
DEBUG:netmiko:read_channel: 
DEBUG:netmiko:read_channel: 
DEBUG:netmiko:read_channel: 
DEBUG:netmiko:read_channel: 
DEBUG:netmiko:read_channel: 
DEBUG:netmiko:read_channel: 
DEBUG:netmiko:read_channel: 
DEBUG:netmiko:read_channel: 
DEBUG:netmiko:read_channel: 
DEBUG:netmiko:read_channel: 
DEBUG:netmiko:read_channel: 
DEBUG:netmiko:read_channel: 
DEBUG:netmiko:read_channel: 
DEBUG:netmiko:read_channel: 
DEBUG:netmiko:read_channel: 
DEBUG:netmiko:read_channel: 
DEBUG:netmiko:read_channel: 
DEBUG:netmiko:read_channel: 
DEBUG:netmiko:read_channel: 
DEBUG:netmiko:read_channel: 
DEBUG:netmiko:read_channel: 
DEBUG:netmiko:read_channel: 
DEBUG:netmiko:read_channel: 
DEBUG:netmiko:read_channel: 
DEBUG:netmiko:read_channel: 
DEBUG:netmiko:read_channel: 
DEBUG:netmiko:read_channel: 
DEBUG:netmiko:read_channel: 
DEBUG:netmiko:read_channel: 
DEBUG:netmiko:read_channel: 
DEBUG:netmiko:read_channel: 
DEBUG:netmiko:read_channel: 
DEBUG:netmiko:read_channel: 
DEBUG:netmiko:read_channel: 
DEBUG:netmiko:read_channel: 
DEBUG:netmiko:read_channel: 
DEBUG:netmiko:read_channel: 
DEBUG:netmiko:read_channel: 
DEBUG:netmiko:read_channel: 
DEBUG:netmiko:read_channel: 
DEBUG:netmiko:read_channel: 
DEBUG:netmiko:read_channel: 
DEBUG:netmiko:read_channel: 
DEBUG:netmiko:read_channel: 
DEBUG:netmiko:read_channel: 
DEBUG:netmiko:read_channel: 
DEBUG:netmiko:read_channel: 
DEBUG:netmiko:read_channel: 
DEBUG:netmiko:read_channel: 
DEBUG:netmiko:read_channel: 
DEBUG:netmiko:read_channel: 
DEBUG:netmiko:read_channel: 
DEBUG:netmiko:read_channel: 
DEBUG:netmiko:read_channel: 
DEBUG:netmiko:read_channel: 
DEBUG:netmiko:read_channel: 
DEBUG:netmiko:read_channel: 
DEBUG:netmiko:read_channel: 
DEBUG:netmiko:read_channel: 
DEBUG:netmiko:read_channel: 
DEBUG:netmiko:read_channel: 
DEBUG:netmiko:read_channel: 
DEBUG:netmiko:read_channel: 
DEBUG:netmiko:read_channel: 
DEBUG:netmiko:read_channel: 
DEBUG:netmiko:read_channel: 
DEBUG:netmiko:read_channel: 
DEBUG:netmiko:read_channel: 
DEBUG:netmiko:read_channel: 
DEBUG:netmiko:read_channel: 
DEBUG:netmiko:read_channel: 
DEBUG:netmiko:read_channel: 
DEBUG:netmiko:read_channel: 
DEBUG:netmiko:read_channel: 
DEBUG:netmiko:read_channel: 
DEBUG:netmiko:read_channel: 
DEBUG:netmiko:read_channel: 
DEBUG:netmiko:read_channel: 
DEBUG:netmiko:read_channel: 
DEBUG:netmiko:read_channel: 
DEBUG:netmiko:read_channel: 
DEBUG:netmiko:read_channel: 
DEBUG:netmiko:read_channel: 
DEBUG:netmiko:read_channel: 
DEBUG:netmiko:read_channel: 
DEBUG:netmiko:read_channel: 
DEBUG:netmiko:read_channel: 
DEBUG:netmiko:read_channel: 
DEBUG:netmiko:read_channel: 
DEBUG:netmiko:read_channel: 
DEBUG:netmiko:read_channel: 
DEBUG:netmiko:read_channel: 
DEBUG:netmiko:read_channel: 
DEBUG:netmiko:read_channel: 
DEBUG:netmiko:read_channel: 
DEBUG:netmiko:read_channel: 
DEBUG:netmiko:read_channel: 
DEBUG:netmiko:read_channel: 
DEBUG:netmiko:read_channel: 
DEBUG:netmiko:read_channel: 
DEBUG:netmiko:read_channel: 
DEBUG:netmiko:read_channel: 
DEBUG:netmiko:read_channel: 
DEBUG:netmiko:read_channel: 
DEBUG:netmiko:read_channel: 
DEBUG:netmiko:read_channel: 
DEBUG:netmiko:read_channel: 
DEBUG:netmiko:read_channel: 
DEBUG:netmiko:read_channel: 
DEBUG:netmiko:read_channel: 
DEBUG:netmiko:read_channel: 
DEBUG:netmiko:read_channel: 
DEBUG:netmiko:read_channel: 
DEBUG:netmiko:read_channel: 
DEBUG:netmiko:read_channel: 
DEBUG:netmiko:read_channel: 
DEBUG:netmiko:read_channel: 
DEBUG:netmiko:read_channel: 
DEBUG:netmiko:read_channel: 
DEBUG:netmiko:read_channel: 
DEBUG:netmiko:read_channel: 
DEBUG:netmiko:read_channel: 
DEBUG:netmiko:read_channel: 
DEBUG:netmiko:read_channel: 
DEBUG:netmiko:read_channel: 
DEBUG:netmiko:read_channel: 
DEBUG:netmiko:read_channel: 
DEBUG:netmiko:read_channel: 
DEBUG:netmiko:read_channel: 
DEBUG:netmiko:read_channel: 
DEBUG:netmiko:read_channel: 
DEBUG:netmiko:read_channel: 
DEBUG:netmiko:read_channel: 
DEBUG:netmiko:read_channel: 
DEBUG:netmiko:read_channel: 
DEBUG:netmiko:read_channel: 
DEBUG:netmiko:read_channel: 
DEBUG:netmiko:read_channel: 
DEBUG:netmiko:read_channel: 
DEBUG:netmiko:read_channel: 
DEBUG:netmiko:read_channel: 
DEBUG:netmiko:read_channel: 
DEBUG:netmiko:read_channel: 
DEBUG:netmiko:read_channel: 
DEBUG:netmiko:read_channel: 
DEBUG:netmiko:read_channel: 
DEBUG:netmiko:read_channel: 
DEBUG:netmiko:read_channel: 
DEBUG:netmiko:read_channel: 
DEBUG:netmiko:read_channel: 
DEBUG:netmiko:read_channel: 
DEBUG:netmiko:read_channel: 
DEBUG:netmiko:read_channel: 
DEBUG:netmiko:read_channel: 
DEBUG:netmiko:read_channel: 
DEBUG:netmiko:read_channel: 
DEBUG:netmiko:read_channel: 
DEBUG:netmiko:read_channel: 
DEBUG:netmiko:read_channel: 
DEBUG:netmiko:read_channel: 
DEBUG:netmiko:read_channel: 
DEBUG:netmiko:read_channel: 
DEBUG:netmiko:read_channel: 
DEBUG:netmiko:read_channel: 
DEBUG:netmiko:read_channel: 
DEBUG:netmiko:read_channel: 
DEBUG:netmiko:read_channel: 
DEBUG:netmiko:read_channel: 
DEBUG:netmiko:read_channel: 
DEBUG:netmiko:read_channel: 
DEBUG:netmiko:read_channel: 
DEBUG:netmiko:read_channel: 
DEBUG:netmiko:read_channel: 
DEBUG:netmiko:read_channel: 
DEBUG:netmiko:read_channel: 
DEBUG:netmiko:read_channel: 
DEBUG:netmiko:read_channel: 
DEBUG:netmiko:read_channel: 
DEBUG:netmiko:read_channel: 
DEBUG:netmiko:read_channel: 
DEBUG:netmiko:read_channel: 
DEBUG:netmiko:read_channel: 
DEBUG:netmiko:read_channel: 
DEBUG:netmiko:read_channel: 
DEBUG:netmiko:read_channel: 
DEBUG:netmiko:read_channel: 
DEBUG:netmiko:read_channel: 
DEBUG:netmiko:read_channel: 
DEBUG:netmiko:read_channel: 
DEBUG:netmiko:read_channel: 
DEBUG:netmiko:read_channel: 
DEBUG:netmiko:read_channel: 
DEBUG:netmiko:read_channel: 
DEBUG:netmiko:read_channel: 
DEBUG:netmiko:read_channel: 
DEBUG:netmiko:read_channel: 
DEBUG:netmiko:read_channel: 
DEBUG:netmiko:read_channel: 
DEBUG:netmiko:read_channel: 
DEBUG:netmiko:read_channel: 
DEBUG:netmiko:read_channel: 
DEBUG:netmiko:read_channel: 
DEBUG:netmiko:read_channel: 
DEBUG:netmiko:read_channel: 
DEBUG:netmiko:read_channel: 
DEBUG:netmiko:read_channel: 
DEBUG:netmiko:read_channel: 
DEBUG:netmiko:read_channel: 
DEBUG:netmiko:read_channel: 
DEBUG:netmiko:read_channel: 
DEBUG:netmiko:read_channel: 
DEBUG:netmiko:read_channel: 
DEBUG:netmiko:read_channel: 
DEBUG:netmiko:read_channel: 
DEBUG:netmiko:read_channel: 
DEBUG:netmiko:read_channel: 
DEBUG:netmiko:read_channel: 
DEBUG:netmiko:read_channel: 
DEBUG:netmiko:read_channel: 
DEBUG:netmiko:read_channel: 
DEBUG:netmiko:read_channel: 
DEBUG:netmiko:read_channel: 
DEBUG:netmiko:read_channel: 
DEBUG:netmiko:read_channel: 
DEBUG:netmiko:read_channel: 
DEBUG:netmiko:read_channel: 
DEBUG:netmiko:read_channel: 
DEBUG:netmiko:read_channel: 
DEBUG:netmiko:read_channel: 
DEBUG:netmiko:read_channel: 
DEBUG:netmiko:read_channel: 
DEBUG:netmiko:read_channel: 
DEBUG:netmiko:read_channel: 
DEBUG:netmiko:read_channel: 
DEBUG:netmiko:read_channel: 
DEBUG:netmiko:read_channel: 
DEBUG:netmiko:read_channel: 
DEBUG:netmiko:read_channel: 
DEBUG:netmiko:read_channel: 
DEBUG:netmiko:read_channel: 
DEBUG:netmiko:read_channel: 
DEBUG:netmiko:read_channel: 
DEBUG:netmiko:read_channel: 
DEBUG:netmiko:read_channel: 
DEBUG:netmiko:read_channel: 
DEBUG:netmiko:read_channel: 
DEBUG:netmiko:read_channel: 
DEBUG:netmiko:read_channel: 
DEBUG:netmiko:read_channel: 
DEBUG:netmiko:read_channel: 
DEBUG:netmiko:read_channel: 
DEBUG:netmiko:read_channel: 
DEBUG:netmiko:read_channel: 
DEBUG:netmiko:read_channel: 
DEBUG:netmiko:read_channel: 
DEBUG:netmiko:read_channel: 
DEBUG:netmiko:read_channel: 
DEBUG:netmiko:read_channel: 
DEBUG:netmiko:read_channel: 
DEBUG:netmiko:read_channel: 
DEBUG:netmiko:read_channel: 
DEBUG:netmiko:read_channel: 
DEBUG:netmiko:read_channel: 
DEBUG:netmiko:read_channel: 
DEBUG:netmiko:read_channel: 
DEBUG:netmiko:read_channel: 
DEBUG:netmiko:read_channel: 
DEBUG:netmiko:read_channel: 
DEBUG:netmiko:read_channel: 
DEBUG:netmiko:read_channel: 
DEBUG:netmiko:read_channel: 
DEBUG:netmiko:read_channel: 
DEBUG:netmiko:read_channel: 
DEBUG:netmiko:read_channel: 
DEBUG:netmiko:read_channel: 
DEBUG:netmiko:read_channel: 
DEBUG:netmiko:read_channel: 
DEBUG:netmiko:read_channel: 
DEBUG:netmiko:read_channel: 
DEBUG:netmiko:read_channel: 
DEBUG:netmiko:read_channel: 
DEBUG:netmiko:read_channel: 
DEBUG:netmiko:read_channel: 
DEBUG:netmiko:read_channel: 
DEBUG:netmiko:read_channel: 
DEBUG:netmiko:read_channel: 
DEBUG:netmiko:read_channel: 
DEBUG:netmiko:read_channel: 
DEBUG:netmiko:read_channel: 
DEBUG:netmiko:read_channel: 
DEBUG:netmiko:read_channel: 
DEBUG:netmiko:read_channel: 
DEBUG:netmiko:read_channel: 
DEBUG:netmiko:read_channel: 
DEBUG:netmiko:read_channel: 
DEBUG:netmiko:read_channel: 
DEBUG:netmiko:read_channel: 
DEBUG:netmiko:read_channel: 
DEBUG:netmiko:read_channel: 
DEBUG:netmiko:read_channel: 
DEBUG:netmiko:read_channel: 
DEBUG:netmiko:read_channel: 
DEBUG:netmiko:read_channel: 
DEBUG:netmiko:read_channel: 
DEBUG:netmiko:read_channel: 
DEBUG:paramiko.transport:starting thread (client mode): 0xd9c7de50
DEBUG:paramiko.transport:Local version/idstring: SSH-2.0-paramiko_3.1.0
DEBUG:paramiko.transport:Remote version/idstring: SSH-1.99-Cisco-1.25
INFO:paramiko.transport:Connected (version 1.99, client Cisco-1.25)
DEBUG:paramiko.transport:=== Key exchange possibilities ===
DEBUG:paramiko.transport:kex algos: diffie-hellman-group1-sha1
DEBUG:paramiko.transport:server key: ssh-rsa
DEBUG:paramiko.transport:client encrypt: aes128-cbc, 3des-cbc, aes192-cbc, aes256-cbc
DEBUG:paramiko.transport:server encrypt: aes128-cbc, 3des-cbc, aes192-cbc, aes256-cbc
DEBUG:paramiko.transport:client mac: hmac-sha1, hmac-sha1-96, hmac-md5, hmac-md5-96
DEBUG:paramiko.transport:server mac: hmac-sha1, hmac-sha1-96, hmac-md5, hmac-md5-96
DEBUG:paramiko.transport:client compress: none
DEBUG:paramiko.transport:server compress: none
DEBUG:paramiko.transport:client lang: <none>
DEBUG:paramiko.transport:server lang: <none>
DEBUG:paramiko.transport:kex follows: False
DEBUG:paramiko.transport:=== Key exchange agreements ===
DEBUG:paramiko.transport:Kex: diffie-hellman-group1-sha1
DEBUG:paramiko.transport:HostKey: ssh-rsa
DEBUG:paramiko.transport:Cipher: aes128-cbc
DEBUG:paramiko.transport:MAC: hmac-sha1
DEBUG:paramiko.transport:Compression: none
DEBUG:paramiko.transport:=== End of kex handshake ===
DEBUG:paramiko.transport:kex engine KexGroup1 specified hash_algo <built-in function openssl_sha1>
DEBUG:paramiko.transport:Switch to new keys ...
DEBUG:paramiko.transport:Adding ssh-rsa host key for 22.1.1.5: b'b82f15d360ffac609fc40954a010f48c'
DEBUG:paramiko.transport:userauth is OK
INFO:paramiko.transport:Authentication (password) successful!
DEBUG:paramiko.transport:[chan 0] Max packet in: 32768 bytes
DEBUG:paramiko.transport:[chan 0] Max packet out: 4096 bytes
DEBUG:paramiko.transport:Secsh channel 0 opened.
DEBUG:paramiko.transport:[chan 0] Sesch channel 0 request ok
DEBUG:paramiko.transport:[chan 0] Sesch channel 0 request ok
DEBUG:netmiko:write_channel: b'\n'
DEBUG:netmiko:write_channel: b'terminal width 511\n'
DEBUG:netmiko:read_channel: 
alex>
alex>
DEBUG:netmiko:read_channel: 
DEBUG:netmiko:read_channel: terminal width 5
DEBUG:netmiko:read_channel: 11
alex>
DEBUG:netmiko:Pattern found: (terminal width 511) 
alex>
alex>terminal width 511
DEBUG:netmiko:In disable_paging
DEBUG:netmiko:Command: terminal length 0

DEBUG:netmiko:write_channel: b'terminal length 0\n'
DEBUG:netmiko:read_channel: 
DEBUG:netmiko:read_channel: terminal lengt
DEBUG:netmiko:read_channel: h 0
alex>
DEBUG:netmiko:Pattern found: (terminal\ length\ 0) 
alex>terminal length 0
DEBUG:netmiko:
alex>terminal length 0
DEBUG:netmiko:Exiting disable_paging
DEBUG:netmiko:read_channel: 
DEBUG:netmiko:Clear buffer detects data in the channel
DEBUG:netmiko:read_channel: 
DEBUG:netmiko:write_channel: b'\n'
DEBUG:netmiko:read_channel: 
DEBUG:netmiko:read_channel: 
DEBUG:netmiko:read_channel: 
alex>
DEBUG:netmiko:Pattern found: (\#|>) 
alex>
DEBUG:netmiko:read_channel: 
DEBUG:netmiko:[find_prompt()]: prompt is alex>
DEBUG:netmiko:read_channel: 
DEBUG:netmiko:write_channel: b'\n'
DEBUG:netmiko:read_channel: 
alex>
DEBUG:netmiko:read_channel: 
DEBUG:netmiko:[find_prompt()]: prompt is alex>
DEBUG:netmiko:write_channel: b'\n'
DEBUG:netmiko:read_channel: 
DEBUG:netmiko:read_channel: 
DEBUG:netmiko:read_channel: 
alex>
DEBUG:netmiko:Pattern found: (alex.*) 
alex>
DEBUG:netmiko:write_channel: b'enable\n'
DEBUG:netmiko:read_channel: 
DEBUG:netmiko:read_channel: enable
DEBUG:netmiko:Pattern found: (enable) enable
DEBUG:netmiko:read_channel: 
DEBUG:netmiko:read_channel: 
Password: 
DEBUG:netmiko:Pattern found: ((?:alex|ssword)) 
Password
DEBUG:netmiko:write_channel: b'********\n'
DEBUG:netmiko:read_channel: 
DEBUG:netmiko:read_channel: 
DEBUG:netmiko:read_channel: 
DEBUG:netmiko:read_channel: 
alex#
DEBUG:netmiko:Pattern found: (alex) : 
alex
DEBUG:netmiko:write_channel: b'\n'
DEBUG:netmiko:read_channel: 
DEBUG:netmiko:read_channel: 
DEBUG:netmiko:read_channel: 
alex#
DEBUG:netmiko:Pattern found: (alex.*) #
alex#
DEBUG:netmiko:write_channel: b'conf t\n'
DEBUG:netmiko:read_channel: conf t
Enter configuration commands, one per line.  End with CNTL/Z.
alex(config)#
DEBUG:netmiko:read_channel: 
DEBUG:netmiko:read_channel: 
DEBUG:netmiko:read_channel: 
DEBUG:netmiko:write_channel: b'\n'
DEBUG:netmiko:read_channel: 
alex(config)#
DEBUG:netmiko:read_channel: 
DEBUG:netmiko:[find_prompt()]: prompt is alex(config)#
DEBUG:netmiko:read_channel: 
DEBUG:netmiko:write_channel: b'\n'
DEBUG:netmiko:read_channel: 
alex(config)#
DEBUG:netmiko:read_channel: 
DEBUG:netmiko:[find_prompt()]: prompt is alex(config)#
DEBUG:netmiko:write_channel: b'router bgp 1\n'
DEBUG:netmiko:read_channel: 
DEBUG:netmiko:read_channel: 
DEBUG:netmiko:read_channel: router bgp 1
alex(config-router)#
DEBUG:netmiko:Pattern found: (router\ bgp\ 1) router bgp 1
DEBUG:netmiko:read_channel: 
DEBUG:netmiko:read_channel: 
DEBUG:netmiko:read_channel: 
DEBUG:netmiko:read_channel: 
DEBUG:netmiko:read_channel: 
DEBUG:netmiko:read_channel: 
DEBUG:netmiko:read_channel: 
DEBUG:netmiko:read_channel: 
DEBUG:netmiko:read_channel: 
DEBUG:netmiko:read_channel: 
DEBUG:netmiko:read_channel: 
DEBUG:netmiko:read_channel: 
DEBUG:netmiko:read_channel: 
DEBUG:netmiko:read_channel: 
DEBUG:netmiko:read_channel: 
DEBUG:netmiko:read_channel: 
DEBUG:netmiko:read_channel: 
DEBUG:netmiko:read_channel: 
DEBUG:netmiko:read_channel: 
DEBUG:netmiko:read_channel: 
DEBUG:netmiko:read_channel: 
DEBUG:netmiko:read_channel: 
DEBUG:netmiko:read_channel: 
DEBUG:netmiko:read_channel: 
DEBUG:netmiko:read_channel: 
DEBUG:netmiko:read_channel: 
DEBUG:netmiko:read_channel: 
DEBUG:netmiko:read_channel: 
DEBUG:netmiko:read_channel: 
DEBUG:netmiko:read_channel: 
DEBUG:netmiko:read_channel: 
DEBUG:netmiko:read_channel: 
DEBUG:netmiko:read_channel: 
DEBUG:netmiko:read_channel: 
DEBUG:netmiko:read_channel: 
DEBUG:netmiko:read_channel: 
DEBUG:netmiko:read_channel: 
DEBUG:netmiko:read_channel: 
DEBUG:netmiko:read_channel: 
DEBUG:netmiko:read_channel: 
DEBUG:netmiko:read_channel: 
DEBUG:netmiko:read_channel: 
DEBUG:netmiko:read_channel: 
DEBUG:netmiko:read_channel: 
DEBUG:netmiko:read_channel: 
DEBUG:netmiko:read_channel: 
DEBUG:netmiko:read_channel: 
DEBUG:netmiko:read_channel: 
DEBUG:netmiko:read_channel: 
DEBUG:netmiko:read_channel: 
DEBUG:netmiko:read_channel: 
DEBUG:netmiko:read_channel: 
DEBUG:netmiko:read_channel: 
DEBUG:netmiko:read_channel: 
DEBUG:netmiko:read_channel: 
DEBUG:netmiko:read_channel: 
DEBUG:netmiko:read_channel: 
DEBUG:netmiko:read_channel: 
DEBUG:netmiko:read_channel: 
DEBUG:netmiko:read_channel: 
DEBUG:netmiko:read_channel: 
DEBUG:netmiko:read_channel: 
DEBUG:netmiko:read_channel: 
DEBUG:netmiko:read_channel: 
DEBUG:netmiko:read_channel: 
DEBUG:netmiko:read_channel: 
DEBUG:netmiko:read_channel: 
DEBUG:netmiko:read_channel: 
DEBUG:netmiko:read_channel: 
DEBUG:netmiko:read_channel: 
DEBUG:netmiko:read_channel: 
DEBUG:netmiko:read_channel: 
DEBUG:netmiko:read_channel: 
DEBUG:netmiko:read_channel: 
DEBUG:netmiko:read_channel: 
DEBUG:netmiko:read_channel: 
DEBUG:netmiko:read_channel: 
DEBUG:netmiko:read_channel: 
DEBUG:netmiko:read_channel: 
DEBUG:netmiko:read_channel: 
DEBUG:netmiko:read_channel: 
DEBUG:netmiko:read_channel: 
DEBUG:netmiko:read_channel: 
DEBUG:netmiko:read_channel: 
DEBUG:netmiko:read_channel: 
DEBUG:netmiko:read_channel: 
DEBUG:netmiko:read_channel: 
DEBUG:netmiko:read_channel: 
DEBUG:netmiko:read_channel: 
DEBUG:netmiko:read_channel: 
DEBUG:netmiko:read_channel: 
DEBUG:netmiko:read_channel: 
DEBUG:netmiko:read_channel: 
DEBUG:netmiko:read_channel: 
DEBUG:netmiko:read_channel: 
DEBUG:netmiko:read_channel: 
DEBUG:netmiko:read_channel: 
DEBUG:netmiko:read_channel: 
DEBUG:netmiko:read_channel: 
DEBUG:netmiko:read_channel: 
DEBUG:netmiko:read_channel: 
DEBUG:netmiko:read_channel: 
DEBUG:netmiko:read_channel: 
DEBUG:netmiko:read_channel: 
DEBUG:netmiko:read_channel: 
DEBUG:netmiko:read_channel: 
DEBUG:netmiko:read_channel: 
DEBUG:netmiko:read_channel: 
DEBUG:netmiko:read_channel: 
DEBUG:netmiko:read_channel: 
DEBUG:netmiko:read_channel: 
DEBUG:netmiko:read_channel: 
DEBUG:netmiko:read_channel: 
DEBUG:netmiko:read_channel: 
DEBUG:netmiko:read_channel: 
DEBUG:netmiko:read_channel: 
DEBUG:netmiko:read_channel: 
DEBUG:netmiko:read_channel: 
DEBUG:netmiko:read_channel: 
DEBUG:netmiko:read_channel: 
DEBUG:netmiko:read_channel: 
DEBUG:netmiko:read_channel: 
DEBUG:netmiko:read_channel: 
DEBUG:netmiko:read_channel: 
DEBUG:netmiko:read_channel: 
DEBUG:netmiko:read_channel: 
DEBUG:netmiko:read_channel: 
DEBUG:netmiko:read_channel: 
DEBUG:netmiko:read_channel: 
DEBUG:netmiko:read_channel: 
DEBUG:netmiko:read_channel: 
DEBUG:netmiko:read_channel: 
DEBUG:netmiko:read_channel: 
DEBUG:netmiko:read_channel: 
DEBUG:netmiko:read_channel: 
DEBUG:netmiko:read_channel: 
DEBUG:netmiko:read_channel: 
DEBUG:netmiko:read_channel: 
DEBUG:netmiko:read_channel: 
DEBUG:netmiko:read_channel: 
DEBUG:netmiko:read_channel: 
DEBUG:netmiko:read_channel: 
DEBUG:netmiko:read_channel: 
DEBUG:netmiko:read_channel: 
DEBUG:netmiko:read_channel: 
DEBUG:netmiko:read_channel: 
DEBUG:netmiko:read_channel: 
DEBUG:netmiko:read_channel: 
DEBUG:netmiko:read_channel: 
DEBUG:netmiko:read_channel: 
DEBUG:netmiko:read_channel: 
DEBUG:netmiko:read_channel: 
DEBUG:netmiko:read_channel: 
DEBUG:netmiko:read_channel: 
DEBUG:netmiko:read_channel: 
DEBUG:netmiko:read_channel: 
DEBUG:netmiko:read_channel: 
DEBUG:netmiko:read_channel: 
DEBUG:netmiko:read_channel: 
DEBUG:netmiko:read_channel: 
DEBUG:netmiko:read_channel: 
DEBUG:netmiko:read_channel: 
DEBUG:netmiko:read_channel: 
DEBUG:netmiko:read_channel: 
DEBUG:netmiko:read_channel: 
DEBUG:netmiko:read_channel: 
DEBUG:netmiko:read_channel: 
DEBUG:netmiko:read_channel: 
DEBUG:netmiko:read_channel: 
DEBUG:netmiko:read_channel: 
DEBUG:netmiko:read_channel: 
DEBUG:netmiko:read_channel: 
DEBUG:netmiko:read_channel: 
DEBUG:netmiko:read_channel: 
DEBUG:netmiko:read_channel: 
DEBUG:netmiko:read_channel: 
DEBUG:netmiko:read_channel: 
DEBUG:netmiko:read_channel: 
DEBUG:netmiko:read_channel: 
DEBUG:netmiko:read_channel: 
DEBUG:netmiko:read_channel: 
DEBUG:netmiko:read_channel: 
DEBUG:netmiko:read_channel: 
DEBUG:netmiko:read_channel: 
DEBUG:netmiko:read_channel: 
DEBUG:netmiko:read_channel: 
DEBUG:netmiko:read_channel: 
DEBUG:netmiko:read_channel: 
DEBUG:netmiko:read_channel: 
DEBUG:netmiko:read_channel: 
DEBUG:netmiko:read_channel: 
DEBUG:netmiko:read_channel: 
DEBUG:netmiko:read_channel: 
DEBUG:netmiko:read_channel: 
DEBUG:netmiko:read_channel: 
DEBUG:netmiko:read_channel: 
DEBUG:netmiko:read_channel: 
DEBUG:netmiko:read_channel: 
DEBUG:netmiko:read_channel: 
DEBUG:netmiko:read_channel: 
DEBUG:netmiko:read_channel: 
DEBUG:netmiko:read_channel: 
DEBUG:netmiko:read_channel: 
DEBUG:netmiko:read_channel: 
DEBUG:netmiko:read_channel: 
DEBUG:netmiko:read_channel: 
DEBUG:netmiko:read_channel: 
DEBUG:netmiko:read_channel: 
DEBUG:netmiko:read_channel: 
DEBUG:netmiko:read_channel: 
DEBUG:netmiko:read_channel: 
DEBUG:netmiko:read_channel: 
DEBUG:netmiko:read_channel: 
DEBUG:netmiko:read_channel: 
DEBUG:netmiko:read_channel: 
DEBUG:netmiko:read_channel: 
DEBUG:netmiko:read_channel: 
DEBUG:netmiko:read_channel: 
DEBUG:netmiko:read_channel: 
DEBUG:netmiko:read_channel: 
DEBUG:netmiko:read_channel: 
DEBUG:netmiko:read_channel: 
DEBUG:netmiko:read_channel: 
DEBUG:netmiko:read_channel: 
DEBUG:netmiko:read_channel: 
DEBUG:netmiko:read_channel: 
DEBUG:netmiko:read_channel: 
DEBUG:netmiko:read_channel: 
DEBUG:netmiko:read_channel: 
DEBUG:netmiko:read_channel: 
DEBUG:netmiko:read_channel: 
DEBUG:netmiko:read_channel: 
DEBUG:netmiko:read_channel: 
DEBUG:netmiko:read_channel: 
DEBUG:netmiko:read_channel: 
DEBUG:netmiko:read_channel: 
DEBUG:netmiko:read_channel: 
DEBUG:netmiko:read_channel: 
DEBUG:netmiko:read_channel: 
DEBUG:netmiko:read_channel: 
DEBUG:netmiko:read_channel: 
DEBUG:netmiko:read_channel: 
DEBUG:netmiko:read_channel: 
DEBUG:netmiko:read_channel: 
DEBUG:netmiko:read_channel: 
DEBUG:netmiko:read_channel: 
DEBUG:netmiko:read_channel: 
DEBUG:netmiko:read_channel: 
DEBUG:netmiko:read_channel: 
DEBUG:netmiko:read_channel: 
DEBUG:netmiko:read_channel: 
DEBUG:netmiko:read_channel: 
DEBUG:netmiko:read_channel: 
DEBUG:netmiko:read_channel: 
DEBUG:netmiko:read_channel: 
DEBUG:netmiko:read_channel: 
DEBUG:netmiko:read_channel: 
DEBUG:netmiko:read_channel: 
DEBUG:netmiko:read_channel: 
DEBUG:netmiko:read_channel: 
DEBUG:netmiko:read_channel: 
DEBUG:netmiko:read_channel: 
DEBUG:netmiko:read_channel: 
DEBUG:netmiko:read_channel: 
DEBUG:netmiko:read_channel: 
DEBUG:netmiko:read_channel: 
DEBUG:netmiko:read_channel: 
DEBUG:netmiko:read_channel: 
DEBUG:netmiko:read_channel: 
DEBUG:netmiko:read_channel: 
DEBUG:netmiko:read_channel: 
DEBUG:netmiko:read_channel: 
DEBUG:netmiko:read_channel: 
DEBUG:netmiko:read_channel: 
DEBUG:netmiko:read_channel: 
DEBUG:netmiko:read_channel: 
DEBUG:netmiko:read_channel: 
DEBUG:netmiko:read_channel: 
DEBUG:netmiko:read_channel: 
DEBUG:netmiko:read_channel: 
DEBUG:netmiko:read_channel: 
DEBUG:netmiko:read_channel: 
DEBUG:netmiko:read_channel: 
DEBUG:netmiko:read_channel: 
DEBUG:netmiko:read_channel: 
DEBUG:netmiko:read_channel: 
DEBUG:netmiko:read_channel: 
DEBUG:netmiko:read_channel: 
DEBUG:netmiko:read_channel: 
DEBUG:netmiko:read_channel: 
DEBUG:netmiko:read_channel: 
DEBUG:netmiko:read_channel: 
DEBUG:netmiko:read_channel: 
DEBUG:netmiko:read_channel: 
DEBUG:netmiko:read_channel: 
DEBUG:netmiko:read_channel: 
DEBUG:netmiko:read_channel: 
DEBUG:netmiko:read_channel: 
DEBUG:netmiko:read_channel: 
DEBUG:netmiko:read_channel: 
DEBUG:netmiko:read_channel: 
DEBUG:netmiko:read_channel: 
DEBUG:netmiko:read_channel: 
DEBUG:netmiko:read_channel: 
DEBUG:netmiko:read_channel: 
DEBUG:netmiko:read_channel: 
DEBUG:netmiko:read_channel: 
DEBUG:netmiko:read_channel: 
DEBUG:netmiko:read_channel: 
DEBUG:netmiko:read_channel: 
DEBUG:netmiko:read_channel: 
DEBUG:netmiko:read_channel: 
DEBUG:netmiko:read_channel: 
DEBUG:netmiko:read_channel: 
DEBUG:netmiko:read_channel: 
DEBUG:netmiko:read_channel: 
DEBUG:netmiko:read_channel: 
DEBUG:netmiko:read_channel: 
DEBUG:netmiko:read_channel: 
DEBUG:netmiko:read_channel: 
DEBUG:netmiko:read_channel: 
DEBUG:netmiko:read_channel: 
DEBUG:netmiko:read_channel: 
DEBUG:netmiko:read_channel: 
DEBUG:netmiko:read_channel: 
DEBUG:netmiko:read_channel: 
DEBUG:netmiko:read_channel: 
DEBUG:netmiko:read_channel: 
DEBUG:netmiko:read_channel: 
DEBUG:netmiko:read_channel: 
DEBUG:netmiko:read_channel: 
DEBUG:netmiko:read_channel: 
DEBUG:netmiko:read_channel: 
DEBUG:netmiko:read_channel: 
DEBUG:netmiko:read_channel: 
DEBUG:netmiko:read_channel: 
DEBUG:netmiko:read_channel: 
DEBUG:netmiko:read_channel: 
DEBUG:netmiko:read_channel: 
DEBUG:netmiko:read_channel: 
DEBUG:netmiko:read_channel: 
DEBUG:netmiko:read_channel: 
DEBUG:netmiko:read_channel: 
DEBUG:netmiko:read_channel: 
DEBUG:netmiko:read_channel: 
DEBUG:netmiko:read_channel: 
DEBUG:netmiko:read_channel: 
DEBUG:netmiko:read_channel: 
DEBUG:netmiko:read_channel: 
DEBUG:netmiko:read_channel: 
DEBUG:netmiko:read_channel: 
DEBUG:netmiko:read_channel: 
DEBUG:netmiko:read_channel: 
DEBUG:netmiko:read_channel: 
DEBUG:netmiko:read_channel: 
DEBUG:netmiko:read_channel: 
DEBUG:netmiko:read_channel: 
DEBUG:netmiko:read_channel: 
DEBUG:netmiko:read_channel: 
DEBUG:netmiko:read_channel: 
DEBUG:netmiko:read_channel: 
DEBUG:netmiko:read_channel: 
DEBUG:netmiko:read_channel: 
DEBUG:netmiko:read_channel: 
DEBUG:netmiko:read_channel: 
DEBUG:netmiko:read_channel: 
DEBUG:netmiko:read_channel: 
DEBUG:netmiko:read_channel: 
DEBUG:netmiko:read_channel: 
DEBUG:netmiko:read_channel: 
DEBUG:netmiko:read_channel: 
DEBUG:netmiko:read_channel: 
DEBUG:netmiko:read_channel: 
DEBUG:netmiko:read_channel: 
DEBUG:netmiko:read_channel: 
DEBUG:netmiko:read_channel: 
DEBUG:netmiko:read_channel: 
DEBUG:netmiko:read_channel: 
DEBUG:netmiko:read_channel: 
DEBUG:paramiko.transport:starting thread (client mode): 0xd7e3d690
DEBUG:paramiko.transport:Local version/idstring: SSH-2.0-paramiko_3.1.0
DEBUG:paramiko.transport:Remote version/idstring: SSH-1.99-Cisco-1.25
INFO:paramiko.transport:Connected (version 1.99, client Cisco-1.25)
DEBUG:paramiko.transport:=== Key exchange possibilities ===
DEBUG:paramiko.transport:kex algos: diffie-hellman-group1-sha1
DEBUG:paramiko.transport:server key: ssh-rsa
DEBUG:paramiko.transport:client encrypt: aes128-cbc, 3des-cbc, aes192-cbc, aes256-cbc
DEBUG:paramiko.transport:server encrypt: aes128-cbc, 3des-cbc, aes192-cbc, aes256-cbc
DEBUG:paramiko.transport:client mac: hmac-sha1, hmac-sha1-96, hmac-md5, hmac-md5-96
DEBUG:paramiko.transport:server mac: hmac-sha1, hmac-sha1-96, hmac-md5, hmac-md5-96
DEBUG:paramiko.transport:client compress: none
DEBUG:paramiko.transport:server compress: none
DEBUG:paramiko.transport:client lang: <none>
DEBUG:paramiko.transport:server lang: <none>
DEBUG:paramiko.transport:kex follows: False
DEBUG:paramiko.transport:=== Key exchange agreements ===
DEBUG:paramiko.transport:Kex: diffie-hellman-group1-sha1
DEBUG:paramiko.transport:HostKey: ssh-rsa
DEBUG:paramiko.transport:Cipher: aes128-cbc
DEBUG:paramiko.transport:MAC: hmac-sha1
DEBUG:paramiko.transport:Compression: none
DEBUG:paramiko.transport:=== End of kex handshake ===
DEBUG:paramiko.transport:kex engine KexGroup1 specified hash_algo <built-in function openssl_sha1>
DEBUG:paramiko.transport:Switch to new keys ...
DEBUG:paramiko.transport:Adding ssh-rsa host key for 22.1.1.5: b'b82f15d360ffac609fc40954a010f48c'
DEBUG:paramiko.transport:userauth is OK
INFO:paramiko.transport:Authentication (password) successful!
DEBUG:paramiko.transport:[chan 0] Max packet in: 32768 bytes
DEBUG:paramiko.transport:[chan 0] Max packet out: 4096 bytes
DEBUG:paramiko.transport:Secsh channel 0 opened.
DEBUG:paramiko.transport:[chan 0] Sesch channel 0 request ok
DEBUG:paramiko.transport:[chan 0] Sesch channel 0 request ok
DEBUG:netmiko:write_channel: b'\n'
DEBUG:netmiko:write_channel: b'terminal width 511\n'
DEBUG:netmiko:read_channel: 
alex>
alex>
DEBUG:netmiko:read_channel: terminal width
DEBUG:netmiko:read_channel:  511
alex>
DEBUG:netmiko:Pattern found: (terminal width 511) 
alex>
alex>terminal width 511
DEBUG:netmiko:In disable_paging
DEBUG:netmiko:Command: terminal length 0

DEBUG:netmiko:write_channel: b'terminal length 0\n'
DEBUG:netmiko:read_channel: 
DEBUG:netmiko:read_channel: terminal length 
DEBUG:netmiko:read_channel: 0
alex>
DEBUG:netmiko:Pattern found: (terminal\ length\ 0) 
alex>terminal length 0
DEBUG:netmiko:
alex>terminal length 0
DEBUG:netmiko:Exiting disable_paging
DEBUG:netmiko:read_channel: 
DEBUG:netmiko:Clear buffer detects data in the channel
DEBUG:netmiko:read_channel: 
DEBUG:netmiko:write_channel: b'\n'
DEBUG:netmiko:read_channel: 
DEBUG:netmiko:read_channel: 
alex>
DEBUG:netmiko:Pattern found: (\#|>) 
alex>
DEBUG:netmiko:read_channel: 
DEBUG:netmiko:[find_prompt()]: prompt is alex>
DEBUG:netmiko:read_channel: 
DEBUG:netmiko:write_channel: b'\n'
DEBUG:netmiko:read_channel: 
alex>
DEBUG:netmiko:read_channel: 
DEBUG:netmiko:[find_prompt()]: prompt is alex>
DEBUG:netmiko:write_channel: b'\n'
DEBUG:netmiko:read_channel: 
DEBUG:netmiko:read_channel: 
alex>
DEBUG:netmiko:Pattern found: (alex.*) 
alex>
DEBUG:netmiko:write_channel: b'enable\n'
DEBUG:netmiko:read_channel: 
DEBUG:netmiko:read_channel: enable
Password: 
DEBUG:netmiko:Pattern found: (enable) enable
DEBUG:netmiko:read_channel: 
DEBUG:netmiko:Pattern found: ((?:alex|ssword)) 
Password
DEBUG:netmiko:write_channel: b'********\n'
DEBUG:netmiko:read_channel: 
DEBUG:netmiko:read_channel: 
DEBUG:netmiko:read_channel: 
DEBUG:netmiko:read_channel: 
alex#
DEBUG:netmiko:Pattern found: (alex) : 
alex
DEBUG:netmiko:write_channel: b'\n'
DEBUG:netmiko:read_channel: 
DEBUG:netmiko:read_channel: 
DEBUG:netmiko:read_channel: 
alex#
DEBUG:netmiko:Pattern found: (alex.*) #
alex#
DEBUG:netmiko:write_channel: b'conf t\n'
DEBUG:netmiko:read_channel: conf t
Enter configuration commands, one per line.  End with CNTL/Z.
alex(config)#
DEBUG:netmiko:read_channel: 
DEBUG:netmiko:read_channel: 
DEBUG:netmiko:read_channel: 
DEBUG:netmiko:write_channel: b'\n'
DEBUG:netmiko:read_channel: 
alex(config)#
DEBUG:netmiko:read_channel: 
DEBUG:netmiko:[find_prompt()]: prompt is alex(config)#
DEBUG:netmiko:read_channel: 
DEBUG:netmiko:write_channel: b'\n'
DEBUG:netmiko:read_channel: 
alex(config)#
DEBUG:netmiko:read_channel: 
DEBUG:netmiko:[find_prompt()]: prompt is alex(config)#
DEBUG:netmiko:write_channel: b'router bgp 1\n'
DEBUG:netmiko:read_channel: 
DEBUG:netmiko:read_channel: router bgp 1
DEBUG:netmiko:Pattern found: (router\ bgp\ 1) router bgp 1
DEBUG:netmiko:read_channel: 
alex(config-router)#
DEBUG:netmiko:read_channel: 
DEBUG:netmiko:read_channel: 
DEBUG:netmiko:read_channel: 
DEBUG:netmiko:read_channel: 
DEBUG:netmiko:read_channel: 
DEBUG:netmiko:read_channel: 
DEBUG:netmiko:read_channel: 
DEBUG:netmiko:read_channel: 
DEBUG:netmiko:read_channel: 
DEBUG:netmiko:read_channel: 
DEBUG:netmiko:read_channel: 
DEBUG:netmiko:read_channel: 
DEBUG:netmiko:read_channel: 
DEBUG:netmiko:read_channel: 
DEBUG:netmiko:read_channel: 
DEBUG:netmiko:read_channel: 
DEBUG:netmiko:read_channel: 
DEBUG:netmiko:read_channel: 
DEBUG:netmiko:read_channel: 
DEBUG:netmiko:read_channel: 
DEBUG:netmiko:read_channel: 
DEBUG:netmiko:read_channel: 
DEBUG:netmiko:read_channel: 
DEBUG:netmiko:read_channel: 
DEBUG:netmiko:read_channel: 
DEBUG:netmiko:read_channel: 
DEBUG:netmiko:read_channel: 
DEBUG:netmiko:read_channel: 
DEBUG:netmiko:read_channel: 
DEBUG:netmiko:read_channel: 
DEBUG:netmiko:read_channel: 
DEBUG:netmiko:read_channel: 
DEBUG:netmiko:read_channel: 
DEBUG:netmiko:read_channel: 
DEBUG:netmiko:read_channel: 
DEBUG:netmiko:read_channel: 
DEBUG:netmiko:read_channel: 
DEBUG:netmiko:read_channel: 
DEBUG:netmiko:read_channel: 
DEBUG:netmiko:read_channel: 
DEBUG:netmiko:read_channel: 
DEBUG:netmiko:read_channel: 
DEBUG:netmiko:read_channel: 
DEBUG:netmiko:read_channel: 
DEBUG:netmiko:read_channel: 
DEBUG:netmiko:read_channel: 
DEBUG:netmiko:read_channel: 
DEBUG:netmiko:read_channel: 
DEBUG:netmiko:read_channel: 
DEBUG:netmiko:read_channel: 
DEBUG:netmiko:read_channel: 
DEBUG:netmiko:read_channel: 
DEBUG:netmiko:read_channel: 
DEBUG:netmiko:read_channel: 
DEBUG:netmiko:read_channel: 
DEBUG:netmiko:read_channel: 
DEBUG:netmiko:read_channel: 
DEBUG:netmiko:read_channel: 
DEBUG:netmiko:read_channel: 
DEBUG:netmiko:read_channel: 
DEBUG:netmiko:read_channel: 
DEBUG:netmiko:read_channel: 
DEBUG:netmiko:read_channel: 
DEBUG:netmiko:read_channel: 
DEBUG:netmiko:read_channel: 
DEBUG:netmiko:read_channel: 
DEBUG:netmiko:read_channel: 
DEBUG:netmiko:read_channel: 
DEBUG:netmiko:read_channel: 
DEBUG:netmiko:read_channel: 
DEBUG:netmiko:read_channel: 
DEBUG:netmiko:read_channel: 
DEBUG:netmiko:read_channel: 
DEBUG:netmiko:read_channel: 
DEBUG:netmiko:read_channel: 
DEBUG:netmiko:read_channel: 
DEBUG:netmiko:read_channel: 
DEBUG:netmiko:read_channel: 
DEBUG:netmiko:read_channel: 
DEBUG:netmiko:read_channel: 
DEBUG:netmiko:read_channel: 
DEBUG:netmiko:read_channel: 
DEBUG:netmiko:read_channel: 
DEBUG:netmiko:read_channel: 
DEBUG:netmiko:read_channel: 
DEBUG:netmiko:read_channel: 
DEBUG:netmiko:read_channel: 
DEBUG:netmiko:read_channel: 
DEBUG:netmiko:read_channel: 
DEBUG:netmiko:read_channel: 
DEBUG:netmiko:read_channel: 
DEBUG:netmiko:read_channel: 
DEBUG:netmiko:read_channel: 
DEBUG:netmiko:read_channel: 
DEBUG:netmiko:read_channel: 
DEBUG:netmiko:read_channel: 
DEBUG:netmiko:read_channel: 
DEBUG:netmiko:read_channel: 
DEBUG:netmiko:read_channel: 
DEBUG:netmiko:read_channel: 
DEBUG:netmiko:read_channel: 
DEBUG:netmiko:read_channel: 
DEBUG:netmiko:read_channel: 
DEBUG:netmiko:read_channel: 
DEBUG:netmiko:read_channel: 
DEBUG:netmiko:read_channel: 
DEBUG:netmiko:read_channel: 
DEBUG:netmiko:read_channel: 
DEBUG:netmiko:read_channel: 
DEBUG:netmiko:read_channel: 
DEBUG:netmiko:read_channel: 
DEBUG:netmiko:read_channel: 
DEBUG:netmiko:read_channel: 
DEBUG:netmiko:read_channel: 
DEBUG:netmiko:read_channel: 
DEBUG:netmiko:read_channel: 
DEBUG:netmiko:read_channel: 
DEBUG:netmiko:read_channel: 
DEBUG:netmiko:read_channel: 
DEBUG:netmiko:read_channel: 
DEBUG:netmiko:read_channel: 
DEBUG:netmiko:read_channel: 
DEBUG:netmiko:read_channel: 
DEBUG:netmiko:read_channel: 
DEBUG:netmiko:read_channel: 
DEBUG:netmiko:read_channel: 
DEBUG:netmiko:read_channel: 
DEBUG:netmiko:read_channel: 
DEBUG:netmiko:read_channel: 
DEBUG:netmiko:read_channel: 
DEBUG:netmiko:read_channel: 
DEBUG:netmiko:read_channel: 
DEBUG:netmiko:read_channel: 
DEBUG:netmiko:read_channel: 
DEBUG:netmiko:read_channel: 
DEBUG:netmiko:read_channel: 
DEBUG:netmiko:read_channel: 
DEBUG:netmiko:read_channel: 
DEBUG:netmiko:read_channel: 
DEBUG:netmiko:read_channel: 
DEBUG:netmiko:read_channel: 
DEBUG:netmiko:read_channel: 
DEBUG:netmiko:read_channel: 
DEBUG:netmiko:read_channel: 
DEBUG:netmiko:read_channel: 
DEBUG:netmiko:read_channel: 
DEBUG:netmiko:read_channel: 
DEBUG:netmiko:read_channel: 
DEBUG:netmiko:read_channel: 
DEBUG:netmiko:read_channel: 
DEBUG:netmiko:read_channel: 
DEBUG:netmiko:read_channel: 
DEBUG:netmiko:read_channel: 
DEBUG:netmiko:read_channel: 
DEBUG:netmiko:read_channel: 
DEBUG:netmiko:read_channel: 
DEBUG:netmiko:read_channel: 
DEBUG:netmiko:read_channel: 
DEBUG:netmiko:read_channel: 
DEBUG:netmiko:read_channel: 
DEBUG:netmiko:read_channel: 
DEBUG:netmiko:read_channel: 
DEBUG:netmiko:read_channel: 
DEBUG:netmiko:read_channel: 
DEBUG:netmiko:read_channel: 
DEBUG:netmiko:read_channel: 
DEBUG:netmiko:read_channel: 
DEBUG:netmiko:read_channel: 
DEBUG:netmiko:read_channel: 
DEBUG:netmiko:read_channel: 
DEBUG:netmiko:read_channel: 
DEBUG:netmiko:read_channel: 
DEBUG:netmiko:read_channel: 
DEBUG:netmiko:read_channel: 
DEBUG:netmiko:read_channel: 
DEBUG:netmiko:read_channel: 
DEBUG:netmiko:read_channel: 
DEBUG:netmiko:read_channel: 
DEBUG:netmiko:read_channel: 
DEBUG:netmiko:read_channel: 
DEBUG:netmiko:read_channel: 
DEBUG:netmiko:read_channel: 
DEBUG:netmiko:read_channel: 
DEBUG:netmiko:read_channel: 
DEBUG:netmiko:read_channel: 
DEBUG:netmiko:read_channel: 
DEBUG:netmiko:read_channel: 
DEBUG:netmiko:read_channel: 
DEBUG:netmiko:read_channel: 
DEBUG:netmiko:read_channel: 
DEBUG:netmiko:read_channel: 
DEBUG:netmiko:read_channel: 
DEBUG:netmiko:read_channel: 
DEBUG:netmiko:read_channel: 
DEBUG:netmiko:read_channel: 
DEBUG:netmiko:read_channel: 
DEBUG:netmiko:read_channel: 
DEBUG:netmiko:read_channel: 
DEBUG:netmiko:read_channel: 
DEBUG:netmiko:read_channel: 
DEBUG:netmiko:read_channel: 
DEBUG:netmiko:read_channel: 
DEBUG:netmiko:read_channel: 
DEBUG:netmiko:read_channel: 
DEBUG:netmiko:read_channel: 
DEBUG:netmiko:read_channel: 
DEBUG:netmiko:read_channel: 
DEBUG:netmiko:read_channel: 
DEBUG:netmiko:read_channel: 
DEBUG:netmiko:read_channel: 
DEBUG:netmiko:read_channel: 
DEBUG:netmiko:read_channel: 
DEBUG:netmiko:read_channel: 
DEBUG:netmiko:read_channel: 
DEBUG:netmiko:read_channel: 
DEBUG:netmiko:read_channel: 
DEBUG:netmiko:read_channel: 
DEBUG:netmiko:read_channel: 
DEBUG:netmiko:read_channel: 
DEBUG:netmiko:read_channel: 
DEBUG:netmiko:read_channel: 
DEBUG:netmiko:read_channel: 
DEBUG:netmiko:read_channel: 
DEBUG:netmiko:read_channel: 
DEBUG:netmiko:read_channel: 
DEBUG:netmiko:read_channel: 
DEBUG:netmiko:read_channel: 
DEBUG:netmiko:read_channel: 
DEBUG:netmiko:read_channel: 
DEBUG:netmiko:read_channel: 
DEBUG:netmiko:read_channel: 
DEBUG:netmiko:read_channel: 
DEBUG:netmiko:read_channel: 
DEBUG:netmiko:read_channel: 
DEBUG:netmiko:read_channel: 
DEBUG:netmiko:read_channel: 
DEBUG:netmiko:read_channel: 
DEBUG:netmiko:read_channel: 
DEBUG:netmiko:read_channel: 
DEBUG:netmiko:read_channel: 
DEBUG:netmiko:read_channel: 
DEBUG:netmiko:read_channel: 
DEBUG:netmiko:read_channel: 
DEBUG:netmiko:read_channel: 
DEBUG:netmiko:read_channel: 
DEBUG:netmiko:read_channel: 
DEBUG:netmiko:read_channel: 
DEBUG:netmiko:read_channel: 
DEBUG:netmiko:read_channel: 
DEBUG:netmiko:read_channel: 
DEBUG:netmiko:read_channel: 
DEBUG:netmiko:read_channel: 
DEBUG:netmiko:read_channel: 
DEBUG:netmiko:read_channel: 
DEBUG:netmiko:read_channel: 
DEBUG:netmiko:read_channel: 
DEBUG:netmiko:read_channel: 
DEBUG:netmiko:read_channel: 
DEBUG:netmiko:read_channel: 
DEBUG:netmiko:read_channel: 
DEBUG:netmiko:read_channel: 
DEBUG:netmiko:read_channel: 
DEBUG:netmiko:read_channel: 
DEBUG:netmiko:read_channel: 
DEBUG:netmiko:read_channel: 
DEBUG:netmiko:read_channel: 
DEBUG:netmiko:read_channel: 
DEBUG:netmiko:read_channel: 
DEBUG:netmiko:read_channel: 
DEBUG:netmiko:read_channel: 
DEBUG:netmiko:read_channel: 
DEBUG:netmiko:read_channel: 
DEBUG:netmiko:read_channel: 
DEBUG:netmiko:read_channel: 
DEBUG:netmiko:read_channel: 
DEBUG:netmiko:read_channel: 
DEBUG:netmiko:read_channel: 
DEBUG:netmiko:read_channel: 
DEBUG:netmiko:read_channel: 
DEBUG:netmiko:read_channel: 
DEBUG:netmiko:read_channel: 
DEBUG:netmiko:read_channel: 
DEBUG:netmiko:read_channel: 
DEBUG:netmiko:read_channel: 
DEBUG:netmiko:read_channel: 
DEBUG:netmiko:read_channel: 
DEBUG:netmiko:read_channel: 
DEBUG:netmiko:read_channel: 
DEBUG:netmiko:read_channel: 
DEBUG:netmiko:read_channel: 
DEBUG:netmiko:read_channel: 
DEBUG:netmiko:read_channel: 
DEBUG:netmiko:read_channel: 
DEBUG:netmiko:read_channel: 
DEBUG:netmiko:read_channel: 
DEBUG:netmiko:read_channel: 
DEBUG:netmiko:read_channel: 
DEBUG:paramiko.transport:starting thread (client mode): 0x396c0450
DEBUG:paramiko.transport:Local version/idstring: SSH-2.0-paramiko_3.1.0
DEBUG:paramiko.transport:Remote version/idstring: SSH-1.99-Cisco-1.25
INFO:paramiko.transport:Connected (version 1.99, client Cisco-1.25)
DEBUG:paramiko.transport:=== Key exchange possibilities ===
DEBUG:paramiko.transport:kex algos: diffie-hellman-group1-sha1
DEBUG:paramiko.transport:server key: ssh-rsa
DEBUG:paramiko.transport:client encrypt: aes128-cbc, 3des-cbc, aes192-cbc, aes256-cbc
DEBUG:paramiko.transport:server encrypt: aes128-cbc, 3des-cbc, aes192-cbc, aes256-cbc
DEBUG:paramiko.transport:client mac: hmac-sha1, hmac-sha1-96, hmac-md5, hmac-md5-96
DEBUG:paramiko.transport:server mac: hmac-sha1, hmac-sha1-96, hmac-md5, hmac-md5-96
DEBUG:paramiko.transport:client compress: none
DEBUG:paramiko.transport:server compress: none
DEBUG:paramiko.transport:client lang: <none>
DEBUG:paramiko.transport:server lang: <none>
DEBUG:paramiko.transport:kex follows: False
DEBUG:paramiko.transport:=== Key exchange agreements ===
DEBUG:paramiko.transport:Kex: diffie-hellman-group1-sha1
DEBUG:paramiko.transport:HostKey: ssh-rsa
DEBUG:paramiko.transport:Cipher: aes128-cbc
DEBUG:paramiko.transport:MAC: hmac-sha1
DEBUG:paramiko.transport:Compression: none
DEBUG:paramiko.transport:=== End of kex handshake ===
DEBUG:paramiko.transport:kex engine KexGroup1 specified hash_algo <built-in function openssl_sha1>
DEBUG:paramiko.transport:Switch to new keys ...
DEBUG:paramiko.transport:Adding ssh-rsa host key for 22.1.1.5: b'b82f15d360ffac609fc40954a010f48c'
DEBUG:paramiko.transport:userauth is OK
INFO:paramiko.transport:Authentication (password) successful!
DEBUG:paramiko.transport:[chan 0] Max packet in: 32768 bytes
DEBUG:paramiko.transport:[chan 0] Max packet out: 4096 bytes
DEBUG:paramiko.transport:Secsh channel 0 opened.
DEBUG:paramiko.transport:[chan 0] Sesch channel 0 request ok
DEBUG:paramiko.transport:[chan 0] Sesch channel 0 request ok
DEBUG:netmiko:write_channel: b'\n'
DEBUG:netmiko:write_channel: b'terminal width 511\n'
DEBUG:netmiko:read_channel: 
alex>
alex>
DEBUG:netmiko:read_channel: terminal width 5
DEBUG:netmiko:read_channel: 11
alex>
DEBUG:netmiko:Pattern found: (terminal width 511) 
alex>
alex>terminal width 511
DEBUG:netmiko:In disable_paging
DEBUG:netmiko:Command: terminal length 0

DEBUG:netmiko:write_channel: b'terminal length 0\n'
DEBUG:netmiko:read_channel: 
DEBUG:netmiko:read_channel: terminal length 
DEBUG:netmiko:read_channel: 
DEBUG:netmiko:read_channel: 0
alex>
DEBUG:netmiko:Pattern found: (terminal\ length\ 0) 
alex>terminal length 0
DEBUG:netmiko:
alex>terminal length 0
DEBUG:netmiko:Exiting disable_paging
DEBUG:netmiko:read_channel: 
DEBUG:netmiko:Clear buffer detects data in the channel
DEBUG:netmiko:read_channel: 
DEBUG:netmiko:write_channel: b'\n'
DEBUG:netmiko:read_channel: 
DEBUG:netmiko:read_channel: 
alex>
DEBUG:netmiko:Pattern found: (\#|>) 
alex>
DEBUG:netmiko:read_channel: 
DEBUG:netmiko:[find_prompt()]: prompt is alex>
DEBUG:netmiko:read_channel: 
DEBUG:netmiko:write_channel: b'\n'
DEBUG:netmiko:read_channel: 
alex>
DEBUG:netmiko:read_channel: 
DEBUG:netmiko:[find_prompt()]: prompt is alex>
DEBUG:netmiko:write_channel: b'\n'
DEBUG:netmiko:read_channel: 
DEBUG:netmiko:read_channel: 
alex>
DEBUG:netmiko:Pattern found: (alex.*) 
alex>
DEBUG:netmiko:write_channel: b'enable\n'
DEBUG:netmiko:read_channel: 
DEBUG:netmiko:read_channel: 
DEBUG:netmiko:read_channel: enable
Password: 
DEBUG:netmiko:Pattern found: (enable) enable
DEBUG:netmiko:read_channel: 
DEBUG:netmiko:Pattern found: ((?:alex|ssword)) 
Password
DEBUG:netmiko:write_channel: b'********\n'
DEBUG:netmiko:read_channel: 
DEBUG:netmiko:read_channel: 
DEBUG:netmiko:read_channel: 
alex#
DEBUG:netmiko:Pattern found: (alex) : 
alex
DEBUG:netmiko:write_channel: b'\n'
DEBUG:netmiko:read_channel: 
DEBUG:netmiko:read_channel: 
DEBUG:netmiko:read_channel: 
alex#
DEBUG:netmiko:Pattern found: (alex.*) #
alex#
DEBUG:netmiko:write_channel: b'conf t\n'
DEBUG:netmiko:read_channel: conf t
Enter configuration commands, one per line.  End with CNTL/Z.
alex(config)#
DEBUG:netmiko:read_channel: 
DEBUG:netmiko:read_channel: 
DEBUG:netmiko:read_channel: 
DEBUG:netmiko:write_channel: b'\n'
DEBUG:netmiko:read_channel: 
alex(config)#
DEBUG:netmiko:read_channel: 
DEBUG:netmiko:[find_prompt()]: prompt is alex(config)#
DEBUG:netmiko:write_channel: b'router bgp 1\n'
DEBUG:netmiko:read_channel: router bgp 1
alex(config-router)#
DEBUG:netmiko:read_channel: 
DEBUG:netmiko:read_channel: 
DEBUG:netmiko:read_channel: 
DEBUG:netmiko:write_channel: b'\n'
DEBUG:netmiko:read_channel: 
alex(config-router)#
DEBUG:netmiko:read_channel: 
DEBUG:netmiko:[find_prompt()]: prompt is alex(config-router)#
DEBUG:netmiko:write_channel: b'neighbor 11.1.1.12 remote-as 300\n'
DEBUG:netmiko:read_channel: neighbor 11.1.1.12 remote-as 300

DEBUG:netmiko:read_channel: 
DEBUG:netmiko:read_channel: alex(config-router)#
DEBUG:netmiko:read_channel: 
DEBUG:netmiko:read_channel: 
DEBUG:netmiko:read_channel: 
DEBUG:netmiko:write_channel: b'\n'
DEBUG:netmiko:read_channel: 
alex(config-router)#
DEBUG:netmiko:read_channel: 
DEBUG:netmiko:[find_prompt()]: prompt is alex(config-router)#
DEBUG:netmiko:write_channel: b'no auto-summary\n'
DEBUG:netmiko:read_channel: no auto-summary
alex(config-router)#
DEBUG:netmiko:read_channel: 
DEBUG:netmiko:read_channel: 
DEBUG:netmiko:read_channel: 
DEBUG:netmiko:write_channel: b'\n'
DEBUG:netmiko:read_channel: 
alex(config-router)#
DEBUG:netmiko:read_channel: 
DEBUG:netmiko:[find_prompt()]: prompt is alex(config-router)#
DEBUG:netmiko:write_channel: b'net 192.168.10.0 mask 255.255.255.0\n'
DEBUG:netmiko:read_channel: net 192.168.10.0 mask 255.255.255.0
alex(config-router)#
DEBUG:netmiko:read_channel: 
DEBUG:netmiko:read_channel: 
DEBUG:netmiko:read_channel: 
DEBUG:netmiko:write_channel: b'\n'
DEBUG:netmiko:read_channel: 
alex(config-router)#
DEBUG:netmiko:read_channel: 
DEBUG:netmiko:[find_prompt()]: prompt is alex(config-router)#
DEBUG:netmiko:write_channel: b'net 192.168.20.0 mask 255.255.255.0\n'
DEBUG:netmiko:read_channel: net 192.168.20.0 mask 255.255.255.0
alex(config-router)#
DEBUG:netmiko:read_channel: 
DEBUG:netmiko:read_channel: 
DEBUG:netmiko:read_channel: 
DEBUG:netmiko:write_channel: b'\n'
DEBUG:netmiko:read_channel: 
alex(config-router)#
DEBUG:netmiko:read_channel: 
DEBUG:netmiko:[find_prompt()]: prompt is alex(config-router)#
DEBUG:netmiko:write_channel: b'net 192.168.30.0 mask 255.255.255.0\n'
DEBUG:netmiko:read_channel: net 192.168.30.0 mask 255.255.255.0
alex(config-router)#
DEBUG:netmiko:read_channel: 
DEBUG:netmiko:read_channel: 
DEBUG:netmiko:read_channel: 
DEBUG:netmiko:write_channel: b'\n'
DEBUG:netmiko:read_channel: 
alex(config-router)#
DEBUG:netmiko:read_channel: 
DEBUG:netmiko:[find_prompt()]: prompt is alex(config-router)#
DEBUG:netmiko:write_channel: b'net 192.168.40.0 mask 255.255.255.0\n'
DEBUG:netmiko:read_channel: net 192.168.40.0 mask 255.255.255.0
alex(config-router)#
DEBUG:netmiko:read_channel: 
DEBUG:netmiko:read_channel: 
DEBUG:netmiko:write_channel: b'\n'
DEBUG:netmiko:read_channel: 
DEBUG:netmiko:read_channel: 
alex(config-router)#
DEBUG:netmiko:Pattern found: ([>#]) 
alex(config-router)#
DEBUG:netmiko:write_channel: b'\n'
DEBUG:netmiko:read_channel: 
DEBUG:netmiko:read_channel: 
alex(config-router)#
DEBUG:netmiko:Pattern found: ([>#]) 
alex(config-router)#
DEBUG:netmiko:write_channel: b'end\n'
DEBUG:netmiko:read_channel: 
DEBUG:netmiko:read_channel: end
alex#
DEBUG:netmiko:Pattern found: (end) end
DEBUG:netmiko:read_channel: 
DEBUG:netmiko:Pattern found: (#.*) 
alex#
DEBUG:netmiko:write_channel: b'\n'
DEBUG:netmiko:read_channel: 
DEBUG:netmiko:read_channel: 
alex#
DEBUG:netmiko:Pattern found: ([>#]) 
alex#
DEBUG:netmiko:exit_config_mode: end
alex#
DEBUG:netmiko:write_channel: b'exit\n'
DEBUG:paramiko.transport:EOF in transport thread
DEBUG:paramiko.transport:starting thread (client mode): 0xb3c4bd90
DEBUG:paramiko.transport:Local version/idstring: SSH-2.0-paramiko_3.1.0
DEBUG:paramiko.transport:Remote version/idstring: SSH-2.0-Cisco-1.25
INFO:paramiko.transport:Connected (version 2.0, client Cisco-1.25)
DEBUG:paramiko.transport:=== Key exchange possibilities ===
DEBUG:paramiko.transport:kex algos: diffie-hellman-group-exchange-sha1, diffie-hellman-group14-sha1, diffie-hellman-group1-sha1
DEBUG:paramiko.transport:server key: ssh-rsa
DEBUG:paramiko.transport:client encrypt: aes128-cbc, 3des-cbc, aes192-cbc, aes256-cbc
DEBUG:paramiko.transport:server encrypt: aes128-cbc, 3des-cbc, aes192-cbc, aes256-cbc
DEBUG:paramiko.transport:client mac: hmac-sha1, hmac-sha1-96, hmac-md5, hmac-md5-96
DEBUG:paramiko.transport:server mac: hmac-sha1, hmac-sha1-96, hmac-md5, hmac-md5-96
DEBUG:paramiko.transport:client compress: none
DEBUG:paramiko.transport:server compress: none
DEBUG:paramiko.transport:client lang: <none>
DEBUG:paramiko.transport:server lang: <none>
DEBUG:paramiko.transport:kex follows: False
DEBUG:paramiko.transport:=== Key exchange agreements ===
DEBUG:paramiko.transport:Kex: diffie-hellman-group-exchange-sha1
DEBUG:paramiko.transport:HostKey: ssh-rsa
DEBUG:paramiko.transport:Cipher: aes128-cbc
DEBUG:paramiko.transport:MAC: hmac-sha1
DEBUG:paramiko.transport:Compression: none
DEBUG:paramiko.transport:=== End of kex handshake ===
DEBUG:paramiko.transport:Got server p (2048 bits)
DEBUG:paramiko.transport:kex engine KexGex specified hash_algo <built-in function openssl_sha1>
DEBUG:paramiko.transport:Switch to new keys ...
DEBUG:paramiko.transport:Adding ssh-rsa host key for 26.1.1.1: b'31f5eed4b782013734627a8dacad0966'
DEBUG:paramiko.transport:userauth is OK
INFO:paramiko.transport:Authentication (password) successful!
DEBUG:paramiko.transport:[chan 0] Max packet in: 32768 bytes
DEBUG:paramiko.transport:[chan 0] Max packet out: 4096 bytes
DEBUG:paramiko.transport:Secsh channel 0 opened.
DEBUG:paramiko.transport:[chan 0] Sesch channel 0 request ok
DEBUG:paramiko.transport:[chan 0] Sesch channel 0 request ok
DEBUG:netmiko:write_channel: b'\n'
DEBUG:netmiko:write_channel: b'terminal width 511\n'
DEBUG:netmiko:read_channel: 
PEalex>
PEalex>
DEBUG:netmiko:read_channel: terminal wi
DEBUG:netmiko:read_channel: dth 511

DEBUG:netmiko:Pattern found: (terminal width 511) 
PEalex>
PEalex>terminal width 511
DEBUG:netmiko:In disable_paging
DEBUG:netmiko:Command: terminal length 0

DEBUG:netmiko:write_channel: b'terminal length 0\n'
DEBUG:netmiko:read_channel: 
DEBUG:netmiko:read_channel: 
DEBUG:netmiko:read_channel: PEalex>terminal le
DEBUG:netmiko:read_channel: ngth 0
PEalex>
DEBUG:netmiko:Pattern found: (terminal\ length\ 0) 
PEalex>terminal length 0
DEBUG:netmiko:
PEalex>terminal length 0
DEBUG:netmiko:Exiting disable_paging
DEBUG:netmiko:read_channel: 
DEBUG:netmiko:Clear buffer detects data in the channel
DEBUG:netmiko:read_channel: 
DEBUG:netmiko:write_channel: b'\n'
DEBUG:netmiko:read_channel: 
DEBUG:netmiko:read_channel: 
DEBUG:netmiko:read_channel: 
PEalex>
DEBUG:netmiko:Pattern found: (\#|>) 
PEalex>
DEBUG:netmiko:read_channel: 
DEBUG:netmiko:[find_prompt()]: prompt is PEalex>
DEBUG:netmiko:write_channel: b'\n'
DEBUG:netmiko:read_channel: 
DEBUG:netmiko:read_channel: 
PEalex>
DEBUG:netmiko:Pattern found: (PEalex.*) 
PEalex>
DEBUG:netmiko:write_channel: b'enable\n'
DEBUG:netmiko:read_channel: 
DEBUG:netmiko:read_channel: enab
DEBUG:netmiko:read_channel: le
Password: 
DEBUG:netmiko:Pattern found: (enable) enable
DEBUG:netmiko:read_channel: 
DEBUG:netmiko:Pattern found: ((?:PEalex|ssword)) 
Password
DEBUG:netmiko:write_channel: b'********\n'
DEBUG:netmiko:read_channel: 
DEBUG:netmiko:read_channel: 
DEBUG:netmiko:read_channel: 
PEalex#
DEBUG:netmiko:Pattern found: (PEalex) : 
PEalex
DEBUG:netmiko:write_channel: b'\n'
DEBUG:netmiko:read_channel: 
DEBUG:netmiko:read_channel: 
DEBUG:netmiko:read_channel: 
PEalex#
DEBUG:netmiko:Pattern found: (PEalex.*) #
PEalex#
DEBUG:netmiko:write_channel: b'conf t\n'
DEBUG:netmiko:read_channel: conf t
Enter configuration commands, one per line.  End with CNTL/Z.
PEalex(config)#
DEBUG:netmiko:read_channel: 
DEBUG:netmiko:read_channel: 
DEBUG:netmiko:write_channel: b'router bgp 300\n'
DEBUG:netmiko:read_channel: router bgp 300

DEBUG:netmiko:read_channel: PEalex(config-router)#
DEBUG:netmiko:read_channel: 
DEBUG:netmiko:read_channel: 
DEBUG:netmiko:write_channel: b'neighbor 2.2.2.2 remote-as 300\n'
DEBUG:netmiko:read_channel: neighbor 2.2.2.2 remote-as 300

DEBUG:netmiko:read_channel: PEalex(config-router)#
DEBUG:netmiko:read_channel: 
DEBUG:netmiko:read_channel: 
DEBUG:netmiko:write_channel: b'neighbor 2.2.2.2 update-source lo0\n'
DEBUG:netmiko:read_channel: neighbor 2.2.2.2 update-source lo0
                                                       ^
% Invalid input detected at '^' marker.

PEalex(config-router)#
DEBUG:netmiko:read_channel: 
DEBUG:netmiko:read_channel: 
DEBUG:netmiko:write_channel: b'address-family vpnv4\n'
DEBUG:netmiko:read_channel: address-family vpnv4

DEBUG:netmiko:read_channel: PEalex(config-router-af)#
DEBUG:netmiko:read_channel: 
DEBUG:netmiko:read_channel: 
DEBUG:netmiko:write_channel: b'neighbor 2.2.2.2 activate\n'
DEBUG:netmiko:read_channel: neighbor 2.2.2.2 activate
PEalex(config-router-af)#
DEBUG:netmiko:read_channel: 
DEBUG:netmiko:read_channel: 
DEBUG:netmiko:write_channel: b'neighnor 2.2.2.2 send-community both\n'
DEBUG:netmiko:read_channel: neighnor 2.2.2.2 send-community both
                              ^
% Invalid input detected at '^' marker.

PEalex(config-router-af)#
DEBUG:netmiko:read_channel: 
DEBUG:netmiko:read_channel: 
DEBUG:netmiko:write_channel: b'exit-address-family\n'
DEBUG:netmiko:read_channel: exit-address-family
PEalex(config-router)#
DEBUG:netmiko:read_channel: 
DEBUG:netmiko:read_channel: 
DEBUG:netmiko:write_channel: b'neighbor 3.3.3.3 remote-as 300\n'
DEBUG:netmiko:read_channel: neighbor 3.3.3.3 remote-as
DEBUG:netmiko:read_channel:  300
PEalex(config-router)#
DEBUG:netmiko:read_channel: 
DEBUG:netmiko:read_channel: 
DEBUG:netmiko:write_channel: b'neighbor 3.3.3.3 update-source lo0\n'
DEBUG:netmiko:read_channel: neighbor 3.3.3.3 update-source lo0
                                                       ^
% Invalid input detected at '^' marker.

PEalex(config-router)#
DEBUG:netmiko:read_channel: 
DEBUG:netmiko:read_channel: 
DEBUG:netmiko:write_channel: b'address-family vpnv4\n'
DEBUG:netmiko:read_channel: address-family vpnv4
PEalex(config-router-af)#
DEBUG:netmiko:read_channel: 
DEBUG:netmiko:read_channel: 
DEBUG:netmiko:write_channel: b'neighbor 3.3.3.3 activate\n'
DEBUG:netmiko:read_channel: neighbor 3.3.3.3 activate
PEalex(config-router-af)#
DEBUG:netmiko:read_channel: 
DEBUG:netmiko:read_channel: 
DEBUG:netmiko:write_channel: b'neighnor 3.3.3.3 send-community both\n'
DEBUG:netmiko:read_channel: neighnor 3.3.3.3 send-community both
                              ^
% Invalid input detected at '^' marker.

PEalex(config-router-af)#
DEBUG:netmiko:read_channel: 
DEBUG:netmiko:read_channel: 
DEBUG:netmiko:write_channel: b'exit-address-family\n'
DEBUG:netmiko:read_channel: exit-address-family
PEalex(config-router)#
DEBUG:netmiko:read_channel: 
DEBUG:netmiko:read_channel: 
DEBUG:netmiko:write_channel: b'neighbor 5.5.5.5 remote-as 300\n'
DEBUG:netmiko:read_channel: neighbor 5.5.5.5 remote-as 300
PEalex(config-router)#
DEBUG:netmiko:read_channel: 
DEBUG:netmiko:read_channel: 
DEBUG:netmiko:write_channel: b'neighbor 5.5.5.5 update-source lo0\n'
DEBUG:netmiko:read_channel: neighbor 5.5.5.5 update-source lo0
                                                       ^
% Invalid input detected at '^' marker.

PEalex(config-router)#
DEBUG:netmiko:read_channel: 
DEBUG:netmiko:read_channel: 
DEBUG:netmiko:write_channel: b'address-family vpnv4\n'
DEBUG:netmiko:read_channel: address-family vpnv4
PEalex(config-router-af)#
DEBUG:netmiko:read_channel: 
DEBUG:netmiko:read_channel: 
DEBUG:netmiko:write_channel: b'neighbor 5.5.5.5 activate\n'
DEBUG:netmiko:read_channel: neighbor 5.5.5.5 activate
PEalex(config-router-af)#
DEBUG:netmiko:read_channel: 
DEBUG:netmiko:read_channel: 
DEBUG:netmiko:write_channel: b'neighnor 5.5.5.5 send-community both\n'
DEBUG:netmiko:read_channel: neighnor 5.5.5.5 send-community both
                              ^
% Invalid input detected at '^' marker.

PEalex(config-router-af)#
DEBUG:netmiko:read_channel: 
DEBUG:netmiko:read_channel: 
DEBUG:netmiko:write_channel: b'exit-address-family\n'
DEBUG:netmiko:read_channel: exit-address-family
PEalex(config-router)#
DEBUG:netmiko:read_channel: 
DEBUG:netmiko:read_channel: 
DEBUG:netmiko:write_channel: b'address-family ipv4 vrf net\n'
DEBUG:netmiko:read_channel: address-family ipv4 vrf net
DEBUG:netmiko:read_channel: 
% VRF net does not exist.
PEalex(config-router)#
DEBUG:netmiko:read_channel: 
DEBUG:netmiko:read_channel: 
DEBUG:netmiko:write_channel: b'neighbor 11.1.1.1 remote-as 1\n'
DEBUG:netmiko:read_channel: neighbor 11.1.1.1 remote-as 1
PEalex(config-router)#
DEBUG:netmiko:read_channel: 
DEBUG:netmiko:read_channel: 
DEBUG:netmiko:write_channel: b'neighbor 11.1.1.1 activate\n'
DEBUG:netmiko:read_channel: neighbor 11.1.1.1 activate
PEalex(config-router)#
DEBUG:netmiko:read_channel: 
DEBUG:netmiko:read_channel: 
DEBUG:netmiko:write_channel: b'neighbor 11.1.1.1 as override\n'
DEBUG:netmiko:read_channel: neighbor 11.1.1.1 as override
                                         ^
% Invalid input detected at '^' marker.

PEalex(config-router)#
DEBUG:netmiko:read_channel: 
DEBUG:netmiko:read_channel: 
DEBUG:netmiko:write_channel: b'\n'
DEBUG:netmiko:read_channel: 
DEBUG:netmiko:read_channel: 
PEalex(config-router)#
DEBUG:netmiko:Pattern found: ([>#]) 
PEalex(config-router)#
DEBUG:netmiko:write_channel: b'\n'
DEBUG:netmiko:read_channel: 
DEBUG:netmiko:read_channel: 
PEalex(config-router)#
DEBUG:netmiko:Pattern found: ([>#]) 
PEalex(config-router)#
DEBUG:netmiko:write_channel: b'end\n'
DEBUG:netmiko:read_channel: 
DEBUG:netmiko:read_channel: end

DEBUG:netmiko:Pattern found: (end) end
DEBUG:netmiko:read_channel: 
DEBUG:netmiko:read_channel: PEalex#
DEBUG:netmiko:Pattern found: (#.*) 
PEalex#
DEBUG:netmiko:write_channel: b'\n'
DEBUG:netmiko:read_channel: 
DEBUG:netmiko:read_channel: 
PEalex#
DEBUG:netmiko:Pattern found: ([>#]) 
PEalex#
DEBUG:netmiko:exit_config_mode: end
PEalex#
DEBUG:netmiko:write_channel: b'exit\n'
DEBUG:paramiko.transport:EOF in transport thread
DEBUG:paramiko.transport:starting thread (client mode): 0xc9696990
DEBUG:paramiko.transport:Local version/idstring: SSH-2.0-paramiko_3.1.0
DEBUG:paramiko.transport:Remote version/idstring: SSH-2.0-Cisco-1.25
INFO:paramiko.transport:Connected (version 2.0, client Cisco-1.25)
DEBUG:paramiko.transport:=== Key exchange possibilities ===
DEBUG:paramiko.transport:kex algos: diffie-hellman-group-exchange-sha1, diffie-hellman-group14-sha1, diffie-hellman-group1-sha1
DEBUG:paramiko.transport:server key: ssh-rsa
DEBUG:paramiko.transport:client encrypt: aes128-cbc, 3des-cbc, aes192-cbc, aes256-cbc
DEBUG:paramiko.transport:server encrypt: aes128-cbc, 3des-cbc, aes192-cbc, aes256-cbc
DEBUG:paramiko.transport:client mac: hmac-sha1, hmac-sha1-96, hmac-md5, hmac-md5-96
DEBUG:paramiko.transport:server mac: hmac-sha1, hmac-sha1-96, hmac-md5, hmac-md5-96
DEBUG:paramiko.transport:client compress: none
DEBUG:paramiko.transport:server compress: none
DEBUG:paramiko.transport:client lang: <none>
DEBUG:paramiko.transport:server lang: <none>
DEBUG:paramiko.transport:kex follows: False
DEBUG:paramiko.transport:=== Key exchange agreements ===
DEBUG:paramiko.transport:Kex: diffie-hellman-group-exchange-sha1
DEBUG:paramiko.transport:HostKey: ssh-rsa
DEBUG:paramiko.transport:Cipher: aes128-cbc
DEBUG:paramiko.transport:MAC: hmac-sha1
DEBUG:paramiko.transport:Compression: none
DEBUG:paramiko.transport:=== End of kex handshake ===
DEBUG:paramiko.transport:Got server p (2048 bits)
DEBUG:paramiko.transport:kex engine KexGex specified hash_algo <built-in function openssl_sha1>
DEBUG:paramiko.transport:Switch to new keys ...
DEBUG:paramiko.transport:Adding ssh-rsa host key for 26.1.1.1: b'31f5eed4b782013734627a8dacad0966'
DEBUG:paramiko.transport:userauth is OK
INFO:paramiko.transport:Authentication (password) successful!
DEBUG:paramiko.transport:[chan 0] Max packet in: 32768 bytes
DEBUG:paramiko.transport:[chan 0] Max packet out: 4096 bytes
DEBUG:paramiko.transport:Secsh channel 0 opened.
DEBUG:paramiko.transport:[chan 0] Sesch channel 0 request ok
DEBUG:paramiko.transport:[chan 0] Sesch channel 0 request ok
DEBUG:netmiko:write_channel: b'\n'
DEBUG:netmiko:write_channel: b'terminal width 511\n'
DEBUG:netmiko:read_channel: 
PEalex>
PEalex>
DEBUG:netmiko:read_channel: termi
DEBUG:netmiko:read_channel: nal width 511

DEBUG:netmiko:Pattern found: (terminal width 511) 
PEalex>
PEalex>terminal width 511
DEBUG:netmiko:In disable_paging
DEBUG:netmiko:Command: terminal length 0

DEBUG:netmiko:write_channel: b'terminal length 0\n'
DEBUG:netmiko:read_channel: 
DEBUG:netmiko:read_channel: PEalex>terminal le
DEBUG:netmiko:read_channel: ngth 0
PEalex>
DEBUG:netmiko:Pattern found: (terminal\ length\ 0) 
PEalex>terminal length 0
DEBUG:netmiko:
PEalex>terminal length 0
DEBUG:netmiko:Exiting disable_paging
DEBUG:netmiko:read_channel: 
DEBUG:netmiko:Clear buffer detects data in the channel
DEBUG:netmiko:read_channel: 
DEBUG:netmiko:write_channel: b'\n'
DEBUG:netmiko:read_channel: 
DEBUG:netmiko:read_channel: 
PEalex>
DEBUG:netmiko:Pattern found: (\#|>) 
PEalex>
DEBUG:netmiko:read_channel: 
DEBUG:netmiko:[find_prompt()]: prompt is PEalex>
DEBUG:netmiko:write_channel: b'\n'
DEBUG:netmiko:read_channel: 
DEBUG:netmiko:read_channel: 
PEalex>
DEBUG:netmiko:Pattern found: (PEalex.*) 
PEalex>
DEBUG:netmiko:write_channel: b'enable\n'
DEBUG:netmiko:read_channel: 
DEBUG:netmiko:read_channel: 
DEBUG:netmiko:read_channel: enable

DEBUG:netmiko:Pattern found: (enable) enable
DEBUG:netmiko:read_channel: 
DEBUG:netmiko:read_channel: Password: 
DEBUG:netmiko:Pattern found: ((?:PEalex|ssword)) 
Password
DEBUG:netmiko:write_channel: b'********\n'
DEBUG:netmiko:read_channel: 
DEBUG:netmiko:read_channel: 
DEBUG:netmiko:read_channel: 
DEBUG:netmiko:read_channel: 
PEalex#
DEBUG:netmiko:Pattern found: (PEalex) : 
PEalex
DEBUG:netmiko:write_channel: b'\n'
DEBUG:netmiko:read_channel: 
DEBUG:netmiko:read_channel: 
PEalex#
DEBUG:netmiko:Pattern found: (PEalex.*) #
PEalex#
DEBUG:netmiko:write_channel: b'conf t\n'
DEBUG:netmiko:read_channel: conf t
Enter configuration commands, one per line.  End with CNTL/Z.
PEalex(config)#
DEBUG:netmiko:read_channel: 
DEBUG:netmiko:read_channel: 
DEBUG:netmiko:write_channel: b'router bgp 300\n'
DEBUG:netmiko:read_channel: router bgp 300
PEalex(config-router)#
DEBUG:netmiko:read_channel: 
DEBUG:netmiko:read_channel: 
DEBUG:netmiko:write_channel: b'neighbor 2.2.2.2 remote-as 300\n'
DEBUG:netmiko:read_channel: neighbor 2.2.2.2 remote-as 300

DEBUG:netmiko:read_channel: PEalex(config-router)#
DEBUG:netmiko:read_channel: 
DEBUG:netmiko:read_channel: 
DEBUG:netmiko:write_channel: b'neighbor 2.2.2.2 update-source lo0\n'
DEBUG:netmiko:read_channel: neighbor 2.2.2.2 update-source lo0
                                                       ^
% Invalid input detected at '^' marker.

PEalex(config-router)#
DEBUG:netmiko:read_channel: 
DEBUG:netmiko:read_channel: 
DEBUG:netmiko:write_channel: b'address-family vpnv4\n'
DEBUG:netmiko:read_channel: address-family vpnv4
PEalex(config-router-af)#
DEBUG:netmiko:read_channel: 
DEBUG:netmiko:read_channel: 
DEBUG:netmiko:write_channel: b'neighbor 2.2.2.2 activate\n'
DEBUG:netmiko:read_channel: neighbor 2.2.2.2 activate
PEalex(config-router-af)#
DEBUG:netmiko:read_channel: 
DEBUG:netmiko:read_channel: 
DEBUG:netmiko:write_channel: b'neighnor 2.2.2.2 send-community both\n'
DEBUG:netmiko:read_channel: neighnor 2.2.2.2 send-community both
                              ^
% Invalid input detected at '^' marker.

PEalex(config-router-af)#
DEBUG:netmiko:read_channel: 
DEBUG:netmiko:read_channel: 
DEBUG:netmiko:write_channel: b'exit-address-family\n'
DEBUG:netmiko:read_channel: exit-address-family
PEalex(config-router)#
DEBUG:netmiko:read_channel: 
DEBUG:netmiko:read_channel: 
DEBUG:netmiko:write_channel: b'neighbor 3.3.3.3 remote-as 300\n'
DEBUG:netmiko:read_channel: neighbor 3.3.3.3 remote-as 300
PEalex(config-router)#
DEBUG:netmiko:read_channel: 
DEBUG:netmiko:read_channel: 
DEBUG:netmiko:write_channel: b'neighbor 3.3.3.3 update-source lo0\n'
DEBUG:netmiko:read_channel: neighbor 3.3.3.3 update-source lo0
                                                       ^
% Invalid input detected at '^' marker.

PEalex(config-router)#
DEBUG:netmiko:read_channel: 
DEBUG:netmiko:read_channel: 
DEBUG:netmiko:write_channel: b'address-family vpnv4\n'
DEBUG:netmiko:read_channel: address-family vpnv4
PEalex(config-router-af)#
DEBUG:netmiko:read_channel: 
DEBUG:netmiko:read_channel: 
DEBUG:netmiko:write_channel: b'neighbor 3.3.3.3 activate\n'
DEBUG:netmiko:read_channel: neighbor 3.3.3.3 activate
PEalex(config-router-af)#
DEBUG:netmiko:read_channel: 
DEBUG:netmiko:read_channel: 
DEBUG:netmiko:write_channel: b'neighnor 3.3.3.3 send-community both\n'
DEBUG:netmiko:read_channel: neighnor 3.3.3.3 send-community both
                              ^
% Invalid input detected at '^' marker.

PEalex(config-router-af)#
DEBUG:netmiko:read_channel: 
DEBUG:netmiko:read_channel: 
DEBUG:netmiko:write_channel: b'exit-address-family\n'
DEBUG:netmiko:read_channel: exit-address-family
PEalex(config-router)#
DEBUG:netmiko:read_channel: 
DEBUG:netmiko:read_channel: 
DEBUG:netmiko:write_channel: b'neighbor 5.5.5.5 remote-as 300\n'
DEBUG:netmiko:read_channel: neighbor 5.5.5.5 remote-as 300
PEalex(config-router)#
DEBUG:netmiko:read_channel: 
DEBUG:netmiko:read_channel: 
DEBUG:netmiko:write_channel: b'neighbor 5.5.5.5 update-source lo0\n'
DEBUG:netmiko:read_channel: neighbor 5.5.5.5 update-source lo0
                                                       ^
% Invalid input detected at '^' marker.

PEalex(config-router)#
DEBUG:netmiko:read_channel: 
DEBUG:netmiko:read_channel: 
DEBUG:netmiko:write_channel: b'address-family vpnv4\n'
DEBUG:netmiko:read_channel: address-family vpnv4
PEalex(config-router-af)#
DEBUG:netmiko:read_channel: 
DEBUG:netmiko:read_channel: 
DEBUG:netmiko:write_channel: b'neighbor 5.5.5.5 activate\n'
DEBUG:netmiko:read_channel: neighbor 5.5.5.5 activate
PEalex(config-router-af)#
DEBUG:netmiko:read_channel: 
DEBUG:netmiko:read_channel: 
DEBUG:netmiko:write_channel: b'neighnor 5.5.5.5 send-community both\n'
DEBUG:netmiko:read_channel: neighnor 5.5.5.5 send-community both
                              ^
% Invalid input detected at '^' marker.

PEalex(config-router-af)#
DEBUG:netmiko:read_channel: 
DEBUG:netmiko:read_channel: 
DEBUG:netmiko:write_channel: b'exit-address-family\n'
DEBUG:netmiko:read_channel: exit-address-family
PEalex(config-router)#
DEBUG:netmiko:read_channel: 
DEBUG:netmiko:read_channel: 
DEBUG:netmiko:write_channel: b'address-family ipv4 vrf net\n'
DEBUG:netmiko:read_channel: address-family ipv4 vrf net
% VRF net does not exist.
PEalex(config-router)#
DEBUG:netmiko:read_channel: 
DEBUG:netmiko:read_channel: 
DEBUG:netmiko:write_channel: b'neighbor 11.1.1.1 remote-as 1\n'
DEBUG:netmiko:read_channel: neighbor 11.1.1.1 remote-as 1
PEalex(config-router)#
DEBUG:netmiko:read_channel: 
DEBUG:netmiko:read_channel: 
DEBUG:netmiko:write_channel: b'neighbor 11.1.1.1 activate\n'
DEBUG:netmiko:read_channel: neighbor 11.1.1.1 activate
PEalex(config-router)#
DEBUG:netmiko:read_channel: 
DEBUG:netmiko:read_channel: 
DEBUG:netmiko:write_channel: b'neighbor 11.1.1.1 as override\n'
DEBUG:netmiko:read_channel: neighbor 11.1.1.1 as override
                                         ^
% Invalid input detected at '^' marker.

PEalex(config-router)#
DEBUG:netmiko:read_channel: 
DEBUG:netmiko:read_channel: 
DEBUG:netmiko:write_channel: b'\n'
DEBUG:netmiko:read_channel: 
DEBUG:netmiko:read_channel: 
DEBUG:netmiko:read_channel: 

DEBUG:netmiko:read_channel: PEalex(config-router)#
DEBUG:netmiko:Pattern found: ([>#]) 
PEalex(config-router)#
DEBUG:netmiko:write_channel: b'\n'
DEBUG:netmiko:read_channel: 
DEBUG:netmiko:read_channel: 
PEalex(config-router)#
DEBUG:netmiko:Pattern found: ([>#]) 
PEalex(config-router)#
DEBUG:netmiko:write_channel: b'end\n'
DEBUG:netmiko:read_channel: 
DEBUG:netmiko:read_channel: end

DEBUG:netmiko:Pattern found: (end) end
DEBUG:netmiko:read_channel: 
DEBUG:netmiko:read_channel: 
DEBUG:netmiko:read_channel: PEalex#
DEBUG:netmiko:Pattern found: (#.*) 
PEalex#
DEBUG:netmiko:write_channel: b'\n'
DEBUG:netmiko:read_channel: 
DEBUG:netmiko:read_channel: 
PEalex#
DEBUG:netmiko:Pattern found: ([>#]) 
PEalex#
DEBUG:netmiko:exit_config_mode: end
PEalex#
DEBUG:netmiko:write_channel: b'exit\n'
DEBUG:paramiko.transport:EOF in transport thread
DEBUG:paramiko.transport:starting thread (client mode): 0x9e0c6c10
DEBUG:paramiko.transport:Local version/idstring: SSH-2.0-paramiko_3.1.0
DEBUG:paramiko.transport:Remote version/idstring: SSH-2.0-Cisco-1.25
INFO:paramiko.transport:Connected (version 2.0, client Cisco-1.25)
DEBUG:paramiko.transport:=== Key exchange possibilities ===
DEBUG:paramiko.transport:kex algos: diffie-hellman-group-exchange-sha1, diffie-hellman-group14-sha1, diffie-hellman-group1-sha1
DEBUG:paramiko.transport:server key: ssh-rsa
DEBUG:paramiko.transport:client encrypt: aes128-cbc, 3des-cbc, aes192-cbc, aes256-cbc
DEBUG:paramiko.transport:server encrypt: aes128-cbc, 3des-cbc, aes192-cbc, aes256-cbc
DEBUG:paramiko.transport:client mac: hmac-sha1, hmac-sha1-96, hmac-md5, hmac-md5-96
DEBUG:paramiko.transport:server mac: hmac-sha1, hmac-sha1-96, hmac-md5, hmac-md5-96
DEBUG:paramiko.transport:client compress: none
DEBUG:paramiko.transport:server compress: none
DEBUG:paramiko.transport:client lang: <none>
DEBUG:paramiko.transport:server lang: <none>
DEBUG:paramiko.transport:kex follows: False
DEBUG:paramiko.transport:=== Key exchange agreements ===
DEBUG:paramiko.transport:Kex: diffie-hellman-group-exchange-sha1
DEBUG:paramiko.transport:HostKey: ssh-rsa
DEBUG:paramiko.transport:Cipher: aes128-cbc
DEBUG:paramiko.transport:MAC: hmac-sha1
DEBUG:paramiko.transport:Compression: none
DEBUG:paramiko.transport:=== End of kex handshake ===
DEBUG:paramiko.transport:Got server p (2048 bits)
DEBUG:paramiko.transport:kex engine KexGex specified hash_algo <built-in function openssl_sha1>
DEBUG:paramiko.transport:Switch to new keys ...
DEBUG:paramiko.transport:Adding ssh-rsa host key for 22.1.1.1: b'deedcbb217eee0ecfe46527ee13ee55e'
DEBUG:paramiko.transport:userauth is OK
INFO:paramiko.transport:Authentication (password) successful!
DEBUG:paramiko.transport:[chan 0] Max packet in: 32768 bytes
DEBUG:paramiko.transport:[chan 0] Max packet out: 4096 bytes
DEBUG:paramiko.transport:Secsh channel 0 opened.
DEBUG:paramiko.transport:[chan 0] Sesch channel 0 request ok
DEBUG:paramiko.transport:[chan 0] Sesch channel 0 request ok
DEBUG:netmiko:write_channel: b'\n'
DEBUG:netmiko:write_channel: b'terminal width 511\n'
DEBUG:netmiko:read_channel: 
swalex>
swalex>
DEBUG:netmiko:read_channel: 
DEBUG:netmiko:read_channel: te
DEBUG:netmiko:read_channel: rm
DEBUG:netmiko:read_channel: in
DEBUG:netmiko:read_channel: a
DEBUG:netmiko:read_channel: l
DEBUG:netmiko:read_channel:  
DEBUG:netmiko:read_channel: wi
DEBUG:netmiko:read_channel: 
DEBUG:netmiko:read_channel: dt
DEBUG:netmiko:read_channel: 
DEBUG:netmiko:read_channel: h 
DEBUG:netmiko:read_channel: 5
DEBUG:netmiko:read_channel: 1
DEBUG:netmiko:read_channel: 1

DEBUG:netmiko:Pattern found: (terminal width 511) 
swalex>
swalex>terminal width 511
DEBUG:netmiko:In disable_paging
DEBUG:netmiko:Command: terminal length 0

DEBUG:netmiko:write_channel: b'terminal length 0\n'
DEBUG:netmiko:read_channel: 
DEBUG:netmiko:read_channel: swalex>
DEBUG:netmiko:read_channel: 
DEBUG:netmiko:read_channel: 
DEBUG:netmiko:read_channel: te
DEBUG:netmiko:read_channel: 
DEBUG:netmiko:read_channel: rm
DEBUG:netmiko:read_channel: in
DEBUG:netmiko:read_channel: al
DEBUG:netmiko:read_channel: 
DEBUG:netmiko:read_channel:  l
DEBUG:netmiko:read_channel: e
DEBUG:netmiko:read_channel: ngt
DEBUG:netmiko:read_channel: 
DEBUG:netmiko:read_channel: h 
DEBUG:netmiko:read_channel: 
DEBUG:netmiko:read_channel: 0
DEBUG:netmiko:Pattern found: (terminal\ length\ 0) 
swalex>terminal length 0
DEBUG:netmiko:
swalex>terminal length 0
DEBUG:netmiko:Exiting disable_paging
DEBUG:netmiko:read_channel: 
swalex>
DEBUG:netmiko:Clear buffer detects data in the channel
DEBUG:netmiko:read_channel: 
DEBUG:netmiko:write_channel: b'\n'
DEBUG:netmiko:read_channel: 
DEBUG:netmiko:read_channel: 

DEBUG:netmiko:read_channel: swalex>
DEBUG:netmiko:Pattern found: (\#|>) 
swalex>
DEBUG:netmiko:read_channel: 
DEBUG:netmiko:[find_prompt()]: prompt is swalex>
DEBUG:netmiko:read_channel: 
DEBUG:netmiko:write_channel: b'\n'
DEBUG:netmiko:read_channel: 
swalex>
DEBUG:netmiko:read_channel: 
DEBUG:netmiko:[find_prompt()]: prompt is swalex>
DEBUG:netmiko:write_channel: b'\n'
DEBUG:netmiko:read_channel: 
DEBUG:netmiko:read_channel: 
DEBUG:netmiko:read_channel: 

DEBUG:netmiko:read_channel: swalex>
DEBUG:netmiko:Pattern found: (swalex.*) 
swalex>
DEBUG:netmiko:write_channel: b'enable\n'
DEBUG:netmiko:read_channel: 
DEBUG:netmiko:read_channel: 
DEBUG:netmiko:read_channel: e
DEBUG:netmiko:read_channel: n
DEBUG:netmiko:read_channel: a
DEBUG:netmiko:read_channel: bl
DEBUG:paramiko.transport:starting thread (client mode): 0x9bbfe250
DEBUG:paramiko.transport:starting thread (client mode): 0x9c17c350
DEBUG:paramiko.transport:starting thread (client mode): 0x9e0cab50
DEBUG:paramiko.transport:Local version/idstring: SSH-2.0-paramiko_3.1.0
DEBUG:paramiko.transport:Local version/idstring: SSH-2.0-paramiko_3.1.0
DEBUG:paramiko.transport:Local version/idstring: SSH-2.0-paramiko_3.1.0
DEBUG:netmiko:read_channel: e
Password: 
DEBUG:netmiko:Pattern found: (enable) enable
DEBUG:netmiko:read_channel: 
DEBUG:netmiko:Pattern found: ((?:swalex|ssword)) 
Password
DEBUG:netmiko:write_channel: b'********\n'
DEBUG:netmiko:read_channel: 
DEBUG:netmiko:read_channel: 
DEBUG:netmiko:read_channel: 
DEBUG:paramiko.transport:starting thread (client mode): 0x9e0c8210
DEBUG:paramiko.transport:Local version/idstring: SSH-2.0-paramiko_3.1.0
DEBUG:netmiko:read_channel: 
DEBUG:netmiko:read_channel: 
DEBUG:paramiko.transport:Remote version/idstring: SSH-1.99-Cisco-1.25
INFO:paramiko.transport:Connected (version 1.99, client Cisco-1.25)
DEBUG:paramiko.transport:=== Key exchange possibilities ===
DEBUG:paramiko.transport:kex algos: diffie-hellman-group1-sha1
DEBUG:paramiko.transport:server key: ssh-rsa
DEBUG:paramiko.transport:client encrypt: aes128-cbc, 3des-cbc, aes192-cbc, aes256-cbc
DEBUG:paramiko.transport:server encrypt: aes128-cbc, 3des-cbc, aes192-cbc, aes256-cbc
DEBUG:paramiko.transport:client mac: hmac-sha1, hmac-sha1-96, hmac-md5, hmac-md5-96
DEBUG:paramiko.transport:server mac: hmac-sha1, hmac-sha1-96, hmac-md5, hmac-md5-96
DEBUG:paramiko.transport:client compress: none
DEBUG:paramiko.transport:server compress: none
DEBUG:paramiko.transport:client lang: <none>
DEBUG:paramiko.transport:server lang: <none>
DEBUG:paramiko.transport:kex follows: False
DEBUG:paramiko.transport:=== Key exchange agreements ===
DEBUG:paramiko.transport:Kex: diffie-hellman-group1-sha1
DEBUG:paramiko.transport:HostKey: ssh-rsa
DEBUG:paramiko.transport:Cipher: aes128-cbc
DEBUG:paramiko.transport:MAC: hmac-sha1
DEBUG:paramiko.transport:Compression: none
DEBUG:paramiko.transport:=== End of kex handshake ===
DEBUG:netmiko:read_channel: 
swalex#
DEBUG:netmiko:Pattern found: (swalex) : 
swalex
DEBUG:netmiko:write_channel: b'\n'
DEBUG:netmiko:read_channel: 
DEBUG:netmiko:read_channel: 
DEBUG:netmiko:read_channel: 
DEBUG:netmiko:read_channel: 
DEBUG:netmiko:read_channel: 
DEBUG:netmiko:read_channel: 
DEBUG:netmiko:read_channel: 
DEBUG:netmiko:read_channel: 
DEBUG:netmiko:read_channel: 
DEBUG:netmiko:read_channel: 
DEBUG:netmiko:read_channel: 
DEBUG:netmiko:read_channel: 
DEBUG:netmiko:read_channel: 
DEBUG:netmiko:read_channel: 
DEBUG:netmiko:read_channel: 
DEBUG:netmiko:read_channel: 
DEBUG:netmiko:read_channel: 
DEBUG:paramiko.transport:Remote version/idstring: SSH-2.0-Cisco-1.25
INFO:paramiko.transport:Connected (version 2.0, client Cisco-1.25)
DEBUG:netmiko:read_channel: 
DEBUG:paramiko.transport:=== Key exchange possibilities ===
DEBUG:paramiko.transport:Remote version/idstring: SSH-2.0-Cisco-1.25
DEBUG:paramiko.transport:kex algos: diffie-hellman-group-exchange-sha1, diffie-hellman-group14-sha1, diffie-hellman-group1-sha1
INFO:paramiko.transport:Connected (version 2.0, client Cisco-1.25)
DEBUG:paramiko.transport:server key: ssh-rsa
DEBUG:paramiko.transport:client encrypt: aes128-cbc, 3des-cbc, aes192-cbc, aes256-cbc
DEBUG:paramiko.transport:server encrypt: aes128-cbc, 3des-cbc, aes192-cbc, aes256-cbc
DEBUG:paramiko.transport:client mac: hmac-sha1, hmac-sha1-96, hmac-md5, hmac-md5-96
DEBUG:paramiko.transport:server mac: hmac-sha1, hmac-sha1-96, hmac-md5, hmac-md5-96
DEBUG:paramiko.transport:client compress: none
DEBUG:paramiko.transport:server compress: none
DEBUG:paramiko.transport:client lang: <none>
DEBUG:paramiko.transport:server lang: <none>
DEBUG:paramiko.transport:kex follows: False
DEBUG:paramiko.transport:=== Key exchange agreements ===
DEBUG:paramiko.transport:Remote version/idstring: SSH-2.0-Cisco-1.25
DEBUG:paramiko.transport:Kex: diffie-hellman-group-exchange-sha1
INFO:paramiko.transport:Connected (version 2.0, client Cisco-1.25)
DEBUG:paramiko.transport:HostKey: ssh-rsa
DEBUG:paramiko.transport:Cipher: aes128-cbc
DEBUG:paramiko.transport:MAC: hmac-sha1
DEBUG:paramiko.transport:Compression: none
DEBUG:paramiko.transport:=== End of kex handshake ===
DEBUG:netmiko:read_channel: 

DEBUG:paramiko.transport:=== Key exchange possibilities ===
DEBUG:paramiko.transport:kex algos: diffie-hellman-group-exchange-sha1, diffie-hellman-group14-sha1, diffie-hellman-group1-sha1
DEBUG:paramiko.transport:server key: ssh-rsa
DEBUG:paramiko.transport:client encrypt: aes128-cbc, 3des-cbc, aes192-cbc, aes256-cbc
DEBUG:paramiko.transport:server encrypt: aes128-cbc, 3des-cbc, aes192-cbc, aes256-cbc
DEBUG:paramiko.transport:client mac: hmac-sha1, hmac-sha1-96, hmac-md5, hmac-md5-96
DEBUG:paramiko.transport:server mac: hmac-sha1, hmac-sha1-96, hmac-md5, hmac-md5-96
DEBUG:paramiko.transport:client compress: none
DEBUG:paramiko.transport:server compress: none
DEBUG:paramiko.transport:client lang: <none>
DEBUG:paramiko.transport:server lang: <none>
DEBUG:paramiko.transport:kex follows: False
DEBUG:paramiko.transport:=== Key exchange agreements ===
DEBUG:paramiko.transport:Kex: diffie-hellman-group-exchange-sha1
DEBUG:paramiko.transport:HostKey: ssh-rsa
DEBUG:paramiko.transport:Cipher: aes128-cbc
DEBUG:paramiko.transport:MAC: hmac-sha1
DEBUG:paramiko.transport:Compression: none
DEBUG:paramiko.transport:=== End of kex handshake ===
DEBUG:paramiko.transport:=== Key exchange possibilities ===
DEBUG:paramiko.transport:kex algos: diffie-hellman-group-exchange-sha1, diffie-hellman-group14-sha1, diffie-hellman-group1-sha1
DEBUG:paramiko.transport:server key: ssh-rsa
DEBUG:paramiko.transport:Got server p (2048 bits)
DEBUG:paramiko.transport:Got server p (2048 bits)
DEBUG:paramiko.transport:client encrypt: aes128-cbc, 3des-cbc, aes192-cbc, aes256-cbc
DEBUG:netmiko:read_channel: swalex#
DEBUG:paramiko.transport:server encrypt: aes128-cbc, 3des-cbc, aes192-cbc, aes256-cbc
DEBUG:netmiko:Pattern found: (swalex.*) #
swalex#
DEBUG:paramiko.transport:client mac: hmac-sha1, hmac-sha1-96, hmac-md5, hmac-md5-96
DEBUG:paramiko.transport:server mac: hmac-sha1, hmac-sha1-96, hmac-md5, hmac-md5-96
DEBUG:paramiko.transport:client compress: none
DEBUG:paramiko.transport:server compress: none
DEBUG:paramiko.transport:client lang: <none>
DEBUG:paramiko.transport:server lang: <none>
DEBUG:paramiko.transport:kex follows: False
DEBUG:paramiko.transport:=== Key exchange agreements ===
DEBUG:paramiko.transport:Kex: diffie-hellman-group-exchange-sha1
DEBUG:paramiko.transport:HostKey: ssh-rsa
DEBUG:paramiko.transport:Cipher: aes128-cbc
DEBUG:paramiko.transport:MAC: hmac-sha1
DEBUG:paramiko.transport:Compression: none
DEBUG:paramiko.transport:=== End of kex handshake ===
DEBUG:paramiko.transport:Got server p (2048 bits)
DEBUG:paramiko.transport:kex engine KexGroup1 specified hash_algo <built-in function openssl_sha1>
DEBUG:paramiko.transport:Switch to new keys ...
DEBUG:paramiko.transport:Adding ssh-rsa host key for 22.1.1.5: b'b82f15d360ffac609fc40954a010f48c'
DEBUG:paramiko.transport:kex engine KexGex specified hash_algo <built-in function openssl_sha1>
DEBUG:paramiko.transport:Switch to new keys ...
DEBUG:paramiko.transport:Adding ssh-rsa host key for 22.1.1.3: b'43dbc13c02cd179ed57518fa8ac85d41'
DEBUG:paramiko.transport:kex engine KexGex specified hash_algo <built-in function openssl_sha1>
DEBUG:paramiko.transport:kex engine KexGex specified hash_algo <built-in function openssl_sha1>
DEBUG:paramiko.transport:Switch to new keys ...
DEBUG:paramiko.transport:Switch to new keys ...
DEBUG:paramiko.transport:Adding ssh-rsa host key for 22.1.1.4: b'4c47dff5cdeb90407b48c9b5b09eb0cb'
DEBUG:paramiko.transport:Adding ssh-rsa host key for 22.1.1.2: b'5b09dd1c58ff17c069582d14c1016cf4'
DEBUG:paramiko.transport:userauth is OK
INFO:paramiko.transport:Authentication (password) successful!
DEBUG:paramiko.transport:[chan 0] Max packet in: 32768 bytes
DEBUG:paramiko.transport:[chan 0] Max packet out: 4096 bytes
DEBUG:paramiko.transport:Secsh channel 0 opened.
DEBUG:paramiko.transport:userauth is OK
DEBUG:paramiko.transport:[chan 0] Sesch channel 0 request ok
DEBUG:paramiko.transport:[chan 0] Sesch channel 0 request ok
DEBUG:netmiko:write_channel: b'\n'
INFO:paramiko.transport:Authentication (password) successful!
DEBUG:paramiko.transport:[chan 0] Max packet in: 32768 bytes
DEBUG:paramiko.transport:userauth is OK
DEBUG:paramiko.transport:[chan 0] Max packet out: 4096 bytes
DEBUG:paramiko.transport:Secsh channel 0 opened.
INFO:paramiko.transport:Authentication (password) successful!
DEBUG:paramiko.transport:userauth is OK
DEBUG:paramiko.transport:[chan 0] Max packet in: 32768 bytes
DEBUG:paramiko.transport:[chan 0] Sesch channel 0 request ok
DEBUG:paramiko.transport:[chan 0] Max packet out: 4096 bytes
INFO:paramiko.transport:Authentication (password) successful!
DEBUG:paramiko.transport:Secsh channel 0 opened.
DEBUG:paramiko.transport:[chan 0] Max packet in: 32768 bytes
DEBUG:netmiko:write_channel: b'terminal width 511\n'
DEBUG:netmiko:read_channel: 3swalex>
3swalex>
DEBUG:paramiko.transport:[chan 0] Sesch channel 0 request ok
DEBUG:paramiko.transport:[chan 0] Max packet out: 4096 bytes
DEBUG:paramiko.transport:Secsh channel 0 opened.
DEBUG:paramiko.transport:[chan 0] Sesch channel 0 request ok
DEBUG:paramiko.transport:[chan 0] Sesch channel 0 request ok
DEBUG:paramiko.transport:[chan 0] Sesch channel 0 request ok
DEBUG:netmiko:write_channel: b'\n'
DEBUG:netmiko:write_channel: b'\n'
DEBUG:netmiko:read_channel: 
DEBUG:paramiko.transport:[chan 0] Sesch channel 0 request ok
DEBUG:netmiko:write_channel: b'\n'
DEBUG:netmiko:read_channel: te
DEBUG:netmiko:read_channel: rmi
DEBUG:netmiko:read_channel: nal 
DEBUG:netmiko:write_channel: b'terminal width 511\n'
DEBUG:netmiko:read_channel: 
alex>
alex>
DEBUG:netmiko:write_channel: b'terminal width 511\n'
DEBUG:netmiko:read_channel: 
3swalex2>
3swalex2>
DEBUG:netmiko:read_channel: widt
DEBUG:netmiko:write_channel: b'terminal width 511\n'
DEBUG:netmiko:read_channel: sw2alex>
sw2alex>
DEBUG:netmiko:read_channel: 
DEBUG:netmiko:read_channel: ter
DEBUG:netmiko:read_channel: h 511
DEBUG:netmiko:Pattern found: (terminal width 511) 3swalex>
3swalex>terminal width 511
DEBUG:netmiko:In disable_paging
DEBUG:netmiko:Command: terminal length 0

DEBUG:netmiko:write_channel: b'terminal length 0\n'
DEBUG:netmiko:read_channel: 
DEBUG:netmiko:read_channel: 
DEBUG:netmiko:read_channel: 
DEBUG:netmiko:read_channel: terminal width 5
DEBUG:netmiko:read_channel: 
DEBUG:netmiko:read_channel: minal
DEBUG:netmiko:read_channel: 
3swalex>t
DEBUG:netmiko:read_channel: term
DEBUG:netmiko:read_channel: 
DEBUG:netmiko:read_channel: e
DEBUG:netmiko:read_channel: in
DEBUG:netmiko:read_channel:  w
DEBUG:netmiko:read_channel: 11
alex>
DEBUG:netmiko:Pattern found: (terminal width 511) 
alex>
alex>terminal width 511
DEBUG:netmiko:In disable_paging
DEBUG:netmiko:Command: terminal length 0

DEBUG:netmiko:write_channel: b'terminal length 0\n'
DEBUG:netmiko:read_channel: 
DEBUG:netmiko:read_channel: al
DEBUG:netmiko:read_channel: rm
DEBUG:netmiko:read_channel: id
DEBUG:netmiko:read_channel: 
DEBUG:netmiko:read_channel: 
DEBUG:netmiko:read_channel: in
DEBUG:netmiko:read_channel: th
DEBUG:netmiko:read_channel: term
DEBUG:netmiko:read_channel:  w
DEBUG:netmiko:read_channel: 
DEBUG:netmiko:read_channel:  
DEBUG:netmiko:read_channel: 
DEBUG:netmiko:read_channel: id
DEBUG:netmiko:read_channel: al
DEBUG:netmiko:read_channel: 5
DEBUG:netmiko:read_channel: inal le
DEBUG:netmiko:read_channel: t
DEBUG:netmiko:read_channel:  l
DEBUG:netmiko:read_channel: 1
DEBUG:netmiko:read_channel: 
DEBUG:netmiko:read_channel: h 
DEBUG:netmiko:read_channel: e
DEBUG:netmiko:read_channel: 1

DEBUG:netmiko:Pattern found: (terminal width 511) 
3swalex2>
3swalex2>terminal width 511
DEBUG:netmiko:In disable_paging
DEBUG:netmiko:Command: terminal length 0

DEBUG:netmiko:write_channel: b'terminal length 0\n'
DEBUG:netmiko:read_channel: 
DEBUG:netmiko:read_channel: ngth 
DEBUG:netmiko:read_channel: 51
DEBUG:netmiko:read_channel: n
DEBUG:netmiko:read_channel: 0
alex>
DEBUG:netmiko:Pattern found: (terminal\ length\ 0) 
alex>terminal length 0
DEBUG:netmiko:
alex>terminal length 0
DEBUG:netmiko:Exiting disable_paging
DEBUG:netmiko:read_channel: 
DEBUG:netmiko:read_channel: 
DEBUG:netmiko:read_channel: g
DEBUG:netmiko:read_channel: 
DEBUG:netmiko:Clear buffer detects data in the channel
DEBUG:netmiko:read_channel: 3swalex2>
DEBUG:netmiko:read_channel: 1
sw2alex>
DEBUG:netmiko:Pattern found: (terminal width 511) sw2alex>
sw2alex>terminal width 511
DEBUG:netmiko:In disable_paging
DEBUG:netmiko:Command: terminal length 0

DEBUG:netmiko:write_channel: b'terminal length 0\n'
DEBUG:netmiko:read_channel: 
DEBUG:netmiko:read_channel: t
DEBUG:netmiko:read_channel: te
DEBUG:netmiko:read_channel: t
DEBUG:netmiko:read_channel: h 0
DEBUG:netmiko:Pattern found: (terminal\ length\ 0) 
3swalex>terminal length 0
DEBUG:netmiko:
3swalex>terminal length 0
DEBUG:netmiko:Exiting disable_paging
DEBUG:netmiko:read_channel: r
DEBUG:netmiko:read_channel: 
DEBUG:netmiko:write_channel: b'\n'
DEBUG:netmiko:read_channel: 
DEBUG:netmiko:read_channel: e
DEBUG:netmiko:read_channel: 
3swalex>
DEBUG:netmiko:Clear buffer detects data in the channel
DEBUG:netmiko:read_channel: m
DEBUG:netmiko:read_channel: 
alex>
DEBUG:netmiko:Pattern found: (\#|>) 
alex>
DEBUG:netmiko:read_channel: rm
DEBUG:netmiko:read_channel: in
DEBUG:netmiko:read_channel: in
DEBUG:netmiko:read_channel: 
DEBUG:netmiko:[find_prompt()]: prompt is alex>
DEBUG:netmiko:read_channel: 
DEBUG:netmiko:write_channel: b'\n'
DEBUG:netmiko:read_channel: 
DEBUG:netmiko:read_channel: a
DEBUG:netmiko:read_channel: 
DEBUG:netmiko:read_channel: 
DEBUG:netmiko:read_channel: l
DEBUG:netmiko:read_channel: al
DEBUG:netmiko:read_channel: 
DEBUG:netmiko:read_channel: 
DEBUG:netmiko:read_channel:  
DEBUG:netmiko:write_channel: b'\n'
DEBUG:netmiko:read_channel:  l
DEBUG:netmiko:read_channel: 
3swalex>
DEBUG:netmiko:Pattern found: (\#|>) 
3swalex>
DEBUG:netmiko:read_channel: le
DEBUG:netmiko:read_channel: 
DEBUG:netmiko:read_channel: 
DEBUG:netmiko:[find_prompt()]: prompt is 3swalex>
DEBUG:netmiko:read_channel: n
DEBUG:netmiko:read_channel: en
DEBUG:netmiko:read_channel: 
alex>
DEBUG:netmiko:read_channel: 
DEBUG:netmiko:write_channel: b'\n'
DEBUG:netmiko:read_channel: gt
DEBUG:netmiko:read_channel: g
DEBUG:netmiko:read_channel: 
DEBUG:netmiko:[find_prompt()]: prompt is alex>
DEBUG:netmiko:read_channel: h
DEBUG:netmiko:read_channel: t
DEBUG:netmiko:write_channel: b'\n'
DEBUG:netmiko:read_channel: 
DEBUG:netmiko:read_channel:  
DEBUG:netmiko:read_channel: h
DEBUG:netmiko:read_channel: 0

DEBUG:netmiko:read_channel:  0
DEBUG:netmiko:Pattern found: (terminal\ length\ 0) 
sw2alex>terminal length 0
DEBUG:netmiko:
sw2alex>terminal length 0
DEBUG:netmiko:Pattern found: (terminal\ length\ 0) 
3swalex2>terminal length 0
DEBUG:netmiko:Exiting disable_paging
DEBUG:netmiko:
3swalex2>terminal length 0
DEBUG:netmiko:read_channel: 
3swalex>
DEBUG:netmiko:read_channel: 
DEBUG:netmiko:Exiting disable_paging
DEBUG:netmiko:read_channel: 

DEBUG:netmiko:Clear buffer detects data in the channel
DEBUG:netmiko:read_channel: 
DEBUG:netmiko:read_channel: 
DEBUG:netmiko:read_channel: 3swalex2>
DEBUG:netmiko:[find_prompt()]: prompt is 3swalex>
DEBUG:netmiko:Clear buffer detects data in the channel
DEBUG:netmiko:write_channel: b'\n'
DEBUG:netmiko:read_channel: 
DEBUG:netmiko:read_channel: 
alex>
DEBUG:netmiko:Pattern found: (alex.*) 
alex>
DEBUG:netmiko:write_channel: b'enable\n'
DEBUG:netmiko:read_channel: 
DEBUG:netmiko:read_channel: 
DEBUG:netmiko:read_channel: sw2alex>
DEBUG:netmiko:Clear buffer detects data in the channel
DEBUG:netmiko:read_channel: 
DEBUG:netmiko:write_channel: b'\n'
DEBUG:netmiko:read_channel: 
DEBUG:netmiko:read_channel: enab
DEBUG:netmiko:read_channel: 

DEBUG:netmiko:read_channel: le
Password: 
DEBUG:netmiko:read_channel: 

DEBUG:netmiko:Pattern found: (enable) enable
DEBUG:netmiko:read_channel: 3swalex>
DEBUG:netmiko:read_channel: 
DEBUG:netmiko:Pattern found: (3swalex.*) 
3swalex>
DEBUG:netmiko:Pattern found: ((?:alex|ssword)) 
Password
DEBUG:netmiko:write_channel: b'********\n'
DEBUG:netmiko:read_channel: 
DEBUG:netmiko:write_channel: b'enable\n'
DEBUG:netmiko:read_channel: 
DEBUG:netmiko:read_channel: 3swalex2>
DEBUG:netmiko:Pattern found: (\#|>) 
3swalex2>
DEBUG:netmiko:read_channel: 
DEBUG:netmiko:read_channel: e
DEBUG:netmiko:read_channel: 
DEBUG:netmiko:[find_prompt()]: prompt is 3swalex2>
DEBUG:netmiko:read_channel: 
DEBUG:netmiko:read_channel: na
DEBUG:netmiko:read_channel: 
DEBUG:netmiko:write_channel: b'\n'
DEBUG:netmiko:read_channel: 
DEBUG:netmiko:read_channel: 
DEBUG:netmiko:write_channel: b'\n'
DEBUG:netmiko:read_channel: 
alex#
DEBUG:netmiko:Pattern found: (alex) : 
alex
DEBUG:netmiko:write_channel: b'\n'
DEBUG:netmiko:read_channel: 
DEBUG:netmiko:read_channel: bl
DEBUG:netmiko:read_channel: 

DEBUG:netmiko:read_channel: 
alex#
DEBUG:netmiko:read_channel: e

DEBUG:netmiko:Pattern found: (alex.*) #
alex#
DEBUG:netmiko:Pattern found: (enable) enable
DEBUG:netmiko:read_channel: 
DEBUG:netmiko:read_channel: 
DEBUG:netmiko:read_channel: Password: 
DEBUG:netmiko:Pattern found: ((?:3swalex|ssword)) 
Password
DEBUG:netmiko:write_channel: b'********\n'
DEBUG:netmiko:read_channel: 
DEBUG:netmiko:read_channel: 

DEBUG:netmiko:write_channel: b'\n'
DEBUG:netmiko:read_channel: sw2alex>
DEBUG:netmiko:Pattern found: (\#|>) 
sw2alex>
DEBUG:netmiko:read_channel: 
DEBUG:netmiko:read_channel: 
DEBUG:netmiko:[find_prompt()]: prompt is sw2alex>
DEBUG:netmiko:read_channel: 
DEBUG:netmiko:read_channel: 
DEBUG:netmiko:write_channel: b'\n'
DEBUG:netmiko:read_channel: 
DEBUG:netmiko:read_channel: 3swalex2>
3swalex2>
DEBUG:netmiko:read_channel: 
DEBUG:netmiko:read_channel: 
DEBUG:netmiko:[find_prompt()]: prompt is 3swalex2>
DEBUG:netmiko:write_channel: b'\n'
DEBUG:netmiko:read_channel: 
DEBUG:netmiko:read_channel: 
DEBUG:netmiko:read_channel: 

DEBUG:netmiko:write_channel: b'\n'
DEBUG:netmiko:read_channel: 
DEBUG:netmiko:read_channel: 
DEBUG:netmiko:read_channel: 

DEBUG:netmiko:read_channel: 
3swalex#
DEBUG:netmiko:Pattern found: (3swalex) : 
3swalex
DEBUG:netmiko:write_channel: b'\n'
DEBUG:netmiko:read_channel: 
DEBUG:netmiko:read_channel: sw2alex>
sw2alex>
DEBUG:netmiko:read_channel: 3swalex2>
DEBUG:netmiko:Pattern found: (3swalex2.*) 
3swalex2>
DEBUG:netmiko:write_channel: b'enable\n'
DEBUG:netmiko:read_channel: 
DEBUG:netmiko:read_channel: 

DEBUG:netmiko:read_channel: 
DEBUG:netmiko:[find_prompt()]: prompt is sw2alex>
DEBUG:netmiko:write_channel: b'\n'
DEBUG:netmiko:read_channel: 
DEBUG:netmiko:read_channel: e
DEBUG:netmiko:read_channel: 3swalex#
DEBUG:netmiko:Pattern found: (3swalex.*) #
3swalex#
DEBUG:netmiko:read_channel: 

DEBUG:netmiko:read_channel: n
DEBUG:netmiko:read_channel: sw2alex>
DEBUG:netmiko:Pattern found: (sw2alex.*) 
sw2alex>
DEBUG:netmiko:write_channel: b'enable\n'
DEBUG:netmiko:read_channel: a
DEBUG:netmiko:read_channel: 
DEBUG:netmiko:read_channel: 
DEBUG:netmiko:read_channel: bl
DEBUG:netmiko:read_channel: ena
DEBUG:netmiko:read_channel: e

DEBUG:netmiko:Pattern found: (enable) enable
DEBUG:netmiko:read_channel: 
DEBUG:netmiko:read_channel: bl
DEBUG:netmiko:read_channel: Password: 
DEBUG:netmiko:Pattern found: ((?:3swalex2|ssword)) 
Password
DEBUG:netmiko:write_channel: b'********\n'
DEBUG:netmiko:read_channel: 
DEBUG:netmiko:read_channel: 
DEBUG:netmiko:read_channel: 
DEBUG:netmiko:read_channel: e
DEBUG:netmiko:Pattern found: (enable) enable
DEBUG:netmiko:read_channel: 
DEBUG:netmiko:read_channel: 
DEBUG:netmiko:read_channel: 
DEBUG:netmiko:read_channel: 
Password: 
DEBUG:netmiko:Pattern found: ((?:sw2alex|ssword)) 
Password
DEBUG:netmiko:write_channel: b'********\n'
DEBUG:netmiko:read_channel: 
DEBUG:netmiko:read_channel: 
DEBUG:netmiko:read_channel: 
DEBUG:netmiko:read_channel: 
DEBUG:netmiko:read_channel: 
DEBUG:netmiko:read_channel: 
DEBUG:netmiko:read_channel: 
DEBUG:netmiko:read_channel: 
3swalex2#
DEBUG:netmiko:Pattern found: (3swalex2) : 
3swalex2
DEBUG:netmiko:read_channel: 
DEBUG:netmiko:write_channel: b'\n'
DEBUG:netmiko:read_channel: 
DEBUG:netmiko:read_channel: 
DEBUG:netmiko:read_channel: 
DEBUG:netmiko:read_channel: 
sw2alex#
DEBUG:netmiko:Pattern found: (sw2alex) : 
sw2alex
DEBUG:netmiko:write_channel: b'\n'
DEBUG:netmiko:read_channel: 
DEBUG:netmiko:read_channel: 
DEBUG:netmiko:read_channel: 
DEBUG:netmiko:read_channel: 

DEBUG:netmiko:read_channel: 
DEBUG:netmiko:read_channel: 3swalex2#
DEBUG:netmiko:Pattern found: (3swalex2.*) #
3swalex2#
DEBUG:netmiko:read_channel: 

DEBUG:netmiko:read_channel: 
DEBUG:netmiko:read_channel: sw2alex#
DEBUG:netmiko:Pattern found: (sw2alex.*) #
sw2alex#
DEBUG:paramiko.transport:starting thread (client mode): 0x4bf56d50
DEBUG:paramiko.transport:Local version/idstring: SSH-2.0-paramiko_3.1.0
DEBUG:paramiko.transport:starting thread (client mode): 0x4bf56850
DEBUG:paramiko.transport:Local version/idstring: SSH-2.0-paramiko_3.1.0
DEBUG:paramiko.transport:Remote version/idstring: SSH-2.0-Cisco-1.25
INFO:paramiko.transport:Connected (version 2.0, client Cisco-1.25)
DEBUG:paramiko.transport:Remote version/idstring: SSH-2.0-Cisco-1.25
INFO:paramiko.transport:Connected (version 2.0, client Cisco-1.25)
DEBUG:paramiko.transport:starting thread (client mode): 0x4bf02250
DEBUG:paramiko.transport:Local version/idstring: SSH-2.0-paramiko_3.1.0
DEBUG:paramiko.transport:Remote version/idstring: SSH-2.0-Cisco-1.25
INFO:paramiko.transport:Connected (version 2.0, client Cisco-1.25)
DEBUG:paramiko.transport:starting thread (client mode): 0x4bf582d0
DEBUG:paramiko.transport:=== Key exchange possibilities ===
DEBUG:paramiko.transport:Local version/idstring: SSH-2.0-paramiko_3.1.0
DEBUG:paramiko.transport:kex algos: diffie-hellman-group-exchange-sha1, diffie-hellman-group14-sha1, diffie-hellman-group1-sha1
DEBUG:paramiko.transport:=== Key exchange possibilities ===
DEBUG:paramiko.transport:server key: ssh-rsa
DEBUG:paramiko.transport:kex algos: diffie-hellman-group-exchange-sha1, diffie-hellman-group14-sha1, diffie-hellman-group1-sha1
DEBUG:paramiko.transport:client encrypt: aes128-cbc, 3des-cbc, aes192-cbc, aes256-cbc
DEBUG:paramiko.transport:server key: ssh-rsa
DEBUG:paramiko.transport:=== Key exchange possibilities ===
DEBUG:paramiko.transport:server encrypt: aes128-cbc, 3des-cbc, aes192-cbc, aes256-cbc
DEBUG:paramiko.transport:client encrypt: aes128-cbc, 3des-cbc, aes192-cbc, aes256-cbc
DEBUG:paramiko.transport:kex algos: diffie-hellman-group-exchange-sha1, diffie-hellman-group14-sha1, diffie-hellman-group1-sha1
DEBUG:paramiko.transport:client mac: hmac-sha1, hmac-sha1-96, hmac-md5, hmac-md5-96
DEBUG:paramiko.transport:server encrypt: aes128-cbc, 3des-cbc, aes192-cbc, aes256-cbc
DEBUG:paramiko.transport:server key: ssh-rsa
DEBUG:paramiko.transport:server mac: hmac-sha1, hmac-sha1-96, hmac-md5, hmac-md5-96
DEBUG:paramiko.transport:client mac: hmac-sha1, hmac-sha1-96, hmac-md5, hmac-md5-96
DEBUG:paramiko.transport:client encrypt: aes128-cbc, 3des-cbc, aes192-cbc, aes256-cbc
DEBUG:paramiko.transport:client compress: none
DEBUG:paramiko.transport:server mac: hmac-sha1, hmac-sha1-96, hmac-md5, hmac-md5-96
DEBUG:paramiko.transport:server encrypt: aes128-cbc, 3des-cbc, aes192-cbc, aes256-cbc
DEBUG:paramiko.transport:server compress: none
DEBUG:paramiko.transport:client compress: none
DEBUG:paramiko.transport:client mac: hmac-sha1, hmac-sha1-96, hmac-md5, hmac-md5-96
DEBUG:paramiko.transport:client lang: <none>
DEBUG:paramiko.transport:server compress: none
DEBUG:paramiko.transport:server mac: hmac-sha1, hmac-sha1-96, hmac-md5, hmac-md5-96
DEBUG:paramiko.transport:server lang: <none>
DEBUG:paramiko.transport:client lang: <none>
DEBUG:paramiko.transport:client compress: none
DEBUG:paramiko.transport:kex follows: False
DEBUG:paramiko.transport:server lang: <none>
DEBUG:paramiko.transport:server compress: none
DEBUG:paramiko.transport:=== Key exchange agreements ===
DEBUG:paramiko.transport:kex follows: False
DEBUG:paramiko.transport:client lang: <none>
DEBUG:paramiko.transport:Kex: diffie-hellman-group-exchange-sha1
DEBUG:paramiko.transport:=== Key exchange agreements ===
DEBUG:paramiko.transport:server lang: <none>
DEBUG:paramiko.transport:HostKey: ssh-rsa
DEBUG:paramiko.transport:Kex: diffie-hellman-group-exchange-sha1
DEBUG:paramiko.transport:kex follows: False
DEBUG:paramiko.transport:Cipher: aes128-cbc
DEBUG:paramiko.transport:HostKey: ssh-rsa
DEBUG:paramiko.transport:=== Key exchange agreements ===
DEBUG:paramiko.transport:MAC: hmac-sha1
DEBUG:paramiko.transport:Cipher: aes128-cbc
DEBUG:paramiko.transport:Kex: diffie-hellman-group-exchange-sha1
DEBUG:paramiko.transport:Compression: none
DEBUG:paramiko.transport:MAC: hmac-sha1
DEBUG:paramiko.transport:HostKey: ssh-rsa
DEBUG:paramiko.transport:Cipher: aes128-cbc
DEBUG:paramiko.transport:Compression: none
DEBUG:paramiko.transport:=== End of kex handshake ===
DEBUG:paramiko.transport:MAC: hmac-sha1
DEBUG:paramiko.transport:=== End of kex handshake ===
DEBUG:paramiko.transport:Compression: none
DEBUG:paramiko.transport:=== End of kex handshake ===
DEBUG:paramiko.transport:starting thread (client mode): 0x4bf66590
DEBUG:paramiko.transport:Local version/idstring: SSH-2.0-paramiko_3.1.0
DEBUG:paramiko.transport:Remote version/idstring: SSH-1.99-Cisco-1.25
INFO:paramiko.transport:Connected (version 1.99, client Cisco-1.25)
DEBUG:paramiko.transport:Got server p (2048 bits)
DEBUG:paramiko.transport:Remote version/idstring: SSH-2.0-Cisco-1.25
INFO:paramiko.transport:Connected (version 2.0, client Cisco-1.25)
DEBUG:paramiko.transport:=== Key exchange possibilities ===
DEBUG:paramiko.transport:kex algos: diffie-hellman-group1-sha1
DEBUG:paramiko.transport:server key: ssh-rsa
DEBUG:paramiko.transport:client encrypt: aes128-cbc, 3des-cbc, aes192-cbc, aes256-cbc
DEBUG:paramiko.transport:server encrypt: aes128-cbc, 3des-cbc, aes192-cbc, aes256-cbc
DEBUG:paramiko.transport:client mac: hmac-sha1, hmac-sha1-96, hmac-md5, hmac-md5-96
DEBUG:paramiko.transport:server mac: hmac-sha1, hmac-sha1-96, hmac-md5, hmac-md5-96
DEBUG:paramiko.transport:client compress: none
DEBUG:paramiko.transport:server compress: none
DEBUG:paramiko.transport:client lang: <none>
DEBUG:paramiko.transport:server lang: <none>
DEBUG:paramiko.transport:kex follows: False
DEBUG:paramiko.transport:=== Key exchange agreements ===
DEBUG:paramiko.transport:Kex: diffie-hellman-group1-sha1
DEBUG:paramiko.transport:HostKey: ssh-rsa
DEBUG:paramiko.transport:Cipher: aes128-cbc
DEBUG:paramiko.transport:MAC: hmac-sha1
DEBUG:paramiko.transport:Compression: none
DEBUG:paramiko.transport:=== End of kex handshake ===
DEBUG:paramiko.transport:=== Key exchange possibilities ===
DEBUG:paramiko.transport:kex algos: diffie-hellman-group-exchange-sha1, diffie-hellman-group14-sha1, diffie-hellman-group1-sha1
DEBUG:paramiko.transport:server key: ssh-rsa
DEBUG:paramiko.transport:client encrypt: aes128-cbc, 3des-cbc, aes192-cbc, aes256-cbc
DEBUG:paramiko.transport:server encrypt: aes128-cbc, 3des-cbc, aes192-cbc, aes256-cbc
DEBUG:paramiko.transport:client mac: hmac-sha1, hmac-sha1-96, hmac-md5, hmac-md5-96
DEBUG:paramiko.transport:server mac: hmac-sha1, hmac-sha1-96, hmac-md5, hmac-md5-96
DEBUG:paramiko.transport:client compress: none
DEBUG:paramiko.transport:server compress: none
DEBUG:paramiko.transport:client lang: <none>
DEBUG:paramiko.transport:server lang: <none>
DEBUG:paramiko.transport:kex follows: False
DEBUG:paramiko.transport:=== Key exchange agreements ===
DEBUG:paramiko.transport:Kex: diffie-hellman-group-exchange-sha1
DEBUG:paramiko.transport:HostKey: ssh-rsa
DEBUG:paramiko.transport:Cipher: aes128-cbc
DEBUG:paramiko.transport:MAC: hmac-sha1
DEBUG:paramiko.transport:Compression: none
DEBUG:paramiko.transport:=== End of kex handshake ===
DEBUG:paramiko.transport:Got server p (2048 bits)
DEBUG:paramiko.transport:Got server p (2048 bits)
DEBUG:paramiko.transport:Got server p (2048 bits)
DEBUG:paramiko.transport:kex engine KexGex specified hash_algo <built-in function openssl_sha1>
DEBUG:paramiko.transport:kex engine KexGex specified hash_algo <built-in function openssl_sha1>
DEBUG:paramiko.transport:kex engine KexGroup1 specified hash_algo <built-in function openssl_sha1>
DEBUG:paramiko.transport:kex engine KexGex specified hash_algo <built-in function openssl_sha1>
DEBUG:paramiko.transport:kex engine KexGex specified hash_algo <built-in function openssl_sha1>
DEBUG:paramiko.transport:Switch to new keys ...
DEBUG:paramiko.transport:Switch to new keys ...
DEBUG:paramiko.transport:Switch to new keys ...
DEBUG:paramiko.transport:Switch to new keys ...
DEBUG:paramiko.transport:Switch to new keys ...
DEBUG:paramiko.transport:Adding ssh-rsa host key for 22.1.1.2: b'5b09dd1c58ff17c069582d14c1016cf4'
DEBUG:paramiko.transport:Adding ssh-rsa host key for 22.1.1.4: b'4c47dff5cdeb90407b48c9b5b09eb0cb'
DEBUG:paramiko.transport:Adding ssh-rsa host key for 22.1.1.5: b'b82f15d360ffac609fc40954a010f48c'
DEBUG:paramiko.transport:Adding ssh-rsa host key for 22.1.1.1: b'deedcbb217eee0ecfe46527ee13ee55e'
DEBUG:paramiko.transport:Adding ssh-rsa host key for 22.1.1.3: b'43dbc13c02cd179ed57518fa8ac85d41'
DEBUG:paramiko.transport:userauth is OK
INFO:paramiko.transport:Authentication (password) successful!
DEBUG:paramiko.transport:[chan 0] Max packet in: 32768 bytes
DEBUG:paramiko.transport:[chan 0] Max packet out: 4096 bytes
DEBUG:paramiko.transport:Secsh channel 0 opened.
DEBUG:paramiko.transport:[chan 0] Sesch channel 0 request ok
DEBUG:paramiko.transport:[chan 0] Sesch channel 0 request ok
DEBUG:netmiko:write_channel: b'\n'
DEBUG:paramiko.transport:userauth is OK
DEBUG:paramiko.transport:userauth is OK
DEBUG:paramiko.transport:userauth is OK
DEBUG:paramiko.transport:userauth is OK
INFO:paramiko.transport:Authentication (password) successful!
INFO:paramiko.transport:Authentication (password) successful!
INFO:paramiko.transport:Authentication (password) successful!
INFO:paramiko.transport:Authentication (password) successful!
DEBUG:paramiko.transport:[chan 0] Max packet in: 32768 bytes
DEBUG:paramiko.transport:[chan 0] Max packet in: 32768 bytes
DEBUG:paramiko.transport:[chan 0] Max packet in: 32768 bytes
DEBUG:paramiko.transport:[chan 0] Max packet in: 32768 bytes
DEBUG:paramiko.transport:[chan 0] Max packet out: 4096 bytes
DEBUG:paramiko.transport:[chan 0] Max packet out: 4096 bytes
DEBUG:paramiko.transport:Secsh channel 0 opened.
DEBUG:paramiko.transport:Secsh channel 0 opened.
DEBUG:paramiko.transport:[chan 0] Max packet out: 4096 bytes
DEBUG:paramiko.transport:[chan 0] Sesch channel 0 request ok
DEBUG:paramiko.transport:Secsh channel 0 opened.
DEBUG:paramiko.transport:[chan 0] Max packet out: 4096 bytes
DEBUG:paramiko.transport:Secsh channel 0 opened.
DEBUG:paramiko.transport:[chan 0] Sesch channel 0 request ok
DEBUG:paramiko.transport:[chan 0] Sesch channel 0 request ok
DEBUG:paramiko.transport:[chan 0] Sesch channel 0 request ok
DEBUG:paramiko.transport:[chan 0] Sesch channel 0 request ok
DEBUG:netmiko:write_channel: b'\n'
DEBUG:netmiko:write_channel: b'terminal width 511\n'
DEBUG:netmiko:read_channel: 
alex>
alex>
DEBUG:paramiko.transport:[chan 0] Sesch channel 0 request ok
DEBUG:netmiko:write_channel: b'\n'
DEBUG:paramiko.transport:[chan 0] Sesch channel 0 request ok
DEBUG:paramiko.transport:[chan 0] Sesch channel 0 request ok
DEBUG:netmiko:write_channel: b'\n'
DEBUG:netmiko:write_channel: b'\n'
DEBUG:netmiko:read_channel: te
DEBUG:netmiko:read_channel: rminal wi
DEBUG:netmiko:read_channel: dth 511
alex>
DEBUG:netmiko:Pattern found: (terminal width 511) 
alex>
alex>terminal width 511
DEBUG:netmiko:In disable_paging
DEBUG:netmiko:Command: terminal length 0

DEBUG:netmiko:write_channel: b'terminal length 0\n'
DEBUG:netmiko:read_channel: 
DEBUG:netmiko:read_channel: 
DEBUG:netmiko:read_channel: terminal length 0
alex>
DEBUG:netmiko:Pattern found: (terminal\ length\ 0) 
alex>terminal length 0
DEBUG:netmiko:
alex>terminal length 0
DEBUG:netmiko:Exiting disable_paging
DEBUG:netmiko:read_channel: 
DEBUG:netmiko:Clear buffer detects data in the channel
DEBUG:netmiko:write_channel: b'terminal width 511\n'
DEBUG:netmiko:read_channel: 
3swalex2>
3swalex2>
DEBUG:netmiko:read_channel: 
DEBUG:netmiko:write_channel: b'\n'
DEBUG:netmiko:read_channel: 
DEBUG:netmiko:read_channel: te
DEBUG:netmiko:write_channel: b'terminal width 511\n'
DEBUG:netmiko:read_channel: 
sw2alex>
sw2alex>
DEBUG:netmiko:write_channel: b'terminal width 511\n'
DEBUG:netmiko:read_channel: 
3swalex>
3swalex>
DEBUG:netmiko:write_channel: b'terminal width 511\n'
DEBUG:netmiko:read_channel: 
swalex>
swalex>
DEBUG:netmiko:read_channel: 
DEBUG:netmiko:read_channel: 
DEBUG:netmiko:read_channel: 
DEBUG:netmiko:read_channel: 
alex>
DEBUG:netmiko:Pattern found: (\#|>) 
alex>
DEBUG:netmiko:read_channel: rmina
DEBUG:netmiko:read_channel: t
DEBUG:netmiko:read_channel: t
DEBUG:netmiko:read_channel: t
DEBUG:netmiko:read_channel: 
DEBUG:netmiko:[find_prompt()]: prompt is alex>
DEBUG:netmiko:read_channel: 
DEBUG:netmiko:read_channel: l
DEBUG:netmiko:read_channel: 
DEBUG:netmiko:read_channel: erm
DEBUG:netmiko:read_channel: 
DEBUG:netmiko:write_channel: b'\n'
DEBUG:netmiko:read_channel: erm
DEBUG:netmiko:read_channel: er
DEBUG:netmiko:read_channel: in
DEBUG:netmiko:read_channel:  w
DEBUG:netmiko:read_channel: in
DEBUG:netmiko:read_channel: mi
DEBUG:netmiko:read_channel: al
DEBUG:netmiko:read_channel: a
DEBUG:netmiko:read_channel: idt
DEBUG:netmiko:read_channel: 
alex>
DEBUG:netmiko:read_channel:  w
DEBUG:netmiko:read_channel: nal
DEBUG:netmiko:read_channel: l 
DEBUG:netmiko:read_channel: h 
DEBUG:netmiko:read_channel: id
DEBUG:netmiko:read_channel: 
DEBUG:netmiko:read_channel:  w
DEBUG:netmiko:[find_prompt()]: prompt is alex>
DEBUG:netmiko:write_channel: b'\n'
DEBUG:netmiko:read_channel: 
DEBUG:netmiko:read_channel: wid
DEBUG:netmiko:read_channel: 5
DEBUG:netmiko:read_channel: th
DEBUG:netmiko:read_channel: id
DEBUG:netmiko:read_channel: 
alex>
DEBUG:netmiko:Pattern found: (alex.*) 
alex>
DEBUG:netmiko:write_channel: b'enable\n'
DEBUG:netmiko:read_channel: 
DEBUG:netmiko:read_channel: 11

DEBUG:netmiko:Pattern found: (terminal width 511) 
3swalex2>
3swalex2>terminal width 511
DEBUG:netmiko:In disable_paging
DEBUG:netmiko:Command: terminal length 0

DEBUG:netmiko:read_channel: th 
DEBUG:netmiko:write_channel: b'terminal length 0\n'
DEBUG:netmiko:read_channel: 
DEBUG:netmiko:read_channel:  5
DEBUG:netmiko:read_channel: th 
DEBUG:netmiko:read_channel: 
DEBUG:netmiko:read_channel: 3swalex2>t
DEBUG:netmiko:read_channel: 511
DEBUG:netmiko:Pattern found: (terminal width 511) 
swalex>
swalex>terminal width 511
DEBUG:netmiko:In disable_paging
DEBUG:netmiko:Command: terminal length 0

DEBUG:netmiko:read_channel: 11

DEBUG:netmiko:write_channel: b'terminal length 0\n'
DEBUG:netmiko:Pattern found: (terminal width 511) 
sw2alex>
sw2alex>terminal width 511
DEBUG:netmiko:read_channel: 51
DEBUG:netmiko:read_channel: 
DEBUG:netmiko:In disable_paging
DEBUG:netmiko:Command: terminal length 0

DEBUG:netmiko:write_channel: b'terminal length 0\n'
DEBUG:netmiko:read_channel: 
DEBUG:netmiko:read_channel: enable
Password: 
DEBUG:netmiko:Pattern found: (enable) enable
DEBUG:netmiko:read_channel: 
DEBUG:netmiko:Pattern found: ((?:alex|ssword)) 
Password
DEBUG:netmiko:write_channel: b'********\n'
DEBUG:netmiko:read_channel: 
DEBUG:netmiko:read_channel: e
DEBUG:netmiko:read_channel: 
swalex>
DEBUG:netmiko:read_channel: 1

DEBUG:netmiko:Pattern found: (terminal width 511) 
3swalex>
3swalex>terminal width 511
DEBUG:netmiko:In disable_paging
DEBUG:netmiko:Command: terminal length 0

DEBUG:netmiko:write_channel: b'terminal length 0\n'
DEBUG:netmiko:read_channel: 
DEBUG:netmiko:read_channel: sw2alex>t
DEBUG:netmiko:read_channel: 
DEBUG:netmiko:read_channel: rm
DEBUG:netmiko:read_channel: te
DEBUG:netmiko:read_channel: 3swalex>
DEBUG:netmiko:read_channel: er
DEBUG:netmiko:read_channel: 
DEBUG:netmiko:read_channel: in
DEBUG:netmiko:read_channel: r
DEBUG:netmiko:read_channel: te
DEBUG:netmiko:read_channel: mi
DEBUG:netmiko:read_channel: 
alex#
DEBUG:netmiko:Pattern found: (alex) : 
alex
DEBUG:netmiko:write_channel: b'\n'
DEBUG:netmiko:read_channel: 
DEBUG:netmiko:read_channel: al
DEBUG:netmiko:read_channel: mi
DEBUG:netmiko:read_channel: rm
DEBUG:netmiko:read_channel: na
DEBUG:netmiko:read_channel: 
alex#
DEBUG:netmiko:Pattern found: (alex.*) #
alex#
DEBUG:netmiko:read_channel:  l
DEBUG:netmiko:read_channel: nal
DEBUG:netmiko:read_channel: ina
DEBUG:netmiko:read_channel: l 
DEBUG:netmiko:read_channel: en
DEBUG:netmiko:read_channel:  
DEBUG:netmiko:read_channel: l
DEBUG:netmiko:read_channel: l
DEBUG:netmiko:read_channel: g
DEBUG:netmiko:read_channel: l
DEBUG:netmiko:read_channel:  
DEBUG:netmiko:read_channel: en
DEBUG:netmiko:read_channel: t
DEBUG:netmiko:read_channel: 
DEBUG:netmiko:read_channel: 
DEBUG:netmiko:read_channel: 
DEBUG:netmiko:read_channel: 
DEBUG:netmiko:read_channel: 
DEBUG:netmiko:read_channel: l
DEBUG:netmiko:read_channel: e
DEBUG:netmiko:read_channel: h 0
DEBUG:netmiko:Pattern found: (terminal\ length\ 0) 
3swalex2>terminal length 0
DEBUG:netmiko:
3swalex2>terminal length 0
DEBUG:netmiko:Exiting disable_paging
DEBUG:netmiko:read_channel: 
DEBUG:netmiko:read_channel: 
DEBUG:netmiko:read_channel: n
DEBUG:netmiko:read_channel: 
3swalex2>
DEBUG:netmiko:Clear buffer detects data in the channel
DEBUG:netmiko:read_channel: gth
DEBUG:netmiko:read_channel: en
DEBUG:netmiko:read_channel: gt
DEBUG:netmiko:read_channel:  0

DEBUG:netmiko:Pattern found: (terminal\ length\ 0) 
sw2alex>terminal length 0
DEBUG:netmiko:
sw2alex>terminal length 0
DEBUG:netmiko:Exiting disable_paging
DEBUG:netmiko:read_channel: gth
DEBUG:netmiko:read_channel: h 0
DEBUG:netmiko:Pattern found: (terminal\ length\ 0) 
swalex>terminal length 0
DEBUG:netmiko:
swalex>terminal length 0
DEBUG:netmiko:Exiting disable_paging
DEBUG:netmiko:read_channel: 
DEBUG:netmiko:write_channel: b'\n'
DEBUG:netmiko:read_channel: 
DEBUG:netmiko:read_channel: sw2alex>
DEBUG:netmiko:Clear buffer detects data in the channel
DEBUG:netmiko:read_channel:  0

DEBUG:netmiko:Pattern found: (terminal\ length\ 0) 
3swalex>terminal length 0
DEBUG:netmiko:
3swalex>terminal length 0
DEBUG:netmiko:Exiting disable_paging
DEBUG:netmiko:read_channel: 
swalex>
DEBUG:netmiko:Clear buffer detects data in the channel
DEBUG:netmiko:read_channel: 

DEBUG:netmiko:read_channel: 3swalex>
DEBUG:netmiko:Clear buffer detects data in the channel
DEBUG:netmiko:read_channel: 3swalex2>
DEBUG:netmiko:Pattern found: (\#|>) 
3swalex2>
DEBUG:netmiko:read_channel: 
DEBUG:netmiko:write_channel: b'\n'
DEBUG:netmiko:read_channel: 
DEBUG:netmiko:read_channel: 
DEBUG:netmiko:write_channel: b'\n'
DEBUG:netmiko:read_channel: 
DEBUG:netmiko:read_channel: 
DEBUG:netmiko:[find_prompt()]: prompt is 3swalex2>
DEBUG:netmiko:read_channel: 

DEBUG:netmiko:read_channel: 
DEBUG:netmiko:write_channel: b'\n'
DEBUG:netmiko:read_channel: 

DEBUG:netmiko:read_channel: 
DEBUG:netmiko:read_channel: 
DEBUG:netmiko:write_channel: b'\n'
DEBUG:netmiko:read_channel: sw2alex>
DEBUG:netmiko:Pattern found: (\#|>) 
sw2alex>
DEBUG:netmiko:read_channel: 

DEBUG:netmiko:read_channel: swalex>
DEBUG:netmiko:Pattern found: (\#|>) 
swalex>
DEBUG:netmiko:read_channel: 
DEBUG:netmiko:[find_prompt()]: prompt is sw2alex>
DEBUG:netmiko:read_channel: 3swalex>
DEBUG:netmiko:Pattern found: (\#|>) 
3swalex>
DEBUG:netmiko:read_channel: 
DEBUG:netmiko:[find_prompt()]: prompt is swalex>
DEBUG:netmiko:read_channel: 
DEBUG:netmiko:write_channel: b'\n'
DEBUG:netmiko:read_channel: 
3swalex2>
DEBUG:netmiko:read_channel: 
DEBUG:netmiko:[find_prompt()]: prompt is 3swalex>
DEBUG:netmiko:read_channel: 
DEBUG:netmiko:write_channel: b'\n'
DEBUG:netmiko:read_channel: 
DEBUG:netmiko:[find_prompt()]: prompt is 3swalex2>
DEBUG:netmiko:write_channel: b'\n'
DEBUG:netmiko:read_channel: 
DEBUG:netmiko:read_channel: 
DEBUG:netmiko:write_channel: b'\n'
DEBUG:netmiko:read_channel: 
sw2alex>
DEBUG:netmiko:read_channel: 
swalex>
DEBUG:netmiko:read_channel: 
3swalex2>
DEBUG:netmiko:Pattern found: (3swalex2.*) 
3swalex2>
DEBUG:netmiko:write_channel: b'enable\n'
DEBUG:netmiko:read_channel: 
DEBUG:netmiko:read_channel: 
DEBUG:netmiko:[find_prompt()]: prompt is swalex>
DEBUG:netmiko:write_channel: b'\n'
DEBUG:netmiko:read_channel: 
DEBUG:netmiko:read_channel: 
DEBUG:netmiko:[find_prompt()]: prompt is sw2alex>
DEBUG:netmiko:write_channel: b'\n'
DEBUG:netmiko:read_channel: 
DEBUG:netmiko:read_channel: 
DEBUG:netmiko:read_channel: 
3swalex>
DEBUG:netmiko:read_channel: 
DEBUG:netmiko:read_channel: 

DEBUG:netmiko:read_channel: e
DEBUG:netmiko:read_channel: 
DEBUG:netmiko:read_channel: 
swalex>
DEBUG:netmiko:[find_prompt()]: prompt is 3swalex>
DEBUG:netmiko:Pattern found: (swalex.*) 
swalex>
DEBUG:netmiko:write_channel: b'enable\n'
DEBUG:netmiko:write_channel: b'\n'
DEBUG:netmiko:read_channel: 
DEBUG:netmiko:read_channel: 
DEBUG:netmiko:read_channel: nable
Password: 
DEBUG:netmiko:read_channel: sw2alex>
DEBUG:netmiko:Pattern found: (enable) enable
DEBUG:netmiko:Pattern found: (sw2alex.*) 
sw2alex>
DEBUG:netmiko:read_channel: 
DEBUG:netmiko:Pattern found: ((?:3swalex2|ssword)) 
Password
DEBUG:netmiko:write_channel: b'enable\n'
DEBUG:netmiko:read_channel: e
DEBUG:netmiko:read_channel: 

DEBUG:netmiko:write_channel: b'********\n'
DEBUG:netmiko:read_channel: 
DEBUG:netmiko:read_channel: 
DEBUG:netmiko:read_channel: nab
DEBUG:netmiko:read_channel: 3swalex>
DEBUG:netmiko:Pattern found: (3swalex.*) 
3swalex>
DEBUG:netmiko:read_channel: 
DEBUG:netmiko:read_channel: e
DEBUG:netmiko:write_channel: b'enable\n'
DEBUG:netmiko:read_channel: 
DEBUG:netmiko:read_channel: le

DEBUG:netmiko:Pattern found: (enable) enable
DEBUG:netmiko:read_channel: 
DEBUG:netmiko:read_channel: 
DEBUG:netmiko:read_channel: en
DEBUG:netmiko:read_channel: nabl
DEBUG:netmiko:read_channel: Password: 
DEBUG:netmiko:Pattern found: ((?:swalex|ssword)) 
Password
DEBUG:netmiko:read_channel: 
3swalex2#
DEBUG:netmiko:write_channel: b'********\n'
DEBUG:netmiko:Pattern found: (3swalex2) : 
3swalex2
DEBUG:netmiko:read_channel: 
DEBUG:netmiko:read_channel: abl
DEBUG:netmiko:write_channel: b'\n'
DEBUG:netmiko:read_channel: e

DEBUG:netmiko:Pattern found: (enable) enable
DEBUG:netmiko:read_channel: 
DEBUG:netmiko:read_channel: 
DEBUG:netmiko:read_channel: 
DEBUG:netmiko:read_channel: 

DEBUG:netmiko:read_channel: e
Password: 
DEBUG:netmiko:Pattern found: (enable) enable
DEBUG:netmiko:read_channel: Password: 
DEBUG:netmiko:read_channel: 
DEBUG:netmiko:Pattern found: ((?:sw2alex|ssword)) 
Password
DEBUG:netmiko:Pattern found: ((?:3swalex|ssword)) 
Password
DEBUG:netmiko:write_channel: b'********\n'
DEBUG:netmiko:read_channel: 
DEBUG:netmiko:write_channel: b'********\n'
DEBUG:netmiko:read_channel: 
DEBUG:netmiko:read_channel: 
DEBUG:netmiko:read_channel: 3swalex2#
DEBUG:netmiko:Pattern found: (3swalex2.*) #
3swalex2#
DEBUG:netmiko:read_channel: 
DEBUG:netmiko:read_channel: 
DEBUG:netmiko:read_channel: 
swalex#
DEBUG:netmiko:Pattern found: (swalex) : 
swalex
DEBUG:netmiko:write_channel: b'\n'
DEBUG:netmiko:read_channel: 
DEBUG:netmiko:read_channel: 
DEBUG:netmiko:read_channel: 
DEBUG:netmiko:read_channel: 

DEBUG:netmiko:read_channel: 
sw2alex#
DEBUG:netmiko:Pattern found: (sw2alex) : 
sw2alex
DEBUG:netmiko:write_channel: b'\n'
DEBUG:netmiko:read_channel: 
DEBUG:netmiko:read_channel: 
DEBUG:netmiko:read_channel: swalex#
DEBUG:netmiko:Pattern found: (swalex.*) #
swalex#
DEBUG:netmiko:read_channel: 
DEBUG:netmiko:read_channel: 
3swalex#
DEBUG:netmiko:Pattern found: (3swalex) : 
3swalex
DEBUG:netmiko:write_channel: b'\n'
DEBUG:netmiko:read_channel: 
DEBUG:netmiko:read_channel: 
sw2alex#
DEBUG:netmiko:Pattern found: (sw2alex.*) #
sw2alex#
DEBUG:netmiko:read_channel: 
DEBUG:netmiko:read_channel: 
3swalex#
DEBUG:netmiko:Pattern found: (3swalex.*) #
3swalex#
DEBUG:paramiko.transport:starting thread (client mode): 0x310e69d0
DEBUG:paramiko.transport:Local version/idstring: SSH-2.0-paramiko_3.1.0
DEBUG:paramiko.transport:starting thread (client mode): 0x310e6dd0
DEBUG:paramiko.transport:Local version/idstring: SSH-2.0-paramiko_3.1.0
DEBUG:paramiko.transport:Remote version/idstring: SSH-2.0-Cisco-1.25
INFO:paramiko.transport:Connected (version 2.0, client Cisco-1.25)
DEBUG:paramiko.transport:starting thread (client mode): 0x310e7010
DEBUG:paramiko.transport:Local version/idstring: SSH-2.0-paramiko_3.1.0
DEBUG:paramiko.transport:starting thread (client mode): 0x310ea7d0
DEBUG:paramiko.transport:Local version/idstring: SSH-2.0-paramiko_3.1.0
DEBUG:paramiko.transport:=== Key exchange possibilities ===
DEBUG:paramiko.transport:kex algos: diffie-hellman-group-exchange-sha1, diffie-hellman-group14-sha1, diffie-hellman-group1-sha1
DEBUG:paramiko.transport:server key: ssh-rsa
DEBUG:paramiko.transport:client encrypt: aes128-cbc, 3des-cbc, aes192-cbc, aes256-cbc
DEBUG:paramiko.transport:server encrypt: aes128-cbc, 3des-cbc, aes192-cbc, aes256-cbc
DEBUG:paramiko.transport:client mac: hmac-sha1, hmac-sha1-96, hmac-md5, hmac-md5-96
DEBUG:paramiko.transport:server mac: hmac-sha1, hmac-sha1-96, hmac-md5, hmac-md5-96
DEBUG:paramiko.transport:client compress: none
DEBUG:paramiko.transport:server compress: none
DEBUG:paramiko.transport:client lang: <none>
DEBUG:paramiko.transport:server lang: <none>
DEBUG:paramiko.transport:kex follows: False
DEBUG:paramiko.transport:=== Key exchange agreements ===
DEBUG:paramiko.transport:Kex: diffie-hellman-group-exchange-sha1
DEBUG:paramiko.transport:HostKey: ssh-rsa
DEBUG:paramiko.transport:Cipher: aes128-cbc
DEBUG:paramiko.transport:MAC: hmac-sha1
DEBUG:paramiko.transport:Compression: none
DEBUG:paramiko.transport:=== End of kex handshake ===
DEBUG:paramiko.transport:Got server p (2048 bits)
DEBUG:paramiko.transport:starting thread (client mode): 0x31010f90
DEBUG:paramiko.transport:Local version/idstring: SSH-2.0-paramiko_3.1.0
DEBUG:paramiko.transport:Remote version/idstring: SSH-1.99-Cisco-1.25
INFO:paramiko.transport:Connected (version 1.99, client Cisco-1.25)
DEBUG:paramiko.transport:Remote version/idstring: SSH-2.0-Cisco-1.25
INFO:paramiko.transport:Connected (version 2.0, client Cisco-1.25)
DEBUG:paramiko.transport:=== Key exchange possibilities ===
DEBUG:paramiko.transport:kex algos: diffie-hellman-group1-sha1
DEBUG:paramiko.transport:server key: ssh-rsa
DEBUG:paramiko.transport:client encrypt: aes128-cbc, 3des-cbc, aes192-cbc, aes256-cbc
DEBUG:paramiko.transport:server encrypt: aes128-cbc, 3des-cbc, aes192-cbc, aes256-cbc
DEBUG:paramiko.transport:client mac: hmac-sha1, hmac-sha1-96, hmac-md5, hmac-md5-96
DEBUG:paramiko.transport:server mac: hmac-sha1, hmac-sha1-96, hmac-md5, hmac-md5-96
DEBUG:paramiko.transport:client compress: none
DEBUG:paramiko.transport:server compress: none
DEBUG:paramiko.transport:client lang: <none>
DEBUG:paramiko.transport:server lang: <none>
DEBUG:paramiko.transport:kex follows: False
DEBUG:paramiko.transport:=== Key exchange agreements ===
DEBUG:paramiko.transport:Kex: diffie-hellman-group1-sha1
DEBUG:paramiko.transport:HostKey: ssh-rsa
DEBUG:paramiko.transport:Cipher: aes128-cbc
DEBUG:paramiko.transport:MAC: hmac-sha1
DEBUG:paramiko.transport:Compression: none
DEBUG:paramiko.transport:=== End of kex handshake ===
DEBUG:paramiko.transport:Remote version/idstring: SSH-2.0-Cisco-1.25
INFO:paramiko.transport:Connected (version 2.0, client Cisco-1.25)
DEBUG:paramiko.transport:Remote version/idstring: SSH-2.0-Cisco-1.25
INFO:paramiko.transport:Connected (version 2.0, client Cisco-1.25)
DEBUG:paramiko.transport:=== Key exchange possibilities ===
DEBUG:paramiko.transport:kex algos: diffie-hellman-group-exchange-sha1, diffie-hellman-group14-sha1, diffie-hellman-group1-sha1
DEBUG:paramiko.transport:server key: ssh-rsa
DEBUG:paramiko.transport:client encrypt: aes128-cbc, 3des-cbc, aes192-cbc, aes256-cbc
DEBUG:paramiko.transport:server encrypt: aes128-cbc, 3des-cbc, aes192-cbc, aes256-cbc
DEBUG:paramiko.transport:client mac: hmac-sha1, hmac-sha1-96, hmac-md5, hmac-md5-96
DEBUG:paramiko.transport:server mac: hmac-sha1, hmac-sha1-96, hmac-md5, hmac-md5-96
DEBUG:paramiko.transport:kex engine KexGex specified hash_algo <built-in function openssl_sha1>
DEBUG:paramiko.transport:client compress: none
DEBUG:paramiko.transport:server compress: none
DEBUG:paramiko.transport:client lang: <none>
DEBUG:paramiko.transport:server lang: <none>
DEBUG:paramiko.transport:kex follows: False
DEBUG:paramiko.transport:=== Key exchange agreements ===
DEBUG:paramiko.transport:Kex: diffie-hellman-group-exchange-sha1
DEBUG:paramiko.transport:HostKey: ssh-rsa
DEBUG:paramiko.transport:Cipher: aes128-cbc
DEBUG:paramiko.transport:MAC: hmac-sha1
DEBUG:paramiko.transport:Compression: none
DEBUG:paramiko.transport:=== End of kex handshake ===
DEBUG:paramiko.transport:Switch to new keys ...
DEBUG:paramiko.transport:Adding ssh-rsa host key for 22.1.1.1: b'deedcbb217eee0ecfe46527ee13ee55e'
DEBUG:paramiko.transport:=== Key exchange possibilities ===
DEBUG:paramiko.transport:kex algos: diffie-hellman-group-exchange-sha1, diffie-hellman-group14-sha1, diffie-hellman-group1-sha1
DEBUG:paramiko.transport:server key: ssh-rsa
DEBUG:paramiko.transport:client encrypt: aes128-cbc, 3des-cbc, aes192-cbc, aes256-cbc
DEBUG:paramiko.transport:server encrypt: aes128-cbc, 3des-cbc, aes192-cbc, aes256-cbc
DEBUG:paramiko.transport:client mac: hmac-sha1, hmac-sha1-96, hmac-md5, hmac-md5-96
DEBUG:paramiko.transport:server mac: hmac-sha1, hmac-sha1-96, hmac-md5, hmac-md5-96
DEBUG:paramiko.transport:client compress: none
DEBUG:paramiko.transport:server compress: none
DEBUG:paramiko.transport:client lang: <none>
DEBUG:paramiko.transport:server lang: <none>
DEBUG:paramiko.transport:kex follows: False
DEBUG:paramiko.transport:=== Key exchange agreements ===
DEBUG:paramiko.transport:Kex: diffie-hellman-group-exchange-sha1
DEBUG:paramiko.transport:HostKey: ssh-rsa
DEBUG:paramiko.transport:Cipher: aes128-cbc
DEBUG:paramiko.transport:MAC: hmac-sha1
DEBUG:paramiko.transport:Compression: none
DEBUG:paramiko.transport:=== End of kex handshake ===
DEBUG:paramiko.transport:Got server p (2048 bits)
DEBUG:paramiko.transport:Got server p (2048 bits)
DEBUG:paramiko.transport:=== Key exchange possibilities ===
DEBUG:paramiko.transport:kex algos: diffie-hellman-group-exchange-sha1, diffie-hellman-group14-sha1, diffie-hellman-group1-sha1
DEBUG:paramiko.transport:server key: ssh-rsa
DEBUG:paramiko.transport:client encrypt: aes128-cbc, 3des-cbc, aes192-cbc, aes256-cbc
DEBUG:paramiko.transport:server encrypt: aes128-cbc, 3des-cbc, aes192-cbc, aes256-cbc
DEBUG:paramiko.transport:client mac: hmac-sha1, hmac-sha1-96, hmac-md5, hmac-md5-96
DEBUG:paramiko.transport:server mac: hmac-sha1, hmac-sha1-96, hmac-md5, hmac-md5-96
DEBUG:paramiko.transport:client compress: none
DEBUG:paramiko.transport:server compress: none
DEBUG:paramiko.transport:client lang: <none>
DEBUG:paramiko.transport:server lang: <none>
DEBUG:paramiko.transport:kex follows: False
DEBUG:paramiko.transport:=== Key exchange agreements ===
DEBUG:paramiko.transport:kex engine KexGex specified hash_algo <built-in function openssl_sha1>
DEBUG:paramiko.transport:Switch to new keys ...
DEBUG:paramiko.transport:Kex: diffie-hellman-group-exchange-sha1
DEBUG:paramiko.transport:kex engine KexGex specified hash_algo <built-in function openssl_sha1>
DEBUG:paramiko.transport:Adding ssh-rsa host key for 22.1.1.2: b'5b09dd1c58ff17c069582d14c1016cf4'
DEBUG:paramiko.transport:HostKey: ssh-rsa
DEBUG:paramiko.transport:Cipher: aes128-cbc
DEBUG:paramiko.transport:MAC: hmac-sha1
DEBUG:paramiko.transport:Switch to new keys ...
DEBUG:paramiko.transport:Compression: none
DEBUG:paramiko.transport:=== End of kex handshake ===
DEBUG:paramiko.transport:Adding ssh-rsa host key for 22.1.1.4: b'4c47dff5cdeb90407b48c9b5b09eb0cb'
DEBUG:paramiko.transport:Got server p (2048 bits)
DEBUG:paramiko.transport:userauth is OK
DEBUG:paramiko.transport:kex engine KexGex specified hash_algo <built-in function openssl_sha1>
DEBUG:paramiko.transport:kex engine KexGroup1 specified hash_algo <built-in function openssl_sha1>
DEBUG:paramiko.transport:Switch to new keys ...
DEBUG:paramiko.transport:Switch to new keys ...
DEBUG:paramiko.transport:Adding ssh-rsa host key for 22.1.1.3: b'43dbc13c02cd179ed57518fa8ac85d41'
INFO:paramiko.transport:Authentication (password) successful!
DEBUG:paramiko.transport:Adding ssh-rsa host key for 22.1.1.5: b'b82f15d360ffac609fc40954a010f48c'
DEBUG:paramiko.transport:[chan 0] Max packet in: 32768 bytes
DEBUG:paramiko.transport:[chan 0] Max packet out: 4096 bytes
DEBUG:paramiko.transport:Secsh channel 0 opened.
DEBUG:paramiko.transport:[chan 0] Sesch channel 0 request ok
DEBUG:paramiko.transport:[chan 0] Sesch channel 0 request ok
DEBUG:netmiko:write_channel: b'\n'
DEBUG:paramiko.transport:userauth is OK
INFO:paramiko.transport:Authentication (password) successful!
DEBUG:paramiko.transport:[chan 0] Max packet in: 32768 bytes
DEBUG:paramiko.transport:userauth is OK
DEBUG:paramiko.transport:[chan 0] Max packet out: 4096 bytes
DEBUG:paramiko.transport:Secsh channel 0 opened.
DEBUG:netmiko:write_channel: b'terminal width 511\n'
DEBUG:netmiko:read_channel: 
swalex>
swalex>
DEBUG:paramiko.transport:[chan 0] Sesch channel 0 request ok
INFO:paramiko.transport:Authentication (password) successful!
DEBUG:paramiko.transport:[chan 0] Max packet in: 32768 bytes
DEBUG:paramiko.transport:[chan 0] Sesch channel 0 request ok
DEBUG:netmiko:write_channel: b'\n'
DEBUG:netmiko:read_channel: te
DEBUG:paramiko.transport:[chan 0] Max packet out: 4096 bytes
DEBUG:paramiko.transport:Secsh channel 0 opened.
DEBUG:netmiko:read_channel: rm
DEBUG:paramiko.transport:[chan 0] Sesch channel 0 request ok
DEBUG:netmiko:read_channel: in
DEBUG:paramiko.transport:[chan 0] Sesch channel 0 request ok
DEBUG:netmiko:write_channel: b'\n'
DEBUG:netmiko:read_channel: al
DEBUG:netmiko:read_channel:  
DEBUG:netmiko:read_channel: wi
DEBUG:netmiko:read_channel: d
DEBUG:netmiko:read_channel: 
DEBUG:netmiko:read_channel: th
DEBUG:paramiko.transport:userauth is OK
DEBUG:paramiko.transport:userauth is OK
INFO:paramiko.transport:Authentication (password) successful!
DEBUG:paramiko.transport:[chan 0] Max packet in: 32768 bytes
DEBUG:netmiko:read_channel:  5
DEBUG:paramiko.transport:[chan 0] Max packet out: 4096 bytes
DEBUG:paramiko.transport:Secsh channel 0 opened.
DEBUG:netmiko:write_channel: b'terminal width 511\n'
DEBUG:netmiko:read_channel: 
sw2alex>
sw2alex>
INFO:paramiko.transport:Authentication (password) successful!
DEBUG:paramiko.transport:[chan 0] Max packet in: 32768 bytes
DEBUG:netmiko:read_channel: 11
DEBUG:netmiko:Pattern found: (terminal width 511) 
swalex>
swalex>terminal width 511
DEBUG:netmiko:In disable_paging
DEBUG:netmiko:Command: terminal length 0

DEBUG:netmiko:write_channel: b'terminal length 0\n'
DEBUG:paramiko.transport:[chan 0] Sesch channel 0 request ok
DEBUG:netmiko:read_channel: 

DEBUG:netmiko:read_channel: 
DEBUG:paramiko.transport:[chan 0] Max packet out: 4096 bytes
DEBUG:paramiko.transport:Secsh channel 0 opened.
DEBUG:netmiko:read_channel: swalex>
DEBUG:paramiko.transport:[chan 0] Sesch channel 0 request ok
DEBUG:netmiko:read_channel: ter
DEBUG:netmiko:write_channel: b'\n'
DEBUG:paramiko.transport:[chan 0] Sesch channel 0 request ok
DEBUG:netmiko:read_channel: t
DEBUG:netmiko:read_channel: min
DEBUG:netmiko:write_channel: b'terminal width 511\n'
DEBUG:netmiko:read_channel: 
3swalex2>
3swalex2>
DEBUG:paramiko.transport:[chan 0] Sesch channel 0 request ok
DEBUG:netmiko:read_channel: e
DEBUG:netmiko:read_channel: 
DEBUG:netmiko:read_channel: 
DEBUG:netmiko:write_channel: b'\n'
DEBUG:netmiko:read_channel: 
DEBUG:netmiko:read_channel: a
DEBUG:netmiko:read_channel: rm
DEBUG:netmiko:read_channel: 
DEBUG:netmiko:read_channel: 
DEBUG:netmiko:read_channel: in
DEBUG:netmiko:read_channel: t
DEBUG:netmiko:read_channel: l 
DEBUG:netmiko:read_channel: a
DEBUG:netmiko:read_channel: 
DEBUG:netmiko:read_channel: w
DEBUG:netmiko:read_channel: l l
DEBUG:netmiko:read_channel: erm
DEBUG:netmiko:read_channel: idt
DEBUG:netmiko:read_channel: e
DEBUG:netmiko:read_channel: in
DEBUG:netmiko:read_channel: h 5
DEBUG:netmiko:read_channel: ngt
DEBUG:netmiko:read_channel: al 
DEBUG:netmiko:write_channel: b'terminal width 511\n'
DEBUG:netmiko:read_channel: 1
DEBUG:netmiko:read_channel: 
3swalex>
3swalex>
DEBUG:netmiko:read_channel: h 
DEBUG:netmiko:read_channel: wi
DEBUG:netmiko:read_channel: 1

DEBUG:netmiko:Pattern found: (terminal width 511) 
sw2alex>
sw2alex>terminal width 511
DEBUG:netmiko:In disable_paging
DEBUG:netmiko:Command: terminal length 0

DEBUG:netmiko:write_channel: b'terminal length 0\n'
DEBUG:netmiko:read_channel: 
DEBUG:netmiko:read_channel: 0
DEBUG:netmiko:read_channel: t
DEBUG:netmiko:Pattern found: (terminal\ length\ 0) 
swalex>terminal length 0
DEBUG:netmiko:
swalex>terminal length 0
DEBUG:netmiko:Exiting disable_paging
DEBUG:netmiko:read_channel: dt
DEBUG:netmiko:read_channel: sw2alex>
DEBUG:netmiko:read_channel: erm
DEBUG:netmiko:write_channel: b'terminal width 511\n'
DEBUG:netmiko:read_channel: 
swalex>
DEBUG:netmiko:read_channel: 
alex>
alex>
DEBUG:netmiko:Clear buffer detects data in the channel
DEBUG:netmiko:read_channel: h 5
DEBUG:netmiko:read_channel: ter
DEBUG:netmiko:read_channel: in
DEBUG:netmiko:read_channel: terminal wid
DEBUG:netmiko:read_channel: 1
DEBUG:netmiko:read_channel: m
DEBUG:netmiko:read_channel: a
DEBUG:netmiko:read_channel: 
DEBUG:netmiko:read_channel: th 
DEBUG:netmiko:read_channel: 1
DEBUG:netmiko:write_channel: b'\n'
DEBUG:netmiko:read_channel: 
DEBUG:netmiko:Pattern found: (terminal width 511) 
3swalex2>
3swalex2>terminal width 511
DEBUG:netmiko:In disable_paging
DEBUG:netmiko:Command: terminal length 0

DEBUG:netmiko:write_channel: b'terminal length 0\n'
DEBUG:netmiko:read_channel: 
DEBUG:netmiko:read_channel: i
DEBUG:netmiko:read_channel: l
DEBUG:netmiko:read_channel: 511
alex>
DEBUG:netmiko:Pattern found: (terminal width 511) 
alex>
alex>terminal width 511
DEBUG:netmiko:In disable_paging
DEBUG:netmiko:Command: terminal length 0

DEBUG:netmiko:read_channel: 
DEBUG:netmiko:write_channel: b'terminal length 0\n'
DEBUG:netmiko:read_channel: 
DEBUG:netmiko:read_channel: 
3swalex2>
DEBUG:netmiko:read_channel: na
DEBUG:netmiko:read_channel:  w
DEBUG:netmiko:read_channel: 
swalex>
DEBUG:netmiko:Pattern found: (\#|>) 
swalex>
DEBUG:netmiko:read_channel: t
DEBUG:netmiko:read_channel: 
DEBUG:netmiko:read_channel: l l
DEBUG:netmiko:read_channel: i
DEBUG:netmiko:read_channel: 
DEBUG:netmiko:[find_prompt()]: prompt is swalex>
DEBUG:netmiko:read_channel: terminal length 
DEBUG:netmiko:read_channel: er
DEBUG:netmiko:read_channel: en
DEBUG:netmiko:read_channel: dt
DEBUG:netmiko:read_channel: 0
alex>
DEBUG:netmiko:Pattern found: (terminal\ length\ 0) 
alex>terminal length 0
DEBUG:netmiko:read_channel: 
DEBUG:netmiko:
alex>terminal length 0
DEBUG:netmiko:Exiting disable_paging
DEBUG:netmiko:read_channel: mi
DEBUG:netmiko:read_channel: g
DEBUG:netmiko:read_channel: h
DEBUG:netmiko:write_channel: b'\n'
DEBUG:netmiko:read_channel: 
DEBUG:netmiko:Clear buffer detects data in the channel
DEBUG:netmiko:read_channel:  
DEBUG:netmiko:read_channel: 
DEBUG:netmiko:read_channel: 
DEBUG:netmiko:read_channel: n
DEBUG:netmiko:read_channel: 
DEBUG:netmiko:read_channel: t
DEBUG:netmiko:read_channel: 

DEBUG:netmiko:write_channel: b'\n'
DEBUG:netmiko:read_channel: 5
DEBUG:netmiko:read_channel: a
DEBUG:netmiko:read_channel: h
DEBUG:netmiko:read_channel: 
DEBUG:netmiko:write_channel: b'\n'
DEBUG:netmiko:read_channel: 
DEBUG:netmiko:read_channel:  0
DEBUG:netmiko:Pattern found: (terminal\ length\ 0) 
sw2alex>terminal length 0
DEBUG:netmiko:
sw2alex>terminal length 0
DEBUG:netmiko:read_channel: 11
DEBUG:netmiko:read_channel: l 
DEBUG:netmiko:Exiting disable_paging
DEBUG:netmiko:Pattern found: (terminal width 511) 
3swalex>
3swalex>terminal width 511
DEBUG:netmiko:In disable_paging
DEBUG:netmiko:Command: terminal length 0

DEBUG:netmiko:write_channel: b'terminal length 0\n'
DEBUG:netmiko:read_channel: 

DEBUG:netmiko:read_channel: 
alex>
DEBUG:netmiko:Pattern found: (\#|>) 
alex>
DEBUG:netmiko:read_channel: le
DEBUG:netmiko:read_channel: swalex>
swalex>
DEBUG:netmiko:read_channel: 
sw2alex>
DEBUG:netmiko:Clear buffer detects data in the channel
DEBUG:netmiko:read_channel: 3swalex>
DEBUG:netmiko:read_channel: ngt
DEBUG:netmiko:read_channel: ter
DEBUG:netmiko:read_channel: 
DEBUG:netmiko:[find_prompt()]: prompt is alex>
DEBUG:netmiko:read_channel: 
DEBUG:netmiko:[find_prompt()]: prompt is swalex>
DEBUG:netmiko:write_channel: b'\n'
DEBUG:netmiko:read_channel: 
DEBUG:netmiko:read_channel: 
DEBUG:netmiko:read_channel: h 
DEBUG:netmiko:write_channel: b'\n'
DEBUG:netmiko:read_channel: 
DEBUG:netmiko:read_channel: mi
DEBUG:netmiko:read_channel: 
DEBUG:netmiko:read_channel: 0

DEBUG:netmiko:Pattern found: (terminal\ length\ 0) 
3swalex2>terminal length 0
DEBUG:netmiko:
3swalex2>terminal length 0
DEBUG:netmiko:Exiting disable_paging
DEBUG:netmiko:read_channel: n
DEBUG:netmiko:read_channel: 
DEBUG:netmiko:read_channel: al
DEBUG:netmiko:read_channel: 3swalex2>
DEBUG:netmiko:Clear buffer detects data in the channel
DEBUG:netmiko:read_channel: 
DEBUG:netmiko:read_channel:  l
DEBUG:netmiko:read_channel: 
DEBUG:netmiko:read_channel: 
DEBUG:netmiko:write_channel: b'\n'
DEBUG:netmiko:read_channel: 
DEBUG:netmiko:read_channel: en
DEBUG:netmiko:read_channel: 
swalex>
DEBUG:netmiko:Pattern found: (swalex.*) 
swalex>
DEBUG:netmiko:write_channel: b'enable\n'
DEBUG:netmiko:read_channel: 
DEBUG:netmiko:read_channel: 

DEBUG:netmiko:read_channel: gth 
DEBUG:netmiko:read_channel: 

DEBUG:netmiko:read_channel: sw2alex>
DEBUG:netmiko:read_channel: 
DEBUG:netmiko:Pattern found: (\#|>) 
sw2alex>
DEBUG:netmiko:read_channel: 0

DEBUG:netmiko:Pattern found: (terminal\ length\ 0) 
3swalex>terminal length 0
DEBUG:netmiko:
3swalex>terminal length 0
DEBUG:netmiko:Exiting disable_paging
DEBUG:netmiko:read_channel: 3swalex2>
DEBUG:netmiko:Pattern found: (\#|>) 
3swalex2>
DEBUG:netmiko:read_channel: 
DEBUG:netmiko:[find_prompt()]: prompt is sw2alex>
DEBUG:netmiko:read_channel: 
DEBUG:netmiko:read_channel: 3swalex>
DEBUG:netmiko:Clear buffer detects data in the channel
DEBUG:netmiko:read_channel: 
DEBUG:netmiko:[find_prompt()]: prompt is 3swalex2>
DEBUG:netmiko:read_channel: en
DEBUG:netmiko:read_channel: 
DEBUG:netmiko:write_channel: b'\n'
DEBUG:netmiko:read_channel: 
DEBUG:netmiko:write_channel: b'\n'
DEBUG:netmiko:read_channel: 
DEBUG:netmiko:write_channel: b'\n'
DEBUG:netmiko:read_channel: ab
DEBUG:netmiko:read_channel: 
DEBUG:netmiko:write_channel: b'\n'
DEBUG:netmiko:read_channel: 
DEBUG:netmiko:read_channel: le
DEBUG:netmiko:Pattern found: (enable) enable
DEBUG:netmiko:read_channel: 
DEBUG:netmiko:read_channel: 
DEBUG:netmiko:read_channel: 
DEBUG:netmiko:read_channel: 

DEBUG:netmiko:write_channel: b'\n'
DEBUG:netmiko:read_channel: 
DEBUG:netmiko:read_channel: Password: 
DEBUG:netmiko:Pattern found: ((?:swalex|ssword)) 
Password
DEBUG:netmiko:write_channel: b'********\n'
DEBUG:netmiko:read_channel: 
DEBUG:netmiko:read_channel: 
DEBUG:netmiko:read_channel: 
DEBUG:netmiko:read_channel: 
DEBUG:netmiko:read_channel: 
DEBUG:netmiko:write_channel: b'\n'
DEBUG:netmiko:write_channel: b'\n'
DEBUG:netmiko:read_channel: 
DEBUG:netmiko:read_channel: 
DEBUG:netmiko:write_channel: b'\n'
DEBUG:netmiko:read_channel: 
DEBUG:netmiko:read_channel: 
DEBUG:netmiko:read_channel: 
DEBUG:netmiko:read_channel: 
3swalex>
DEBUG:netmiko:Pattern found: (\#|>) 
3swalex>
DEBUG:netmiko:read_channel: 
DEBUG:netmiko:read_channel: 
DEBUG:netmiko:[find_prompt()]: prompt is 3swalex>
DEBUG:netmiko:read_channel: 
DEBUG:netmiko:read_channel: 
DEBUG:netmiko:write_channel: b'\n'
DEBUG:netmiko:read_channel: 
DEBUG:netmiko:read_channel: 
DEBUG:netmiko:read_channel: 
sw2alex>
DEBUG:netmiko:read_channel: 
DEBUG:netmiko:write_channel: b'\n'
DEBUG:netmiko:read_channel: 
3swalex2>
DEBUG:netmiko:read_channel: 
DEBUG:netmiko:read_channel: 
DEBUG:netmiko:[find_prompt()]: prompt is sw2alex>
DEBUG:netmiko:write_channel: b'\n'
DEBUG:netmiko:read_channel: 
DEBUG:netmiko:read_channel: 
DEBUG:netmiko:read_channel: 
DEBUG:netmiko:read_channel: 
DEBUG:netmiko:read_channel: 
DEBUG:netmiko:[find_prompt()]: prompt is 3swalex2>
DEBUG:netmiko:write_channel: b'\n'
DEBUG:netmiko:write_channel: b'\n'
DEBUG:netmiko:read_channel: 
DEBUG:netmiko:read_channel: 
DEBUG:netmiko:read_channel: 
DEBUG:netmiko:read_channel: 
3swalex2>
DEBUG:netmiko:Pattern found: (3swalex2.*) 
3swalex2>
DEBUG:netmiko:write_channel: b'enable\n'
DEBUG:netmiko:read_channel: 
DEBUG:netmiko:read_channel: 
swalex#
DEBUG:netmiko:Pattern found: (swalex) : 
swalex
DEBUG:netmiko:write_channel: b'\n'
DEBUG:netmiko:read_channel: 
DEBUG:netmiko:read_channel: 
sw2alex>
DEBUG:netmiko:Pattern found: (sw2alex.*) 
sw2alex>
DEBUG:netmiko:write_channel: b'enable\n'
DEBUG:netmiko:read_channel: 
DEBUG:netmiko:read_channel: 

DEBUG:netmiko:read_channel: 
DEBUG:netmiko:write_channel: b'\n'
DEBUG:netmiko:read_channel: 
DEBUG:netmiko:read_channel: 
alex>
DEBUG:netmiko:read_channel: 
DEBUG:netmiko:read_channel: 
DEBUG:netmiko:read_channel: 
DEBUG:netmiko:read_channel: 
DEBUG:netmiko:read_channel: 3swalex2>
3swalex2>
DEBUG:netmiko:read_channel: 
alex>
alex>
DEBUG:netmiko:Clear buffer detects data in the channel
DEBUG:netmiko:read_channel: 

DEBUG:netmiko:read_channel: 
sw2alex>
DEBUG:netmiko:read_channel: en
DEBUG:netmiko:read_channel: swalex#
DEBUG:netmiko:read_channel: en
DEBUG:netmiko:Pattern found: (swalex.*) #
swalex#
DEBUG:netmiko:read_channel: ab
DEBUG:netmiko:read_channel: 
DEBUG:netmiko:[find_prompt()]: prompt is alex>
DEBUG:netmiko:write_channel: b'\n'
DEBUG:netmiko:read_channel: 
DEBUG:netmiko:read_channel: a
DEBUG:netmiko:read_channel: le

DEBUG:netmiko:Pattern found: (enable) 
3swalex2>
3swalex2>enable
DEBUG:netmiko:read_channel: 
DEBUG:netmiko:read_channel: 
DEBUG:netmiko:read_channel: ble
DEBUG:netmiko:Pattern found: (enable) 
sw2alex>enable
DEBUG:netmiko:read_channel: 

DEBUG:netmiko:read_channel: Password: 
DEBUG:netmiko:Pattern found: ((?:3swalex2|ssword)) 
Password
DEBUG:netmiko:write_channel: b'********\n'
DEBUG:netmiko:read_channel: 
DEBUG:netmiko:read_channel: 
DEBUG:netmiko:read_channel: 
3swalex>
3swalex>
3swalex>
DEBUG:netmiko:read_channel: Password: 
DEBUG:netmiko:Pattern found: ((?:sw2alex|ssword)) 
Password
DEBUG:netmiko:read_channel: 
DEBUG:netmiko:write_channel: b'********\n'
DEBUG:netmiko:read_channel: 
DEBUG:netmiko:read_channel: 
DEBUG:netmiko:read_channel: 
DEBUG:netmiko:[find_prompt()]: prompt is 3swalex>
DEBUG:netmiko:write_channel: b'\n'
DEBUG:netmiko:read_channel: 
DEBUG:netmiko:read_channel: 
DEBUG:netmiko:read_channel: 
alex>
DEBUG:netmiko:read_channel: 
DEBUG:netmiko:Pattern found: (alex.*) 
alex>
DEBUG:netmiko:write_channel: b'enable\n'
DEBUG:netmiko:read_channel: 
DEBUG:netmiko:read_channel: 

DEBUG:netmiko:read_channel: 
DEBUG:netmiko:read_channel: 
DEBUG:netmiko:read_channel: 
DEBUG:netmiko:read_channel: 3swalex>
DEBUG:netmiko:Pattern found: (3swalex.*) 
3swalex>
DEBUG:netmiko:write_channel: b'enable\n'
DEBUG:netmiko:read_channel: 
DEBUG:netmiko:read_channel: 
DEBUG:netmiko:read_channel: 
DEBUG:netmiko:read_channel: 
DEBUG:netmiko:read_channel: 
3swalex2#
DEBUG:netmiko:read_channel: 
DEBUG:netmiko:Pattern found: (3swalex2) : 
3swalex2
DEBUG:netmiko:write_channel: b'\n'
DEBUG:netmiko:read_channel: 
DEBUG:netmiko:read_channel: 
DEBUG:netmiko:read_channel: 
sw2alex#
DEBUG:netmiko:Pattern found: (sw2alex) : 
sw2alex
DEBUG:netmiko:write_channel: b'\n'
DEBUG:netmiko:read_channel: 
DEBUG:netmiko:read_channel: 
DEBUG:netmiko:read_channel: 
DEBUG:netmiko:read_channel: 
DEBUG:netmiko:read_channel: 
DEBUG:netmiko:read_channel: 
DEBUG:netmiko:read_channel: 
DEBUG:netmiko:read_channel: 
DEBUG:netmiko:read_channel: 

DEBUG:netmiko:read_channel: e
DEBUG:netmiko:read_channel: 

DEBUG:netmiko:read_channel: enable
Password: 
DEBUG:netmiko:Pattern found: (enable) enable
DEBUG:netmiko:read_channel: 
DEBUG:netmiko:Pattern found: ((?:alex|ssword)) 
Password
DEBUG:netmiko:write_channel: b'********\n'
DEBUG:netmiko:read_channel: 
DEBUG:netmiko:read_channel: 
DEBUG:netmiko:read_channel: 
DEBUG:netmiko:read_channel: 
DEBUG:netmiko:read_channel: 
DEBUG:netmiko:read_channel: 
DEBUG:netmiko:read_channel: n
DEBUG:netmiko:read_channel: 
DEBUG:netmiko:read_channel: 
DEBUG:netmiko:read_channel: sw2alex#
DEBUG:netmiko:Pattern found: (sw2alex.*) #
sw2alex#
DEBUG:netmiko:read_channel: a
DEBUG:netmiko:read_channel: 3swalex2#
DEBUG:netmiko:Pattern found: (3swalex2.*) #
3swalex2#
DEBUG:netmiko:read_channel: 
DEBUG:netmiko:read_channel: 
DEBUG:netmiko:read_channel: 
DEBUG:netmiko:read_channel: b
DEBUG:netmiko:read_channel: 
alex#
DEBUG:netmiko:Pattern found: (alex) : 
alex
DEBUG:netmiko:write_channel: b'\n'
DEBUG:netmiko:read_channel: 
DEBUG:netmiko:read_channel: le

DEBUG:netmiko:Pattern found: (enable) enable
DEBUG:netmiko:read_channel: 
DEBUG:netmiko:read_channel: 
DEBUG:netmiko:read_channel: Password: 
DEBUG:netmiko:Pattern found: ((?:3swalex|ssword)) 
Password
DEBUG:netmiko:write_channel: b'********\n'
DEBUG:netmiko:read_channel: 
DEBUG:netmiko:read_channel: 
DEBUG:netmiko:read_channel: 
DEBUG:netmiko:read_channel: 
alex#
DEBUG:netmiko:Pattern found: (alex.*) #
alex#
DEBUG:netmiko:read_channel: 
DEBUG:netmiko:read_channel: 
DEBUG:netmiko:read_channel: 
DEBUG:netmiko:read_channel: 
3swalex#
DEBUG:netmiko:Pattern found: (3swalex) : 
3swalex
DEBUG:netmiko:write_channel: b'\n'
DEBUG:netmiko:read_channel: 
DEBUG:netmiko:read_channel: 
DEBUG:netmiko:read_channel: 
DEBUG:netmiko:read_channel: 
DEBUG:netmiko:read_channel: 
DEBUG:netmiko:read_channel: 

DEBUG:netmiko:read_channel: 3swalex#
DEBUG:netmiko:Pattern found: (3swalex.*) #
3swalex#
DEBUG:paramiko.transport:starting thread (client mode): 0xd5feb450
DEBUG:paramiko.transport:starting thread (client mode): 0xd41c2350
DEBUG:paramiko.transport:Local version/idstring: SSH-2.0-paramiko_3.1.0
DEBUG:paramiko.transport:Local version/idstring: SSH-2.0-paramiko_3.1.0
DEBUG:paramiko.transport:starting thread (client mode): 0xd5feb310
DEBUG:paramiko.transport:Local version/idstring: SSH-2.0-paramiko_3.1.0
DEBUG:paramiko.transport:Remote version/idstring: SSH-2.0-Cisco-1.25
INFO:paramiko.transport:Connected (version 2.0, client Cisco-1.25)
DEBUG:paramiko.transport:starting thread (client mode): 0xd5fea450
DEBUG:paramiko.transport:starting thread (client mode): 0xd5fe93d0
DEBUG:paramiko.transport:Local version/idstring: SSH-2.0-paramiko_3.1.0
DEBUG:paramiko.transport:Local version/idstring: SSH-2.0-paramiko_3.1.0
DEBUG:paramiko.transport:Remote version/idstring: SSH-1.99-Cisco-1.25
INFO:paramiko.transport:Connected (version 1.99, client Cisco-1.25)
DEBUG:paramiko.transport:Remote version/idstring: SSH-2.0-Cisco-1.25
INFO:paramiko.transport:Connected (version 2.0, client Cisco-1.25)
DEBUG:paramiko.transport:=== Key exchange possibilities ===
DEBUG:paramiko.transport:kex algos: diffie-hellman-group-exchange-sha1, diffie-hellman-group14-sha1, diffie-hellman-group1-sha1
DEBUG:paramiko.transport:server key: ssh-rsa
DEBUG:paramiko.transport:=== Key exchange possibilities ===
DEBUG:paramiko.transport:kex algos: diffie-hellman-group-exchange-sha1, diffie-hellman-group14-sha1, diffie-hellman-group1-sha1
DEBUG:paramiko.transport:=== Key exchange possibilities ===
DEBUG:paramiko.transport:kex algos: diffie-hellman-group1-sha1
DEBUG:paramiko.transport:server key: ssh-rsa
DEBUG:paramiko.transport:client encrypt: aes128-cbc, 3des-cbc, aes192-cbc, aes256-cbc
DEBUG:paramiko.transport:server key: ssh-rsa
DEBUG:paramiko.transport:client encrypt: aes128-cbc, 3des-cbc, aes192-cbc, aes256-cbc
DEBUG:paramiko.transport:server encrypt: aes128-cbc, 3des-cbc, aes192-cbc, aes256-cbc
DEBUG:paramiko.transport:client mac: hmac-sha1, hmac-sha1-96, hmac-md5, hmac-md5-96
DEBUG:paramiko.transport:server mac: hmac-sha1, hmac-sha1-96, hmac-md5, hmac-md5-96
DEBUG:paramiko.transport:client compress: none
DEBUG:paramiko.transport:server compress: none
DEBUG:paramiko.transport:client lang: <none>
DEBUG:paramiko.transport:server lang: <none>
DEBUG:paramiko.transport:kex follows: False
DEBUG:paramiko.transport:=== Key exchange agreements ===
DEBUG:paramiko.transport:Kex: diffie-hellman-group-exchange-sha1
DEBUG:paramiko.transport:HostKey: ssh-rsa
DEBUG:paramiko.transport:Cipher: aes128-cbc
DEBUG:paramiko.transport:MAC: hmac-sha1
DEBUG:paramiko.transport:Compression: none
DEBUG:paramiko.transport:=== End of kex handshake ===
DEBUG:paramiko.transport:server encrypt: aes128-cbc, 3des-cbc, aes192-cbc, aes256-cbc
DEBUG:paramiko.transport:client mac: hmac-sha1, hmac-sha1-96, hmac-md5, hmac-md5-96
DEBUG:paramiko.transport:server mac: hmac-sha1, hmac-sha1-96, hmac-md5, hmac-md5-96
DEBUG:paramiko.transport:client compress: none
DEBUG:paramiko.transport:server compress: none
DEBUG:paramiko.transport:client lang: <none>
DEBUG:paramiko.transport:server lang: <none>
DEBUG:paramiko.transport:client encrypt: aes128-cbc, 3des-cbc, aes192-cbc, aes256-cbc
DEBUG:paramiko.transport:server encrypt: aes128-cbc, 3des-cbc, aes192-cbc, aes256-cbc
DEBUG:paramiko.transport:Remote version/idstring: SSH-2.0-Cisco-1.25
DEBUG:paramiko.transport:Remote version/idstring: SSH-2.0-Cisco-1.25
INFO:paramiko.transport:Connected (version 2.0, client Cisco-1.25)
DEBUG:paramiko.transport:kex follows: False
INFO:paramiko.transport:Connected (version 2.0, client Cisco-1.25)
DEBUG:paramiko.transport:=== Key exchange agreements ===
DEBUG:paramiko.transport:client mac: hmac-sha1, hmac-sha1-96, hmac-md5, hmac-md5-96
DEBUG:paramiko.transport:Kex: diffie-hellman-group-exchange-sha1
DEBUG:paramiko.transport:HostKey: ssh-rsa
DEBUG:paramiko.transport:server mac: hmac-sha1, hmac-sha1-96, hmac-md5, hmac-md5-96
DEBUG:paramiko.transport:Cipher: aes128-cbc
DEBUG:paramiko.transport:client compress: none
DEBUG:paramiko.transport:MAC: hmac-sha1
DEBUG:paramiko.transport:server compress: none
DEBUG:paramiko.transport:Compression: none
DEBUG:paramiko.transport:client lang: <none>
DEBUG:paramiko.transport:server lang: <none>
DEBUG:paramiko.transport:=== End of kex handshake ===
DEBUG:paramiko.transport:kex follows: False
DEBUG:paramiko.transport:=== Key exchange agreements ===
DEBUG:paramiko.transport:Kex: diffie-hellman-group1-sha1
DEBUG:paramiko.transport:HostKey: ssh-rsa
DEBUG:paramiko.transport:Cipher: aes128-cbc
DEBUG:paramiko.transport:MAC: hmac-sha1
DEBUG:paramiko.transport:Compression: none
DEBUG:paramiko.transport:=== End of kex handshake ===
DEBUG:paramiko.transport:=== Key exchange possibilities ===
DEBUG:paramiko.transport:kex algos: diffie-hellman-group-exchange-sha1, diffie-hellman-group14-sha1, diffie-hellman-group1-sha1
DEBUG:paramiko.transport:=== Key exchange possibilities ===
DEBUG:paramiko.transport:server key: ssh-rsa
DEBUG:paramiko.transport:kex algos: diffie-hellman-group-exchange-sha1, diffie-hellman-group14-sha1, diffie-hellman-group1-sha1
DEBUG:paramiko.transport:client encrypt: aes128-cbc, 3des-cbc, aes192-cbc, aes256-cbc
DEBUG:paramiko.transport:server key: ssh-rsa
DEBUG:paramiko.transport:server encrypt: aes128-cbc, 3des-cbc, aes192-cbc, aes256-cbc
DEBUG:paramiko.transport:client encrypt: aes128-cbc, 3des-cbc, aes192-cbc, aes256-cbc
DEBUG:paramiko.transport:client mac: hmac-sha1, hmac-sha1-96, hmac-md5, hmac-md5-96
DEBUG:paramiko.transport:server encrypt: aes128-cbc, 3des-cbc, aes192-cbc, aes256-cbc
DEBUG:paramiko.transport:server mac: hmac-sha1, hmac-sha1-96, hmac-md5, hmac-md5-96
DEBUG:paramiko.transport:client mac: hmac-sha1, hmac-sha1-96, hmac-md5, hmac-md5-96
DEBUG:paramiko.transport:client compress: none
DEBUG:paramiko.transport:server mac: hmac-sha1, hmac-sha1-96, hmac-md5, hmac-md5-96
DEBUG:paramiko.transport:server compress: none
DEBUG:paramiko.transport:client compress: none
DEBUG:paramiko.transport:client lang: <none>
DEBUG:paramiko.transport:server compress: none
DEBUG:paramiko.transport:server lang: <none>
DEBUG:paramiko.transport:client lang: <none>
DEBUG:paramiko.transport:kex follows: False
DEBUG:paramiko.transport:server lang: <none>
DEBUG:paramiko.transport:=== Key exchange agreements ===
DEBUG:paramiko.transport:kex follows: False
DEBUG:paramiko.transport:Kex: diffie-hellman-group-exchange-sha1
DEBUG:paramiko.transport:=== Key exchange agreements ===
DEBUG:paramiko.transport:HostKey: ssh-rsa
DEBUG:paramiko.transport:Kex: diffie-hellman-group-exchange-sha1
DEBUG:paramiko.transport:Cipher: aes128-cbc
DEBUG:paramiko.transport:HostKey: ssh-rsa
DEBUG:paramiko.transport:MAC: hmac-sha1
DEBUG:paramiko.transport:Cipher: aes128-cbc
DEBUG:paramiko.transport:Compression: none
DEBUG:paramiko.transport:=== End of kex handshake ===
DEBUG:paramiko.transport:MAC: hmac-sha1
DEBUG:paramiko.transport:Compression: none
DEBUG:paramiko.transport:=== End of kex handshake ===
DEBUG:paramiko.transport:Got server p (2048 bits)
DEBUG:paramiko.transport:Got server p (2048 bits)
DEBUG:paramiko.transport:kex engine KexGex specified hash_algo <built-in function openssl_sha1>
DEBUG:paramiko.transport:Switch to new keys ...
DEBUG:paramiko.transport:Adding ssh-rsa host key for 22.1.1.4: b'4c47dff5cdeb90407b48c9b5b09eb0cb'
DEBUG:paramiko.transport:kex engine KexGex specified hash_algo <built-in function openssl_sha1>
DEBUG:paramiko.transport:Switch to new keys ...
DEBUG:paramiko.transport:Adding ssh-rsa host key for 22.1.1.3: b'43dbc13c02cd179ed57518fa8ac85d41'
DEBUG:paramiko.transport:Got server p (2048 bits)
DEBUG:paramiko.transport:Got server p (2048 bits)
DEBUG:paramiko.transport:userauth is OK
DEBUG:paramiko.transport:kex engine KexGroup1 specified hash_algo <built-in function openssl_sha1>
DEBUG:paramiko.transport:kex engine KexGex specified hash_algo <built-in function openssl_sha1>
DEBUG:paramiko.transport:Switch to new keys ...
DEBUG:paramiko.transport:kex engine KexGex specified hash_algo <built-in function openssl_sha1>
DEBUG:paramiko.transport:Adding ssh-rsa host key for 22.1.1.5: b'b82f15d360ffac609fc40954a010f48c'
INFO:paramiko.transport:Authentication (password) successful!
DEBUG:paramiko.transport:Switch to new keys ...
DEBUG:paramiko.transport:Switch to new keys ...
DEBUG:paramiko.transport:[chan 0] Max packet in: 32768 bytes
DEBUG:paramiko.transport:Adding ssh-rsa host key for 22.1.1.1: b'deedcbb217eee0ecfe46527ee13ee55e'
DEBUG:paramiko.transport:Adding ssh-rsa host key for 22.1.1.2: b'5b09dd1c58ff17c069582d14c1016cf4'
DEBUG:paramiko.transport:[chan 0] Max packet out: 4096 bytes
DEBUG:paramiko.transport:Secsh channel 0 opened.
DEBUG:paramiko.transport:[chan 0] Sesch channel 0 request ok
DEBUG:paramiko.transport:[chan 0] Sesch channel 0 request ok
DEBUG:netmiko:write_channel: b'\n'
DEBUG:paramiko.transport:userauth is OK
INFO:paramiko.transport:Authentication (password) successful!
DEBUG:paramiko.transport:[chan 0] Max packet in: 32768 bytes
DEBUG:paramiko.transport:[chan 0] Max packet out: 4096 bytes
DEBUG:paramiko.transport:Secsh channel 0 opened.
DEBUG:paramiko.transport:[chan 0] Sesch channel 0 request ok
DEBUG:paramiko.transport:[chan 0] Sesch channel 0 request ok
DEBUG:netmiko:write_channel: b'\n'
DEBUG:netmiko:write_channel: b'terminal width 511\n'
DEBUG:netmiko:read_channel: 
3swalex2>
3swalex2>
DEBUG:netmiko:read_channel: te
DEBUG:netmiko:read_channel: rmi
DEBUG:netmiko:read_channel: nal 
DEBUG:netmiko:read_channel: widt
DEBUG:netmiko:write_channel: b'terminal width 511\n'
DEBUG:netmiko:read_channel: 
3swalex>
3swalex>
DEBUG:netmiko:read_channel: h 5
DEBUG:netmiko:read_channel: te
DEBUG:netmiko:read_channel: 11
DEBUG:netmiko:Pattern found: (terminal width 511) 
3swalex2>
3swalex2>terminal width 511
DEBUG:netmiko:In disable_paging
DEBUG:netmiko:Command: terminal length 0

DEBUG:netmiko:read_channel: rm
DEBUG:netmiko:write_channel: b'terminal length 0\n'
DEBUG:netmiko:read_channel: 
DEBUG:netmiko:read_channel: in
DEBUG:netmiko:read_channel: 
3swalex2>
DEBUG:paramiko.transport:userauth is OK
DEBUG:paramiko.transport:userauth is OK
DEBUG:netmiko:read_channel: a
DEBUG:netmiko:read_channel: t
INFO:paramiko.transport:Authentication (password) successful!
INFO:paramiko.transport:Authentication (password) successful!
DEBUG:paramiko.transport:[chan 0] Max packet in: 32768 bytes
DEBUG:paramiko.transport:[chan 0] Max packet in: 32768 bytes
DEBUG:paramiko.transport:userauth is OK
DEBUG:netmiko:read_channel: l
DEBUG:paramiko.transport:[chan 0] Max packet out: 4096 bytes
DEBUG:netmiko:read_channel: e
DEBUG:paramiko.transport:Secsh channel 0 opened.
DEBUG:paramiko.transport:[chan 0] Max packet out: 4096 bytes
DEBUG:paramiko.transport:Secsh channel 0 opened.
DEBUG:netmiko:read_channel: 
DEBUG:netmiko:read_channel: r
DEBUG:paramiko.transport:[chan 0] Sesch channel 0 request ok
DEBUG:paramiko.transport:[chan 0] Sesch channel 0 request ok
INFO:paramiko.transport:Authentication (password) successful!
DEBUG:paramiko.transport:[chan 0] Max packet in: 32768 bytes
DEBUG:netmiko:read_channel:  w
DEBUG:netmiko:read_channel: m
DEBUG:paramiko.transport:[chan 0] Max packet out: 4096 bytes
DEBUG:paramiko.transport:Secsh channel 0 opened.
DEBUG:netmiko:read_channel: id
DEBUG:netmiko:read_channel: i
DEBUG:paramiko.transport:[chan 0] Sesch channel 0 request ok
DEBUG:paramiko.transport:[chan 0] Sesch channel 0 request ok
DEBUG:netmiko:read_channel: t
DEBUG:netmiko:write_channel: b'\n'
DEBUG:netmiko:read_channel: 
DEBUG:paramiko.transport:[chan 0] Sesch channel 0 request ok
DEBUG:netmiko:read_channel: nal
DEBUG:netmiko:read_channel: h 
DEBUG:netmiko:write_channel: b'\n'
DEBUG:netmiko:read_channel: 5
DEBUG:netmiko:read_channel:  
DEBUG:paramiko.transport:[chan 0] Sesch channel 0 request ok
DEBUG:netmiko:read_channel: 
DEBUG:netmiko:read_channel: 
DEBUG:netmiko:write_channel: b'\n'
DEBUG:netmiko:read_channel: 11
DEBUG:netmiko:Pattern found: (terminal width 511) 
3swalex>
3swalex>terminal width 511
DEBUG:netmiko:In disable_paging
DEBUG:netmiko:Command: terminal length 0

DEBUG:netmiko:write_channel: b'terminal length 0\n'
DEBUG:netmiko:read_channel: le
DEBUG:netmiko:read_channel: 
DEBUG:netmiko:read_channel: 

DEBUG:netmiko:read_channel: n
DEBUG:netmiko:read_channel: 3swalex>
DEBUG:netmiko:read_channel: gt
DEBUG:netmiko:read_channel: t
DEBUG:netmiko:read_channel: h
DEBUG:netmiko:read_channel: 
DEBUG:netmiko:read_channel: 
DEBUG:netmiko:write_channel: b'terminal width 511\n'
DEBUG:netmiko:read_channel: 
swalex>
swalex>
DEBUG:netmiko:read_channel:  0
DEBUG:netmiko:Pattern found: (terminal\ length\ 0) 
3swalex2>terminal length 0
DEBUG:netmiko:read_channel: er
DEBUG:netmiko:
3swalex2>terminal length 0
DEBUG:netmiko:Exiting disable_paging
DEBUG:netmiko:read_channel: m
DEBUG:netmiko:write_channel: b'terminal width 511\n'
DEBUG:netmiko:read_channel: 
sw2alex>
sw2alex>
DEBUG:netmiko:read_channel: 
DEBUG:netmiko:read_channel: 
3swalex2>
DEBUG:netmiko:Clear buffer detects data in the channel
DEBUG:netmiko:read_channel: in
DEBUG:netmiko:read_channel: t
DEBUG:netmiko:read_channel: term
DEBUG:netmiko:read_channel: al
DEBUG:netmiko:write_channel: b'terminal width 511\n'
DEBUG:netmiko:read_channel: 
alex>
alex>
DEBUG:netmiko:read_channel: er
DEBUG:netmiko:read_channel:  l
DEBUG:netmiko:read_channel: mi
DEBUG:netmiko:read_channel: 
DEBUG:netmiko:read_channel: inal
DEBUG:netmiko:read_channel: 
DEBUG:netmiko:write_channel: b'\n'
DEBUG:netmiko:read_channel: 
DEBUG:netmiko:read_channel: 
DEBUG:netmiko:read_channel: terminal width 5
DEBUG:netmiko:read_channel: 
DEBUG:netmiko:read_channel: e
DEBUG:netmiko:read_channel: 11
alex>
DEBUG:netmiko:read_channel: na
DEBUG:netmiko:Pattern found: (terminal width 511) 
alex>
alex>terminal width 511
DEBUG:netmiko:In disable_paging
DEBUG:netmiko:Command: terminal length 0

DEBUG:netmiko:write_channel: b'terminal length 0\n'
DEBUG:netmiko:read_channel: 
DEBUG:netmiko:read_channel:  w
DEBUG:netmiko:read_channel: 
DEBUG:netmiko:read_channel: 
DEBUG:netmiko:read_channel: 
DEBUG:netmiko:read_channel: 
DEBUG:netmiko:read_channel: n
DEBUG:netmiko:read_channel: l
DEBUG:netmiko:read_channel: 
DEBUG:netmiko:read_channel:  wi
DEBUG:netmiko:read_channel: gth 
DEBUG:netmiko:read_channel: terminal len
DEBUG:netmiko:read_channel: idth 
DEBUG:netmiko:read_channel: 
3swalex2>
DEBUG:netmiko:Pattern found: (\#|>) 
3swalex2>
DEBUG:netmiko:read_channel: dth
DEBUG:netmiko:read_channel: 
DEBUG:netmiko:read_channel: 0

DEBUG:netmiko:Pattern found: (terminal\ length\ 0) 
3swalex>terminal length 0
DEBUG:netmiko:
3swalex>terminal length 0
DEBUG:netmiko:Exiting disable_paging
DEBUG:netmiko:read_channel: 
DEBUG:netmiko:[find_prompt()]: prompt is 3swalex2>
DEBUG:netmiko:read_channel:  51
DEBUG:netmiko:read_channel: 511

DEBUG:netmiko:read_channel: 3swalex>
DEBUG:netmiko:Pattern found: (terminal width 511) 
swalex>
swalex>terminal width 511
DEBUG:netmiko:read_channel: gth 0
alex>
DEBUG:netmiko:Clear buffer detects data in the channel
DEBUG:netmiko:In disable_paging
DEBUG:netmiko:Pattern found: (terminal\ length\ 0) 
alex>terminal length 0
DEBUG:netmiko:Command: terminal length 0

DEBUG:netmiko:
alex>terminal length 0
DEBUG:netmiko:Exiting disable_paging
DEBUG:netmiko:write_channel: b'terminal length 0\n'
DEBUG:netmiko:read_channel: swalex>
DEBUG:netmiko:read_channel: 
DEBUG:netmiko:write_channel: b'\n'
DEBUG:netmiko:read_channel: 1

DEBUG:netmiko:Pattern found: (terminal width 511) 
sw2alex>
sw2alex>terminal width 511
DEBUG:netmiko:In disable_paging
DEBUG:netmiko:Command: terminal length 0

DEBUG:netmiko:write_channel: b'terminal length 0\n'
DEBUG:netmiko:read_channel: 
DEBUG:netmiko:read_channel: 
DEBUG:netmiko:Clear buffer detects data in the channel
DEBUG:netmiko:read_channel: t
DEBUG:netmiko:read_channel: 
DEBUG:netmiko:read_channel: 
DEBUG:netmiko:write_channel: b'\n'
DEBUG:netmiko:read_channel: 
DEBUG:netmiko:read_channel: er
DEBUG:netmiko:read_channel: sw2alex>te
DEBUG:netmiko:read_channel: 
3swalex2>
DEBUG:netmiko:read_channel: mi
DEBUG:netmiko:read_channel: rm
DEBUG:netmiko:read_channel: 
DEBUG:netmiko:[find_prompt()]: prompt is 3swalex2>
DEBUG:netmiko:write_channel: b'\n'
DEBUG:netmiko:read_channel: 
DEBUG:netmiko:read_channel: nal
DEBUG:netmiko:read_channel: in
DEBUG:netmiko:read_channel: 
3swalex>
DEBUG:netmiko:Pattern found: (\#|>) 
3swalex>
DEBUG:netmiko:read_channel: 
DEBUG:netmiko:write_channel: b'\n'
DEBUG:netmiko:read_channel: 
DEBUG:netmiko:read_channel: 
DEBUG:netmiko:read_channel:  l
DEBUG:netmiko:read_channel: al
DEBUG:netmiko:read_channel: 
DEBUG:netmiko:read_channel: en
DEBUG:netmiko:read_channel:  
DEBUG:netmiko:read_channel: 

DEBUG:netmiko:read_channel: gt
DEBUG:netmiko:read_channel: 
DEBUG:netmiko:[find_prompt()]: prompt is 3swalex>
DEBUG:netmiko:read_channel: len
DEBUG:netmiko:read_channel: 3swalex2>
DEBUG:netmiko:Pattern found: (3swalex2.*) 
3swalex2>
DEBUG:netmiko:read_channel: h 
DEBUG:netmiko:write_channel: b'enable\n'
DEBUG:netmiko:read_channel: 
DEBUG:netmiko:read_channel: gt
DEBUG:netmiko:read_channel: 
alex>
DEBUG:netmiko:Pattern found: (\#|>) 
alex>
DEBUG:netmiko:read_channel: 0

DEBUG:netmiko:Pattern found: (terminal\ length\ 0) 
swalex>terminal length 0
DEBUG:netmiko:
swalex>terminal length 0
DEBUG:netmiko:Exiting disable_paging
DEBUG:netmiko:read_channel: 
DEBUG:netmiko:read_channel: h 
DEBUG:netmiko:read_channel: 
DEBUG:netmiko:[find_prompt()]: prompt is alex>
DEBUG:netmiko:read_channel: swalex>
DEBUG:netmiko:Clear buffer detects data in the channel
DEBUG:netmiko:read_channel: en
DEBUG:netmiko:read_channel: 0
DEBUG:netmiko:Pattern found: (terminal\ length\ 0) 
sw2alex>terminal length 0
DEBUG:netmiko:
sw2alex>terminal length 0
DEBUG:netmiko:Exiting disable_paging
DEBUG:netmiko:read_channel: 
DEBUG:netmiko:write_channel: b'\n'
DEBUG:netmiko:read_channel: a
DEBUG:netmiko:read_channel: 
sw2alex>
DEBUG:netmiko:Clear buffer detects data in the channel
DEBUG:netmiko:read_channel: 
DEBUG:netmiko:write_channel: b'\n'
DEBUG:netmiko:read_channel: 
DEBUG:netmiko:read_channel: ble
DEBUG:netmiko:Pattern found: (enable) enable
DEBUG:netmiko:read_channel: 
DEBUG:netmiko:read_channel: 
DEBUG:netmiko:read_channel: 
DEBUG:netmiko:write_channel: b'\n'
DEBUG:netmiko:read_channel: 
Password: 
DEBUG:netmiko:Pattern found: ((?:3swalex2|ssword)) 
Password
DEBUG:netmiko:write_channel: b'********\n'
DEBUG:netmiko:read_channel: 
DEBUG:netmiko:read_channel: 
DEBUG:netmiko:write_channel: b'\n'
DEBUG:netmiko:read_channel: 
DEBUG:netmiko:read_channel: 
DEBUG:netmiko:write_channel: b'\n'
DEBUG:netmiko:read_channel: 
DEBUG:netmiko:read_channel: 
DEBUG:netmiko:read_channel: 
DEBUG:netmiko:read_channel: 
DEBUG:netmiko:read_channel: 
DEBUG:netmiko:read_channel: 
DEBUG:netmiko:read_channel: 
DEBUG:netmiko:read_channel: 
DEBUG:netmiko:read_channel: 
DEBUG:netmiko:read_channel: 
DEBUG:netmiko:read_channel: 
DEBUG:netmiko:read_channel: 
DEBUG:netmiko:read_channel: 
DEBUG:netmiko:read_channel: 
DEBUG:netmiko:read_channel: 
DEBUG:netmiko:read_channel: 
DEBUG:netmiko:read_channel: 
DEBUG:netmiko:read_channel: 
DEBUG:netmiko:read_channel: 
DEBUG:netmiko:read_channel: 
DEBUG:netmiko:read_channel: 
DEBUG:netmiko:write_channel: b'\n'
DEBUG:netmiko:read_channel: 
DEBUG:netmiko:write_channel: b'\n'
DEBUG:netmiko:read_channel: 
DEBUG:netmiko:read_channel: 
DEBUG:netmiko:read_channel: 
DEBUG:netmiko:read_channel: 
DEBUG:netmiko:read_channel: 
DEBUG:netmiko:read_channel: 
DEBUG:netmiko:read_channel: 
DEBUG:netmiko:read_channel: 
DEBUG:netmiko:read_channel: 
DEBUG:netmiko:read_channel: 
DEBUG:netmiko:read_channel: 
DEBUG:netmiko:read_channel: 
DEBUG:netmiko:read_channel: 
DEBUG:netmiko:read_channel: 
DEBUG:netmiko:read_channel: 

DEBUG:netmiko:read_channel: 
3swalex>
DEBUG:netmiko:read_channel: 
DEBUG:netmiko:read_channel: 
sw2alex>
DEBUG:netmiko:Pattern found: (\#|>) 
sw2alex>
DEBUG:netmiko:read_channel: swalex>
DEBUG:netmiko:Pattern found: (\#|>) 
swalex>
DEBUG:netmiko:read_channel: 
DEBUG:netmiko:read_channel: 
DEBUG:netmiko:[find_prompt()]: prompt is swalex>
DEBUG:netmiko:read_channel: 
DEBUG:netmiko:[find_prompt()]: prompt is sw2alex>
DEBUG:netmiko:read_channel: 
alex>
DEBUG:netmiko:read_channel: 
DEBUG:netmiko:read_channel: 
DEBUG:netmiko:write_channel: b'\n'
DEBUG:netmiko:read_channel: 

DEBUG:netmiko:read_channel: 
DEBUG:netmiko:Clear buffer detects data in the channel
DEBUG:netmiko:read_channel: 
alex>
alex>
DEBUG:netmiko:Clear buffer detects data in the channel
DEBUG:netmiko:read_channel: 
DEBUG:netmiko:read_channel: 
3swalex2#
DEBUG:netmiko:Pattern found: (3swalex2) : 
3swalex2
DEBUG:netmiko:write_channel: b'\n'
DEBUG:netmiko:read_channel: 
DEBUG:netmiko:read_channel: 
DEBUG:netmiko:read_channel: 
swalex>
DEBUG:netmiko:write_channel: b'\n'
DEBUG:netmiko:read_channel: 3swalex>
DEBUG:netmiko:Clear buffer detects data in the channel
DEBUG:netmiko:read_channel: 
DEBUG:netmiko:read_channel: 
DEBUG:netmiko:[find_prompt()]: prompt is alex>
DEBUG:netmiko:write_channel: b'\n'
DEBUG:netmiko:read_channel: 
DEBUG:netmiko:read_channel: 
DEBUG:netmiko:[find_prompt()]: prompt is swalex>
DEBUG:netmiko:write_channel: b'\n'
DEBUG:netmiko:read_channel: 
DEBUG:netmiko:read_channel: 
3swalex2#
DEBUG:netmiko:Pattern found: (3swalex2.*) #
3swalex2#
DEBUG:netmiko:read_channel: 

DEBUG:netmiko:read_channel: swalex>
DEBUG:netmiko:Pattern found: (swalex.*) 
swalex>
DEBUG:netmiko:write_channel: b'enable\n'
DEBUG:netmiko:read_channel: 
DEBUG:netmiko:read_channel: 
alex>
DEBUG:netmiko:read_channel: 
sw2alex>
DEBUG:netmiko:Pattern found: (alex.*) 
alex>
DEBUG:netmiko:write_channel: b'enable\n'
DEBUG:netmiko:read_channel: 
DEBUG:netmiko:read_channel: 
DEBUG:netmiko:[find_prompt()]: prompt is 3swalex>
DEBUG:netmiko:read_channel: 
DEBUG:netmiko:write_channel: b'\n'
DEBUG:netmiko:read_channel: 
DEBUG:netmiko:read_channel: 
DEBUG:netmiko:[find_prompt()]: prompt is sw2alex>
DEBUG:netmiko:write_channel: b'\n'
DEBUG:netmiko:read_channel: 
DEBUG:netmiko:read_channel: en
DEBUG:netmiko:read_channel: 
DEBUG:netmiko:read_channel: ab
DEBUG:netmiko:read_channel: 
DEBUG:netmiko:read_channel: 
DEBUG:netmiko:read_channel: l
DEBUG:netmiko:read_channel: 
3swalex>
DEBUG:netmiko:Pattern found: (3swalex.*) 
3swalex>
DEBUG:netmiko:read_channel: 
DEBUG:netmiko:read_channel: e

DEBUG:netmiko:write_channel: b'enable\n'
DEBUG:netmiko:Pattern found: (enable) enable
DEBUG:netmiko:read_channel: 
DEBUG:netmiko:read_channel: 
DEBUG:netmiko:read_channel: enable
Password: 
DEBUG:netmiko:Pattern found: (enable) enable
DEBUG:netmiko:read_channel: 
DEBUG:netmiko:Pattern found: ((?:alex|ssword)) 
Password
DEBUG:netmiko:read_channel: 
DEBUG:netmiko:read_channel: 
DEBUG:netmiko:write_channel: b'********\n'
DEBUG:netmiko:read_channel: 
DEBUG:netmiko:read_channel: Password: 
DEBUG:netmiko:Pattern found: ((?:swalex|ssword)) 
Password
DEBUG:netmiko:write_channel: b'********\n'
DEBUG:netmiko:read_channel: 
DEBUG:netmiko:read_channel: 
DEBUG:netmiko:read_channel: 
DEBUG:netmiko:read_channel: 
sw2alex>
DEBUG:netmiko:read_channel: 
DEBUG:netmiko:Pattern found: (sw2alex.*) 
sw2alex>
DEBUG:netmiko:write_channel: b'enable\n'
DEBUG:netmiko:read_channel: 
DEBUG:netmiko:read_channel: 
DEBUG:netmiko:read_channel: e
DEBUG:netmiko:read_channel: 
DEBUG:netmiko:read_channel: 
DEBUG:netmiko:read_channel: 
alex#
DEBUG:netmiko:Pattern found: (alex) : 
alex
DEBUG:netmiko:write_channel: b'\n'
DEBUG:netmiko:read_channel: 
DEBUG:netmiko:read_channel: 
DEBUG:netmiko:read_channel: 
DEBUG:netmiko:read_channel: 
DEBUG:netmiko:read_channel: 
DEBUG:netmiko:read_channel: n
DEBUG:netmiko:read_channel: 
DEBUG:netmiko:read_channel: 
DEBUG:netmiko:read_channel: 
DEBUG:netmiko:read_channel: 
alex#
DEBUG:netmiko:read_channel: ab
DEBUG:netmiko:Pattern found: (alex.*) #
alex#
DEBUG:netmiko:read_channel: en
DEBUG:netmiko:read_channel: 
DEBUG:netmiko:read_channel: le
DEBUG:netmiko:Pattern found: (enable) enable
DEBUG:netmiko:read_channel: 
DEBUG:netmiko:read_channel: ab
DEBUG:netmiko:read_channel: 
swalex#
DEBUG:netmiko:Pattern found: (swalex) : 
swalex
DEBUG:netmiko:write_channel: b'\n'
DEBUG:netmiko:read_channel: 
DEBUG:netmiko:read_channel: le

DEBUG:netmiko:Pattern found: (enable) enable
DEBUG:netmiko:read_channel: 
DEBUG:netmiko:read_channel: 
Password: 
DEBUG:netmiko:Pattern found: ((?:3swalex|ssword)) 
Password
DEBUG:netmiko:write_channel: b'********\n'
DEBUG:netmiko:read_channel: 
DEBUG:netmiko:read_channel: 
DEBUG:netmiko:read_channel: Password: 
DEBUG:netmiko:Pattern found: ((?:sw2alex|ssword)) 
Password
DEBUG:netmiko:read_channel: 
DEBUG:netmiko:write_channel: b'********\n'
DEBUG:netmiko:read_channel: 
DEBUG:netmiko:read_channel: 
swalex#
DEBUG:netmiko:Pattern found: (swalex.*) #
swalex#
DEBUG:netmiko:read_channel: 
DEBUG:netmiko:read_channel: 
DEBUG:netmiko:read_channel: 
DEBUG:netmiko:read_channel: 
DEBUG:netmiko:read_channel: 
DEBUG:netmiko:read_channel: 
DEBUG:netmiko:read_channel: 
3swalex#
DEBUG:netmiko:Pattern found: (3swalex) : 
3swalex
DEBUG:netmiko:read_channel: 
sw2alex#
DEBUG:netmiko:Pattern found: (sw2alex) : 
sw2alex
DEBUG:netmiko:write_channel: b'\n'
DEBUG:netmiko:read_channel: 
DEBUG:netmiko:write_channel: b'\n'
DEBUG:netmiko:read_channel: 
DEBUG:netmiko:read_channel: 
DEBUG:netmiko:read_channel: 
DEBUG:netmiko:read_channel: 
3swalex#
DEBUG:netmiko:Pattern found: (3swalex.*) #
3swalex#
DEBUG:netmiko:read_channel: 
sw2alex#
DEBUG:netmiko:Pattern found: (sw2alex.*) #
sw2alex#
DEBUG:paramiko.transport:starting thread (client mode): 0xddbae550
DEBUG:paramiko.transport:starting thread (client mode): 0xddbac7d0
DEBUG:paramiko.transport:starting thread (client mode): 0xddbb7250
DEBUG:paramiko.transport:starting thread (client mode): 0xddb9d610
DEBUG:paramiko.transport:starting thread (client mode): 0xddb9db10
DEBUG:paramiko.transport:Local version/idstring: SSH-2.0-paramiko_3.1.0
DEBUG:paramiko.transport:Local version/idstring: SSH-2.0-paramiko_3.1.0
DEBUG:paramiko.transport:Local version/idstring: SSH-2.0-paramiko_3.1.0
DEBUG:paramiko.transport:Local version/idstring: SSH-2.0-paramiko_3.1.0
DEBUG:paramiko.transport:Local version/idstring: SSH-2.0-paramiko_3.1.0
DEBUG:paramiko.transport:Remote version/idstring: SSH-1.99-Cisco-1.25
INFO:paramiko.transport:Connected (version 1.99, client Cisco-1.25)
DEBUG:paramiko.transport:=== Key exchange possibilities ===
DEBUG:paramiko.transport:kex algos: diffie-hellman-group1-sha1
DEBUG:paramiko.transport:server key: ssh-rsa
DEBUG:paramiko.transport:client encrypt: aes128-cbc, 3des-cbc, aes192-cbc, aes256-cbc
DEBUG:paramiko.transport:server encrypt: aes128-cbc, 3des-cbc, aes192-cbc, aes256-cbc
DEBUG:paramiko.transport:client mac: hmac-sha1, hmac-sha1-96, hmac-md5, hmac-md5-96
DEBUG:paramiko.transport:server mac: hmac-sha1, hmac-sha1-96, hmac-md5, hmac-md5-96
DEBUG:paramiko.transport:client compress: none
DEBUG:paramiko.transport:server compress: none
DEBUG:paramiko.transport:client lang: <none>
DEBUG:paramiko.transport:server lang: <none>
DEBUG:paramiko.transport:kex follows: False
DEBUG:paramiko.transport:=== Key exchange agreements ===
DEBUG:paramiko.transport:Kex: diffie-hellman-group1-sha1
DEBUG:paramiko.transport:HostKey: ssh-rsa
DEBUG:paramiko.transport:Cipher: aes128-cbc
DEBUG:paramiko.transport:MAC: hmac-sha1
DEBUG:paramiko.transport:Compression: none
DEBUG:paramiko.transport:=== End of kex handshake ===
DEBUG:paramiko.transport:Remote version/idstring: SSH-2.0-Cisco-1.25
INFO:paramiko.transport:Connected (version 2.0, client Cisco-1.25)
DEBUG:paramiko.transport:Remote version/idstring: SSH-2.0-Cisco-1.25
DEBUG:paramiko.transport:=== Key exchange possibilities ===
INFO:paramiko.transport:Connected (version 2.0, client Cisco-1.25)
DEBUG:paramiko.transport:kex algos: diffie-hellman-group-exchange-sha1, diffie-hellman-group14-sha1, diffie-hellman-group1-sha1
DEBUG:paramiko.transport:server key: ssh-rsa
DEBUG:paramiko.transport:client encrypt: aes128-cbc, 3des-cbc, aes192-cbc, aes256-cbc
DEBUG:paramiko.transport:server encrypt: aes128-cbc, 3des-cbc, aes192-cbc, aes256-cbc
DEBUG:paramiko.transport:client mac: hmac-sha1, hmac-sha1-96, hmac-md5, hmac-md5-96
DEBUG:paramiko.transport:server mac: hmac-sha1, hmac-sha1-96, hmac-md5, hmac-md5-96
DEBUG:paramiko.transport:client compress: none
DEBUG:paramiko.transport:server compress: none
DEBUG:paramiko.transport:client lang: <none>
DEBUG:paramiko.transport:server lang: <none>
DEBUG:paramiko.transport:kex follows: False
DEBUG:paramiko.transport:=== Key exchange agreements ===
DEBUG:paramiko.transport:Kex: diffie-hellman-group-exchange-sha1
DEBUG:paramiko.transport:HostKey: ssh-rsa
DEBUG:paramiko.transport:Cipher: aes128-cbc
DEBUG:paramiko.transport:MAC: hmac-sha1
DEBUG:paramiko.transport:Compression: none
DEBUG:paramiko.transport:=== End of kex handshake ===
DEBUG:paramiko.transport:Remote version/idstring: SSH-2.0-Cisco-1.25
DEBUG:paramiko.transport:Remote version/idstring: SSH-2.0-Cisco-1.25
INFO:paramiko.transport:Connected (version 2.0, client Cisco-1.25)
INFO:paramiko.transport:Connected (version 2.0, client Cisco-1.25)
DEBUG:paramiko.transport:=== Key exchange possibilities ===
DEBUG:paramiko.transport:kex algos: diffie-hellman-group-exchange-sha1, diffie-hellman-group14-sha1, diffie-hellman-group1-sha1
DEBUG:paramiko.transport:server key: ssh-rsa
DEBUG:paramiko.transport:Got server p (2048 bits)
DEBUG:paramiko.transport:client encrypt: aes128-cbc, 3des-cbc, aes192-cbc, aes256-cbc
DEBUG:paramiko.transport:server encrypt: aes128-cbc, 3des-cbc, aes192-cbc, aes256-cbc
DEBUG:paramiko.transport:client mac: hmac-sha1, hmac-sha1-96, hmac-md5, hmac-md5-96
DEBUG:paramiko.transport:server mac: hmac-sha1, hmac-sha1-96, hmac-md5, hmac-md5-96
DEBUG:paramiko.transport:client compress: none
DEBUG:paramiko.transport:=== Key exchange possibilities ===
DEBUG:paramiko.transport:server compress: none
DEBUG:paramiko.transport:=== Key exchange possibilities ===
DEBUG:paramiko.transport:kex algos: diffie-hellman-group-exchange-sha1, diffie-hellman-group14-sha1, diffie-hellman-group1-sha1
DEBUG:paramiko.transport:client lang: <none>
DEBUG:paramiko.transport:kex algos: diffie-hellman-group-exchange-sha1, diffie-hellman-group14-sha1, diffie-hellman-group1-sha1
DEBUG:paramiko.transport:server key: ssh-rsa
DEBUG:paramiko.transport:server lang: <none>
DEBUG:paramiko.transport:kex follows: False
DEBUG:paramiko.transport:client encrypt: aes128-cbc, 3des-cbc, aes192-cbc, aes256-cbc
DEBUG:paramiko.transport:server key: ssh-rsa
DEBUG:paramiko.transport:=== Key exchange agreements ===
DEBUG:paramiko.transport:server encrypt: aes128-cbc, 3des-cbc, aes192-cbc, aes256-cbc
DEBUG:paramiko.transport:client encrypt: aes128-cbc, 3des-cbc, aes192-cbc, aes256-cbc
DEBUG:paramiko.transport:Kex: diffie-hellman-group-exchange-sha1
DEBUG:paramiko.transport:client mac: hmac-sha1, hmac-sha1-96, hmac-md5, hmac-md5-96
DEBUG:paramiko.transport:server encrypt: aes128-cbc, 3des-cbc, aes192-cbc, aes256-cbc
DEBUG:paramiko.transport:HostKey: ssh-rsa
DEBUG:paramiko.transport:server mac: hmac-sha1, hmac-sha1-96, hmac-md5, hmac-md5-96
DEBUG:paramiko.transport:client mac: hmac-sha1, hmac-sha1-96, hmac-md5, hmac-md5-96
DEBUG:paramiko.transport:Cipher: aes128-cbc
DEBUG:paramiko.transport:client compress: none
DEBUG:paramiko.transport:server mac: hmac-sha1, hmac-sha1-96, hmac-md5, hmac-md5-96
DEBUG:paramiko.transport:MAC: hmac-sha1
DEBUG:paramiko.transport:server compress: none
DEBUG:paramiko.transport:client compress: none
DEBUG:paramiko.transport:Compression: none
DEBUG:paramiko.transport:client lang: <none>
DEBUG:paramiko.transport:server compress: none
DEBUG:paramiko.transport:=== End of kex handshake ===
DEBUG:paramiko.transport:server lang: <none>
DEBUG:paramiko.transport:client lang: <none>
DEBUG:paramiko.transport:kex follows: False
DEBUG:paramiko.transport:server lang: <none>
DEBUG:paramiko.transport:=== Key exchange agreements ===
DEBUG:paramiko.transport:kex follows: False
DEBUG:paramiko.transport:Kex: diffie-hellman-group-exchange-sha1
DEBUG:paramiko.transport:=== Key exchange agreements ===
DEBUG:paramiko.transport:HostKey: ssh-rsa
DEBUG:paramiko.transport:Kex: diffie-hellman-group-exchange-sha1
DEBUG:paramiko.transport:Cipher: aes128-cbc
DEBUG:paramiko.transport:HostKey: ssh-rsa
DEBUG:paramiko.transport:MAC: hmac-sha1
DEBUG:paramiko.transport:Cipher: aes128-cbc
DEBUG:paramiko.transport:Compression: none
DEBUG:paramiko.transport:MAC: hmac-sha1
DEBUG:paramiko.transport:=== End of kex handshake ===
DEBUG:paramiko.transport:Compression: none
DEBUG:paramiko.transport:=== End of kex handshake ===
DEBUG:paramiko.transport:Got server p (2048 bits)
DEBUG:paramiko.transport:Got server p (2048 bits)
DEBUG:paramiko.transport:Got server p (2048 bits)
DEBUG:paramiko.transport:kex engine KexGex specified hash_algo <built-in function openssl_sha1>
DEBUG:paramiko.transport:kex engine KexGroup1 specified hash_algo <built-in function openssl_sha1>
DEBUG:paramiko.transport:Switch to new keys ...
DEBUG:paramiko.transport:Switch to new keys ...
DEBUG:paramiko.transport:kex engine KexGex specified hash_algo <built-in function openssl_sha1>
DEBUG:paramiko.transport:Switch to new keys ...
DEBUG:paramiko.transport:Adding ssh-rsa host key for 22.1.1.3: b'43dbc13c02cd179ed57518fa8ac85d41'
DEBUG:paramiko.transport:kex engine KexGex specified hash_algo <built-in function openssl_sha1>
DEBUG:paramiko.transport:Adding ssh-rsa host key for 22.1.1.5: b'b82f15d360ffac609fc40954a010f48c'
DEBUG:paramiko.transport:Adding ssh-rsa host key for 22.1.1.2: b'5b09dd1c58ff17c069582d14c1016cf4'
DEBUG:paramiko.transport:kex engine KexGex specified hash_algo <built-in function openssl_sha1>
DEBUG:paramiko.transport:Switch to new keys ...
DEBUG:paramiko.transport:Switch to new keys ...
DEBUG:paramiko.transport:Adding ssh-rsa host key for 22.1.1.1: b'deedcbb217eee0ecfe46527ee13ee55e'
DEBUG:paramiko.transport:Adding ssh-rsa host key for 22.1.1.4: b'4c47dff5cdeb90407b48c9b5b09eb0cb'
DEBUG:paramiko.transport:userauth is OK
DEBUG:paramiko.transport:userauth is OK
INFO:paramiko.transport:Authentication (password) successful!
DEBUG:paramiko.transport:userauth is OK
DEBUG:paramiko.transport:userauth is OK
DEBUG:paramiko.transport:[chan 0] Max packet in: 32768 bytes
INFO:paramiko.transport:Authentication (password) successful!
DEBUG:paramiko.transport:[chan 0] Max packet in: 32768 bytes
INFO:paramiko.transport:Authentication (password) successful!
INFO:paramiko.transport:Authentication (password) successful!
DEBUG:paramiko.transport:[chan 0] Max packet in: 32768 bytes
DEBUG:paramiko.transport:[chan 0] Max packet in: 32768 bytes
DEBUG:paramiko.transport:[chan 0] Max packet out: 4096 bytes
DEBUG:paramiko.transport:Secsh channel 0 opened.
DEBUG:paramiko.transport:[chan 0] Max packet out: 4096 bytes
DEBUG:paramiko.transport:Secsh channel 0 opened.
DEBUG:paramiko.transport:[chan 0] Max packet out: 4096 bytes
DEBUG:paramiko.transport:Secsh channel 0 opened.
DEBUG:paramiko.transport:[chan 0] Max packet out: 4096 bytes
DEBUG:paramiko.transport:Secsh channel 0 opened.
DEBUG:paramiko.transport:[chan 0] Sesch channel 0 request ok
DEBUG:paramiko.transport:[chan 0] Sesch channel 0 request ok
DEBUG:paramiko.transport:[chan 0] Sesch channel 0 request ok
DEBUG:paramiko.transport:[chan 0] Sesch channel 0 request ok
DEBUG:netmiko:write_channel: b'\n'
DEBUG:paramiko.transport:[chan 0] Sesch channel 0 request ok
DEBUG:paramiko.transport:userauth is OK
DEBUG:paramiko.transport:[chan 0] Sesch channel 0 request ok
DEBUG:paramiko.transport:[chan 0] Sesch channel 0 request ok
DEBUG:paramiko.transport:[chan 0] Sesch channel 0 request ok
INFO:paramiko.transport:Authentication (password) successful!
DEBUG:netmiko:write_channel: b'\n'
DEBUG:netmiko:write_channel: b'\n'
DEBUG:paramiko.transport:[chan 0] Max packet in: 32768 bytes
DEBUG:netmiko:write_channel: b'\n'
DEBUG:paramiko.transport:[chan 0] Max packet out: 4096 bytes
DEBUG:paramiko.transport:Secsh channel 0 opened.
DEBUG:paramiko.transport:[chan 0] Sesch channel 0 request ok
DEBUG:paramiko.transport:[chan 0] Sesch channel 0 request ok
DEBUG:netmiko:write_channel: b'\n'
DEBUG:netmiko:write_channel: b'terminal width 511\n'
DEBUG:netmiko:read_channel: 
3swalex>
3swalex>
DEBUG:netmiko:read_channel: 
DEBUG:netmiko:read_channel: t
DEBUG:netmiko:write_channel: b'terminal width 511\n'
DEBUG:netmiko:read_channel: 
sw2alex>
sw2alex>
DEBUG:netmiko:write_channel: b'terminal width 511\n'
DEBUG:netmiko:read_channel: 
swalex>
swalex>
DEBUG:netmiko:read_channel: e
DEBUG:netmiko:write_channel: b'terminal width 511\n'
DEBUG:netmiko:read_channel: 
3swalex2>
3swalex2>
DEBUG:netmiko:read_channel: t
DEBUG:netmiko:read_channel: 
DEBUG:netmiko:read_channel: rm
DEBUG:netmiko:read_channel: t
DEBUG:netmiko:read_channel: er
DEBUG:netmiko:read_channel: te
DEBUG:netmiko:read_channel: ina
DEBUG:netmiko:read_channel: er
DEBUG:netmiko:read_channel: rmi
DEBUG:netmiko:read_channel: mi
DEBUG:netmiko:read_channel: l w
DEBUG:netmiko:read_channel: mina
DEBUG:netmiko:write_channel: b'terminal width 511\n'
DEBUG:netmiko:read_channel: 
alex>
alex>
DEBUG:netmiko:read_channel: nal
DEBUG:netmiko:read_channel: nal 
DEBUG:netmiko:read_channel: id
DEBUG:netmiko:read_channel: termina
DEBUG:netmiko:read_channel: l 
DEBUG:netmiko:read_channel:  
DEBUG:netmiko:read_channel: wid
DEBUG:netmiko:read_channel: th 
DEBUG:netmiko:read_channel: wi
DEBUG:netmiko:read_channel: 
DEBUG:netmiko:read_channel: wi
DEBUG:netmiko:read_channel: t
DEBUG:netmiko:read_channel: dt
DEBUG:netmiko:read_channel: 5
DEBUG:netmiko:read_channel: l width 511
alex>
DEBUG:netmiko:Pattern found: (terminal width 511) 
alex>
alex>terminal width 511
DEBUG:netmiko:In disable_paging
DEBUG:netmiko:Command: terminal length 0

DEBUG:netmiko:write_channel: b'terminal length 0\n'
DEBUG:netmiko:read_channel: 
DEBUG:netmiko:read_channel: h 
DEBUG:netmiko:read_channel: dt
DEBUG:netmiko:read_channel: 
DEBUG:netmiko:read_channel: 1
DEBUG:netmiko:read_channel: 
DEBUG:netmiko:read_channel: 
DEBUG:netmiko:read_channel: 
DEBUG:netmiko:read_channel: h 
DEBUG:netmiko:read_channel: 1

DEBUG:netmiko:Pattern found: (terminal width 511) 
3swalex>
3swalex>terminal width 511
DEBUG:netmiko:In disable_paging
DEBUG:netmiko:Command: terminal length 0

DEBUG:netmiko:write_channel: b'terminal length 0\n'
DEBUG:netmiko:read_channel: 
DEBUG:netmiko:read_channel: 51
DEBUG:netmiko:read_channel: terminal length 
DEBUG:netmiko:read_channel: h 
DEBUG:netmiko:read_channel: 51
DEBUG:netmiko:read_channel: 3swalex>
DEBUG:netmiko:read_channel: 1

DEBUG:netmiko:Pattern found: (terminal width 511) 
swalex>
swalex>terminal width 511
DEBUG:netmiko:read_channel: 0
alex>
DEBUG:netmiko:read_channel: 51
DEBUG:netmiko:In disable_paging
DEBUG:netmiko:Pattern found: (terminal\ length\ 0) 
alex>terminal length 0
DEBUG:netmiko:Command: terminal length 0

DEBUG:netmiko:
alex>terminal length 0
DEBUG:netmiko:Exiting disable_paging
DEBUG:netmiko:write_channel: b'terminal length 0\n'
DEBUG:netmiko:read_channel: 
DEBUG:netmiko:read_channel: 1
DEBUG:netmiko:Pattern found: (terminal width 511) 
3swalex2>
3swalex2>terminal width 511
DEBUG:netmiko:In disable_paging
DEBUG:netmiko:Command: terminal length 0

DEBUG:netmiko:write_channel: b'terminal length 0\n'
DEBUG:netmiko:read_channel: 
DEBUG:netmiko:read_channel: te
DEBUG:netmiko:read_channel: 1

DEBUG:netmiko:Pattern found: (terminal width 511) 
sw2alex>
sw2alex>terminal width 511
DEBUG:netmiko:In disable_paging
DEBUG:netmiko:Command: terminal length 0

DEBUG:netmiko:read_channel: swalex>
DEBUG:netmiko:read_channel: 
DEBUG:netmiko:Clear buffer detects data in the channel
DEBUG:netmiko:write_channel: b'terminal length 0\n'
DEBUG:netmiko:read_channel: 
DEBUG:netmiko:read_channel: 
3swalex2>
DEBUG:netmiko:read_channel: rm
DEBUG:netmiko:read_channel: term
DEBUG:netmiko:read_channel: sw2alex>
DEBUG:netmiko:read_channel: te
DEBUG:netmiko:read_channel: i
DEBUG:netmiko:read_channel: i
DEBUG:netmiko:read_channel: te
DEBUG:netmiko:read_channel: 
DEBUG:netmiko:write_channel: b'\n'
DEBUG:netmiko:read_channel: 
DEBUG:netmiko:read_channel: rm
DEBUG:netmiko:read_channel: na
DEBUG:netmiko:read_channel: nal
DEBUG:netmiko:read_channel: r
DEBUG:netmiko:read_channel: 
DEBUG:netmiko:read_channel: i
DEBUG:netmiko:read_channel: l
DEBUG:netmiko:read_channel:  
DEBUG:netmiko:read_channel: mi
DEBUG:netmiko:read_channel: 
alex>
DEBUG:netmiko:Pattern found: (\#|>) 
alex>
DEBUG:netmiko:read_channel: n
DEBUG:netmiko:read_channel:  l
DEBUG:netmiko:read_channel: len
DEBUG:netmiko:read_channel: n
DEBUG:netmiko:read_channel: 
DEBUG:netmiko:[find_prompt()]: prompt is alex>
DEBUG:netmiko:read_channel: al
DEBUG:netmiko:read_channel: gt
DEBUG:netmiko:read_channel: en
DEBUG:netmiko:read_channel: al
DEBUG:netmiko:read_channel: 
DEBUG:netmiko:write_channel: b'\n'
DEBUG:netmiko:read_channel:  
DEBUG:netmiko:read_channel: g
DEBUG:netmiko:read_channel: h
DEBUG:netmiko:read_channel: 
DEBUG:netmiko:read_channel: le
DEBUG:netmiko:read_channel:  l
DEBUG:netmiko:read_channel:  
DEBUG:netmiko:read_channel: t
DEBUG:netmiko:read_channel: n
DEBUG:netmiko:read_channel: e
DEBUG:netmiko:read_channel: 0
DEBUG:netmiko:Pattern found: (terminal\ length\ 0) 
swalex>terminal length 0
DEBUG:netmiko:
swalex>terminal length 0
DEBUG:netmiko:Exiting disable_paging
DEBUG:netmiko:read_channel: h
DEBUG:netmiko:read_channel: 
DEBUG:netmiko:read_channel: 
DEBUG:netmiko:read_channel: 
DEBUG:netmiko:write_channel: b'\n'
DEBUG:netmiko:read_channel: 
DEBUG:netmiko:read_channel: 
DEBUG:netmiko:read_channel: 
DEBUG:netmiko:read_channel: 
DEBUG:netmiko:read_channel: 

DEBUG:netmiko:read_channel:  
DEBUG:netmiko:read_channel: 
alex>
DEBUG:netmiko:read_channel: g
DEBUG:netmiko:read_channel: swalex>
DEBUG:netmiko:Pattern found: (\#|>) 
swalex>
DEBUG:netmiko:read_channel: n
DEBUG:netmiko:read_channel: 0
DEBUG:netmiko:Pattern found: (terminal\ length\ 0) 
3swalex>terminal length 0
DEBUG:netmiko:
3swalex>terminal length 0
DEBUG:netmiko:Exiting disable_paging
DEBUG:netmiko:read_channel: t
DEBUG:netmiko:read_channel: g
DEBUG:netmiko:read_channel: 

DEBUG:netmiko:Clear buffer detects data in the channel
DEBUG:netmiko:read_channel: 

DEBUG:netmiko:Clear buffer detects data in the channel
DEBUG:netmiko:read_channel: 
DEBUG:netmiko:read_channel: h 
DEBUG:netmiko:[find_prompt()]: prompt is alex>
DEBUG:netmiko:write_channel: b'\n'
DEBUG:netmiko:read_channel: t
DEBUG:netmiko:read_channel: 
DEBUG:netmiko:read_channel: 0
DEBUG:netmiko:Pattern found: (terminal\ length\ 0) 
3swalex2>terminal length 0
DEBUG:netmiko:
3swalex2>terminal length 0
DEBUG:netmiko:Exiting disable_paging
DEBUG:netmiko:read_channel: h
DEBUG:netmiko:read_channel: 
alex>
DEBUG:netmiko:Pattern found: (alex.*) 
alex>
DEBUG:netmiko:write_channel: b'enable\n'
DEBUG:netmiko:read_channel: 
DEBUG:netmiko:read_channel: swalex>
DEBUG:netmiko:read_channel: 3swalex>
DEBUG:netmiko:Clear buffer detects data in the channel
DEBUG:netmiko:Clear buffer detects data in the channel
DEBUG:netmiko:read_channel: 

DEBUG:netmiko:Clear buffer detects data in the channel
DEBUG:netmiko:read_channel:  0
DEBUG:netmiko:Pattern found: (terminal\ length\ 0) 
sw2alex>terminal length 0
DEBUG:netmiko:
sw2alex>terminal length 0
DEBUG:netmiko:Exiting disable_paging
DEBUG:netmiko:read_channel: e
DEBUG:netmiko:read_channel: 

DEBUG:netmiko:Clear buffer detects data in the channel
DEBUG:netmiko:read_channel: nable
Password: 
DEBUG:netmiko:Pattern found: (enable) enable
DEBUG:netmiko:read_channel: 
DEBUG:netmiko:Pattern found: ((?:alex|ssword)) 
Password
DEBUG:netmiko:write_channel: b'********\n'
DEBUG:netmiko:read_channel: 
DEBUG:netmiko:read_channel: 3swalex2>
DEBUG:netmiko:Clear buffer detects data in the channel
DEBUG:netmiko:read_channel: 
DEBUG:netmiko:read_channel: sw2alex>
DEBUG:netmiko:Clear buffer detects data in the channel
DEBUG:netmiko:read_channel: 
DEBUG:netmiko:read_channel: 
DEBUG:netmiko:read_channel: 
DEBUG:netmiko:[find_prompt()]: prompt is swalex>
DEBUG:netmiko:write_channel: b'\n'
DEBUG:netmiko:read_channel: 
DEBUG:netmiko:read_channel: 
alex#
DEBUG:netmiko:Pattern found: (alex) : 
alex
DEBUG:netmiko:write_channel: b'\n'
DEBUG:netmiko:read_channel: 
DEBUG:netmiko:read_channel: 
DEBUG:netmiko:read_channel: 
DEBUG:netmiko:write_channel: b'\n'
DEBUG:netmiko:read_channel: 
DEBUG:netmiko:read_channel: 
DEBUG:netmiko:write_channel: b'\n'
DEBUG:netmiko:read_channel: 
DEBUG:netmiko:read_channel: 

DEBUG:netmiko:read_channel: 

DEBUG:netmiko:read_channel: 
alex#
DEBUG:netmiko:Pattern found: (alex.*) #
alex#
DEBUG:netmiko:read_channel: 3swalex>
DEBUG:netmiko:Pattern found: (\#|>) 
3swalex>
DEBUG:netmiko:read_channel: 
DEBUG:netmiko:read_channel: 
swalex>
DEBUG:netmiko:write_channel: b'\n'
DEBUG:netmiko:read_channel: 
DEBUG:netmiko:read_channel: 
DEBUG:netmiko:read_channel: 3swalex2>
DEBUG:netmiko:write_channel: b'\n'
DEBUG:netmiko:Pattern found: (\#|>) 
3swalex2>
DEBUG:netmiko:read_channel: 
DEBUG:netmiko:[find_prompt()]: prompt is 3swalex>
DEBUG:netmiko:read_channel: 
DEBUG:netmiko:[find_prompt()]: prompt is swalex>
DEBUG:netmiko:write_channel: b'\n'
DEBUG:netmiko:read_channel: 
DEBUG:netmiko:read_channel: 
DEBUG:netmiko:[find_prompt()]: prompt is 3swalex2>
DEBUG:netmiko:read_channel: 
DEBUG:netmiko:read_channel: 
DEBUG:netmiko:write_channel: b'\n'
DEBUG:netmiko:read_channel: 
DEBUG:netmiko:read_channel: 
alex#
DEBUG:netmiko:read_channel: 

DEBUG:netmiko:read_channel: 
DEBUG:netmiko:read_channel: 
DEBUG:netmiko:write_channel: b'\n'
DEBUG:netmiko:read_channel: 
DEBUG:netmiko:[find_prompt()]: prompt is alex#
DEBUG:netmiko:write_channel: b'show run\n'
DEBUG:netmiko:read_channel: 
DEBUG:netmiko:read_channel: sw2alex>
DEBUG:netmiko:Pattern found: (\#|>) 
sw2alex>
DEBUG:netmiko:read_channel: 
3swalex>
DEBUG:netmiko:read_channel: 
swalex>
DEBUG:netmiko:Pattern found: (swalex.*) 
swalex>
DEBUG:netmiko:write_channel: b'enable\n'
DEBUG:netmiko:read_channel: 
DEBUG:netmiko:read_channel: 
DEBUG:netmiko:read_channel: 
DEBUG:netmiko:[find_prompt()]: prompt is sw2alex>
DEBUG:netmiko:read_channel: 
DEBUG:netmiko:[find_prompt()]: prompt is 3swalex>
DEBUG:netmiko:write_channel: b'\n'
DEBUG:netmiko:read_channel: 
DEBUG:netmiko:read_channel: 
DEBUG:netmiko:read_channel: show r
DEBUG:netmiko:read_channel: 
DEBUG:netmiko:write_channel: b'\n'
DEBUG:netmiko:read_channel: 
DEBUG:netmiko:read_channel: 
3swalex2>
DEBUG:netmiko:read_channel: e
DEBUG:netmiko:read_channel: 
DEBUG:netmiko:read_channel: 
DEBUG:netmiko:read_channel: n
DEBUG:netmiko:read_channel: un

DEBUG:netmiko:Pattern found: (show\ run) show run
DEBUG:netmiko:read_channel: 
DEBUG:netmiko:[find_prompt()]: prompt is 3swalex2>
DEBUG:netmiko:write_channel: b'\n'
DEBUG:netmiko:read_channel: 
DEBUG:netmiko:read_channel: 
3swalex>
DEBUG:netmiko:Pattern found: (3swalex.*) 
3swalex>
DEBUG:netmiko:read_channel: 
sw2alex>
DEBUG:netmiko:write_channel: b'enable\n'
DEBUG:netmiko:read_channel: 
DEBUG:netmiko:read_channel: a
DEBUG:netmiko:read_channel: 
DEBUG:netmiko:[find_prompt()]: prompt is sw2alex>
DEBUG:netmiko:read_channel: 
DEBUG:netmiko:write_channel: b'\n'
DEBUG:netmiko:read_channel: 
DEBUG:netmiko:read_channel: b
DEBUG:netmiko:read_channel: 

DEBUG:netmiko:read_channel: 
DEBUG:netmiko:read_channel: e
DEBUG:netmiko:read_channel: 
DEBUG:netmiko:read_channel: le

DEBUG:netmiko:Pattern found: (enable) enable
DEBUG:netmiko:read_channel: 
DEBUG:netmiko:read_channel: 3swalex2>
DEBUG:netmiko:Pattern found: (3swalex2.*) 
3swalex2>
DEBUG:netmiko:write_channel: b'enable\n'
DEBUG:netmiko:read_channel: 
DEBUG:netmiko:read_channel: na
DEBUG:netmiko:read_channel: 
sw2alex>
DEBUG:netmiko:Pattern found: (sw2alex.*) 
sw2alex>
DEBUG:netmiko:write_channel: b'enable\n'
DEBUG:netmiko:read_channel: 
DEBUG:netmiko:read_channel: Password: 
DEBUG:netmiko:Pattern found: ((?:swalex|ssword)) 
Password
DEBUG:netmiko:write_channel: b'********\n'
DEBUG:netmiko:read_channel: 
DEBUG:netmiko:read_channel: e
DEBUG:netmiko:read_channel: bl
DEBUG:netmiko:read_channel: e
DEBUG:netmiko:read_channel: Building configuration...

DEBUG:netmiko:read_channel: 
DEBUG:netmiko:read_channel: na
DEBUG:netmiko:read_channel: 
DEBUG:netmiko:read_channel: 
DEBUG:netmiko:read_channel: 
DEBUG:netmiko:read_channel: bl
DEBUG:netmiko:read_channel: e

DEBUG:netmiko:Pattern found: (enable) enable
DEBUG:netmiko:read_channel: 
DEBUG:netmiko:read_channel: nab
DEBUG:netmiko:read_channel: 
DEBUG:netmiko:read_channel: e

DEBUG:netmiko:Pattern found: (enable) enable
DEBUG:netmiko:read_channel: 
DEBUG:netmiko:read_channel: 
DEBUG:netmiko:read_channel: Password: 
DEBUG:netmiko:Pattern found: ((?:3swalex|ssword)) 
Password
DEBUG:netmiko:read_channel: le
DEBUG:netmiko:Pattern found: (enable) enable
DEBUG:netmiko:read_channel: 
DEBUG:netmiko:write_channel: b'********\n'
DEBUG:netmiko:read_channel: 
DEBUG:netmiko:read_channel: 
swalex#
DEBUG:netmiko:Pattern found: (swalex) : 
swalex
DEBUG:netmiko:write_channel: b'\n'
DEBUG:netmiko:read_channel: 
DEBUG:netmiko:read_channel: Password: 
DEBUG:netmiko:Pattern found: ((?:3swalex2|ssword)) 
Password
DEBUG:netmiko:write_channel: b'********\n'
DEBUG:netmiko:read_channel: 
DEBUG:netmiko:read_channel: 
DEBUG:netmiko:read_channel: 
Password: 
DEBUG:netmiko:Pattern found: ((?:sw2alex|ssword)) 
Password
DEBUG:netmiko:write_channel: b'********\n'
DEBUG:netmiko:read_channel: 
DEBUG:netmiko:read_channel: 
DEBUG:netmiko:read_channel: 
DEBUG:netmiko:read_channel: 
DEBUG:netmiko:read_channel: 
DEBUG:netmiko:read_channel: 
DEBUG:netmiko:read_channel: 
swalex#
DEBUG:netmiko:Pattern found: (swalex.*) #
swalex#
DEBUG:netmiko:read_channel: 
DEBUG:netmiko:read_channel: 
DEBUG:netmiko:read_channel: 
DEBUG:netmiko:read_channel: 
DEBUG:netmiko:write_channel: b'\n'
DEBUG:netmiko:read_channel: 
DEBUG:netmiko:read_channel: 
DEBUG:netmiko:read_channel: 
DEBUG:netmiko:read_channel: 
3swalex2#
DEBUG:netmiko:Pattern found: (3swalex2) : 
3swalex2
DEBUG:netmiko:write_channel: b'\n'
DEBUG:netmiko:read_channel: 
DEBUG:netmiko:read_channel: 
DEBUG:netmiko:read_channel: 
3swalex#
DEBUG:netmiko:Pattern found: (3swalex) : 
3swalex
DEBUG:netmiko:write_channel: b'\n'
DEBUG:netmiko:read_channel: 
DEBUG:netmiko:read_channel: 
sw2alex#
DEBUG:netmiko:Pattern found: (sw2alex) : 
sw2alex
DEBUG:netmiko:write_channel: b'\n'
DEBUG:netmiko:read_channel: 
DEBUG:netmiko:read_channel: 
DEBUG:netmiko:read_channel: 
swalex#
DEBUG:netmiko:read_channel: 
DEBUG:netmiko:read_channel: 
DEBUG:netmiko:read_channel: 

DEBUG:netmiko:read_channel: 
3swalex#
DEBUG:netmiko:Pattern found: (3swalex.*) #
3swalex#
DEBUG:netmiko:read_channel: 

DEBUG:netmiko:read_channel: 
DEBUG:netmiko:read_channel: 
DEBUG:netmiko:[find_prompt()]: prompt is swalex#
DEBUG:netmiko:write_channel: b'show run\n'
DEBUG:netmiko:read_channel: 
DEBUG:netmiko:read_channel: 3swalex2#
DEBUG:netmiko:Pattern found: (3swalex2.*) #
3swalex2#
DEBUG:netmiko:read_channel: 
DEBUG:netmiko:write_channel: b'\n'
DEBUG:netmiko:read_channel: sw2alex#
DEBUG:netmiko:Pattern found: (sw2alex.*) #
sw2alex#
DEBUG:netmiko:read_channel: s
DEBUG:netmiko:read_channel: 
DEBUG:netmiko:write_channel: b'\n'
DEBUG:netmiko:read_channel: ho
DEBUG:netmiko:read_channel: 
DEBUG:netmiko:read_channel: 
DEBUG:netmiko:write_channel: b'\n'
DEBUG:netmiko:read_channel: 

DEBUG:netmiko:read_channel: w
DEBUG:netmiko:write_channel: b'\n'
DEBUG:netmiko:read_channel: 

DEBUG:netmiko:write_channel: b'\n'
DEBUG:netmiko:read_channel:  r
DEBUG:netmiko:read_channel: 
DEBUG:netmiko:read_channel: u
DEBUG:netmiko:read_channel: 
sw2alex#
DEBUG:netmiko:read_channel: 3swalex#
3swalex#
DEBUG:netmiko:read_channel: 
DEBUG:netmiko:read_channel: 
DEBUG:netmiko:read_channel: 3swalex2#
3swalex2#
DEBUG:netmiko:read_channel: 
DEBUG:netmiko:[find_prompt()]: prompt is sw2alex#
DEBUG:netmiko:read_channel: 
DEBUG:netmiko:[find_prompt()]: prompt is 3swalex#
DEBUG:netmiko:write_channel: b'show run\n'
DEBUG:netmiko:read_channel: 
DEBUG:netmiko:write_channel: b'show run\n'
DEBUG:netmiko:read_channel: 
DEBUG:netmiko:read_channel: 
DEBUG:netmiko:read_channel: 
DEBUG:netmiko:read_channel: n
DEBUG:netmiko:[find_prompt()]: prompt is 3swalex2#
DEBUG:netmiko:Pattern found: (show\ run) show run
DEBUG:netmiko:write_channel: b'show run\n'
DEBUG:netmiko:read_channel: 
DEBUG:netmiko:read_channel: 
DEBUG:netmiko:read_channel: 
DEBUG:netmiko:read_channel: 
DEBUG:netmiko:read_channel: 
DEBUG:netmiko:read_channel: 
DEBUG:netmiko:read_channel: 
DEBUG:netmiko:read_channel: 
DEBUG:netmiko:read_channel: 

DEBUG:netmiko:read_channel: 
DEBUG:netmiko:read_channel: 
DEBUG:netmiko:read_channel: 
DEBUG:netmiko:read_channel: 
DEBUG:netmiko:read_channel: 
DEBUG:netmiko:read_channel: 
DEBUG:netmiko:read_channel: 
DEBUG:netmiko:read_channel: 
DEBUG:netmiko:read_channel: 
DEBUG:netmiko:read_channel: 
DEBUG:netmiko:read_channel: 
DEBUG:netmiko:read_channel: 
DEBUG:netmiko:read_channel: 
DEBUG:netmiko:read_channel: 
DEBUG:netmiko:read_channel: 
DEBUG:netmiko:read_channel: 
DEBUG:netmiko:read_channel: 
DEBUG:netmiko:read_channel: 
DEBUG:netmiko:read_channel: 
DEBUG:netmiko:read_channel: 
DEBUG:netmiko:read_channel: 
DEBUG:netmiko:read_channel: 
DEBUG:netmiko:read_channel: 
DEBUG:netmiko:read_channel: 
DEBUG:netmiko:read_channel: 
DEBUG:netmiko:read_channel: 
DEBUG:netmiko:read_channel: 
DEBUG:netmiko:read_channel: 
DEBUG:netmiko:read_channel: 
DEBUG:netmiko:read_channel: 
DEBUG:netmiko:read_channel: 
DEBUG:netmiko:read_channel: 
DEBUG:netmiko:read_channel: 
DEBUG:netmiko:read_channel: 
DEBUG:netmiko:read_channel: 
DEBUG:netmiko:read_channel: 
DEBUG:netmiko:read_channel: 
DEBUG:netmiko:read_channel: 
DEBUG:netmiko:read_channel: 
DEBUG:netmiko:read_channel: 
DEBUG:netmiko:read_channel: 
DEBUG:netmiko:read_channel: 
DEBUG:netmiko:read_channel: 
DEBUG:netmiko:read_channel: 
DEBUG:netmiko:read_channel: 
DEBUG:netmiko:read_channel: 
DEBUG:netmiko:read_channel: 
DEBUG:netmiko:read_channel: 
DEBUG:netmiko:read_channel: 
DEBUG:netmiko:read_channel: 
DEBUG:netmiko:read_channel: 
DEBUG:netmiko:read_channel: 
DEBUG:netmiko:read_channel: 
DEBUG:netmiko:read_channel: 
DEBUG:netmiko:read_channel: 
DEBUG:netmiko:read_channel: 
DEBUG:netmiko:read_channel: 
DEBUG:netmiko:read_channel: 
DEBUG:netmiko:read_channel: 
DEBUG:netmiko:read_channel: 
DEBUG:netmiko:read_channel: 
DEBUG:netmiko:read_channel: 
DEBUG:netmiko:read_channel: 
DEBUG:netmiko:read_channel: 
DEBUG:netmiko:read_channel: 
DEBUG:netmiko:read_channel: 
DEBUG:netmiko:read_channel: 
DEBUG:netmiko:read_channel: 
DEBUG:netmiko:read_channel: 
DEBUG:netmiko:read_channel: 
DEBUG:netmiko:read_channel: 
DEBUG:netmiko:read_channel: 
DEBUG:netmiko:read_channel: 
DEBUG:netmiko:read_channel: 
DEBUG:netmiko:read_channel: 
DEBUG:netmiko:read_channel: 
DEBUG:netmiko:read_channel: 
DEBUG:netmiko:read_channel: 
DEBUG:netmiko:read_channel: 
DEBUG:netmiko:read_channel: 
DEBUG:netmiko:read_channel: 
DEBUG:netmiko:read_channel: 
DEBUG:netmiko:read_channel: 
DEBUG:netmiko:read_channel: 
DEBUG:netmiko:read_channel: 
DEBUG:netmiko:read_channel: 
DEBUG:netmiko:read_channel: 
DEBUG:netmiko:read_channel: 
DEBUG:netmiko:read_channel: 
DEBUG:netmiko:read_channel: 
DEBUG:netmiko:read_channel: 
DEBUG:netmiko:read_channel: 
DEBUG:netmiko:read_channel: 
DEBUG:netmiko:read_channel: 
DEBUG:netmiko:read_channel: 
DEBUG:netmiko:read_channel: 
DEBUG:netmiko:read_channel: 
DEBUG:netmiko:read_channel: 
DEBUG:netmiko:read_channel: 
DEBUG:netmiko:read_channel: 
DEBUG:netmiko:read_channel: 
DEBUG:netmiko:read_channel: 
DEBUG:netmiko:read_channel: 
DEBUG:netmiko:read_channel: 
DEBUG:netmiko:read_channel: s
DEBUG:netmiko:read_channel: 
DEBUG:netmiko:read_channel: sh
DEBUG:netmiko:read_channel: h
DEBUG:netmiko:read_channel: 
DEBUG:netmiko:read_channel: sh
DEBUG:netmiko:read_channel: 
DEBUG:netmiko:read_channel: 
DEBUG:netmiko:read_channel: 
DEBUG:netmiko:read_channel: 
DEBUG:netmiko:read_channel: 
DEBUG:netmiko:read_channel: 
DEBUG:netmiko:read_channel: 
DEBUG:netmiko:read_channel: 
DEBUG:netmiko:read_channel: 
DEBUG:netmiko:read_channel: 
DEBUG:netmiko:read_channel: 
DEBUG:netmiko:read_channel: 
DEBUG:netmiko:read_channel: 
DEBUG:netmiko:read_channel: 
DEBUG:netmiko:read_channel: 
DEBUG:netmiko:read_channel: ow
DEBUG:netmiko:read_channel: ow
DEBUG:netmiko:read_channel: ow r
DEBUG:netmiko:read_channel: 
DEBUG:netmiko:read_channel: Building configuration...

DEBUG:netmiko:read_channel:  run
DEBUG:netmiko:read_channel:  r
DEBUG:netmiko:Pattern found: (show\ run) show run
DEBUG:netmiko:read_channel: un
DEBUG:netmiko:Pattern found: (show\ run) show run
DEBUG:netmiko:read_channel: u
DEBUG:netmiko:read_channel: 
DEBUG:netmiko:read_channel: 
DEBUG:netmiko:read_channel: 
DEBUG:netmiko:read_channel: 

DEBUG:netmiko:read_channel: 
DEBUG:netmiko:read_channel: 
DEBUG:netmiko:read_channel: 
DEBUG:netmiko:read_channel: 
DEBUG:netmiko:read_channel: 
DEBUG:netmiko:read_channel: Building configuration...

DEBUG:netmiko:read_channel: n
DEBUG:netmiko:Pattern found: (show\ run) show run
DEBUG:netmiko:read_channel: 

DEBUG:netmiko:read_channel: 
DEBUG:netmiko:read_channel: 
DEBUG:netmiko:read_channel: 
DEBUG:netmiko:read_channel: 
DEBUG:netmiko:read_channel: 
DEBUG:netmiko:read_channel: 
DEBUG:netmiko:read_channel: 
DEBUG:netmiko:read_channel: 
DEBUG:netmiko:read_channel: 
DEBUG:netmiko:read_channel: 
DEBUG:netmiko:read_channel: 
DEBUG:netmiko:read_channel: 
DEBUG:netmiko:read_channel: 
DEBUG:netmiko:read_channel: 
DEBUG:netmiko:read_channel: 

DEBUG:netmiko:read_channel: 
DEBUG:netmiko:read_channel: 
DEBUG:netmiko:read_channel: 
DEBUG:netmiko:read_channel: 
DEBUG:netmiko:read_channel: 
DEBUG:netmiko:read_channel: 
DEBUG:netmiko:read_channel: 
DEBUG:netmiko:read_channel: 
DEBUG:netmiko:read_channel: 
DEBUG:netmiko:read_channel: Building configuration...

DEBUG:netmiko:read_channel: 
DEBUG:netmiko:read_channel: 
DEBUG:netmiko:read_channel: 
DEBUG:netmiko:read_channel: 
DEBUG:netmiko:read_channel: 
DEBUG:netmiko:read_channel: 
DEBUG:netmiko:read_channel: 
DEBUG:netmiko:read_channel: 
DEBUG:netmiko:read_channel: 
DEBUG:netmiko:read_channel: 
DEBUG:netmiko:read_channel: 
DEBUG:netmiko:read_channel: 
DEBUG:netmiko:read_channel: 
DEBUG:netmiko:read_channel: 
DEBUG:netmiko:read_channel: 
DEBUG:netmiko:read_channel: 
DEBUG:netmiko:read_channel: 
DEBUG:netmiko:read_channel: 
DEBUG:netmiko:read_channel: 
DEBUG:netmiko:read_channel: 
DEBUG:netmiko:read_channel: 
DEBUG:netmiko:read_channel: 
DEBUG:netmiko:read_channel: 
DEBUG:netmiko:read_channel: 
DEBUG:netmiko:read_channel: 
DEBUG:netmiko:read_channel: 
DEBUG:netmiko:read_channel: 
DEBUG:netmiko:read_channel: 
DEBUG:netmiko:read_channel: 
DEBUG:netmiko:read_channel: Building configuration...

DEBUG:netmiko:read_channel: 
DEBUG:netmiko:read_channel: 
DEBUG:netmiko:read_channel: 
DEBUG:netmiko:read_channel: 
DEBUG:netmiko:read_channel: 
DEBUG:netmiko:read_channel: 
DEBUG:netmiko:read_channel: 
DEBUG:netmiko:read_channel: 
DEBUG:netmiko:read_channel: 
DEBUG:netmiko:read_channel: 
DEBUG:netmiko:read_channel: 
DEBUG:netmiko:read_channel: 
DEBUG:netmiko:read_channel: 
DEBUG:netmiko:read_channel: 
DEBUG:netmiko:read_channel: 
DEBUG:netmiko:read_channel: 
DEBUG:netmiko:read_channel: 
DEBUG:netmiko:read_channel: 
DEBUG:netmiko:read_channel: 
DEBUG:netmiko:read_channel: 
DEBUG:netmiko:read_channel: 
DEBUG:netmiko:read_channel: 
DEBUG:netmiko:read_channel: 
DEBUG:netmiko:read_channel: 
DEBUG:netmiko:read_channel: 
DEBUG:netmiko:read_channel: 
DEBUG:netmiko:read_channel: 
DEBUG:netmiko:read_channel: 
DEBUG:netmiko:read_channel: 
DEBUG:netmiko:read_channel: 
DEBUG:netmiko:read_channel: 
Current configuration : 2469 bytes
!
version 12.4
service timestamps debug datetime msec
service timestamps log datetime msec
no service password-encryption
!
hostname alex
!
boot-start-marker
boot-end-marker
!
enable secret 5 $1$M5Xo$yrzPQBRSQ7/BejGVRAer90
!
no aaa new-model
memory-size iomem 5
no ip icmp rate-limit unreachable
!
!
ip cef
no ip domain lookup
ip domain name ********.com
no ip dhcp use vrf connected
ip dhcp excluded-address 192.168.10.1 192.168.10.10
ip dhcp excluded-address 192.168.20.1 192.168.20.10
ip dhcp excluded-address 192.168.30.1 192.168.30.10
ip dhcp excluded-address 192.168.40.1 192.168.40.10
!
ip dhcp pool data10
   network 192.168.10.0 255.255.255.0
   default-router 192.168.10.3 
!
ip dhcp pool data20
   network 192.168.20.0 255.255.255.0
   default-router 192.168.20.3 
!
ip dhcp pool data30
   network 192.168.30.0 255.255.255.0
   default-router 192.168.30.3 
!
ip dhcp pool data40
   network 192.168.40.0 255.255.255.0
   default-router 19
DEBUG:netmiko:read_channel: 
DEBUG:netmiko:read_channel: 
DEBUG:netmiko:read_channel: 
DEBUG:netmiko:read_channel: 
DEBUG:netmiko:read_channel: 
DEBUG:netmiko:read_channel: 
DEBUG:netmiko:read_channel: 
DEBUG:netmiko:read_channel: 2.168.40.3 
!
!
!
!
!
!
!
!
!
!
!
!
!
!
!
!
username u1 password 0 ********
!
!
ip tcp synwait-time 5
! 
!
!
!
!
interface FastEthernet0/0
 no ip address
 shutdown
 duplex auto
 speed auto
!
interface FastEthernet0/1
 no ip address
 shutdown
 duplex auto
 speed auto
!
interface Serial1/0
 ip address 11.1.1.1 255.255.255.0
 serial restart-delay 0
!
interface Serial1/1
 no ip address
 shutdown
 serial restart-delay 0
!
interface Serial1/2
 no ip address
 shutdown
 serial restart-delay 0
!
interface Serial1/3
 no ip address
 shutdown
 serial restart-delay 0
!
interface FastEthernet2/0
 no ip address
 shutdown
 duplex auto
 speed auto
!
interface Ethernet3/0
 ip address 10.1.1.2 255.255.255.0
 half-duplex
!
interface Ethernet3/1
 ip address 20.1.1.2 255.255.255.0
 half-duplex
!
interface Ethernet3/2
 ip address 22.1.1.5 255.255.255.0
 half-duplex
!
interface Ethernet3/3
 no ip address
 shutdown
 half-duplex
!
!
router bgp 1
 no synchro
DEBUG:netmiko:read_channel: 
DEBUG:netmiko:read_channel: 
DEBUG:netmiko:read_channel: 
DEBUG:netmiko:read_channel: 
DEBUG:netmiko:read_channel: 
DEBUG:netmiko:read_channel: nization
 bgp log-neighbor-changes
 network 192.168.10.0
 network 192.168.20.0
 network 192.168.30.0
 network 192.168.40.0
 neighbor 11.1.1.12 remote-as 300
 no auto-summary
!
no ip http server
no ip http secure-server
ip forward-protocol nd
!
!
!
no cdp log mismatch duplex
!
!
!
control-plane
!
!
!
!
!
!
!
!
!
line con 0
 exec-timeout 0 0
 privilege level 15
 logging synchronous
line aux 0
 exec-timeout 0 0
 privilege level 15
 logging synchronous
line vty 0 4
 password ********
 login local
 transport input ssh
line vty 5 9
 password ********
 login
 transport input ssh
!
!
end

alex#
DEBUG:netmiko:read_channel: 
DEBUG:netmiko:read_channel: 
DEBUG:netmiko:read_channel: 
DEBUG:netmiko:read_channel: 
DEBUG:netmiko:read_channel: 
DEBUG:netmiko:read_channel: 
DEBUG:netmiko:read_channel: 
DEBUG:netmiko:read_channel: 
DEBUG:netmiko:read_channel: 
DEBUG:netmiko:read_channel: 
DEBUG:netmiko:read_channel: 
DEBUG:netmiko:read_channel: 
DEBUG:netmiko:read_channel: 
DEBUG:netmiko:read_channel: 
DEBUG:netmiko:read_channel: 
DEBUG:netmiko:read_channel: 
DEBUG:netmiko:read_channel: 
DEBUG:netmiko:read_channel: 
DEBUG:netmiko:read_channel: 
DEBUG:netmiko:read_channel: 
DEBUG:netmiko:read_channel: 
Current configuration : 1609 bytes
!
version 15.1
service timestamps debug datetime msec
service timestamps log datetime msec
no service password-encryption
service compress-config
!
hostname 3swalex2
!
boot-start-marker
boot-end-marker
!
!
enable secret 4 tnhtc92DXBhelxjYk8LWJrPV36S2i4ntXrpb4RFmfqY
!
username u1 password 0 ********
no aaa new-model
no ip icmp rate-limit unreachable
!
ip cef
!
!
no ip domain-lookup
ip domain-name ********.com
no ipv6 cef
ipv6 multicast rpf use-bgp
!
!
!
!
!
!
!
spanning-tree mode pvst
spanning-tree extend system-id
!
!
!
!
vlan internal allocation policy ascending
!
ip tcp synwait-time 5
ip ssh version 2
! 
!
!
!
!
!
!
!
!
interface Ethernet0/0
 duplex auto
!
interface Ethernet0/1
 shutdown
 duplex auto
!
interface Ethernet0/2
 shutdown
 duplex auto
!
interface Ethernet0/3
 no switchport
 ip address 22.1.1.4 255.255.255.0
!
interface Ethernet1/0
 shutdown
 duplex auto
!
interface Ethernet1/1
 shutdown
 duplex auto
!
interface Ethernet1/2
 shutdown
 duplex auto
!
interface Ethernet1/3
 shutdown
 duplex auto
!
interface Ethernet2/0
 duplex auto
!
interface Ethernet2/1
 duplex auto
!
interface Ethernet2/2
 duplex auto
!
interface Ethernet2/3
 duplex auto
!
interface Ethernet3/0
 duplex auto
!
interface Ethernet3/1
 no switchport
 ip address 20.1.1.1 255.255.255.0
!
interface Ethernet3/2
 duplex auto
!
interface Ethernet3/3
 duplex auto
!
!
no ip http server
!
!
!
!
!
control-plane
!
!
line con 0
 exec-timeout 0 0
 privilege level 15
 logging synchronous
line aux 0
 exec-timeout 0 0
 privilege level 15
 logging synchronous
line vty 0 4
 password ******** 
 login local
 transport input ssh
!
end

3swalex2#
DEBUG:netmiko:read_channel: 
Current configuration : 1978 bytes
!
! Last configuration change at 21:30:07 UTC Mon Apr 17 2023 by u1
!
version 15.1
service timestamps debug datetime msec
service timestamps log datetime msec
no service password-encryption
service compress-config
!
hostname sw2alex
!
boot-start-marker
boot-end-marker
!
!
logging discriminator EXCESS severity drops 6 msg-body drops EXCESSCOLL 
logging buffered 50000
logging console discriminator EXCESS
enable secret 4 tnhtc92DXBhelxjYk8LWJrPV36S2i4ntXrpb4RFmfqY
!
username u1 password 0 ********
no aaa new-model
no ip icmp rate-limit unreachable
!
ip cef
!
!
no ip domain-lookup
ip domain-name ********.com
no ipv6 cef
ipv6 multicast rpf use-bgp
!
!
!
!
!
!
!
spanning-tree mode pvst
spanning-tree extend system-id
!
!
!
!
vlan internal allocation policy ascending
!
ip tcp synwait-time 5
ip ssh version 2
! 
!
!
!
!
!
!
!
!
interface Ethernet0/0
 duplex auto
!
interface Ethernet0/1
 duplex auto
!
interface Ethernet0/2
 switchport access vlan 30
 switchport mode access
 duplex auto
!
interface Ethernet0/3
 switchport access vlan 30
 switchport mode access
 duplex auto
!
interface Ethernet1/0
 switchport access vlan 40
 switchport mode access
 duplex auto
!
interface Ethernet1/1
 switchport access vlan 40
 switchport mode access
 duplex auto
!
interface Ethernet1/2
 no switchport
 ip address 22.1.1.2 255.255.255.0
!
interface Ethernet1/3
 duplex auto
!
interface Ethernet2/0
 duplex auto
!
interface Ethernet2/1
 duplex auto
!
interface Ethernet2/2
 duplex auto
!
interface Ethernet2/3
 duplex auto
!
interface Ethernet3/0
 duplex auto
!
interface Ethernet3/1
 duplex auto
!
interface Ethernet3/2
 duplex auto
!
interface Ethernet3/3
 duplex auto
!
interface Vlan1
 no ip address
 shutdown
!
!
no ip http server
!
!
!
!
!
control-plane
!
!
line con 0
 exec-timeout 0 0
 privilege level 15
 logging synchronous
line aux 0
 exec-timeout 0 0
 privilege level 15
 logging synchronous
line vty 0 4
 privilege level 15
 password ********
 login local
 transport input ssh
!
end

sw2alex#
DEBUG:netmiko:read_channel: 
Current configuration : 1599 bytes
!
version 15.1
service timestamps debug datetime msec
service timestamps log datetime msec
no service password-encryption
service compress-config
!
hostname swalex
!
boot-start-marker
boot-end-marker
!
!
enable secret 4 tnhtc92DXBhelxjYk8LWJrPV36S2i4ntXrpb4RFmfqY
!
username u1 password 0 ********
no aaa new-model
no ip icmp rate-limit unreachable
!
ip cef
!
!
no ip domain-lookup
ip domain-name ********.com
no ipv6 cef
ipv6 multicast rpf use-bgp
!
!
!
!
!
!
!
spanning-tree mode pvst
spanning-tree extend system-id
!
!
!
!
vlan internal allocation policy ascending
!
ip tcp synwait-time 5
ip ssh version 2
! 
!
!
!
!
!
!
!
!
interface Ethernet0/0
 shutdown
 duplex auto
!
interface Ethernet0/1
 shutdown
 duplex auto
!
interface Ethernet0/2
 shutdown
 duplex auto
!
interface Ethernet0/3
 shutdown
 duplex auto
!
interface Ethernet1/0
 shutdown
 duplex auto
!
interface Ethernet1/1
 shutdown
 duplex auto
!
interface Ethernet1/2
 no switchport
 ip address 22.1.1.1 255.255.255.0
!
interface Ethernet1/3
 shutdown
 duplex auto
!
interface Ethernet2/0
 duplex auto
!
interface Ethernet2/1
 duplex auto
!
interface Ethernet2/2
 duplex auto
!
interface Ethernet2/3
 duplex auto
!
interface Ethernet3/0
 duplex auto
!
interface Ethernet3/1
 duplex auto
!
interface Ethernet3/2
 duplex auto
!
interface Ethernet3/3
 duplex auto
!
!
no ip http server
!
!
!
!
!
control-plane
!
!
line con 0
 exec-timeout 0 0
 privilege level 15
 logging synchronous
line aux 0
 exec-timeout 0 0
 privilege level 15
 logging synchronous
line vty 0 4
 privilege level 15
 password ********
 login local
 transport input ssh
!
end

swalex#
DEBUG:netmiko:read_channel: 
Current configuration : 2110 bytes
!
! Last configuration change at 22:49:38 UTC Mon Apr 17 2023 by u1
!
version 15.1
service timestamps debug datetime msec
service timestamps log datetime msec
no service password-encryption
service compress-config
!
hostname 3swalex
!
boot-start-marker
boot-end-marker
!
!
enable secret 4 tnhtc92DXBhelxjYk8LWJrPV36S2i4ntXrpb4RFmfqY
!
username u1 password 0 ********
no aaa new-model
no ip icmp rate-limit unreachable
!
ip cef
!
!
no ip domain-lookup
ip domain-name ********.com
no ipv6 cef
ipv6 multicast rpf use-bgp
!
!
!
!
!
!
!
!
spanning-tree mode pvst
spanning-tree extend system-id
spanning-tree vlan 10,20 priority 24576
!
!
!
!
vlan internal allocation policy ascending
!
ip tcp synwait-time 5
ip ssh version 2
! 
!
!
!
!
!
!
!
!
interface Ethernet0/0
 duplex auto
!
interface Ethernet0/1
 shutdown
 duplex auto
!
interface Ethernet0/2
 no switchport
 ip address 10.1.1.1 255.255.255.0
!
interface Ethernet0/3
 no switchport
 ip address 22.1.1.3 255.255.255.0
!
interface Ethernet1/0
 shutdown
 duplex auto
!
interface Ethernet1/1
 shutdown
 duplex auto
!
interface Ethernet1/2
 shutdown
 duplex auto
!
interface Ethernet1/3
 shutdown
 duplex auto
!
interface Ethernet2/0
 duplex auto
!
interface Ethernet2/1
 duplex auto
!
interface Ethernet2/2
 duplex auto
!
interface Ethernet2/3
 duplex auto
!
interface Ethernet3/0
 duplex auto
!
interface Ethernet3/1
 duplex auto
!
interface Ethernet3/2
 duplex auto
!
interface Ethernet3/3
 duplex auto
!
interface Vlan10
 no ip address
 ip helper-address 10.1.1.2
 standby 10 ip 192.168.10.3
!
interface Vlan20
 no ip address
 ip helper-address 10.1.1.2
 standby 20 ip 192.168.20.3
!
interface Vlan30
 no ip address
 ip helper-address 10.1.1.2
 standby 30 ip 192.168.30.3
!
interface Vlan40
 no ip address
 ip helper-address 10.1.1.2
 standby 40 ip 192.168.40.3
!
!
no ip http server
!
ip route 0.0.0.0 255.255.255.255 10.1.1.2
!
!
!
!
control-plane
!
!
line con 0
 exec-timeout 0 0
 privilege level 15
 logging synchronous
line aux 0
 exec-timeout 0 0
 privilege level 15
 logging synchronous
line vty 0 4
 password ******** 
 login local
 transport input ssh
!
end

3swalex#
DEBUG:paramiko.transport:starting thread (client mode): 0xdc2f6590
DEBUG:paramiko.transport:starting thread (client mode): 0xdc2f7b10
DEBUG:paramiko.transport:Local version/idstring: SSH-2.0-paramiko_3.1.0
DEBUG:paramiko.transport:Local version/idstring: SSH-2.0-paramiko_3.1.0
DEBUG:paramiko.transport:starting thread (client mode): 0xdc2f5f50
DEBUG:paramiko.transport:Local version/idstring: SSH-2.0-paramiko_3.1.0
DEBUG:paramiko.transport:Remote version/idstring: SSH-2.0-Cisco-1.25
INFO:paramiko.transport:Connected (version 2.0, client Cisco-1.25)
DEBUG:paramiko.transport:starting thread (client mode): 0xdc2fbc10
DEBUG:paramiko.transport:Local version/idstring: SSH-2.0-paramiko_3.1.0
DEBUG:paramiko.transport:Remote version/idstring: SSH-2.0-Cisco-1.25
INFO:paramiko.transport:Connected (version 2.0, client Cisco-1.25)
DEBUG:paramiko.transport:=== Key exchange possibilities ===
DEBUG:paramiko.transport:kex algos: diffie-hellman-group-exchange-sha1, diffie-hellman-group14-sha1, diffie-hellman-group1-sha1
DEBUG:paramiko.transport:server key: ssh-rsa
DEBUG:paramiko.transport:client encrypt: aes128-cbc, 3des-cbc, aes192-cbc, aes256-cbc
DEBUG:paramiko.transport:server encrypt: aes128-cbc, 3des-cbc, aes192-cbc, aes256-cbc
DEBUG:paramiko.transport:client mac: hmac-sha1, hmac-sha1-96, hmac-md5, hmac-md5-96
DEBUG:paramiko.transport:server mac: hmac-sha1, hmac-sha1-96, hmac-md5, hmac-md5-96
DEBUG:paramiko.transport:client compress: none
DEBUG:paramiko.transport:server compress: none
DEBUG:paramiko.transport:client lang: <none>
DEBUG:paramiko.transport:server lang: <none>
DEBUG:paramiko.transport:kex follows: False
DEBUG:paramiko.transport:=== Key exchange agreements ===
DEBUG:paramiko.transport:Kex: diffie-hellman-group-exchange-sha1
DEBUG:paramiko.transport:HostKey: ssh-rsa
DEBUG:paramiko.transport:Cipher: aes128-cbc
DEBUG:paramiko.transport:MAC: hmac-sha1
DEBUG:paramiko.transport:=== Key exchange possibilities ===
DEBUG:paramiko.transport:kex algos: diffie-hellman-group-exchange-sha1, diffie-hellman-group14-sha1, diffie-hellman-group1-sha1
DEBUG:paramiko.transport:Compression: none
DEBUG:paramiko.transport:Remote version/idstring: SSH-2.0-Cisco-1.25
DEBUG:paramiko.transport:server key: ssh-rsa
DEBUG:paramiko.transport:client encrypt: aes128-cbc, 3des-cbc, aes192-cbc, aes256-cbc
INFO:paramiko.transport:Connected (version 2.0, client Cisco-1.25)
DEBUG:paramiko.transport:server encrypt: aes128-cbc, 3des-cbc, aes192-cbc, aes256-cbc
DEBUG:paramiko.transport:client mac: hmac-sha1, hmac-sha1-96, hmac-md5, hmac-md5-96
DEBUG:paramiko.transport:server mac: hmac-sha1, hmac-sha1-96, hmac-md5, hmac-md5-96
DEBUG:paramiko.transport:=== End of kex handshake ===
DEBUG:paramiko.transport:starting thread (client mode): 0xdc2f8c10
DEBUG:paramiko.transport:client compress: none
DEBUG:paramiko.transport:Local version/idstring: SSH-2.0-paramiko_3.1.0
DEBUG:paramiko.transport:server compress: none
DEBUG:paramiko.transport:Remote version/idstring: SSH-1.99-Cisco-1.25
DEBUG:paramiko.transport:client lang: <none>
INFO:paramiko.transport:Connected (version 1.99, client Cisco-1.25)
DEBUG:paramiko.transport:server lang: <none>
DEBUG:paramiko.transport:Remote version/idstring: SSH-2.0-Cisco-1.25
DEBUG:paramiko.transport:kex follows: False
DEBUG:paramiko.transport:=== Key exchange possibilities ===
INFO:paramiko.transport:Connected (version 2.0, client Cisco-1.25)
DEBUG:paramiko.transport:=== Key exchange agreements ===
DEBUG:paramiko.transport:kex algos: diffie-hellman-group-exchange-sha1, diffie-hellman-group14-sha1, diffie-hellman-group1-sha1
DEBUG:paramiko.transport:Kex: diffie-hellman-group-exchange-sha1
DEBUG:paramiko.transport:server key: ssh-rsa
DEBUG:paramiko.transport:HostKey: ssh-rsa
DEBUG:paramiko.transport:client encrypt: aes128-cbc, 3des-cbc, aes192-cbc, aes256-cbc
DEBUG:paramiko.transport:=== Key exchange possibilities ===
DEBUG:paramiko.transport:Cipher: aes128-cbc
DEBUG:paramiko.transport:server encrypt: aes128-cbc, 3des-cbc, aes192-cbc, aes256-cbc
DEBUG:paramiko.transport:kex algos: diffie-hellman-group1-sha1
DEBUG:paramiko.transport:MAC: hmac-sha1
DEBUG:paramiko.transport:client mac: hmac-sha1, hmac-sha1-96, hmac-md5, hmac-md5-96
DEBUG:paramiko.transport:server key: ssh-rsa
DEBUG:paramiko.transport:Compression: none
DEBUG:paramiko.transport:server mac: hmac-sha1, hmac-sha1-96, hmac-md5, hmac-md5-96
DEBUG:paramiko.transport:client encrypt: aes128-cbc, 3des-cbc, aes192-cbc, aes256-cbc
DEBUG:paramiko.transport:=== End of kex handshake ===
DEBUG:paramiko.transport:client compress: none
DEBUG:paramiko.transport:server encrypt: aes128-cbc, 3des-cbc, aes192-cbc, aes256-cbc
DEBUG:paramiko.transport:server compress: none
DEBUG:paramiko.transport:client mac: hmac-sha1, hmac-sha1-96, hmac-md5, hmac-md5-96
DEBUG:paramiko.transport:client lang: <none>
DEBUG:paramiko.transport:server mac: hmac-sha1, hmac-sha1-96, hmac-md5, hmac-md5-96
DEBUG:paramiko.transport:server lang: <none>
DEBUG:paramiko.transport:client compress: none
DEBUG:paramiko.transport:kex follows: False
DEBUG:paramiko.transport:server compress: none
DEBUG:paramiko.transport:=== Key exchange agreements ===
DEBUG:paramiko.transport:client lang: <none>
DEBUG:paramiko.transport:Kex: diffie-hellman-group-exchange-sha1
DEBUG:paramiko.transport:server lang: <none>
DEBUG:paramiko.transport:HostKey: ssh-rsa
DEBUG:paramiko.transport:kex follows: False
DEBUG:paramiko.transport:Cipher: aes128-cbc
DEBUG:paramiko.transport:=== Key exchange agreements ===
DEBUG:paramiko.transport:MAC: hmac-sha1
DEBUG:paramiko.transport:Kex: diffie-hellman-group1-sha1
DEBUG:paramiko.transport:Compression: none
DEBUG:paramiko.transport:HostKey: ssh-rsa
DEBUG:paramiko.transport:=== End of kex handshake ===
DEBUG:paramiko.transport:Cipher: aes128-cbc
DEBUG:paramiko.transport:MAC: hmac-sha1
DEBUG:paramiko.transport:Compression: none
DEBUG:paramiko.transport:=== End of kex handshake ===
DEBUG:paramiko.transport:=== Key exchange possibilities ===
DEBUG:paramiko.transport:kex algos: diffie-hellman-group-exchange-sha1, diffie-hellman-group14-sha1, diffie-hellman-group1-sha1
DEBUG:paramiko.transport:Got server p (2048 bits)
DEBUG:paramiko.transport:server key: ssh-rsa
DEBUG:paramiko.transport:client encrypt: aes128-cbc, 3des-cbc, aes192-cbc, aes256-cbc
DEBUG:paramiko.transport:server encrypt: aes128-cbc, 3des-cbc, aes192-cbc, aes256-cbc
DEBUG:paramiko.transport:client mac: hmac-sha1, hmac-sha1-96, hmac-md5, hmac-md5-96
DEBUG:paramiko.transport:Got server p (2048 bits)
DEBUG:paramiko.transport:server mac: hmac-sha1, hmac-sha1-96, hmac-md5, hmac-md5-96
DEBUG:paramiko.transport:client compress: none
DEBUG:paramiko.transport:server compress: none
DEBUG:paramiko.transport:client lang: <none>
DEBUG:paramiko.transport:server lang: <none>
DEBUG:paramiko.transport:kex follows: False
DEBUG:paramiko.transport:=== Key exchange agreements ===
DEBUG:paramiko.transport:Kex: diffie-hellman-group-exchange-sha1
DEBUG:paramiko.transport:HostKey: ssh-rsa
DEBUG:paramiko.transport:Cipher: aes128-cbc
DEBUG:paramiko.transport:MAC: hmac-sha1
DEBUG:paramiko.transport:Compression: none
DEBUG:paramiko.transport:=== End of kex handshake ===
DEBUG:paramiko.transport:kex engine KexGex specified hash_algo <built-in function openssl_sha1>
DEBUG:paramiko.transport:kex engine KexGex specified hash_algo <built-in function openssl_sha1>
DEBUG:paramiko.transport:Switch to new keys ...
DEBUG:paramiko.transport:Got server p (2048 bits)
DEBUG:paramiko.transport:Got server p (2048 bits)
DEBUG:paramiko.transport:Switch to new keys ...
DEBUG:paramiko.transport:Adding ssh-rsa host key for 22.1.1.2: b'5b09dd1c58ff17c069582d14c1016cf4'
DEBUG:paramiko.transport:Adding ssh-rsa host key for 22.1.1.1: b'deedcbb217eee0ecfe46527ee13ee55e'
DEBUG:paramiko.transport:kex engine KexGex specified hash_algo <built-in function openssl_sha1>
DEBUG:paramiko.transport:kex engine KexGex specified hash_algo <built-in function openssl_sha1>
DEBUG:paramiko.transport:kex engine KexGroup1 specified hash_algo <built-in function openssl_sha1>
DEBUG:paramiko.transport:Switch to new keys ...
DEBUG:paramiko.transport:Switch to new keys ...
DEBUG:paramiko.transport:Switch to new keys ...
DEBUG:paramiko.transport:Adding ssh-rsa host key for 22.1.1.3: b'43dbc13c02cd179ed57518fa8ac85d41'
DEBUG:paramiko.transport:Adding ssh-rsa host key for 22.1.1.4: b'4c47dff5cdeb90407b48c9b5b09eb0cb'
DEBUG:paramiko.transport:Adding ssh-rsa host key for 22.1.1.5: b'b82f15d360ffac609fc40954a010f48c'
DEBUG:paramiko.transport:userauth is OK
INFO:paramiko.transport:Authentication (password) successful!
DEBUG:paramiko.transport:[chan 0] Max packet in: 32768 bytes
DEBUG:paramiko.transport:userauth is OK
DEBUG:paramiko.transport:[chan 0] Max packet out: 4096 bytes
DEBUG:paramiko.transport:Secsh channel 0 opened.
INFO:paramiko.transport:Authentication (password) successful!
DEBUG:paramiko.transport:[chan 0] Sesch channel 0 request ok
DEBUG:paramiko.transport:[chan 0] Max packet in: 32768 bytes
DEBUG:paramiko.transport:[chan 0] Sesch channel 0 request ok
DEBUG:paramiko.transport:[chan 0] Max packet out: 4096 bytes
DEBUG:paramiko.transport:Secsh channel 0 opened.
DEBUG:netmiko:write_channel: b'\n'
DEBUG:paramiko.transport:[chan 0] Sesch channel 0 request ok
DEBUG:paramiko.transport:[chan 0] Sesch channel 0 request ok
DEBUG:netmiko:write_channel: b'\n'
DEBUG:netmiko:write_channel: b'terminal width 511\n'
DEBUG:netmiko:read_channel: 
swalex>
swalex>
DEBUG:netmiko:read_channel: t
DEBUG:netmiko:write_channel: b'terminal width 511\n'
DEBUG:netmiko:read_channel: 
sw2alex>
sw2alex>
DEBUG:paramiko.transport:userauth is OK
DEBUG:netmiko:read_channel: er
INFO:paramiko.transport:Authentication (password) successful!
DEBUG:paramiko.transport:[chan 0] Max packet in: 32768 bytes
DEBUG:netmiko:read_channel: t
DEBUG:paramiko.transport:userauth is OK
DEBUG:paramiko.transport:userauth is OK
DEBUG:paramiko.transport:[chan 0] Max packet out: 4096 bytes
DEBUG:paramiko.transport:Secsh channel 0 opened.
DEBUG:netmiko:read_channel: min
INFO:paramiko.transport:Authentication (password) successful!
DEBUG:netmiko:read_channel: er
DEBUG:paramiko.transport:[chan 0] Sesch channel 0 request ok
INFO:paramiko.transport:Authentication (password) successful!
DEBUG:paramiko.transport:[chan 0] Max packet in: 32768 bytes
DEBUG:netmiko:read_channel: m
DEBUG:paramiko.transport:[chan 0] Max packet in: 32768 bytes
DEBUG:netmiko:read_channel: a
DEBUG:netmiko:read_channel: 
DEBUG:paramiko.transport:[chan 0] Sesch channel 0 request ok
DEBUG:netmiko:write_channel: b'\n'
DEBUG:netmiko:read_channel: in
DEBUG:paramiko.transport:[chan 0] Max packet out: 4096 bytes
DEBUG:paramiko.transport:Secsh channel 0 opened.
DEBUG:netmiko:read_channel: l w
DEBUG:netmiko:read_channel: a
DEBUG:netmiko:read_channel: 
DEBUG:paramiko.transport:[chan 0] Max packet out: 4096 bytes
DEBUG:paramiko.transport:Secsh channel 0 opened.
DEBUG:paramiko.transport:[chan 0] Sesch channel 0 request ok
DEBUG:netmiko:read_channel: i
DEBUG:netmiko:read_channel: l
DEBUG:paramiko.transport:[chan 0] Sesch channel 0 request ok
DEBUG:netmiko:write_channel: b'\n'
DEBUG:netmiko:read_channel: d
DEBUG:netmiko:read_channel:  
DEBUG:paramiko.transport:[chan 0] Sesch channel 0 request ok
DEBUG:netmiko:read_channel: 
DEBUG:netmiko:read_channel: t
DEBUG:paramiko.transport:[chan 0] Sesch channel 0 request ok
DEBUG:netmiko:write_channel: b'\n'
DEBUG:netmiko:read_channel: wi
DEBUG:netmiko:read_channel: h
DEBUG:netmiko:read_channel: d
DEBUG:netmiko:read_channel:  5
DEBUG:netmiko:read_channel: t
DEBUG:netmiko:read_channel: 
DEBUG:netmiko:write_channel: b'terminal width 511\n'
DEBUG:netmiko:read_channel: 
3swalex>
3swalex>t
DEBUG:netmiko:write_channel: b'terminal width 511\n'
DEBUG:netmiko:read_channel: 
3swalex2>
3swalex2>
DEBUG:netmiko:read_channel: h 511
DEBUG:netmiko:Pattern found: (terminal width 511) 
sw2alex>
sw2alex>terminal width 511
DEBUG:netmiko:In disable_paging
DEBUG:netmiko:Command: terminal length 0

DEBUG:netmiko:read_channel: 11
swalex>
DEBUG:netmiko:Pattern found: (terminal width 511) 
swalex>
swalex>terminal width 511
DEBUG:netmiko:In disable_paging
DEBUG:netmiko:read_channel: er
DEBUG:netmiko:Command: terminal length 0

DEBUG:netmiko:write_channel: b'terminal length 0\n'
DEBUG:netmiko:read_channel: 
DEBUG:netmiko:write_channel: b'terminal length 0\n'
DEBUG:netmiko:read_channel: 
DEBUG:netmiko:read_channel: min
DEBUG:netmiko:read_channel: 
sw2alex>
DEBUG:netmiko:read_channel: 
DEBUG:netmiko:read_channel: te
DEBUG:netmiko:write_channel: b'terminal width 511\n'
DEBUG:netmiko:read_channel: 
alex>
alex>
DEBUG:netmiko:read_channel: al
DEBUG:netmiko:read_channel: 
DEBUG:netmiko:read_channel: te
DEBUG:netmiko:read_channel: rmin
DEBUG:netmiko:read_channel: 
DEBUG:netmiko:read_channel:  w
DEBUG:netmiko:read_channel: 
DEBUG:netmiko:read_channel: rm
DEBUG:netmiko:read_channel: 
DEBUG:netmiko:read_channel: i
DEBUG:netmiko:read_channel: id
DEBUG:netmiko:read_channel: t
DEBUG:netmiko:read_channel: a
DEBUG:netmiko:read_channel: 
DEBUG:netmiko:read_channel: terminal width 5
DEBUG:netmiko:read_channel: 
DEBUG:netmiko:read_channel: 
DEBUG:netmiko:read_channel: e
DEBUG:netmiko:read_channel: l
DEBUG:netmiko:read_channel: na
DEBUG:netmiko:read_channel: th
DEBUG:netmiko:read_channel: 11
alex>
DEBUG:netmiko:Pattern found: (terminal width 511) 
alex>
alex>terminal width 511
DEBUG:netmiko:In disable_paging
DEBUG:netmiko:Command: terminal length 0

DEBUG:netmiko:write_channel: b'terminal length 0\n'
DEBUG:netmiko:read_channel: 
DEBUG:netmiko:read_channel: r
DEBUG:netmiko:read_channel:  
DEBUG:netmiko:read_channel: l l
DEBUG:netmiko:read_channel:  511
DEBUG:netmiko:Pattern found: (terminal width 511) 
3swalex>
3swalex>terminal width 511
DEBUG:netmiko:In disable_paging
DEBUG:netmiko:Command: terminal length 0

DEBUG:netmiko:read_channel: 
DEBUG:netmiko:write_channel: b'terminal length 0\n'
DEBUG:netmiko:read_channel: 
DEBUG:netmiko:read_channel: m
DEBUG:netmiko:read_channel: w
DEBUG:netmiko:read_channel: en
DEBUG:netmiko:read_channel: terminal length 
DEBUG:netmiko:read_channel: 
3swalex>
DEBUG:netmiko:read_channel: i
DEBUG:netmiko:read_channel: 
DEBUG:netmiko:read_channel: 
DEBUG:netmiko:read_channel: 0
alex>
DEBUG:netmiko:Pattern found: (terminal\ length\ 0) 
alex>terminal length 0
DEBUG:netmiko:
alex>terminal length 0
DEBUG:netmiko:Exiting disable_paging
DEBUG:netmiko:read_channel: 
DEBUG:netmiko:read_channel: na
DEBUG:netmiko:read_channel: i
DEBUG:netmiko:read_channel: gth
DEBUG:netmiko:read_channel: 
DEBUG:netmiko:Clear buffer detects data in the channel
DEBUG:netmiko:read_channel: 
DEBUG:netmiko:read_channel: l
DEBUG:netmiko:read_channel: dt
DEBUG:netmiko:read_channel:  
DEBUG:netmiko:read_channel: te
DEBUG:netmiko:read_channel:  l
DEBUG:netmiko:read_channel: h 
DEBUG:netmiko:read_channel: 0

DEBUG:netmiko:Pattern found: (terminal\ length\ 0) 
swalex>terminal length 0
DEBUG:netmiko:
swalex>terminal length 0
DEBUG:netmiko:Exiting disable_paging
DEBUG:netmiko:read_channel: 
DEBUG:netmiko:write_channel: b'\n'
DEBUG:netmiko:read_channel: 
DEBUG:netmiko:read_channel: r
DEBUG:netmiko:read_channel: en
DEBUG:netmiko:read_channel: 51
DEBUG:netmiko:read_channel: swalex>
DEBUG:netmiko:Clear buffer detects data in the channel
DEBUG:netmiko:read_channel: 
alex>
DEBUG:netmiko:Pattern found: (\#|>) 
alex>
DEBUG:netmiko:read_channel: mi
DEBUG:netmiko:read_channel: gth
DEBUG:netmiko:read_channel: 1

DEBUG:netmiko:Pattern found: (terminal width 511) 
3swalex2>
3swalex2>terminal width 511
DEBUG:netmiko:In disable_paging
DEBUG:netmiko:Command: terminal length 0

DEBUG:netmiko:write_channel: b'terminal length 0\n'
DEBUG:netmiko:read_channel: 
DEBUG:netmiko:read_channel: nal
DEBUG:netmiko:read_channel: 
DEBUG:netmiko:[find_prompt()]: prompt is alex>
DEBUG:netmiko:read_channel:  0
DEBUG:netmiko:Pattern found: (terminal\ length\ 0) 
sw2alex>terminal length 0
DEBUG:netmiko:
sw2alex>terminal length 0
DEBUG:netmiko:Exiting disable_paging
DEBUG:netmiko:read_channel: 
DEBUG:netmiko:read_channel: 3swalex2>
DEBUG:netmiko:write_channel: b'\n'
DEBUG:netmiko:read_channel: 
DEBUG:netmiko:read_channel:  
DEBUG:netmiko:read_channel: 
DEBUG:netmiko:write_channel: b'\n'
DEBUG:netmiko:read_channel: 

DEBUG:netmiko:Clear buffer detects data in the channel
DEBUG:netmiko:read_channel: te
DEBUG:netmiko:read_channel: l
DEBUG:netmiko:read_channel: 
DEBUG:netmiko:read_channel: 
DEBUG:netmiko:read_channel: 
DEBUG:netmiko:read_channel: 
DEBUG:netmiko:read_channel: 
DEBUG:netmiko:write_channel: b'\n'
DEBUG:netmiko:read_channel: rm
DEBUG:netmiko:read_channel: 
DEBUG:netmiko:read_channel: e
DEBUG:netmiko:read_channel: sw2alex>
DEBUG:netmiko:Clear buffer detects data in the channel
DEBUG:netmiko:read_channel: in
DEBUG:netmiko:read_channel: ngt
DEBUG:netmiko:read_channel: 
swalex>
DEBUG:netmiko:Pattern found: (\#|>) 
swalex>
DEBUG:netmiko:read_channel: 
alex>
alex>
DEBUG:netmiko:read_channel: al
DEBUG:netmiko:read_channel: h
DEBUG:netmiko:read_channel: 
DEBUG:netmiko:[find_prompt()]: prompt is swalex>
DEBUG:netmiko:read_channel:  l
DEBUG:netmiko:read_channel: 
DEBUG:netmiko:[find_prompt()]: prompt is alex>
DEBUG:netmiko:write_channel: b'\n'
DEBUG:netmiko:read_channel: 
DEBUG:netmiko:read_channel:  0
DEBUG:netmiko:Pattern found: (terminal\ length\ 0) 
3swalex>terminal length 0
DEBUG:netmiko:
3swalex>terminal length 0
DEBUG:netmiko:Exiting disable_paging
DEBUG:netmiko:read_channel: 
DEBUG:netmiko:write_channel: b'\n'
DEBUG:netmiko:read_channel: eng
DEBUG:netmiko:read_channel: 
3swalex>
DEBUG:netmiko:Clear buffer detects data in the channel
DEBUG:netmiko:read_channel: 
DEBUG:netmiko:read_channel: th
DEBUG:netmiko:read_channel: 
DEBUG:netmiko:write_channel: b'\n'
DEBUG:netmiko:read_channel: 
DEBUG:netmiko:read_channel: 
DEBUG:netmiko:read_channel:  
DEBUG:netmiko:read_channel: 
DEBUG:netmiko:read_channel: 
DEBUG:netmiko:write_channel: b'\n'
DEBUG:netmiko:write_channel: b'\n'
DEBUG:netmiko:read_channel: 
DEBUG:netmiko:read_channel: 
DEBUG:netmiko:read_channel: 0

DEBUG:netmiko:Pattern found: (terminal\ length\ 0) 
3swalex2>terminal length 0
DEBUG:netmiko:
3swalex2>terminal length 0
DEBUG:netmiko:Exiting disable_paging
DEBUG:netmiko:read_channel: 
DEBUG:netmiko:read_channel: 
DEBUG:netmiko:read_channel: 
DEBUG:netmiko:read_channel: 
DEBUG:netmiko:read_channel: 
DEBUG:netmiko:Clear buffer detects data in the channel
DEBUG:netmiko:read_channel: 
alex>
DEBUG:netmiko:Pattern found: (alex.*) 
alex>
DEBUG:netmiko:write_channel: b'enable\n'
DEBUG:netmiko:read_channel: 
DEBUG:netmiko:read_channel: 
DEBUG:netmiko:write_channel: b'\n'
DEBUG:netmiko:read_channel: 

DEBUG:netmiko:read_channel: 

DEBUG:netmiko:read_channel: enable

DEBUG:netmiko:Pattern found: (enable) enable
DEBUG:netmiko:read_channel: 
DEBUG:netmiko:read_channel: 3swalex2>
DEBUG:netmiko:Clear buffer detects data in the channel
DEBUG:netmiko:read_channel: 
DEBUG:netmiko:read_channel: sw2alex>
DEBUG:netmiko:Pattern found: (\#|>) 
sw2alex>
DEBUG:netmiko:read_channel: 
DEBUG:netmiko:read_channel: 3swalex>
DEBUG:netmiko:Pattern found: (\#|>) 
3swalex>
DEBUG:netmiko:read_channel: 
DEBUG:netmiko:[find_prompt()]: prompt is sw2alex>
DEBUG:netmiko:read_channel: Password: 
DEBUG:netmiko:Pattern found: ((?:alex|ssword)) 
Password
DEBUG:netmiko:write_channel: b'********\n'
DEBUG:netmiko:read_channel: 
DEBUG:netmiko:read_channel: 
DEBUG:netmiko:[find_prompt()]: prompt is 3swalex>
DEBUG:netmiko:read_channel: 
DEBUG:netmiko:write_channel: b'\n'
DEBUG:netmiko:read_channel: 
DEBUG:netmiko:read_channel: 
DEBUG:netmiko:write_channel: b'\n'
DEBUG:netmiko:read_channel: 
DEBUG:netmiko:read_channel: 
swalex>
swalex>
swalex>
DEBUG:netmiko:read_channel: 
DEBUG:netmiko:write_channel: b'\n'
DEBUG:netmiko:read_channel: 
DEBUG:netmiko:read_channel: 
sw2alex>
DEBUG:netmiko:read_channel: 
DEBUG:netmiko:read_channel: 
DEBUG:netmiko:[find_prompt()]: prompt is swalex>
DEBUG:netmiko:write_channel: b'\n'
DEBUG:netmiko:read_channel: 
DEBUG:netmiko:read_channel: 
3swalex2>
DEBUG:netmiko:Pattern found: (\#|>) 
3swalex2>
DEBUG:netmiko:read_channel: 
alex#
DEBUG:netmiko:read_channel: 
DEBUG:netmiko:Pattern found: (alex) : 
alex
DEBUG:netmiko:write_channel: b'\n'
DEBUG:netmiko:read_channel: 
DEBUG:netmiko:[find_prompt()]: prompt is sw2alex>
DEBUG:netmiko:write_channel: b'\n'
DEBUG:netmiko:read_channel: 
DEBUG:netmiko:read_channel: 
3swalex>
DEBUG:netmiko:read_channel: 

DEBUG:netmiko:read_channel: 
DEBUG:netmiko:[find_prompt()]: prompt is 3swalex2>
DEBUG:netmiko:read_channel: 
DEBUG:netmiko:read_channel: 
DEBUG:netmiko:read_channel: 
DEBUG:netmiko:[find_prompt()]: prompt is 3swalex>
DEBUG:netmiko:write_channel: b'\n'
DEBUG:netmiko:read_channel: 
DEBUG:netmiko:read_channel: swalex>
DEBUG:netmiko:Pattern found: (swalex.*) 
swalex>
DEBUG:netmiko:write_channel: b'enable\n'
DEBUG:netmiko:read_channel: 
DEBUG:netmiko:read_channel: 
alex#
DEBUG:netmiko:Pattern found: (alex.*) #
alex#
DEBUG:netmiko:read_channel: 
DEBUG:netmiko:read_channel: 
sw2alex>
DEBUG:netmiko:Pattern found: (sw2alex.*) 
sw2alex>
DEBUG:netmiko:write_channel: b'\n'
DEBUG:netmiko:write_channel: b'enable\n'
DEBUG:netmiko:read_channel: 
DEBUG:netmiko:read_channel: 

DEBUG:netmiko:read_channel: 
DEBUG:netmiko:read_channel: 
DEBUG:netmiko:write_channel: b'\n'
DEBUG:netmiko:read_channel: e
DEBUG:netmiko:read_channel: 3swalex>
DEBUG:netmiko:Pattern found: (3swalex.*) 
3swalex>
DEBUG:netmiko:write_channel: b'enable\n'
DEBUG:netmiko:read_channel: 
DEBUG:netmiko:read_channel: en
DEBUG:netmiko:read_channel: na
DEBUG:netmiko:read_channel: ab
DEBUG:netmiko:read_channel: e
DEBUG:netmiko:read_channel: 
3swalex2>
DEBUG:netmiko:read_channel: bl
DEBUG:netmiko:read_channel: 
alex#
DEBUG:netmiko:read_channel: n
DEBUG:netmiko:read_channel: l
DEBUG:netmiko:read_channel: e

DEBUG:netmiko:Pattern found: (enable) enable
DEBUG:netmiko:read_channel: 
DEBUG:netmiko:read_channel: 
DEBUG:netmiko:[find_prompt()]: prompt is alex#
DEBUG:netmiko:read_channel: 
DEBUG:netmiko:write_channel: b'show run\n'
DEBUG:netmiko:[find_prompt()]: prompt is 3swalex2>
DEBUG:netmiko:read_channel: 
DEBUG:netmiko:write_channel: b'\n'
DEBUG:netmiko:read_channel: 
DEBUG:netmiko:read_channel: ab
DEBUG:netmiko:read_channel: e
DEBUG:netmiko:Pattern found: (enable) enable
DEBUG:netmiko:read_channel: 
DEBUG:netmiko:read_channel: Password: 
DEBUG:netmiko:Pattern found: ((?:sw2alex|ssword)) 
Password
DEBUG:netmiko:write_channel: b'********\n'
DEBUG:netmiko:read_channel: 
DEBUG:netmiko:read_channel: 
DEBUG:netmiko:read_channel: 
DEBUG:netmiko:read_channel: 
DEBUG:netmiko:read_channel: 

DEBUG:netmiko:read_channel: 
DEBUG:netmiko:read_channel: 
3swalex2>
DEBUG:netmiko:read_channel: show run
Building configuration...

DEBUG:netmiko:read_channel: l
DEBUG:netmiko:Pattern found: (3swalex2.*) 
3swalex2>
DEBUG:netmiko:Pattern found: (show\ run) show run
DEBUG:netmiko:write_channel: b'enable\n'
DEBUG:netmiko:read_channel: 
DEBUG:netmiko:read_channel: Password: 
DEBUG:netmiko:Pattern found: ((?:swalex|ssword)) 
Password
DEBUG:netmiko:write_channel: b'********\n'
DEBUG:netmiko:read_channel: 
DEBUG:netmiko:read_channel: 
DEBUG:netmiko:read_channel: e

DEBUG:netmiko:Pattern found: (enable) enable
DEBUG:netmiko:read_channel: 
DEBUG:netmiko:read_channel: e
DEBUG:netmiko:read_channel: 
DEBUG:netmiko:read_channel: 
DEBUG:netmiko:read_channel: Password: 
DEBUG:netmiko:read_channel: n
DEBUG:netmiko:Pattern found: ((?:3swalex|ssword)) 
Password
DEBUG:netmiko:read_channel: 
DEBUG:netmiko:write_channel: b'********\n'
DEBUG:netmiko:read_channel: 
DEBUG:netmiko:read_channel: 
DEBUG:netmiko:read_channel: 
DEBUG:netmiko:read_channel: able
DEBUG:netmiko:Pattern found: (enable) enable
DEBUG:netmiko:read_channel: 
DEBUG:netmiko:read_channel: 
DEBUG:netmiko:read_channel: 
DEBUG:netmiko:read_channel: 
DEBUG:netmiko:read_channel: 
Password: 
DEBUG:netmiko:Pattern found: ((?:3swalex2|ssword)) 
Password
DEBUG:netmiko:read_channel: 
swalex#
DEBUG:netmiko:Pattern found: (swalex) : 
swalex
DEBUG:netmiko:read_channel: 
DEBUG:netmiko:write_channel: b'\n'
DEBUG:netmiko:write_channel: b'********\n'
DEBUG:netmiko:read_channel: 
DEBUG:netmiko:read_channel: 
DEBUG:netmiko:read_channel: 
sw2alex#
DEBUG:netmiko:Pattern found: (sw2alex) : 
sw2alex
DEBUG:netmiko:write_channel: b'\n'
DEBUG:netmiko:read_channel: 
DEBUG:netmiko:read_channel: 
DEBUG:netmiko:read_channel: 
DEBUG:netmiko:read_channel: 
DEBUG:netmiko:read_channel: 
DEBUG:netmiko:read_channel: 

DEBUG:netmiko:read_channel: 
3swalex#
DEBUG:netmiko:Pattern found: (3swalex) : 
3swalex
DEBUG:netmiko:write_channel: b'\n'
DEBUG:netmiko:read_channel: 
DEBUG:netmiko:read_channel: 
DEBUG:netmiko:read_channel: 
swalex#
DEBUG:netmiko:read_channel: sw2alex#
DEBUG:netmiko:Pattern found: (swalex.*) #
swalex#
DEBUG:netmiko:Pattern found: (sw2alex.*) #
sw2alex#
DEBUG:netmiko:read_channel: 
3swalex2#
DEBUG:netmiko:Pattern found: (3swalex2) : 
3swalex2
DEBUG:netmiko:write_channel: b'\n'
DEBUG:netmiko:read_channel: 
DEBUG:netmiko:read_channel: 

DEBUG:netmiko:read_channel: 
DEBUG:netmiko:read_channel: 
DEBUG:netmiko:write_channel: b'\n'
DEBUG:netmiko:write_channel: b'\n'
DEBUG:netmiko:read_channel: 
DEBUG:netmiko:read_channel: 3swalex#
DEBUG:netmiko:read_channel: 

DEBUG:netmiko:Pattern found: (3swalex.*) #
3swalex#
DEBUG:netmiko:read_channel: 3swalex2#
DEBUG:netmiko:Pattern found: (3swalex2.*) #
3swalex2#
DEBUG:netmiko:read_channel: 
DEBUG:netmiko:write_channel: b'\n'
DEBUG:netmiko:read_channel: 
sw2alex#
DEBUG:netmiko:read_channel: 
swalex#
DEBUG:netmiko:read_channel: 
DEBUG:netmiko:write_channel: b'\n'
DEBUG:netmiko:read_channel: 
DEBUG:netmiko:read_channel: 
DEBUG:netmiko:[find_prompt()]: prompt is sw2alex#
DEBUG:netmiko:read_channel: 
DEBUG:netmiko:[find_prompt()]: prompt is swalex#
DEBUG:netmiko:write_channel: b'show run\n'
DEBUG:netmiko:write_channel: b'show run\n'
DEBUG:netmiko:read_channel: 
DEBUG:netmiko:read_channel: 
DEBUG:netmiko:read_channel: s
DEBUG:netmiko:read_channel: s
DEBUG:netmiko:read_channel: 

DEBUG:netmiko:read_channel: 
3swalex2#
DEBUG:netmiko:write_channel: b'\n'
DEBUG:netmiko:read_channel: 
DEBUG:netmiko:read_channel: 
DEBUG:netmiko:read_channel: 
DEBUG:netmiko:read_channel: 
DEBUG:netmiko:[find_prompt()]: prompt is 3swalex2#
DEBUG:netmiko:write_channel: b'show run\n'
DEBUG:netmiko:read_channel: 
DEBUG:netmiko:read_channel: ho
DEBUG:netmiko:read_channel: h
DEBUG:netmiko:read_channel: 
DEBUG:netmiko:read_channel: w
DEBUG:netmiko:read_channel: 3swalex#

DEBUG:netmiko:read_channel: o
DEBUG:netmiko:read_channel: 
DEBUG:netmiko:read_channel: 
DEBUG:netmiko:read_channel: 
DEBUG:netmiko:read_channel: s
DEBUG:netmiko:read_channel: 
DEBUG:netmiko:read_channel:  
DEBUG:netmiko:read_channel: w
DEBUG:netmiko:read_channel: 3swalex#
DEBUG:netmiko:Clear buffer detects data in the channel
DEBUG:netmiko:read_channel: 
DEBUG:netmiko:read_channel: r
DEBUG:netmiko:read_channel:  
DEBUG:netmiko:read_channel: ho
DEBUG:netmiko:read_channel: 
DEBUG:netmiko:read_channel: 
DEBUG:netmiko:[find_prompt()]: prompt is 3swalex#
DEBUG:netmiko:write_channel: b'show run\n'
DEBUG:netmiko:read_channel: 
DEBUG:netmiko:read_channel: ru
DEBUG:netmiko:read_channel: un

DEBUG:netmiko:read_channel: w
DEBUG:netmiko:Pattern found: (show\ run) show run
DEBUG:netmiko:read_channel: 
DEBUG:netmiko:read_channel: 
DEBUG:netmiko:read_channel: 
DEBUG:netmiko:read_channel: 
DEBUG:netmiko:read_channel: 
DEBUG:netmiko:read_channel: 
DEBUG:netmiko:read_channel: 
DEBUG:netmiko:read_channel: 
DEBUG:netmiko:read_channel: 
DEBUG:netmiko:read_channel: n

DEBUG:netmiko:Pattern found: (show\ run) show run
DEBUG:netmiko:read_channel: s
DEBUG:netmiko:read_channel:  r
DEBUG:netmiko:read_channel: 
DEBUG:netmiko:read_channel: un
DEBUG:netmiko:Pattern found: (show\ run) show run
DEBUG:netmiko:read_channel: how
DEBUG:netmiko:read_channel: Building configuration...

DEBUG:netmiko:read_channel:  r
DEBUG:netmiko:read_channel: Building configuration...

DEBUG:netmiko:read_channel: 
DEBUG:netmiko:read_channel: 
DEBUG:netmiko:read_channel: 
Building configuration...

DEBUG:netmiko:read_channel: 
DEBUG:netmiko:read_channel: 
DEBUG:netmiko:read_channel: 
DEBUG:netmiko:read_channel: 
DEBUG:netmiko:read_channel: 
DEBUG:netmiko:read_channel: 
DEBUG:netmiko:read_channel: 
DEBUG:netmiko:read_channel: 
DEBUG:netmiko:read_channel: 
DEBUG:netmiko:read_channel: 
DEBUG:netmiko:read_channel: 
DEBUG:netmiko:read_channel: un
Building configuration...

DEBUG:netmiko:Pattern found: (show\ run) show run
DEBUG:netmiko:read_channel: 
DEBUG:netmiko:read_channel: 
DEBUG:netmiko:read_channel: 
DEBUG:netmiko:read_channel: 
DEBUG:netmiko:read_channel: 
DEBUG:netmiko:read_channel: 
DEBUG:netmiko:read_channel: 
DEBUG:netmiko:read_channel: 
DEBUG:netmiko:read_channel: 
DEBUG:netmiko:read_channel: 
DEBUG:netmiko:read_channel: 
DEBUG:netmiko:read_channel: 
DEBUG:netmiko:read_channel: 
DEBUG:netmiko:read_channel: 
DEBUG:netmiko:read_channel: 
DEBUG:netmiko:read_channel: 
DEBUG:netmiko:read_channel: 
DEBUG:netmiko:read_channel: 
DEBUG:netmiko:read_channel: 
DEBUG:netmiko:read_channel: 
DEBUG:netmiko:read_channel: 
DEBUG:netmiko:read_channel: 
DEBUG:netmiko:read_channel: 
DEBUG:netmiko:read_channel: 
DEBUG:netmiko:read_channel: 
DEBUG:netmiko:read_channel: 
DEBUG:netmiko:read_channel: 
DEBUG:netmiko:read_channel: 
DEBUG:netmiko:read_channel: 
DEBUG:netmiko:read_channel: 
DEBUG:netmiko:read_channel: 
DEBUG:netmiko:read_channel: 
DEBUG:netmiko:read_channel: 
DEBUG:netmiko:read_channel: 
DEBUG:netmiko:read_channel: 
Current configuration : 1609 bytes
!
version 15.1
service timestamps debug datetime msec
service timestamps log datetime msec
no service password-encryption
service compress-config
!
hostname 3swalex2
!
boot-start-marker
boot-end-marker
!
!
enable secret 4 tnhtc92DXBhelxjYk8LWJrPV36S2i4ntXrpb4RFmfqY
!
username u1 password 0 ********
no aaa new-model
no ip icmp rate-limit unreachable
!
ip cef
!
!
no ip domain-lookup
ip domain-name ********.com
no ipv6 cef
ipv6 multicast rpf use-bgp
!
!
!
!
!
!
!
spanning-tree mode pvst
spanning-tree extend system-id
!
!
!
!
vlan internal allocation policy ascending
!
ip tcp synwait-time 5
ip ssh version 2
! 
!
!
!
!
!
!
!
!
interface Ethernet0/0
 duplex auto
!
interface Ethernet0/1
 shutdown
 duplex auto
!
interface Ethernet0/2
 shutdown
 duplex auto
!
interface Ethernet0/3
 no switchport
 ip address 22.1.1.4 255.255.255.0
!
interface Ethernet1/0
 shutdown
 duplex auto
!
interface Ethernet1/1
 shutdown
 duplex auto
!
interface Ethernet1/2
 shutdown
 duplex auto
!
interface Ethernet1/3
 shutdown
 duplex auto
!
interface Ethernet2/0
 duplex auto
!
interface Ethernet2/1
 duplex auto
!
interface Ethernet2/2
 duplex auto
!
interface Ethernet2/3
 duplex auto
!
interface Ethernet3/0
 duplex auto
!
interface Ethernet3/1
 no switchport
 ip address 20.1.1.1 255.255.255.0
!
interface Ethernet3/2
 duplex auto
!
interface Ethernet3/3
 duplex auto
!
!
no ip http server
!
!
!
!
!
control-plane
!
!
line con 0
 exec-timeout 0 0
 privilege level 15
 logging synchronous
line aux 0
 exec-timeout 0 0
 privilege level 15
 logging synchronous
line vty 0 4
 password ******** 
 login local
 transport input ssh
!
end

3swalex2#
DEBUG:netmiko:read_channel: 
DEBUG:netmiko:read_channel: 
DEBUG:netmiko:read_channel: 
DEBUG:netmiko:read_channel: 
DEBUG:netmiko:read_channel: 
DEBUG:netmiko:read_channel: 
DEBUG:netmiko:read_channel: 
DEBUG:netmiko:read_channel: 
DEBUG:netmiko:read_channel: 
DEBUG:urllib3.connectionpool:Starting new HTTPS connection (1): api.telegram.org:443
DEBUG:netmiko:read_channel: 
DEBUG:netmiko:read_channel: 
DEBUG:netmiko:read_channel: 
DEBUG:netmiko:read_channel: 
DEBUG:netmiko:read_channel: 
DEBUG:netmiko:read_channel: 
Current configuration : 1599 bytes
!
version 15.1
service timestamps debug datetime msec
service timestamps log datetime msec
no service password-encryption
service compress-config
!
hostname swalex
!
boot-start-marker
boot-end-marker
!
!
enable secret 4 tnhtc92DXBhelxjYk8LWJrPV36S2i4ntXrpb4RFmfqY
!
username u1 password 0 ********
no aaa new-model
no ip icmp rate-limit unreachable
!
ip cef
!
!
no ip domain-lookup
ip domain-name ********.com
no ipv6 cef
ipv6 multicast rpf use-bgp
!
!
!
!
!
!
!
spanning-tree mode pvst
spanning-tree extend system-id
!
!
!
!
vlan internal allocation policy ascending
!
ip tcp synwait-time 5
ip ssh version 2
! 
!
!
!
!
!
!
!
!
interface Ethernet0/0
 shutdown
 duplex auto
!
interface Ethernet0/1
 shutdown
 duplex auto
!
interface Ethernet0/2
 shutdown
 duplex auto
!
interface Ethernet0/3
 shutdown
 duplex auto
!
interface Ethernet1/0
 shutdown
 duplex auto
!
interface Ethernet1/1
 shutdown
 duplex auto
!
interface Ethernet1/2
 no switchport
 ip address 22.1.1.1 255.255.255.0
!
interface Ethernet1/3
 shutdown
 duplex auto
!
interface Ethernet2/0
 duplex auto
!
interface Ethernet2/1
 duplex auto
!
interface Ethernet2/2
 duplex auto
!
interface Ethernet2/3
 duplex auto
!
interface Ethernet3/0
 duplex auto
!
interface Ethernet3/1
 duplex auto
!
interface Ethernet3/2
 duplex auto
!
interface Ethernet3/3
 duplex auto
!
!
no ip http server
!
!
!
!
!
control-plane
!
!
line con 0
 exec-timeout 0 0
 privilege level 15
 logging synchronous
line aux 0
 exec-timeout 0 0
 privilege level 15
 logging synchronous
line vty 0 4
 privilege level 15
 password ********
 login local
 transport input ssh
!
end

swalex#
DEBUG:netmiko:read_channel: 
DEBUG:urllib3.connectionpool:Starting new HTTPS connection (1): api.telegram.org:443
DEBUG:netmiko:read_channel: 
Current configuration : 1978 bytes
!
! Last configuration change at 21:30:07 UTC Mon Apr 17 2023 by u1
!
version 15.1
service timestamps debug datetime msec
service timestamps log datetime msec
no service password-encryption
service compress-config
!
hostname sw2alex
!
boot-start-marker
boot-end-marker
!
!
logging discriminator EXCESS severity drops 6 msg-body drops EXCESSCOLL 
logging buffered 50000
logging console discriminator EXCESS
enable secret 4 tnhtc92DXBhelxjYk8LWJrPV36S2i4ntXrpb4RFmfqY
!
username u1 password 0 ********
no aaa new-model
no ip icmp rate-limit unreachable
!
ip cef
!
!
no ip domain-lookup
ip domain-name ********.com
no ipv6 cef
ipv6 multicast rpf use-bgp
!
!
!
!
!
!
!
spanning-tree mode pvst
spanning-tree extend system-id
!
!
!
!
vlan internal allocation policy ascending
!
ip tcp synwait-time 5
ip ssh version 2
! 
!
!
!
!
!
!
!
!
interface Ethernet0/0
 duplex auto
!
interface Ethernet0/1
 duplex auto
!
interface Ethernet0/2
 switchport access vlan 30
 switchport mode access
 duplex auto
!
interface Ethernet0/3
 switchport access vlan 30
 switchport mode access
 duplex auto
!
interface Ethernet1/0
 switchport access vlan 40
 switchport mode access
 duplex auto
!
interface Ethernet1/1
 switchport access vlan 40
 switchport mode access
 duplex auto
!
interface Ethernet1/2
 no switchport
 ip address 22.1.1.2 255.255.255.0
!
interface Ethernet1/3
 duplex auto
!
interface Ethernet2/0
 duplex auto
!
interface Ethernet2/1
 duplex auto
!
interface Ethernet2/2
 duplex auto
!
interface Ethernet2/3
 duplex auto
!
interface Ethernet3/0
 duplex auto
!
interface Ethernet3/1
 duplex auto
!
interface Ethernet3/2
 duplex auto
!
interface Ethernet3/3
 duplex auto
!
interface Vlan1
 no ip address
 shutdown
!
!
no ip http server
!
!
!
!
!
control-plane
!
!
line con 0
 exec-timeout 0 0
 privilege level 15
 logging synchronous
line aux 0
 exec-timeout 0 0
 privilege level 15
 logging synchronous
line vty 0 4
 privilege level 15
 password ********
 login local
 transport input ssh
!
end

sw2alex#
DEBUG:netmiko:read_channel: 
DEBUG:netmiko:read_channel: 
DEBUG:netmiko:read_channel: 
Current configuration : 2110 bytes
!
! Last configuration change at 22:49:38 UTC Mon Apr 17 2023 by u1
!
version 15.1
service timestamps debug datetime msec
service timestamps log datetime msec
no service password-encryption
service compress-config
!
hostname 3swalex
!
boot-start-marker
boot-end-marker
!
!
enable secret 4 tnhtc92DXBhelxjYk8LWJrPV36S2i4ntXrpb4RFmfqY
!
username u1 password 0 ********
no aaa new-model
no ip icmp rate-limit unreachable
!
ip cef
!
!
no ip domain-lookup
ip domain-name ********.com
no ipv6 cef
ipv6 multicast rpf use-bgp
!
!
!
!
!
!
!
!
spanning-tree mode pvst
spanning-tree extend system-id
spanning-tree vlan 10,20 priority 24576
!
!
!
!
vlan internal allocation policy ascending
!
ip tcp synwait-time 5
ip ssh version 2
! 
!
!
!
!
!
!
!
!
interface Ethernet0/0
 duplex auto
!
interface Ethernet0/1
 shutdown
 duplex auto
!
interface Ethernet0/2
 no switchport
 ip address 10.1.1.1 255.255.255.0
!
interface Ethernet0/3
 no switchport
 ip address 22.1.1.3 255.255.255.0
!
interface Ethernet1/0
 shutdown
 duplex auto
!
interface Ethernet1/1
 shutdown
 duplex auto
!
interface Ethernet1/2
 shutdown
 duplex auto
!
interface Ethernet1/3
 shutdown
 duplex auto
!
interface Ethernet2/0
 duplex auto
!
interface Ethernet2/1
 duplex auto
!
interface Ethernet2/2
 duplex auto
!
interface Ethernet2/3
 duplex auto
!
interface Ethernet3/0
 duplex auto
!
interface Ethernet3/1
 duplex auto
!
interface Ethernet3/2
 duplex auto
!
interface Ethernet3/3
 duplex auto
!
interface Vlan10
 no ip address
 ip helper-address 10.1.1.2
 standby 10 ip 192.168.10.3
!
interface Vlan20
 no ip address
 ip helper-address 10.1.1.2
 standby 20 ip 192.168.20.3
!
interface Vlan30
 no ip address
 ip helper-address 10.1.1.2
 standby 30 ip 192.168.30.3
!
interface Vlan40
 no ip address
 ip helper-address 10.1.1.2
 standby 40 ip 192.168.40.3
!
!
no ip http server
!
ip route 0.0.0.0 255.255.255.255 10.1.1.2
!
!
!
!
control-plane
!
!
line con 0
 exec-timeout 0 0
 privilege level 15
 logging synchronous
line aux 0
 exec-timeout 0 0
 privilege level 15
 logging synchronous
line vty 0 4
 password ******** 
 login local
 transport input ssh
!
end

3swalex#
DEBUG:urllib3.connectionpool:Starting new HTTPS connection (1): api.telegram.org:443
DEBUG:urllib3.connectionpool:Starting new HTTPS connection (1): api.telegram.org:443
DEBUG:netmiko:read_channel: 
DEBUG:netmiko:read_channel: 
DEBUG:netmiko:read_channel: 
DEBUG:netmiko:read_channel: 
DEBUG:netmiko:read_channel: 
DEBUG:netmiko:read_channel: 
DEBUG:netmiko:read_channel: 
DEBUG:netmiko:read_channel: 
DEBUG:netmiko:read_channel: 
DEBUG:netmiko:read_channel: 
Current configuration : 2469 bytes
!
version 12.4
service timestamps debug datetime msec
service timestamps log datetime msec
no service password-encryption
!
hostname alex
!
boot-start-marker
boot-end-marker
!
enable secret 5 $1$M5Xo$yrzPQBRSQ7/BejGVRAer90
!
no aaa new-model
memory-size iomem 5
no ip icmp rate-limit unreachable
!
!
ip cef
no ip domain lookup
ip domain name ********.com
no ip dhcp use vrf connected
ip dhcp excluded-address 192.168.10.1 192.168.10.10
ip dhcp excluded-address 192.168.20.1 192.168.20.10
ip dhcp excluded-address 192.168.30.1 192.168.30.10
ip dhcp excluded-address 192.168.40.1 192.168.40.10
!
ip dhcp pool data10
   network 192.168.10.0 255.255.255.0
   default-router 192.168.10.3 
!
ip dhcp pool data20
   network 192.168.20.0 255.255.255.0
   default-router 192.168.20.3 
!
ip dhcp pool data30
   network 192.168.30.0 255.255.255.0
   default-router 192.168.30.3 
!
ip dhcp pool data40
   network 192.168.40.0 255.255.255.0
   default-router 19
DEBUG:netmiko:read_channel: 2.168.40.3 
!
!
!
!
!
!
!
!
!
!
!
!
!
!
!
!
username u1 password 0 ********
!
!
ip tcp synwait-time 5
! 
!
!
!
!
interface FastEthernet0/0
 no ip address
 shutdown
 duplex auto
 speed auto
!
interface FastEthernet0/1
 no ip address
 shutdown
 duplex auto
 speed auto
!
interface Serial1/0
 ip address 11.1.1.1 255.255.255.0
 serial restart-delay 0
!
interface Serial1/1
 no ip address
 shutdown
 serial restart-delay 0
!
interface Serial1/2
 no ip address
 shutdown
 serial restart-delay 0
!
interface Serial1/3
 no ip address
 shutdown
 serial restart-delay 0
!
interface FastEthernet2/0
 no ip address
 shutdown
 duplex auto
 speed auto
!
interface Ethernet3/0
 ip address 10.1.1.2 255.255.255.0
 half-duplex
!
interface Ethernet3/1
 ip address 20.1.1.2 255.255.255.0
 half-duplex
!
interface Ethernet3/2
 ip address 22.1.1.5 255.255.255.0
 half-duplex
!
interface Ethernet3/3
 no ip address
 shutdown
 half-duplex
!
!
router bgp 1
 no synchronization
 bgp log-neighbor-changes
 network 192.168.10.0
 network 192.168.20.0
 network 192.168.30.0
 network 192.168.40.0
 neighbor 11.1.1.12 remote-as 300
 no auto-summary
!
no ip http server
no ip http secure-server
ip forward-protocol nd
!
!
!
no cdp log mismatch duplex
!
!
!
control-plane
!
!
!
!
!
!
!
!
!
line con 0
 exec-timeout 0 0
 privilege level 15
 logging synchronous
line aux 0
 exec-timeout 0 0
 privilege level 15
 logging synchronous
line vty 0 4
 password ********
 login local
 transport input ssh
line vty 5 9
 password ********
 login
 transport input ssh
!
!
end

alex#
DEBUG:urllib3.connectionpool:Starting new HTTPS connection (1): api.telegram.org:443
DEBUG:urllib3.connectionpool:https://api.telegram.org:443 "POST /bot5803750722:AAGLa0rDUryF3lfsHWI1ycONlkpbR32V0dQ/sendMessage HTTP/1.1" 200 283
DEBUG:netmiko:write_channel: b'\n'
DEBUG:netmiko:read_channel: 
DEBUG:netmiko:read_channel: 

DEBUG:netmiko:read_channel: sw2alex#
DEBUG:netmiko:Pattern found: ([>#]) 
sw2alex#
DEBUG:netmiko:write_channel: b'exit\n'
DEBUG:paramiko.transport:EOF in transport thread
DEBUG:urllib3.connectionpool:https://api.telegram.org:443 "POST /bot5803750722:AAGLa0rDUryF3lfsHWI1ycONlkpbR32V0dQ/sendMessage HTTP/1.1" 200 283
DEBUG:netmiko:write_channel: b'\n'
DEBUG:netmiko:read_channel: 
DEBUG:netmiko:read_channel: 

DEBUG:netmiko:read_channel: 3swalex#
DEBUG:netmiko:Pattern found: ([>#]) 
3swalex#
DEBUG:netmiko:write_channel: b'exit\n'
DEBUG:paramiko.transport:EOF in transport thread
DEBUG:urllib3.connectionpool:https://api.telegram.org:443 "POST /bot5803750722:AAGLa0rDUryF3lfsHWI1ycONlkpbR32V0dQ/sendMessage HTTP/1.1" 200 283
DEBUG:netmiko:write_channel: b'\n'
DEBUG:netmiko:read_channel: 
DEBUG:netmiko:read_channel: 

DEBUG:netmiko:read_channel: 3swalex2#
DEBUG:netmiko:Pattern found: ([>#]) 
3swalex2#
DEBUG:netmiko:write_channel: b'exit\n'
DEBUG:paramiko.transport:EOF in transport thread
DEBUG:urllib3.connectionpool:https://api.telegram.org:443 "POST /bot5803750722:AAGLa0rDUryF3lfsHWI1ycONlkpbR32V0dQ/sendMessage HTTP/1.1" 200 283
DEBUG:netmiko:write_channel: b'\n'
DEBUG:netmiko:read_channel: 
DEBUG:netmiko:read_channel: 

DEBUG:netmiko:read_channel: swalex#
DEBUG:netmiko:Pattern found: ([>#]) 
swalex#
DEBUG:netmiko:write_channel: b'exit\n'
DEBUG:paramiko.transport:EOF in transport thread
DEBUG:urllib3.connectionpool:https://api.telegram.org:443 "POST /bot5803750722:AAGLa0rDUryF3lfsHWI1ycONlkpbR32V0dQ/sendMessage HTTP/1.1" 200 283
DEBUG:netmiko:write_channel: b'\n'
DEBUG:netmiko:read_channel: 
DEBUG:netmiko:read_channel: 
DEBUG:netmiko:read_channel: 
alex#
DEBUG:netmiko:Pattern found: ([>#]) 
alex#
DEBUG:netmiko:write_channel: b'exit\n'
DEBUG:paramiko.transport:EOF in transport thread
DEBUG:paramiko.transport:starting thread (client mode): 0xb8947d90
DEBUG:paramiko.transport:starting thread (client mode): 0xb894b190
DEBUG:paramiko.transport:Local version/idstring: SSH-2.0-paramiko_3.1.0
DEBUG:paramiko.transport:starting thread (client mode): 0xb89477d0
DEBUG:paramiko.transport:Local version/idstring: SSH-2.0-paramiko_3.1.0
DEBUG:paramiko.transport:Remote version/idstring: SSH-2.0-Cisco-1.25
INFO:paramiko.transport:Connected (version 2.0, client Cisco-1.25)
DEBUG:paramiko.transport:starting thread (client mode): 0xb8949550
DEBUG:paramiko.transport:Local version/idstring: SSH-2.0-paramiko_3.1.0
DEBUG:paramiko.transport:Remote version/idstring: SSH-2.0-Cisco-1.25
INFO:paramiko.transport:Connected (version 2.0, client Cisco-1.25)
DEBUG:paramiko.transport:starting thread (client mode): 0xb6a15750
DEBUG:paramiko.transport:Local version/idstring: SSH-2.0-paramiko_3.1.0
DEBUG:paramiko.transport:Local version/idstring: SSH-2.0-paramiko_3.1.0
DEBUG:paramiko.transport:Remote version/idstring: SSH-2.0-Cisco-1.25
INFO:paramiko.transport:Connected (version 2.0, client Cisco-1.25)
DEBUG:paramiko.transport:=== Key exchange possibilities ===
DEBUG:paramiko.transport:kex algos: diffie-hellman-group1-sha1
DEBUG:paramiko.transport:server key: ssh-rsa
DEBUG:paramiko.transport:client encrypt: aes128-cbc, 3des-cbc, aes192-cbc, aes256-cbc
DEBUG:paramiko.transport:server encrypt: aes128-cbc, 3des-cbc, aes192-cbc, aes256-cbc
DEBUG:paramiko.transport:client mac: hmac-sha1, hmac-sha1-96, hmac-md5, hmac-md5-96
DEBUG:paramiko.transport:server mac: hmac-sha1, hmac-sha1-96, hmac-md5, hmac-md5-96
DEBUG:paramiko.transport:client compress: none
DEBUG:paramiko.transport:server compress: none
DEBUG:paramiko.transport:client lang: <none>
DEBUG:paramiko.transport:=== Key exchange possibilities ===
DEBUG:paramiko.transport:server lang: <none>
DEBUG:paramiko.transport:=== Key exchange possibilities ===
DEBUG:paramiko.transport:kex algos: diffie-hellman-group-exchange-sha1, diffie-hellman-group14-sha1, diffie-hellman-group1-sha1
DEBUG:paramiko.transport:server key: ssh-rsa
DEBUG:paramiko.transport:client encrypt: aes128-cbc, 3des-cbc, aes192-cbc, aes256-cbc
DEBUG:paramiko.transport:server encrypt: aes128-cbc, 3des-cbc, aes192-cbc, aes256-cbc
DEBUG:paramiko.transport:kex follows: False
DEBUG:paramiko.transport:=== Key exchange agreements ===
DEBUG:paramiko.transport:kex algos: diffie-hellman-group-exchange-sha1, diffie-hellman-group14-sha1, diffie-hellman-group1-sha1
DEBUG:paramiko.transport:server key: ssh-rsa
DEBUG:paramiko.transport:client encrypt: aes128-cbc, 3des-cbc, aes192-cbc, aes256-cbc
DEBUG:paramiko.transport:server encrypt: aes128-cbc, 3des-cbc, aes192-cbc, aes256-cbc
DEBUG:paramiko.transport:Kex: diffie-hellman-group1-sha1
DEBUG:paramiko.transport:client mac: hmac-sha1, hmac-sha1-96, hmac-md5, hmac-md5-96
DEBUG:paramiko.transport:client mac: hmac-sha1, hmac-sha1-96, hmac-md5, hmac-md5-96
DEBUG:paramiko.transport:HostKey: ssh-rsa
DEBUG:paramiko.transport:server mac: hmac-sha1, hmac-sha1-96, hmac-md5, hmac-md5-96
DEBUG:paramiko.transport:server mac: hmac-sha1, hmac-sha1-96, hmac-md5, hmac-md5-96
DEBUG:paramiko.transport:Cipher: aes128-cbc
DEBUG:paramiko.transport:MAC: hmac-sha1
DEBUG:paramiko.transport:client compress: none
DEBUG:paramiko.transport:server compress: none
DEBUG:paramiko.transport:Compression: none
DEBUG:paramiko.transport:client compress: none
DEBUG:paramiko.transport:client lang: <none>
DEBUG:paramiko.transport:=== End of kex handshake ===
DEBUG:paramiko.transport:server compress: none
DEBUG:paramiko.transport:server lang: <none>
DEBUG:paramiko.transport:Remote version/idstring: SSH-2.0-Cisco-1.25
INFO:paramiko.transport:Connected (version 2.0, client Cisco-1.25)
DEBUG:paramiko.transport:kex follows: False
DEBUG:paramiko.transport:=== Key exchange agreements ===
DEBUG:paramiko.transport:client lang: <none>
DEBUG:paramiko.transport:Kex: diffie-hellman-group-exchange-sha1
DEBUG:paramiko.transport:HostKey: ssh-rsa
DEBUG:paramiko.transport:server lang: <none>
DEBUG:paramiko.transport:Cipher: aes128-cbc
DEBUG:paramiko.transport:kex follows: False
DEBUG:paramiko.transport:=== Key exchange agreements ===
DEBUG:paramiko.transport:Remote version/idstring: SSH-2.0-Cisco-1.25
INFO:paramiko.transport:Connected (version 2.0, client Cisco-1.25)
DEBUG:paramiko.transport:MAC: hmac-sha1
DEBUG:paramiko.transport:Kex: diffie-hellman-group-exchange-sha1
DEBUG:paramiko.transport:HostKey: ssh-rsa
DEBUG:paramiko.transport:Compression: none
DEBUG:paramiko.transport:=== End of kex handshake ===
DEBUG:paramiko.transport:Cipher: aes128-cbc
DEBUG:paramiko.transport:MAC: hmac-sha1
DEBUG:paramiko.transport:Compression: none
DEBUG:paramiko.transport:=== End of kex handshake ===
DEBUG:paramiko.transport:=== Key exchange possibilities ===
DEBUG:paramiko.transport:=== Key exchange possibilities ===
DEBUG:paramiko.transport:kex algos: diffie-hellman-group-exchange-sha1, diffie-hellman-group14-sha1, diffie-hellman-group1-sha1
DEBUG:paramiko.transport:kex algos: diffie-hellman-group-exchange-sha1, diffie-hellman-group14-sha1, diffie-hellman-group1-sha1
DEBUG:paramiko.transport:server key: ssh-rsa
DEBUG:paramiko.transport:server key: ssh-rsa
DEBUG:paramiko.transport:client encrypt: aes128-cbc, 3des-cbc, aes192-cbc, aes256-cbc
DEBUG:paramiko.transport:client encrypt: aes128-cbc, 3des-cbc, aes192-cbc, aes256-cbc
DEBUG:paramiko.transport:server encrypt: aes128-cbc, 3des-cbc, aes192-cbc, aes256-cbc
DEBUG:paramiko.transport:server encrypt: aes128-cbc, 3des-cbc, aes192-cbc, aes256-cbc
DEBUG:paramiko.transport:client mac: hmac-sha1, hmac-sha1-96, hmac-md5, hmac-md5-96
DEBUG:paramiko.transport:client mac: hmac-sha1, hmac-sha1-96, hmac-md5, hmac-md5-96
DEBUG:paramiko.transport:server mac: hmac-sha1, hmac-sha1-96, hmac-md5, hmac-md5-96
DEBUG:paramiko.transport:server mac: hmac-sha1, hmac-sha1-96, hmac-md5, hmac-md5-96
DEBUG:paramiko.transport:client compress: none
DEBUG:paramiko.transport:client compress: none
DEBUG:paramiko.transport:server compress: none
DEBUG:paramiko.transport:server compress: none
DEBUG:paramiko.transport:client lang: <none>
DEBUG:paramiko.transport:client lang: <none>
DEBUG:paramiko.transport:server lang: <none>
DEBUG:paramiko.transport:server lang: <none>
DEBUG:paramiko.transport:kex follows: False
DEBUG:paramiko.transport:kex follows: False
DEBUG:paramiko.transport:=== Key exchange agreements ===
DEBUG:paramiko.transport:=== Key exchange agreements ===
DEBUG:paramiko.transport:Kex: diffie-hellman-group-exchange-sha1
DEBUG:paramiko.transport:Kex: diffie-hellman-group-exchange-sha1
DEBUG:paramiko.transport:HostKey: ssh-rsa
DEBUG:paramiko.transport:HostKey: ssh-rsa
DEBUG:paramiko.transport:Cipher: aes128-cbc
DEBUG:paramiko.transport:Cipher: aes128-cbc
DEBUG:paramiko.transport:MAC: hmac-sha1
DEBUG:paramiko.transport:MAC: hmac-sha1
DEBUG:paramiko.transport:Compression: none
DEBUG:paramiko.transport:Compression: none
DEBUG:paramiko.transport:=== End of kex handshake ===
DEBUG:paramiko.transport:=== End of kex handshake ===
DEBUG:paramiko.transport:Got server p (2048 bits)
DEBUG:paramiko.transport:Got server p (2048 bits)
DEBUG:paramiko.transport:Got server p (2048 bits)
DEBUG:paramiko.transport:Got server p (2048 bits)
DEBUG:paramiko.transport:kex engine KexGex specified hash_algo <built-in function openssl_sha1>
DEBUG:paramiko.transport:kex engine KexGex specified hash_algo <built-in function openssl_sha1>
DEBUG:paramiko.transport:kex engine KexGex specified hash_algo <built-in function openssl_sha1>
DEBUG:paramiko.transport:kex engine KexGroup1 specified hash_algo <built-in function openssl_sha1>
DEBUG:paramiko.transport:kex engine KexGex specified hash_algo <built-in function openssl_sha1>
DEBUG:paramiko.transport:Switch to new keys ...
DEBUG:paramiko.transport:Switch to new keys ...
DEBUG:paramiko.transport:Switch to new keys ...
DEBUG:paramiko.transport:Switch to new keys ...
DEBUG:paramiko.transport:Switch to new keys ...
DEBUG:paramiko.transport:Adding ssh-rsa host key for 22.1.1.2: b'a05f9037ea5e69642887eb49bb2c139c'
DEBUG:paramiko.transport:Adding ssh-rsa host key for 22.1.1.4: b'f78a01952dbfee92bf9a4345f1ec185f'
DEBUG:paramiko.transport:Adding ssh-rsa host key for 22.1.1.3: b'8dbddfe2a44acb7879e1ca8880d35a71'
DEBUG:paramiko.transport:Adding ssh-rsa host key for 22.1.1.1: b'254ff41efa2d6aa6a171e3d46c024ac3'
DEBUG:paramiko.transport:Adding ssh-rsa host key for 22.1.1.5: b'fdd2c03dccda45f2a974c2625752f389'
DEBUG:paramiko.transport:userauth is OK
DEBUG:paramiko.transport:userauth is OK
DEBUG:paramiko.transport:userauth is OK
INFO:paramiko.transport:Authentication (password) successful!
DEBUG:paramiko.transport:[chan 0] Max packet in: 32768 bytes
DEBUG:paramiko.transport:userauth is OK
DEBUG:paramiko.transport:userauth is OK
INFO:paramiko.transport:Authentication (password) successful!
DEBUG:paramiko.transport:[chan 0] Max packet in: 32768 bytes
DEBUG:paramiko.transport:[chan 0] Max packet out: 4096 bytes
DEBUG:paramiko.transport:Secsh channel 0 opened.
INFO:paramiko.transport:Authentication (password) successful!
DEBUG:paramiko.transport:[chan 0] Max packet out: 4096 bytes
DEBUG:paramiko.transport:Secsh channel 0 opened.
DEBUG:paramiko.transport:[chan 0] Max packet in: 32768 bytes
DEBUG:paramiko.transport:[chan 0] Sesch channel 0 request ok
DEBUG:paramiko.transport:[chan 0] Max packet out: 4096 bytes
DEBUG:paramiko.transport:Secsh channel 0 opened.
DEBUG:paramiko.transport:[chan 0] Sesch channel 0 request ok
DEBUG:paramiko.transport:[chan 0] Sesch channel 0 request ok
DEBUG:paramiko.transport:[chan 0] Sesch channel 0 request ok
DEBUG:netmiko:write_channel: b'\n'
DEBUG:paramiko.transport:[chan 0] Sesch channel 0 request ok
DEBUG:netmiko:write_channel: b'\n'
DEBUG:paramiko.transport:[chan 0] Sesch channel 0 request ok
DEBUG:netmiko:write_channel: b'\n'
INFO:paramiko.transport:Authentication (password) successful!
INFO:paramiko.transport:Authentication (password) successful!
DEBUG:paramiko.transport:[chan 0] Max packet in: 32768 bytes
DEBUG:paramiko.transport:[chan 0] Max packet in: 32768 bytes
DEBUG:paramiko.transport:[chan 0] Max packet out: 4096 bytes
DEBUG:paramiko.transport:Secsh channel 0 opened.
DEBUG:paramiko.transport:[chan 0] Sesch channel 0 request ok
DEBUG:paramiko.transport:[chan 0] Sesch channel 0 request ok
DEBUG:netmiko:write_channel: b'\n'
DEBUG:paramiko.transport:[chan 0] Max packet out: 4096 bytes
DEBUG:paramiko.transport:Secsh channel 0 opened.
DEBUG:paramiko.transport:[chan 0] Sesch channel 0 request ok
DEBUG:paramiko.transport:[chan 0] Sesch channel 0 request ok
DEBUG:netmiko:write_channel: b'\n'
DEBUG:netmiko:write_channel: b'terminal width 511\n'
DEBUG:netmiko:read_channel: 
alex>
alex>
DEBUG:netmiko:write_channel: b'terminal width 511\n'
DEBUG:netmiko:read_channel: 
swalex>
swalex>
DEBUG:netmiko:read_channel: t
DEBUG:netmiko:read_channel: 
DEBUG:netmiko:write_channel: b'terminal width 511\n'
DEBUG:netmiko:read_channel: 
sw2alex>
sw2alex>
DEBUG:netmiko:read_channel: erminal width 51
DEBUG:netmiko:read_channel: t
DEBUG:netmiko:read_channel: 
DEBUG:netmiko:read_channel: er
DEBUG:netmiko:read_channel: 1
alex>
DEBUG:netmiko:Pattern found: (terminal width 511) 
alex>
alex>terminal width 511
DEBUG:netmiko:In disable_paging
DEBUG:netmiko:Command: terminal length 0

DEBUG:netmiko:read_channel: t
DEBUG:netmiko:write_channel: b'terminal length 0\n'
DEBUG:netmiko:read_channel: 
DEBUG:netmiko:read_channel: m
DEBUG:netmiko:read_channel: e
DEBUG:netmiko:read_channel: 
DEBUG:netmiko:read_channel: in
DEBUG:netmiko:read_channel: r
DEBUG:netmiko:write_channel: b'terminal width 511\n'
DEBUG:netmiko:read_channel: 
3swalex>
3swalex>
DEBUG:netmiko:read_channel: terminal length 
DEBUG:netmiko:read_channel: al 
DEBUG:netmiko:read_channel: t
DEBUG:netmiko:read_channel: min
DEBUG:netmiko:read_channel: 0
alex>
DEBUG:netmiko:Pattern found: (terminal\ length\ 0) 
alex>terminal length 0
DEBUG:netmiko:
alex>terminal length 0
DEBUG:netmiko:Exiting disable_paging
DEBUG:netmiko:read_channel: wi
DEBUG:netmiko:write_channel: b'terminal width 511\n'
DEBUG:netmiko:read_channel: 
3swalex2>
3swalex2>
DEBUG:netmiko:read_channel: al
DEBUG:netmiko:read_channel: erm
DEBUG:netmiko:read_channel: 
DEBUG:netmiko:Clear buffer detects data in the channel
DEBUG:netmiko:read_channel: dt
DEBUG:netmiko:read_channel: t
DEBUG:netmiko:read_channel: inal
DEBUG:netmiko:read_channel:  w
DEBUG:netmiko:read_channel: 
DEBUG:netmiko:read_channel:  
DEBUG:netmiko:read_channel: 
DEBUG:netmiko:read_channel: e
DEBUG:netmiko:read_channel: 
DEBUG:netmiko:write_channel: b'\n'
DEBUG:netmiko:read_channel: 
DEBUG:netmiko:read_channel: h
DEBUG:netmiko:read_channel: 
DEBUG:netmiko:read_channel: i
DEBUG:netmiko:read_channel: r
DEBUG:netmiko:read_channel: 
alex>
DEBUG:netmiko:Pattern found: (\#|>) 
alex>
DEBUG:netmiko:read_channel: 
DEBUG:netmiko:read_channel:  
DEBUG:netmiko:read_channel: 
DEBUG:netmiko:read_channel: m
DEBUG:netmiko:read_channel: 
DEBUG:netmiko:[find_prompt()]: prompt is alex>
DEBUG:netmiko:read_channel: 5
DEBUG:netmiko:read_channel: width
DEBUG:netmiko:read_channel: in
DEBUG:netmiko:read_channel: d
DEBUG:netmiko:read_channel: 
DEBUG:netmiko:write_channel: b'\n'
DEBUG:netmiko:read_channel: 11

DEBUG:netmiko:Pattern found: (terminal width 511) 
swalex>
swalex>terminal width 511
DEBUG:netmiko:In disable_paging
DEBUG:netmiko:Command: terminal length 0

DEBUG:netmiko:write_channel: b'terminal length 0\n'
DEBUG:netmiko:read_channel: al
DEBUG:netmiko:read_channel:  51
DEBUG:netmiko:read_channel: 
DEBUG:netmiko:read_channel: th 
DEBUG:netmiko:read_channel:  
DEBUG:netmiko:read_channel: swalex>
DEBUG:netmiko:read_channel: 
DEBUG:netmiko:read_channel: 1

DEBUG:netmiko:Pattern found: (terminal width 511) 
3swalex>
3swalex>terminal width 511
DEBUG:netmiko:In disable_paging
DEBUG:netmiko:Command: terminal length 0

DEBUG:netmiko:write_channel: b'terminal length 0\n'
DEBUG:netmiko:read_channel: 
DEBUG:netmiko:read_channel: w
DEBUG:netmiko:read_channel: 
alex>
DEBUG:netmiko:read_channel: 5
DEBUG:netmiko:read_channel: t
DEBUG:netmiko:read_channel: 
DEBUG:netmiko:read_channel: id
DEBUG:netmiko:read_channel: 
DEBUG:netmiko:[find_prompt()]: prompt is alex>
DEBUG:netmiko:write_channel: b'show ip interface brief\n'
DEBUG:netmiko:read_channel: 1
DEBUG:netmiko:read_channel: 
DEBUG:netmiko:read_channel: 3swalex>
DEBUG:netmiko:read_channel: erm
DEBUG:netmiko:read_channel: t
DEBUG:netmiko:read_channel: show 
DEBUG:netmiko:read_channel: 1

DEBUG:netmiko:Pattern found: (terminal width 511) 
sw2alex>
sw2alex>terminal width 511
DEBUG:netmiko:In disable_paging
DEBUG:netmiko:Command: terminal length 0

DEBUG:netmiko:read_channel: i
DEBUG:netmiko:read_channel: t
DEBUG:netmiko:write_channel: b'terminal length 0\n'
DEBUG:netmiko:read_channel: 
DEBUG:netmiko:read_channel: 
DEBUG:netmiko:read_channel: ip 
DEBUG:netmiko:read_channel: n
DEBUG:netmiko:read_channel: e
DEBUG:netmiko:read_channel: 
DEBUG:netmiko:read_channel: 
DEBUG:netmiko:read_channel: interface bri
DEBUG:netmiko:read_channel: 
DEBUG:netmiko:read_channel: 
DEBUG:netmiko:read_channel: r
DEBUG:netmiko:read_channel: 
DEBUG:netmiko:read_channel: ef

DEBUG:netmiko:Pattern found: (show\ ip\ interface\ brief) show ip interface brief
DEBUG:netmiko:read_channel: a
DEBUG:netmiko:read_channel: sw2alex>
DEBUG:netmiko:read_channel: mi
DEBUG:netmiko:read_channel: 
DEBUG:netmiko:read_channel: 
DEBUG:netmiko:read_channel: 
DEBUG:netmiko:read_channel: 
DEBUG:netmiko:read_channel: h 5
DEBUG:netmiko:read_channel: l
DEBUG:netmiko:read_channel: t
DEBUG:netmiko:read_channel: nal
DEBUG:netmiko:read_channel: Interface                  IP-Address      OK? Method Status                Protocol
FastEthernet0/0            unassigned      YES NVRAM  administratively down down    
FastEthernet0/1            unassigned      YES NVRAM  administratively down down    
Serial1/0                  11.1.1.1        YES NVRAM  up                    down    
Serial1/1                  unassigned      YES NVRAM  administratively down down    
Serial1/2                  unassigned      YES NVRAM  administratively down down    
Serial1/3                  unassigned      YES NVRAM  administratively down down    
FastEthernet2/0            unassigned      YES NVRAM  administratively down down    
Ethernet3/0                10.1.1.2        YES NVRAM  up                    up      
Ethernet3/1                20.1.1.2        YES NVRAM  up                    up      
Ethernet3/2                22.1.1.5        YES NVRAM  up                    up      
Ethernet3/3                unassigned      YES NVRAM  administratively down down    
alex>
DEBUG:netmiko:read_channel: 11
DEBUG:netmiko:Pattern found: (terminal width 511) 
3swalex2>
3swalex2>terminal width 511
DEBUG:netmiko:In disable_paging
DEBUG:netmiko:Command: terminal length 0

DEBUG:netmiko:write_channel: b'terminal length 0\n'
DEBUG:netmiko:read_channel: 
DEBUG:netmiko:read_channel:  le
DEBUG:netmiko:read_channel: e
DEBUG:netmiko:read_channel:  
DEBUG:netmiko:read_channel: 
3swalex2>
DEBUG:netmiko:read_channel: ng
DEBUG:netmiko:read_channel: r
DEBUG:netmiko:read_channel: le
DEBUG:netmiko:read_channel: 
DEBUG:netmiko:read_channel: t
DEBUG:netmiko:read_channel: m
DEBUG:netmiko:read_channel: n
DEBUG:netmiko:read_channel: 
DEBUG:netmiko:read_channel: 
DEBUG:netmiko:read_channel: 
DEBUG:netmiko:read_channel: 
DEBUG:netmiko:read_channel: t
DEBUG:netmiko:read_channel: h
DEBUG:netmiko:read_channel: 
DEBUG:netmiko:read_channel: i
DEBUG:netmiko:write_channel: b'\n'
DEBUG:netmiko:read_channel: 
DEBUG:netmiko:read_channel: 
DEBUG:netmiko:read_channel: 
DEBUG:netmiko:read_channel: n
DEBUG:netmiko:read_channel: g
DEBUG:netmiko:read_channel: 
DEBUG:netmiko:read_channel: 
DEBUG:netmiko:read_channel: 
DEBUG:netmiko:read_channel: 
DEBUG:netmiko:read_channel: 
alex>
DEBUG:netmiko:read_channel: e
DEBUG:netmiko:read_channel:  
DEBUG:netmiko:read_channel: th
DEBUG:netmiko:read_channel: a
DEBUG:netmiko:read_channel: 
DEBUG:netmiko:[find_prompt()]: prompt is alex>
DEBUG:netmiko:read_channel: r
DEBUG:netmiko:read_channel: 0
DEBUG:netmiko:Pattern found: (terminal\ length\ 0) 
swalex>terminal length 0
DEBUG:netmiko:
swalex>terminal length 0
DEBUG:netmiko:Exiting disable_paging
DEBUG:netmiko:write_channel: b'\n'
DEBUG:netmiko:read_channel: 
DEBUG:netmiko:read_channel: 
DEBUG:netmiko:read_channel: l l
DEBUG:netmiko:read_channel: 
DEBUG:netmiko:read_channel: 
DEBUG:netmiko:write_channel: b'\n'
DEBUG:netmiko:read_channel: 
DEBUG:netmiko:read_channel:  
DEBUG:netmiko:read_channel: 
alex>
DEBUG:netmiko:read_channel: 
DEBUG:netmiko:Pattern found: (alex.*) 
alex>
DEBUG:netmiko:write_channel: b'enable\n'
DEBUG:netmiko:read_channel: 
DEBUG:netmiko:read_channel: m
DEBUG:netmiko:read_channel: 

DEBUG:netmiko:read_channel: 
DEBUG:netmiko:read_channel: en
DEBUG:netmiko:read_channel: enable
DEBUG:netmiko:Pattern found: (enable) enable
DEBUG:netmiko:read_channel: 
DEBUG:netmiko:read_channel: 

DEBUG:netmiko:read_channel: swalex>
DEBUG:netmiko:Pattern found: (\#|>) 
swalex>
DEBUG:netmiko:read_channel: 
DEBUG:netmiko:read_channel: g
DEBUG:netmiko:read_channel: i
DEBUG:netmiko:read_channel: 
DEBUG:netmiko:read_channel: 
DEBUG:netmiko:[find_prompt()]: prompt is swalex>
DEBUG:netmiko:read_channel: 0
DEBUG:netmiko:Pattern found: (terminal\ length\ 0) 
3swalex>terminal length 0
DEBUG:netmiko:
3swalex>terminal length 0
DEBUG:netmiko:Exiting disable_paging
DEBUG:netmiko:read_channel: t
DEBUG:netmiko:read_channel: n
DEBUG:netmiko:read_channel: Password: 
DEBUG:netmiko:Pattern found: ((?:alex|ssword)) 
Password
DEBUG:netmiko:read_channel: 
DEBUG:netmiko:write_channel: b'********\n'
DEBUG:netmiko:read_channel: 
DEBUG:netmiko:write_channel: b'\n'
DEBUG:netmiko:read_channel: 

DEBUG:netmiko:Clear buffer detects data in the channel
DEBUG:netmiko:read_channel: h
DEBUG:netmiko:read_channel: 
DEBUG:netmiko:read_channel: 
DEBUG:netmiko:read_channel:  0
sw2alex>
DEBUG:netmiko:Pattern found: (terminal\ length\ 0) 
sw2alex>terminal length 0
DEBUG:netmiko:
sw2alex>terminal length 0
DEBUG:netmiko:Exiting disable_paging
DEBUG:netmiko:read_channel: al
DEBUG:netmiko:read_channel: 
DEBUG:netmiko:read_channel: 3swalex>
DEBUG:netmiko:Clear buffer detects data in the channel
DEBUG:netmiko:read_channel: 
swalex>
DEBUG:netmiko:read_channel: 
DEBUG:netmiko:Clear buffer detects data in the channel
DEBUG:netmiko:read_channel:  l
DEBUG:netmiko:read_channel: 
alex#
DEBUG:netmiko:Pattern found: (alex) : 
alex
DEBUG:netmiko:write_channel: b'\n'
DEBUG:netmiko:read_channel: 
DEBUG:netmiko:read_channel: 

DEBUG:netmiko:Clear buffer detects data in the channel
DEBUG:netmiko:read_channel: en
DEBUG:netmiko:read_channel: 
DEBUG:netmiko:read_channel: 
DEBUG:netmiko:write_channel: b'\n'
DEBUG:netmiko:read_channel: 
DEBUG:netmiko:read_channel: gt
DEBUG:netmiko:read_channel: 
alex#
DEBUG:netmiko:Pattern found: (alex.*) #
alex#
DEBUG:netmiko:write_channel: b'conf t\n'
DEBUG:netmiko:read_channel: swalex>
DEBUG:netmiko:Clear buffer detects data in the channel
DEBUG:netmiko:read_channel: 

DEBUG:netmiko:read_channel: h 0

DEBUG:netmiko:Pattern found: (terminal\ length\ 0) 
3swalex2>terminal length 0
DEBUG:netmiko:
3swalex2>terminal length 0
DEBUG:netmiko:Exiting disable_paging
DEBUG:netmiko:read_channel: 
DEBUG:netmiko:write_channel: b'\n'
DEBUG:netmiko:read_channel: 
DEBUG:netmiko:read_channel: sw2alex>
DEBUG:netmiko:Pattern found: (\#|>) 
sw2alex>
DEBUG:netmiko:read_channel: 3swalex2>
DEBUG:netmiko:Clear buffer detects data in the channel
DEBUG:netmiko:read_channel: 

DEBUG:netmiko:read_channel: 
DEBUG:netmiko:[find_prompt()]: prompt is sw2alex>
DEBUG:netmiko:read_channel: 3swalex>
DEBUG:netmiko:Pattern found: (\#|>) 
3swalex>
DEBUG:netmiko:read_channel: 
DEBUG:netmiko:write_channel: b'\n'
DEBUG:netmiko:read_channel: 
DEBUG:netmiko:write_channel: b'\n'
DEBUG:netmiko:read_channel: 
DEBUG:netmiko:read_channel: 
DEBUG:netmiko:[find_prompt()]: prompt is 3swalex>
DEBUG:netmiko:read_channel: 
DEBUG:netmiko:[find_prompt()]: prompt is swalex>
DEBUG:netmiko:write_channel: b'show ip interface brief\n'
DEBUG:netmiko:read_channel: 
DEBUG:netmiko:read_channel: 

DEBUG:netmiko:read_channel: 
DEBUG:netmiko:write_channel: b'\n'
DEBUG:netmiko:read_channel: s
DEBUG:netmiko:read_channel: 3swalex2>
DEBUG:netmiko:Pattern found: (\#|>) 
3swalex2>
DEBUG:netmiko:read_channel: 
sw2alex>
DEBUG:netmiko:read_channel: how
DEBUG:netmiko:read_channel: 
DEBUG:netmiko:[find_prompt()]: prompt is 3swalex2>
DEBUG:netmiko:read_channel: 
DEBUG:netmiko:[find_prompt()]: prompt is sw2alex>
DEBUG:netmiko:write_channel: b'show ip interface brief\n'
DEBUG:netmiko:read_channel: 
DEBUG:netmiko:read_channel:  ip
DEBUG:netmiko:read_channel: 
3swalex>
DEBUG:netmiko:read_channel: 
DEBUG:netmiko:write_channel: b'\n'
DEBUG:netmiko:read_channel:  i
DEBUG:netmiko:read_channel: s
DEBUG:netmiko:read_channel: 
DEBUG:netmiko:[find_prompt()]: prompt is 3swalex>
DEBUG:netmiko:write_channel: b'show ip interface brief\n'
DEBUG:netmiko:read_channel: 
DEBUG:netmiko:read_channel: ho
DEBUG:netmiko:read_channel: nt
DEBUG:netmiko:read_channel: conf t
Enter configuration commands, one per line.  End with CNTL/Z.
alex(config)#
DEBUG:netmiko:read_channel: s
DEBUG:netmiko:read_channel: 
3swalex2>
DEBUG:netmiko:read_channel: er
DEBUG:netmiko:read_channel: w i
DEBUG:netmiko:read_channel: h
DEBUG:netmiko:read_channel: 
DEBUG:netmiko:[find_prompt()]: prompt is 3swalex2>
DEBUG:netmiko:write_channel: b'show ip interface brief\n'
DEBUG:netmiko:read_channel: 
DEBUG:netmiko:read_channel: f
DEBUG:netmiko:read_channel: p 
DEBUG:netmiko:read_channel: ow
DEBUG:netmiko:read_channel: s
DEBUG:netmiko:read_channel: ace 
DEBUG:netmiko:read_channel: int
DEBUG:netmiko:read_channel:  ip
DEBUG:netmiko:read_channel: how
DEBUG:netmiko:read_channel: br
DEBUG:netmiko:read_channel: er
DEBUG:netmiko:read_channel:  i
DEBUG:netmiko:read_channel:  ip
DEBUG:netmiko:read_channel: 
DEBUG:netmiko:read_channel: fa
DEBUG:netmiko:read_channel: n
DEBUG:netmiko:read_channel:  i
DEBUG:netmiko:read_channel: ce
DEBUG:netmiko:read_channel: ief
DEBUG:netmiko:Pattern found: (show\ ip\ interface\ brief) show ip interface brief
DEBUG:netmiko:read_channel: ter
DEBUG:netmiko:read_channel: nte
DEBUG:netmiko:read_channel:  b
DEBUG:netmiko:read_channel: 
DEBUG:netmiko:read_channel: rf
DEBUG:netmiko:read_channel: rie
DEBUG:netmiko:read_channel: fa
DEBUG:netmiko:read_channel: 
Interface              IP-Address      OK? Method Status                Protocol
Ethernet0/0            unassigned      YES unset  administratively down down    
Ethernet0/1            unassigned      YES unset  administratively down down    
Ethernet0/2            unassigned      YES unset  administratively down down    
Ethernet0/3            unassigned      YES unset  administratively down down    
Ethernet1/0            unassigned      YES unset  administratively down down    
Ethernet1/1            unassigned      YES unset  administratively down down    
Ethernet1/2            22.1.1.1        YES NVRAM  up                    up      
Ethernet1/3            unassigned      YES unset  administratively down down    
Ethernet2/0            unassigned      YES unset  up                    up      
Ethernet2/1            unassigned      YES unset  up                    up      
Ethernet2/2            unassigned      YES unset  up                    up      
Ethernet2/3            unassigned      YES unset  up                    up      
Ethernet3/0            unassigned      YES unset  up                    up      
Ethernet3/1            unassigned      YES unset  up                    up      
Ethernet3/2            unassigned      YES unset  up                    up      
Ethernet3/3            unassigned      YES unset  up                    up      
swalex>
DEBUG:netmiko:read_channel: a
DEBUG:netmiko:read_channel: f
DEBUG:netmiko:Pattern found: (show\ ip\ interface\ brief) show ip interface brief
DEBUG:netmiko:read_channel: c
DEBUG:netmiko:read_channel: 
DEBUG:netmiko:read_channel: c
DEBUG:netmiko:read_channel: 
DEBUG:netmiko:read_channel: e
DEBUG:netmiko:read_channel: 
DEBUG:netmiko:read_channel: 

DEBUG:netmiko:read_channel:  
DEBUG:netmiko:read_channel: e
DEBUG:netmiko:read_channel: b
DEBUG:netmiko:read_channel:  
DEBUG:netmiko:read_channel: 
DEBUG:netmiko:read_channel: Interface              IP-Address      OK? Method Status                Protocol
Ethernet0/0            unassigned      YES unset  up                    up      
Ethernet0/1            unassigned      YES unset  up                    up      
Ethernet0/2            unassigned      YES unset  up                    up      
Ethernet0/3            unassigned      YES unset  up                    up      
Ethernet1/0            unassigned      YES unset  up                    up      
Ethernet1/1            unassigned      YES unset  up                    up      
Ethernet1/2            22.1.1.2        YES NVRAM  up                    up      
Ethernet1/3            unassigned      YES unset  up                    up      
Ethernet2/0            unassigned      YES unset  up                    up      
Ethernet2/1            unassigned      YES unset  up                    up      
Ethernet2/2            unassigned      YES unset  up                    up      
Ethernet2/3            unassigned      YES unset  up                    up      
Ethernet3/0            unassigned      YES unset  up                    up      
Ethernet3/1            unassigned      YES unset  up                    up      
Ethernet3/2            unassigned      YES unset  up                    up      
Ethernet3/3            unassigned      YES unset  up                    up      
Vlan1                  unassigned      YES unset  administratively down down    
sw2alex>
DEBUG:netmiko:read_channel: b
DEBUG:netmiko:read_channel: 
DEBUG:netmiko:read_channel: ri
DEBUG:netmiko:read_channel: ri
DEBUG:netmiko:read_channel: e
DEBUG:netmiko:read_channel: e
DEBUG:netmiko:read_channel: 
DEBUG:netmiko:read_channel: f
DEBUG:netmiko:Pattern found: (show\ ip\ interface\ brief) show ip interface brief
DEBUG:netmiko:read_channel: f

DEBUG:netmiko:Pattern found: (show\ ip\ interface\ brief) show ip interface brief
DEBUG:netmiko:read_channel: 
DEBUG:netmiko:read_channel: 
Interface              IP-Address      OK? Method Status                Protocol
Ethernet0/0            unassigned      YES unset  up                    up      
Ethernet0/1            unassigned      YES unset  administratively down down    
Ethernet0/2            unassigned      YES unset  administratively down down    
Ethernet0/3            22.1.1.4        YES NVRAM  up                    up      
Ethernet1/0            unassigned      YES unset  administratively down down    
Ethernet1/1            unassigned      YES unset  administratively down down    
Ethernet1/2            unassigned      YES unset  administratively down down    
Ethernet1/3            unassigned      YES unset  administratively down down    
Ethernet2/0            unassigned      YES unset  up                    up      
Ethernet2/1            unassigned      YES unset  up                    up      
Ethernet2/2            unassigned      YES unset  up                    up      
Ethernet2/3            unassigned      YES unset  up                    up      
Ethernet3/0            unassigned      YES unset  up                    up      
Ethernet3/1            20.1.1.1        YES NVRAM  up                    up      
Ethernet3/2            unassigned      YES unset  up                    up      
Ethernet3/3            unassigned      YES unset  up                    up      
3swalex2>
DEBUG:netmiko:read_channel: Interface              IP-Address      OK? Method Status                Protocol
Ethernet0/0            unassigned      YES unset  up                    up      
Ethernet0/1            unassigned      YES unset  administratively down down    
Ethernet0/2            10.1.1.1        YES NVRAM  up                    up      
Ethernet0/3            22.1.1.3        YES NVRAM  up                    up      
Ethernet1/0            unassigned      YES unset  administratively down down    
Ethernet1/1            unassigned      YES unset  administratively down down    
Ethernet1/2            unassigned      YES unset  administratively down down    
Ethernet1/3            unassigned      YES unset  administratively down down    
Ethernet2/0            unassigned      YES unset  up                    up      
Ethernet2/1            unassigned      YES unset  up                    up      
Ethernet2/2            unassigned      YES unset  up                    up      
Ethernet2/3            unassigned      YES unset  up                    up      
Ethernet3/0            unassigned      YES unset  up                    up      
Ethernet3/1            unassigned      YES unset  up                    up      
Ethernet3/2            unassigned      YES unset  up                    up      
Ethernet3/3            unassigned      YES unset  up                    up      
Vlan10                 unassigned      YES unset  down                  down    
Vlan20                 unassigned      YES unset  down                  down    
Vlan30                 unassigned      YES unset  down                  down    
Vlan40                 unassigned      YES unset  down                  down    
3swalex>
DEBUG:netmiko:read_channel: 
DEBUG:netmiko:write_channel: b'int Serial1/0\n'
DEBUG:netmiko:read_channel: int Serial1/0
alex(config-if)#
DEBUG:netmiko:read_channel: 
DEBUG:netmiko:read_channel: 
DEBUG:netmiko:write_channel: b'no shut\n'
DEBUG:netmiko:read_channel: no shut
alex(config-if)#
DEBUG:netmiko:read_channel: 
DEBUG:netmiko:read_channel: 
DEBUG:netmiko:write_channel: b'end\n'
DEBUG:netmiko:read_channel: end
alex#
DEBUG:netmiko:read_channel: 
DEBUG:netmiko:read_channel: 
DEBUG:urllib3.connectionpool:Starting new HTTPS connection (1): api.telegram.org:443
DEBUG:urllib3.connectionpool:https://api.telegram.org:443 "POST /bot5803750722:AAGLa0rDUryF3lfsHWI1ycONlkpbR32V0dQ/sendMessage HTTP/1.1" 200 273
DEBUG:netmiko:read_channel: 
DEBUG:netmiko:write_channel: b'\n'
DEBUG:netmiko:read_channel: 
swalex>
DEBUG:netmiko:read_channel: 
DEBUG:netmiko:[find_prompt()]: prompt is swalex>
DEBUG:netmiko:write_channel: b'show ip interface brief\n'
DEBUG:netmiko:read_channel: 
DEBUG:netmiko:read_channel: s
DEBUG:netmiko:read_channel: how
DEBUG:netmiko:read_channel:  i
DEBUG:netmiko:read_channel: p 
DEBUG:netmiko:read_channel: inter
DEBUG:netmiko:read_channel: fa
DEBUG:netmiko:read_channel: ce 
DEBUG:netmiko:read_channel: b
DEBUG:netmiko:read_channel: ri
DEBUG:netmiko:read_channel: ef

DEBUG:netmiko:Pattern found: (show\ ip\ interface\ brief) show ip interface brief
DEBUG:netmiko:read_channel: Interface              IP-Address      OK? Method Status                Protocol
Ethernet0/0            unassigned      YES unset  administratively down down    
Ethernet0/1            unassigned      YES unset  administratively down down    
Ethernet0/2            unassigned      YES unset  administratively down down    
Ethernet0/3            unassigned      YES unset  administratively down down    
Ethernet1/0            unassigned      YES unset  administratively down down    
Ethernet1/1            unassigned      YES unset  administratively down down    
Ethernet1/2            22.1.1.1        YES NVRAM  up                    up      
Ethernet1/3            unassigned      YES unset  administratively down down    
Ethernet2/0            unassigned      YES unset  up                    up      
Ethernet2/1            unassigned      YES unset  up                    up      
Ethernet2/2            unassigned      YES unset  up                    up      
Ethernet2/3            unassigned      YES unset  up                    up      
Ethernet3/0            unassigned      YES unset  up                    up      
Ethernet3/1            unassigned      YES unset  up                    up      
Ethernet3/2            unassigned      YES unset  up                    up      
Ethernet3/3            unassigned      YES unset  up                    up      
swalex>
DEBUG:netmiko:read_channel: 
DEBUG:netmiko:write_channel: b'\n'
DEBUG:netmiko:read_channel: 
DEBUG:netmiko:write_channel: b'\n'
DEBUG:netmiko:read_channel: 
DEBUG:netmiko:write_channel: b'\n'
DEBUG:netmiko:read_channel: 
sw2alex>
DEBUG:netmiko:read_channel: 
3swalex2>
DEBUG:netmiko:read_channel: 
3swalex>
DEBUG:netmiko:read_channel: 
DEBUG:netmiko:[find_prompt()]: prompt is sw2alex>
DEBUG:netmiko:write_channel: b'show ip interface brief\n'
DEBUG:netmiko:read_channel: 
DEBUG:netmiko:read_channel: 
DEBUG:netmiko:[find_prompt()]: prompt is 3swalex2>
DEBUG:netmiko:write_channel: b'show ip interface brief\n'
DEBUG:netmiko:read_channel: 
DEBUG:netmiko:read_channel: 
DEBUG:netmiko:[find_prompt()]: prompt is 3swalex>
DEBUG:netmiko:write_channel: b'show ip interface brief\n'
DEBUG:netmiko:read_channel: 
DEBUG:netmiko:read_channel: sh
DEBUG:netmiko:read_channel: sh
DEBUG:netmiko:read_channel: 
DEBUG:netmiko:read_channel: ow
DEBUG:netmiko:read_channel: ow
DEBUG:netmiko:read_channel: sh
DEBUG:netmiko:read_channel:  ip
DEBUG:netmiko:read_channel:  ip
DEBUG:netmiko:read_channel: ow 
DEBUG:netmiko:read_channel:  i
DEBUG:netmiko:read_channel:  
DEBUG:netmiko:read_channel: ip 
DEBUG:netmiko:read_channel: nt
DEBUG:netmiko:read_channel: in
DEBUG:netmiko:read_channel: in
DEBUG:netmiko:read_channel: erf
DEBUG:netmiko:read_channel: te
DEBUG:netmiko:read_channel: ter
DEBUG:netmiko:read_channel: ace
DEBUG:netmiko:read_channel: rfa
DEBUG:netmiko:read_channel: fac
DEBUG:netmiko:read_channel:  br
DEBUG:netmiko:read_channel: ce 
DEBUG:netmiko:read_channel: e b
DEBUG:netmiko:read_channel: ief
DEBUG:netmiko:Pattern found: (show\ ip\ interface\ brief) show ip interface brief
DEBUG:netmiko:read_channel: bri
DEBUG:netmiko:read_channel: rief
DEBUG:netmiko:Pattern found: (show\ ip\ interface\ brief) show ip interface brief
DEBUG:netmiko:read_channel: ef

DEBUG:netmiko:Pattern found: (show\ ip\ interface\ brief) show ip interface brief
DEBUG:netmiko:read_channel: 
Interface              IP-Address      OK? Method Status                Protocol
Ethernet0/0            unassigned      YES unset  up                    up      
Ethernet0/1            unassigned      YES unset  up                    up      
Ethernet0/2            unassigned      YES unset  up                    up      
Ethernet0/3            unassigned      YES unset  up                    up      
Ethernet1/0            unassigned      YES unset  up                    up      
Ethernet1/1            unassigned      YES unset  up                    up      
Ethernet1/2            22.1.1.2        YES NVRAM  up                    up      
Ethernet1/3            unassigned      YES unset  up                    up      
Ethernet2/0            unassigned      YES unset  up                    up      
Ethernet2/1            unassigned      YES unset  up                    up      
Ethernet2/2            unassigned      YES unset  up                    up      
Ethernet2/3            unassigned      YES unset  up                    up      
Ethernet3/0            unassigned      YES unset  up                    up      
Ethernet3/1            unassigned      YES unset  up                    up      
Ethernet3/2            unassigned      YES unset  up                    up      
Ethernet3/3            unassigned      YES unset  up                    up      
Vlan1                  unassigned      YES unset  administratively down down    
sw2alex>
DEBUG:netmiko:read_channel: 
Interface              IP-Address      OK? Method Status                Protocol
Ethernet0/0            unassigned      YES unset  up                    up      
Ethernet0/1            unassigned      YES unset  administratively down down    
Ethernet0/2            10.1.1.1        YES NVRAM  up                    up      
Ethernet0/3            22.1.1.3        YES NVRAM  up                    up      
Ethernet1/0            unassigned      YES unset  administratively down down    
Ethernet1/1            unassigned      YES unset  administratively down down    
Ethernet1/2            unassigned      YES unset  administratively down down    
Ethernet1/3            unassigned      YES unset  administratively down down    
Ethernet2/0            unassigned      YES unset  up                    up      
Ethernet2/1            unassigned      YES unset  up                    up      
Ethernet2/2            unassigned      YES unset  up                    up      
Ethernet2/3            unassigned      YES unset  up                    up      
Ethernet3/0            unassigned      YES unset  up                    up      
Ethernet3/1            unassigned      YES unset  up                    up      
Ethernet3/2            unassigned      YES unset  up                    up      
Ethernet3/3            unassigned      YES unset  up                    up      
Vlan10                 unassigned      YES unset  down                  down    
Vlan20                 unassigned      YES unset  down                  down    
Vlan30                 unassigned      YES unset  down                  down    
Vlan40                 unassigned      YES unset  down                  down    
3swalex>
DEBUG:netmiko:read_channel: Interface              IP-Address      OK? Method Status                Protocol
Ethernet0/0            unassigned      YES unset  up                    up      
Ethernet0/1            unassigned      YES unset  administratively down down    
Ethernet0/2            unassigned      YES unset  administratively down down    
Ethernet0/3            22.1.1.4        YES NVRAM  up                    up      
Ethernet1/0            unassigned      YES unset  administratively down down    
Ethernet1/1            unassigned      YES unset  administratively down down    
Ethernet1/2            unassigned      YES unset  administratively down down    
Ethernet1/3            unassigned      YES unset  administratively down down    
Ethernet2/0            unassigned      YES unset  up                    up      
Ethernet2/1            unassigned      YES unset  up                    up      
Ethernet2/2            unassigned      YES unset  up                    up      
Ethernet2/3            unassigned      YES unset  up                    up      
Ethernet3/0            unassigned      YES unset  up                    up      
Ethernet3/1            20.1.1.1        YES NVRAM  up                    up      
Ethernet3/2            unassigned      YES unset  up                    up      
Ethernet3/3            unassigned      YES unset  up                    up      
3swalex2>
DEBUG:netmiko:read_channel: 
DEBUG:netmiko:write_channel: b'\n'
DEBUG:netmiko:read_channel: 
alex#
DEBUG:netmiko:read_channel: 
DEBUG:netmiko:[find_prompt()]: prompt is alex#
DEBUG:netmiko:write_channel: b'show ip interface brief\n'
DEBUG:netmiko:read_channel: 
DEBUG:netmiko:read_channel: show ip in
DEBUG:netmiko:read_channel: terface brief
Interface                  IP-Address      OK? Method Status                Protocol
FastEthernet0/0            unassigned      YES NVRAM  administratively down down    
FastEthernet0/1            unassigned      YES NVRAM  administratively down down    
Serial1/0                  11.1.1.1        YES NVRAM  up                    down    
Serial1/1                  unassigned      YES NVRAM  administratively down down    
Serial1/2                  unassigned      YES NVRAM  administratively down down    
Serial1/3                  unassigned      YES NVRAM  administratively down down    
FastEthernet2/0            unassigned      YES NVRAM  administratively down down    
Ethernet3/0                10.1.1.2        YES NVRAM  up                    up      
Ethernet3/1                20.1.1.2        YES NVRAM  up                    up      
Ethernet3/2                22.1.1.5        YES NVRAM  up                    up      
Ethernet3/3                unassigned      YES NVRAM  administratively down do
DEBUG:netmiko:Pattern found: (show\ ip\ interface\ brief) show ip interface brief
DEBUG:netmiko:read_channel: wn    
alex#
DEBUG:netmiko:read_channel: 
DEBUG:netmiko:write_channel: b'\n'
DEBUG:netmiko:read_channel: 
alex#
DEBUG:netmiko:read_channel: 
DEBUG:netmiko:[find_prompt()]: prompt is alex#
DEBUG:netmiko:write_channel: b'\n'
DEBUG:netmiko:read_channel: 
DEBUG:netmiko:read_channel: 
alex#
DEBUG:netmiko:Pattern found: (alex.*) 
alex#
DEBUG:netmiko:write_channel: b'conf t\n'
DEBUG:netmiko:read_channel: conf t
Enter configuration commands, one per line.  End with CNTL/Z.
alex(config)#
DEBUG:netmiko:read_channel: 
DEBUG:netmiko:read_channel: 
DEBUG:netmiko:write_channel: b'\n'
DEBUG:netmiko:read_channel: 
swalex>
DEBUG:netmiko:read_channel: 
DEBUG:netmiko:[find_prompt()]: prompt is swalex>
DEBUG:netmiko:write_channel: b'show ip interface brief\n'
DEBUG:netmiko:read_channel: 
DEBUG:netmiko:read_channel: s
DEBUG:netmiko:read_channel: ho
DEBUG:netmiko:read_channel: w ip
DEBUG:netmiko:read_channel:  in
DEBUG:netmiko:read_channel: ter
DEBUG:netmiko:read_channel: fac
DEBUG:netmiko:read_channel: e b
DEBUG:netmiko:read_channel: rie
DEBUG:netmiko:read_channel: f
Interface              IP-Address      OK? Method Status                Protocol
Ethernet0/0            unassigned      YES unset  administratively down down    
Ethernet0/1            unassigned      YES unset  administratively down down    
Ethernet0/2            unassigned      YES unset  administratively down down    
Ethernet0/3            unassigned      YES unset  administratively down down    
Ethernet1/0            unassigned      YES unset  administratively down down    
Ethernet1/1            unassigned      YES unset  administratively down down    
Ethernet1/2            22.1.1.1        YES NVRAM  up                    up      
Ethernet1/3            unassigned      YES unset  administratively down down    
Ethernet2/0            unassigned      YES unset  up                    up      
Ethernet2/1            unassigned      YES unset  up                    up      
Ethernet2/2            unassigned      YES unset  up                    up      
Ethernet2/3            unassigned      YES unset  up                    up      
Ethernet3/0            unassigned      YES unset  up                    up      
Ethernet3/1            unassigned      YES unset  up                    up      
Ethernet3/2            unassigned      YES unset  up                    up      
Ethernet3/3            unassigned      YES unset  up                    up      
swalex>
DEBUG:netmiko:Pattern found: (show\ ip\ interface\ brief) show ip interface brief
DEBUG:netmiko:read_channel: 
DEBUG:netmiko:read_channel: 
DEBUG:netmiko:write_channel: b'\n'
DEBUG:netmiko:read_channel: 
DEBUG:netmiko:write_channel: b'\n'
DEBUG:netmiko:read_channel: 
sw2alex>
DEBUG:netmiko:read_channel: 
DEBUG:netmiko:[find_prompt()]: prompt is sw2alex>
DEBUG:netmiko:write_channel: b'show ip interface brief\n'
DEBUG:netmiko:read_channel: 
DEBUG:netmiko:read_channel: s
DEBUG:netmiko:read_channel: 
3swalex2>
DEBUG:netmiko:read_channel: how 
DEBUG:netmiko:read_channel: 
DEBUG:netmiko:[find_prompt()]: prompt is 3swalex2>
DEBUG:netmiko:write_channel: b'show ip interface brief\n'
DEBUG:netmiko:read_channel: 
DEBUG:netmiko:read_channel: 
DEBUG:netmiko:write_channel: b'\n'
DEBUG:netmiko:read_channel: ip
DEBUG:netmiko:read_channel: sh
DEBUG:netmiko:read_channel:  in
DEBUG:netmiko:read_channel: ow 
DEBUG:netmiko:read_channel: ter
DEBUG:netmiko:read_channel: 
3swalex>
DEBUG:netmiko:read_channel: ip i
DEBUG:netmiko:read_channel: 
DEBUG:netmiko:[find_prompt()]: prompt is 3swalex>
DEBUG:netmiko:read_channel: fac
DEBUG:netmiko:write_channel: b'show ip interface brief\n'
DEBUG:netmiko:read_channel: 
DEBUG:netmiko:read_channel: nt
DEBUG:netmiko:read_channel: e b
DEBUG:netmiko:read_channel: s
DEBUG:netmiko:read_channel: erfa
DEBUG:netmiko:read_channel: ri
DEBUG:netmiko:read_channel: how
DEBUG:netmiko:read_channel: ce 
DEBUG:netmiko:read_channel: ef

DEBUG:netmiko:read_channel:  i
DEBUG:netmiko:Pattern found: (show\ ip\ interface\ brief) show ip interface brief
DEBUG:netmiko:read_channel: br
DEBUG:netmiko:read_channel: p i
DEBUG:netmiko:read_channel: ief
DEBUG:netmiko:Pattern found: (show\ ip\ interface\ brief) show ip interface brief
DEBUG:netmiko:read_channel: nte
DEBUG:netmiko:read_channel: Interface              IP-Address      OK? Method Status                Protocol
Ethernet0/0            unassigned      YES unset  up                    up      
Ethernet0/1            unassigned      YES unset  up                    up      
Ethernet0/2            unassigned      YES unset  up                    up      
Ethernet0/3            unassigned      YES unset  up                    up      
Ethernet1/0            unassigned      YES unset  up                    up      
Ethernet1/1            unassigned      YES unset  up                    up      
Ethernet1/2            22.1.1.2        YES NVRAM  up                    up      
Ethernet1/3            unassigned      YES unset  up                    up      
Ethernet2/0            unassigned      YES unset  up                    up      
Ethernet2/1            unassigned      YES unset  up                    up      
Ethernet2/2            unassigned      YES unset  up                    up      
Ethernet2/3            unassigned      YES unset  up                    up      
Ethernet3/0            unassigned      YES unset  up                    up      
Ethernet3/1            unassigned      YES unset  up                    up      
Ethernet3/2            unassigned      YES unset  up                    up      
Ethernet3/3            unassigned      YES unset  up                    up      
Vlan1                  unassigned      YES unset  administratively down down    
sw2alex>
DEBUG:netmiko:read_channel: rf
DEBUG:netmiko:read_channel: 
Interface              IP-Address      OK? Method Status                Protocol
Ethernet0/0            unassigned      YES unset  up                    up      
Ethernet0/1            unassigned      YES unset  administratively down down    
Ethernet0/2            unassigned      YES unset  administratively down down    
Ethernet0/3            22.1.1.4        YES NVRAM  up                    up      
Ethernet1/0            unassigned      YES unset  administratively down down    
Ethernet1/1            unassigned      YES unset  administratively down down    
Ethernet1/2            unassigned      YES unset  administratively down down    
Ethernet1/3            unassigned      YES unset  administratively down down    
Ethernet2/0            unassigned      YES unset  up                    up      
Ethernet2/1            unassigned      YES unset  up                    up      
Ethernet2/2            unassigned      YES unset  up                    up      
Ethernet2/3            unassigned      YES unset  up                    up      
Ethernet3/0            unassigned      YES unset  up                    up      
Ethernet3/1            20.1.1.1        YES NVRAM  up                    up      
Ethernet3/2            unassigned      YES unset  up                    up      
Ethernet3/3            unassigned      YES unset  up                    up      
3swalex2>
DEBUG:netmiko:read_channel: a
DEBUG:netmiko:read_channel: c
DEBUG:netmiko:read_channel: e
DEBUG:netmiko:read_channel:  br
DEBUG:netmiko:read_channel: ie
DEBUG:netmiko:read_channel: f
Interface              IP-Address      OK? Method Status                Protocol
Ethernet0/0            unassigned      YES unset  up                    up      
Ethernet0/1            unassigned      YES unset  administratively down down    
Ethernet0/2            10.1.1.1        YES NVRAM  up                    up      
Ethernet0/3            22.1.1.3        YES NVRAM  up                    up      
Ethernet1/0            unassigned      YES unset  administratively down down    
Ethernet1/1            unassigned      YES unset  administratively down down    
Ethernet1/2            unassigned      YES unset  administratively down down    
Ethernet1/3            unassigned      YES unset  administratively down down    
Ethernet2/0            unassigned      YES unset  up                    up      
Ethernet2/1            unassigned      YES unset  up                    up      
Ethernet2/2            unassigned      YES unset  up                    up      
Ethernet2/3            unassigned      YES unset  up                    up      
Ethernet3/0            unassigned      YES unset  up                    up      
Ethernet3/1            unassigned      YES unset  up                    up      
Ethernet3/2            unassigned      YES unset  up                    up      
Ethernet3/3            unassigned      YES unset  up                    up      
Vlan10                 unassigned      YES unset  down                  down    
Vlan20                 unassigned      YES unset  down                  down    
Vlan30                 unassigned      YES unset  down                  down    
Vlan40                 unassigned      YES unset  down                  down    
3swalex>
DEBUG:netmiko:Pattern found: (show\ ip\ interface\ brief) show ip interface brief
DEBUG:netmiko:read_channel: 
DEBUG:netmiko:read_channel: 
DEBUG:netmiko:write_channel: b'int Serial1/0\n'
DEBUG:netmiko:read_channel: int Serial1/0
alex(config-if)#
DEBUG:netmiko:read_channel: 
DEBUG:netmiko:read_channel: 
DEBUG:netmiko:write_channel: b'no shut\n'
DEBUG:netmiko:read_channel: no shut
alex(config-if)#
DEBUG:netmiko:read_channel: 
DEBUG:netmiko:read_channel: 
DEBUG:netmiko:write_channel: b'end\n'
DEBUG:netmiko:read_channel: end
alex#
DEBUG:netmiko:read_channel: 
DEBUG:netmiko:read_channel: 
DEBUG:urllib3.connectionpool:Starting new HTTPS connection (1): api.telegram.org:443
DEBUG:urllib3.connectionpool:https://api.telegram.org:443 "POST /bot5803750722:AAGLa0rDUryF3lfsHWI1ycONlkpbR32V0dQ/sendMessage HTTP/1.1" 200 273
DEBUG:netmiko:read_channel: 
DEBUG:netmiko:write_channel: b'\n'
DEBUG:netmiko:read_channel: 
swalex>
DEBUG:netmiko:read_channel: 
DEBUG:netmiko:[find_prompt()]: prompt is swalex>
DEBUG:netmiko:write_channel: b'show ip interface brief\n'
DEBUG:netmiko:read_channel: 
DEBUG:netmiko:read_channel: s
DEBUG:netmiko:read_channel: how
DEBUG:netmiko:read_channel:  ip
DEBUG:netmiko:read_channel:  i
DEBUG:netmiko:read_channel: nte
DEBUG:netmiko:read_channel: rfa
DEBUG:netmiko:read_channel: ce 
DEBUG:netmiko:read_channel: br
DEBUG:netmiko:read_channel: ie
DEBUG:netmiko:read_channel: f

DEBUG:netmiko:Pattern found: (show\ ip\ interface\ brief) show ip interface brief
DEBUG:netmiko:read_channel: Interface              IP-Address      OK? Method Status                Protocol
Ethernet0/0            unassigned      YES unset  administratively down down    
Ethernet0/1            unassigned      YES unset  administratively down down    
Ethernet0/2            unassigned      YES unset  administratively down down    
Ethernet0/3            unassigned      YES unset  administratively down down    
Ethernet1/0            unassigned      YES unset  administratively down down    
Ethernet1/1            unassigned      YES unset  administratively down down    
Ethernet1/2            22.1.1.1        YES NVRAM  up                    up      
Ethernet1/3            unassigned      YES unset  administratively down down    
Ethernet2/0            unassigned      YES unset  up                    up      
Ethernet2/1            unassigned      YES unset  up                    up      
Ethernet2/2            unassigned      YES unset  up                    up      
Ethernet2/3            unassigned      YES unset  up                    up      
Ethernet3/0            unassigned      YES unset  up                    up      
Ethernet3/1            unassigned      YES unset  up                    up      
Ethernet3/2            unassigned      YES unset  up                    up      
Ethernet3/3            unassigned      YES unset  up                    up      
swalex>
DEBUG:netmiko:read_channel: 
DEBUG:netmiko:write_channel: b'\n'
DEBUG:netmiko:read_channel: 
sw2alex>
DEBUG:netmiko:read_channel: 
DEBUG:netmiko:write_channel: b'\n'
DEBUG:netmiko:read_channel: 
DEBUG:netmiko:[find_prompt()]: prompt is sw2alex>
DEBUG:netmiko:write_channel: b'show ip interface brief\n'
DEBUG:netmiko:read_channel: 
DEBUG:netmiko:read_channel: s
DEBUG:netmiko:read_channel: ho
DEBUG:netmiko:read_channel: 
DEBUG:netmiko:read_channel: 
3swalex2>
DEBUG:netmiko:write_channel: b'\n'
DEBUG:netmiko:read_channel: w 
DEBUG:netmiko:read_channel: 
DEBUG:netmiko:[find_prompt()]: prompt is 3swalex2>
DEBUG:netmiko:write_channel: b'show ip interface brief\n'
DEBUG:netmiko:read_channel: 
DEBUG:netmiko:read_channel: ip
DEBUG:netmiko:read_channel: s
DEBUG:netmiko:read_channel: 
3swalex>
DEBUG:netmiko:read_channel:  i
DEBUG:netmiko:read_channel: ho
DEBUG:netmiko:read_channel: 
DEBUG:netmiko:[find_prompt()]: prompt is 3swalex>
DEBUG:netmiko:write_channel: b'show ip interface brief\n'
DEBUG:netmiko:read_channel: 
DEBUG:netmiko:read_channel: nt
DEBUG:netmiko:read_channel: w 
DEBUG:netmiko:read_channel: s
DEBUG:netmiko:read_channel: er
DEBUG:netmiko:read_channel: ip
DEBUG:netmiko:read_channel: ho
DEBUG:netmiko:read_channel: fa
DEBUG:netmiko:read_channel:  i
DEBUG:netmiko:read_channel: w 
DEBUG:netmiko:read_channel: ce
DEBUG:netmiko:read_channel: nt
DEBUG:netmiko:read_channel: ip
DEBUG:netmiko:read_channel:  b
DEBUG:netmiko:read_channel: er
DEBUG:netmiko:read_channel:  i
DEBUG:netmiko:read_channel: fac
DEBUG:netmiko:read_channel: rie
DEBUG:netmiko:read_channel: nte
DEBUG:netmiko:read_channel: e 
DEBUG:netmiko:read_channel: f
Interface              IP-Address      OK? Method Status                Protocol
Ethernet0/0            unassigned      YES unset  up                    up      
Ethernet0/1            unassigned      YES unset  up                    up      
Ethernet0/2            unassigned      YES unset  up                    up      
Ethernet0/3            unassigned      YES unset  up                    up      
Ethernet1/0            unassigned      YES unset  up                    up      
Ethernet1/1            unassigned      YES unset  up                    up      
Ethernet1/2            22.1.1.2        YES NVRAM  up                    up      
Ethernet1/3            unassigned      YES unset  up                    up      
Ethernet2/0            unassigned      YES unset  up                    up      
Ethernet2/1            unassigned      YES unset  up                    up      
Ethernet2/2            unassigned      YES unset  up                    up      
Ethernet2/3            unassigned      YES unset  up                    up      
Ethernet3/0            unassigned      YES unset  up                    up      
Ethernet3/1            unassigned      YES unset  up                    up      
Ethernet3/2            unassigned      YES unset  up                    up      
Ethernet3/3            unassigned      YES unset  up                    up      
Vlan1                  unassigned      YES unset  administratively down down    
sw2alex>
DEBUG:netmiko:Pattern found: (show\ ip\ interface\ brief) show ip interface brief
DEBUG:netmiko:read_channel: rf
DEBUG:netmiko:read_channel: bri
DEBUG:netmiko:read_channel: ac
DEBUG:netmiko:read_channel: ef
DEBUG:netmiko:Pattern found: (show\ ip\ interface\ brief) show ip interface brief
DEBUG:netmiko:read_channel: 
DEBUG:netmiko:read_channel: e b
DEBUG:netmiko:read_channel: ri
DEBUG:netmiko:read_channel: 
Interface              IP-Address      OK? Method Status                Protocol
Ethernet0/0            unassigned      YES unset  up                    up      
Ethernet0/1            unassigned      YES unset  administratively down down    
Ethernet0/2            unassigned      YES unset  administratively down down    
Ethernet0/3            22.1.1.4        YES NVRAM  up                    up      
Ethernet1/0            unassigned      YES unset  administratively down down    
Ethernet1/1            unassigned      YES unset  administratively down down    
Ethernet1/2            unassigned      YES unset  administratively down down    
Ethernet1/3            unassigned      YES unset  administratively down down    
Ethernet2/0            unassigned      YES unset  up                    up      
Ethernet2/1            unassigned      YES unset  up                    up      
Ethernet2/2            unassigned      YES unset  up                    up      
Ethernet2/3            unassigned      YES unset  up                    up      
Ethernet3/0            unassigned      YES unset  up                    up      
Ethernet3/1            20.1.1.1        YES NVRAM  up                    up      
Ethernet3/2            unassigned      YES unset  up                    up      
Ethernet3/3            unassigned      YES unset  up                    up      
3swalex2>
DEBUG:netmiko:read_channel: e
DEBUG:netmiko:read_channel: f

DEBUG:netmiko:Pattern found: (show\ ip\ interface\ brief) show ip interface brief
DEBUG:netmiko:read_channel: Interface              IP-Address      OK? Method Status                Protocol
Ethernet0/0            unassigned      YES unset  up                    up      
Ethernet0/1            unassigned      YES unset  administratively down down    
Ethernet0/2            10.1.1.1        YES NVRAM  up                    up      
Ethernet0/3            22.1.1.3        YES NVRAM  up                    up      
Ethernet1/0            unassigned      YES unset  administratively down down    
Ethernet1/1            unassigned      YES unset  administratively down down    
Ethernet1/2            unassigned      YES unset  administratively down down    
Ethernet1/3            unassigned      YES unset  administratively down down    
Ethernet2/0            unassigned      YES unset  up                    up      
Ethernet2/1            unassigned      YES unset  up                    up      
Ethernet2/2            unassigned      YES unset  up                    up      
Ethernet2/3            unassigned      YES unset  up                    up      
Ethernet3/0            unassigned      YES unset  up                    up      
Ethernet3/1            unassigned      YES unset  up                    up      
Ethernet3/2            unassigned      YES unset  up                    up      
Ethernet3/3            unassigned      YES unset  up                    up      
Vlan10                 unassigned      YES unset  down                  down    
Vlan20                 unassigned      YES unset  down                  down    
Vlan30                 unassigned      YES unset  down                  down    
Vlan40                 unassigned      YES unset  down                  down    
3swalex>
DEBUG:netmiko:read_channel: 
DEBUG:netmiko:write_channel: b'\n'
DEBUG:netmiko:read_channel: 
alex#
DEBUG:netmiko:read_channel: 
DEBUG:netmiko:[find_prompt()]: prompt is alex#
DEBUG:netmiko:write_channel: b'show ip interface brief\n'
DEBUG:netmiko:read_channel: 
DEBUG:netmiko:read_channel: sh
DEBUG:netmiko:read_channel: ow ip interface 
DEBUG:netmiko:read_channel: brief
Interface                  IP-Address      OK? Method Status                Protocol
FastEthernet0/0            unassigned      YES NVRAM  administratively down down    
FastEthernet0/1            unassigned      YES NVRAM  administratively down down    
Serial1/0                  11.1.1.1        YES NVRAM  up                    down    
Serial1/1                  unassigned      YES NVRAM  administratively down down    
Serial1/2                  unassigned      YES NVRAM  administratively down down    
Serial1/3                  unassigned      YES NVRAM  administratively down down    
FastEthernet2/0            unassigned      YES NVRAM  administratively down down    
Ethernet3/0                10.1.1.2        YES NVRAM  up                    up      
Ethernet3/1                20.1.1.2        YES NVRAM  up                    up      
Ethernet3/2                22.1.1.5        YES NVRAM  up                    up      
Ethernet3/3                unassigned      YES NVRAM  administratively down down    
alex#
DEBUG:netmiko:Pattern found: (show\ ip\ interface\ brief) show ip interface brief
DEBUG:netmiko:read_channel: 
DEBUG:netmiko:read_channel: 
DEBUG:netmiko:write_channel: b'\n'
DEBUG:netmiko:read_channel: 
DEBUG:netmiko:write_channel: b'\n'
DEBUG:netmiko:read_channel: 
alex#
alex#
DEBUG:netmiko:read_channel: 
DEBUG:netmiko:[find_prompt()]: prompt is alex#
DEBUG:netmiko:write_channel: b'\n'
DEBUG:netmiko:read_channel: 
DEBUG:netmiko:read_channel: 
alex#
DEBUG:netmiko:Pattern found: (alex.*) 
alex#
DEBUG:netmiko:write_channel: b'conf t\n'
DEBUG:netmiko:read_channel: conf t
Enter configuration commands, one per line.  End with CNTL/Z.
alex(config)#
DEBUG:netmiko:read_channel: 
DEBUG:netmiko:read_channel: 
DEBUG:netmiko:write_channel: b'\n'
DEBUG:netmiko:read_channel: 
swalex>
DEBUG:netmiko:read_channel: 
DEBUG:netmiko:[find_prompt()]: prompt is swalex>
DEBUG:netmiko:write_channel: b'show ip interface brief\n'
DEBUG:netmiko:read_channel: 
DEBUG:netmiko:read_channel: s
DEBUG:netmiko:read_channel: how 
DEBUG:netmiko:read_channel: ip
DEBUG:netmiko:read_channel:  int
DEBUG:netmiko:read_channel: er
DEBUG:netmiko:read_channel: face
DEBUG:netmiko:read_channel:  bri
DEBUG:netmiko:read_channel: ef
DEBUG:netmiko:Pattern found: (show\ ip\ interface\ brief) show ip interface brief
DEBUG:netmiko:read_channel: 
Interface              IP-Address      OK? Method Status                Protocol
Ethernet0/0            unassigned      YES unset  administratively down down    
Ethernet0/1            unassigned      YES unset  administratively down down    
Ethernet0/2            unassigned      YES unset  administratively down down    
Ethernet0/3            unassigned      YES unset  administratively down down    
Ethernet1/0            unassigned      YES unset  administratively down down    
Ethernet1/1            unassigned      YES unset  administratively down down    
Ethernet1/2            22.1.1.1        YES NVRAM  up                    up      
Ethernet1/3            unassigned      YES unset  administratively down down    
Ethernet2/0            unassigned      YES unset  up                    up      
Ethernet2/1            unassigned      YES unset  up                    up      
Ethernet2/2            unassigned      YES unset  up                    up      
Ethernet2/3            unassigned      YES unset  up                    up      
Ethernet3/0            unassigned      YES unset  up                    up      
Ethernet3/1            unassigned      YES unset  up                    up      
Ethernet3/2            unassigned      YES unset  up                    up      
Ethernet3/3            unassigned      YES unset  up                    up      
swalex>
DEBUG:netmiko:read_channel: 
DEBUG:netmiko:write_channel: b'\n'
DEBUG:netmiko:read_channel: 
sw2alex>
DEBUG:netmiko:read_channel: 
DEBUG:netmiko:[find_prompt()]: prompt is sw2alex>
DEBUG:netmiko:write_channel: b'show ip interface brief\n'
DEBUG:netmiko:read_channel: 
DEBUG:netmiko:read_channel: 
DEBUG:netmiko:write_channel: b'\n'
DEBUG:netmiko:read_channel: s
DEBUG:netmiko:read_channel: how
DEBUG:netmiko:read_channel: 
DEBUG:netmiko:write_channel: b'\n'
DEBUG:netmiko:read_channel: 
3swalex2>
DEBUG:netmiko:read_channel:  i
DEBUG:netmiko:read_channel: 
DEBUG:netmiko:[find_prompt()]: prompt is 3swalex2>
DEBUG:netmiko:write_channel: b'show ip interface brief\n'
DEBUG:netmiko:read_channel: p i
DEBUG:netmiko:read_channel: 
DEBUG:netmiko:read_channel: 
3swalex>
DEBUG:netmiko:read_channel: nt
DEBUG:netmiko:read_channel: sh
DEBUG:netmiko:read_channel: 
DEBUG:netmiko:[find_prompt()]: prompt is 3swalex>
DEBUG:netmiko:write_channel: b'show ip interface brief\n'
DEBUG:netmiko:read_channel: 
DEBUG:netmiko:read_channel: erf
DEBUG:netmiko:read_channel: ow 
DEBUG:netmiko:read_channel: s
DEBUG:netmiko:read_channel: ip
DEBUG:netmiko:read_channel: a
DEBUG:netmiko:read_channel: how
DEBUG:netmiko:read_channel:  
DEBUG:netmiko:read_channel: c
DEBUG:netmiko:read_channel:  ip
DEBUG:netmiko:read_channel: in
DEBUG:netmiko:read_channel: e b
DEBUG:netmiko:read_channel:  i
DEBUG:netmiko:read_channel: te
DEBUG:netmiko:read_channel: ri
DEBUG:netmiko:read_channel: nt
DEBUG:netmiko:read_channel: rfa
DEBUG:netmiko:read_channel: ef

DEBUG:netmiko:Pattern found: (show\ ip\ interface\ brief) show ip interface brief
DEBUG:netmiko:read_channel: er
DEBUG:netmiko:read_channel: ce
DEBUG:netmiko:read_channel: fa
DEBUG:netmiko:read_channel:  br
DEBUG:netmiko:read_channel: Interface              IP-Address      OK? Method Status                Protocol
Ethernet0/0            unassigned      YES unset  up                    up      
Ethernet0/1            unassigned      YES unset  up                    up      
Ethernet0/2            unassigned      YES unset  up                    up      
Ethernet0/3            unassigned      YES unset  up                    up      
Ethernet1/0            unassigned      YES unset  up                    up      
Ethernet1/1            unassigned      YES unset  up                    up      
Ethernet1/2            22.1.1.2        YES NVRAM  up                    up      
Ethernet1/3            unassigned      YES unset  up                    up      
Ethernet2/0            unassigned      YES unset  up                    up      
Ethernet2/1            unassigned      YES unset  up                    up      
Ethernet2/2            unassigned      YES unset  up                    up      
Ethernet2/3            unassigned      YES unset  up                    up      
Ethernet3/0            unassigned      YES unset  up                    up      
Ethernet3/1            unassigned      YES unset  up                    up      
Ethernet3/2            unassigned      YES unset  up                    up      
Ethernet3/3            unassigned      YES unset  up                    up      
Vlan1                  unassigned      YES unset  administratively down down    
sw2alex>
DEBUG:netmiko:read_channel: ce 
DEBUG:netmiko:read_channel: ie
DEBUG:netmiko:read_channel: br
DEBUG:netmiko:read_channel: f

DEBUG:netmiko:Pattern found: (show\ ip\ interface\ brief) show ip interface brief
DEBUG:netmiko:read_channel: ie
DEBUG:netmiko:read_channel: f

DEBUG:netmiko:Pattern found: (show\ ip\ interface\ brief) show ip interface brief
DEBUG:netmiko:read_channel: Interface              IP-Address      OK? Method Status                Protocol
Ethernet0/0            unassigned      YES unset  up                    up      
Ethernet0/1            unassigned      YES unset  administratively down down    
Ethernet0/2            unassigned      YES unset  administratively down down    
Ethernet0/3            22.1.1.4        YES NVRAM  up                    up      
Ethernet1/0            unassigned      YES unset  administratively down down    
Ethernet1/1            unassigned      YES unset  administratively down down    
Ethernet1/2            unassigned      YES unset  administratively down down    
Ethernet1/3            unassigned      YES unset  administratively down down    
Ethernet2/0            unassigned      YES unset  up                    up      
Ethernet2/1            unassigned      YES unset  up                    up      
Ethernet2/2            unassigned      YES unset  up                    up      
Ethernet2/3            unassigned      YES unset  up                    up      
Ethernet3/0            unassigned      YES unset  up                    up      
Ethernet3/1            20.1.1.1        YES NVRAM  up                    up      
Ethernet3/2            unassigned      YES unset  up                    up      
Ethernet3/3            unassigned      YES unset  up                    up      
3swalex2>
DEBUG:netmiko:read_channel: Interface              IP-Address      OK? Method Status                Protocol
Ethernet0/0            unassigned      YES unset  up                    up      
Ethernet0/1            unassigned      YES unset  administratively down down    
Ethernet0/2            10.1.1.1        YES NVRAM  up                    up      
Ethernet0/3            22.1.1.3        YES NVRAM  up                    up      
Ethernet1/0            unassigned      YES unset  administratively down down    
Ethernet1/1            unassigned      YES unset  administratively down down    
Ethernet1/2            unassigned      YES unset  administratively down down    
Ethernet1/3            unassigned      YES unset  administratively down down    
Ethernet2/0            unassigned      YES unset  up                    up      
Ethernet2/1            unassigned      YES unset  up                    up      
Ethernet2/2            unassigned      YES unset  up                    up      
Ethernet2/3            unassigned      YES unset  up                    up      
Ethernet3/0            unassigned      YES unset  up                    up      
Ethernet3/1            unassigned      YES unset  up                    up      
Ethernet3/2            unassigned      YES unset  up                    up      
Ethernet3/3            unassigned      YES unset  up                    up      
Vlan10                 unassigned      YES unset  down                  down    
Vlan20                 unassigned      YES unset  down                  down    
Vlan30                 unassigned      YES unset  down                  down    
Vlan40                 unassigned      YES unset  down                  down    
3swalex>
DEBUG:netmiko:read_channel: 
DEBUG:netmiko:write_channel: b'int Serial1/0\n'
DEBUG:netmiko:read_channel: int Serial1/0
alex(config-if)#
DEBUG:netmiko:read_channel: 
DEBUG:netmiko:read_channel: 
DEBUG:netmiko:write_channel: b'no shut\n'
DEBUG:netmiko:read_channel: no shut
alex(config-if)#
DEBUG:netmiko:read_channel: 
DEBUG:netmiko:read_channel: 
DEBUG:netmiko:write_channel: b'end\n'
DEBUG:netmiko:read_channel: end
alex#
DEBUG:netmiko:read_channel: 
DEBUG:netmiko:read_channel: 
DEBUG:urllib3.connectionpool:Starting new HTTPS connection (1): api.telegram.org:443
DEBUG:urllib3.connectionpool:https://api.telegram.org:443 "POST /bot5803750722:AAGLa0rDUryF3lfsHWI1ycONlkpbR32V0dQ/sendMessage HTTP/1.1" 200 273
DEBUG:netmiko:read_channel: 
DEBUG:netmiko:write_channel: b'\n'
DEBUG:netmiko:read_channel: 
swalex>
DEBUG:netmiko:read_channel: 
DEBUG:netmiko:[find_prompt()]: prompt is swalex>
DEBUG:netmiko:write_channel: b'show ip interface brief\n'
DEBUG:netmiko:read_channel: 
DEBUG:netmiko:read_channel: s
DEBUG:netmiko:read_channel: how 
DEBUG:netmiko:read_channel: ip i
DEBUG:netmiko:read_channel: nt
DEBUG:netmiko:read_channel: erfa
DEBUG:netmiko:read_channel: ce
DEBUG:netmiko:read_channel:  bri
DEBUG:netmiko:read_channel: ef
DEBUG:netmiko:Pattern found: (show\ ip\ interface\ brief) show ip interface brief
DEBUG:netmiko:read_channel: 
Interface              IP-Address      OK? Method Status                Protocol
Ethernet0/0            unassigned      YES unset  administratively down down    
Ethernet0/1            unassigned      YES unset  administratively down down    
Ethernet0/2            unassigned      YES unset  administratively down down    
Ethernet0/3            unassigned      YES unset  administratively down down    
Ethernet1/0            unassigned      YES unset  administratively down down    
Ethernet1/1            unassigned      YES unset  administratively down down    
Ethernet1/2            22.1.1.1        YES NVRAM  up                    up      
Ethernet1/3            unassigned      YES unset  administratively down down    
Ethernet2/0            unassigned      YES unset  up                    up      
Ethernet2/1            unassigned      YES unset  up                    up      
Ethernet2/2            unassigned      YES unset  up                    up      
Ethernet2/3            unassigned      YES unset  up                    up      
Ethernet3/0            unassigned      YES unset  up                    up      
Ethernet3/1            unassigned      YES unset  up                    up      
Ethernet3/2            unassigned      YES unset  up                    up      
Ethernet3/3            unassigned      YES unset  up                    up      
swalex>
DEBUG:netmiko:read_channel: 
DEBUG:netmiko:write_channel: b'\n'
DEBUG:netmiko:read_channel: 
sw2alex>
DEBUG:netmiko:read_channel: 
DEBUG:netmiko:[find_prompt()]: prompt is sw2alex>
DEBUG:netmiko:write_channel: b'show ip interface brief\n'
DEBUG:netmiko:read_channel: 
DEBUG:netmiko:read_channel: 
DEBUG:netmiko:write_channel: b'\n'
DEBUG:netmiko:read_channel: s
DEBUG:netmiko:read_channel: how 
DEBUG:netmiko:read_channel: 
DEBUG:netmiko:write_channel: b'\n'
DEBUG:netmiko:read_channel: 
3swalex2>
DEBUG:netmiko:read_channel: ip
DEBUG:netmiko:read_channel: 
DEBUG:netmiko:[find_prompt()]: prompt is 3swalex2>
DEBUG:netmiko:write_channel: b'show ip interface brief\n'
DEBUG:netmiko:read_channel: 
DEBUG:netmiko:read_channel:  inte
DEBUG:netmiko:read_channel: 
3swalex>
DEBUG:netmiko:read_channel: s
DEBUG:netmiko:read_channel: rfa
DEBUG:netmiko:read_channel: 
DEBUG:netmiko:[find_prompt()]: prompt is 3swalex>
DEBUG:netmiko:write_channel: b'show ip interface brief\n'
DEBUG:netmiko:read_channel: 
DEBUG:netmiko:read_channel: how 
DEBUG:netmiko:read_channel: ce 
DEBUG:netmiko:read_channel: ip
DEBUG:netmiko:read_channel: s
DEBUG:netmiko:read_channel: bri
DEBUG:netmiko:read_channel: how
DEBUG:netmiko:read_channel:  in
DEBUG:netmiko:read_channel: ef
DEBUG:netmiko:Pattern found: (show\ ip\ interface\ brief) show ip interface brief
DEBUG:netmiko:read_channel:  ip
DEBUG:netmiko:read_channel: ter
DEBUG:netmiko:read_channel:  int
DEBUG:netmiko:read_channel: fa
DEBUG:netmiko:read_channel: 
Interface              IP-Address      OK? Method Status                Protocol
Ethernet0/0            unassigned      YES unset  up                    up      
Ethernet0/1            unassigned      YES unset  up                    up      
Ethernet0/2            unassigned      YES unset  up                    up      
Ethernet0/3            unassigned      YES unset  up                    up      
Ethernet1/0            unassigned      YES unset  up                    up      
Ethernet1/1            unassigned      YES unset  up                    up      
Ethernet1/2            22.1.1.2        YES NVRAM  up                    up      
Ethernet1/3            unassigned      YES unset  up                    up      
Ethernet2/0            unassigned      YES unset  up                    up      
Ethernet2/1            unassigned      YES unset  up                    up      
Ethernet2/2            unassigned      YES unset  up                    up      
Ethernet2/3            unassigned      YES unset  up                    up      
Ethernet3/0            unassigned      YES unset  up                    up      
Ethernet3/1            unassigned      YES unset  up                    up      
Ethernet3/2            unassigned      YES unset  up                    up      
Ethernet3/3            unassigned      YES unset  up                    up      
Vlan1                  unassigned      YES unset  administratively down down    
sw2alex>
DEBUG:netmiko:read_channel: erf
DEBUG:netmiko:read_channel: ce b
DEBUG:netmiko:read_channel: a
DEBUG:netmiko:read_channel: r
DEBUG:netmiko:read_channel: 
DEBUG:netmiko:read_channel: 
DEBUG:netmiko:read_channel: ce 
DEBUG:netmiko:read_channel: ief
DEBUG:netmiko:Pattern found: (show\ ip\ interface\ brief) show ip interface brief
DEBUG:netmiko:read_channel: 
DEBUG:netmiko:read_channel: b
DEBUG:netmiko:read_channel: 
Interface              IP-Address      OK? Method Status                Protocol
Ethernet0/0            unassigned      YES unset  up                    up      
Ethernet0/1            unassigned      YES unset  administratively down down    
Ethernet0/2            unassigned      YES unset  administratively down down    
Ethernet0/3            22.1.1.4        YES NVRAM  up                    up      
Ethernet1/0            unassigned      YES unset  administratively down down    
Ethernet1/1            unassigned      YES unset  administratively down down    
Ethernet1/2            unassigned      YES unset  administratively down down    
Ethernet1/3            unassigned      YES unset  administratively down down    
Ethernet2/0            unassigned      YES unset  up                    up      
Ethernet2/1            unassigned      YES unset  up                    up      
Ethernet2/2            unassigned      YES unset  up                    up      
Ethernet2/3            unassigned      YES unset  up                    up      
Ethernet3/0            unassigned      YES unset  up                    up      
Ethernet3/1            20.1.1.1        YES NVRAM  up                    up      
Ethernet3/2            unassigned      YES unset  up                    up      
Ethernet3/3            unassigned      YES unset  up                    up      
3swalex2>
DEBUG:netmiko:read_channel: r
DEBUG:netmiko:read_channel: 
DEBUG:netmiko:read_channel: i
DEBUG:netmiko:read_channel: ef
DEBUG:netmiko:Pattern found: (show\ ip\ interface\ brief) show ip interface brief
DEBUG:netmiko:read_channel: 
Interface              IP-Address      OK? Method Status                Protocol
Ethernet0/0            unassigned      YES unset  up                    up      
Ethernet0/1            unassigned      YES unset  administratively down down    
Ethernet0/2            10.1.1.1        YES NVRAM  up                    up      
Ethernet0/3            22.1.1.3        YES NVRAM  up                    up      
Ethernet1/0            unassigned      YES unset  administratively down down    
Ethernet1/1            unassigned      YES unset  administratively down down    
Ethernet1/2            unassigned      YES unset  administratively down down    
Ethernet1/3            unassigned      YES unset  administratively down down    
Ethernet2/0            unassigned      YES unset  up                    up      
Ethernet2/1            unassigned      YES unset  up                    up      
Ethernet2/2            unassigned      YES unset  up                    up      
Ethernet2/3            unassigned      YES unset  up                    up      
Ethernet3/0            unassigned      YES unset  up                    up      
Ethernet3/1            unassigned      YES unset  up                    up      
Ethernet3/2            unassigned      YES unset  up                    up      
Ethernet3/3            unassigned      YES unset  up                    up      
Vlan10                 unassigned      YES unset  down                  down    
Vlan20                 unassigned      YES unset  down                  down    
Vlan30                 unassigned      YES unset  down                  down    
Vlan40                 unassigned      YES unset  down                  down    
3swalex>
DEBUG:netmiko:read_channel: 
DEBUG:netmiko:write_channel: b'\n'
DEBUG:netmiko:read_channel: 
alex#
DEBUG:netmiko:read_channel: 
DEBUG:netmiko:[find_prompt()]: prompt is alex#
DEBUG:netmiko:write_channel: b'show ip interface brief\n'
DEBUG:netmiko:read_channel: 
DEBUG:netmiko:read_channel: 
DEBUG:netmiko:read_channel: show ip interface brief
Interface                  IP-Address      OK? Method Status                Protocol
FastEthernet0/0            unassigned      YES NVRAM  administratively down down    
FastEthernet0/1            unassigned      YES NVRAM  administratively down down    
Serial1/0                  11.1.1.1        YES NVRAM  up                    down    
Serial1/1                  unassigned      YES NVRAM  administratively down down    
Serial1/2                  unassigned      YES NVRAM  administratively down down    
Serial1/3                  unassigned      YES NVRAM  administratively down down    
FastEthernet2/0            unassigned      YES NVRAM  administratively down down    
Ethernet3/0                10.1.1.2        YES NVRAM  up                    up      
Ethernet3/1                20.1.1.2        YES NVRAM  up                    up      
Ethernet3/2                22.1.1.5        YES NVRAM  up                    up      
Ethernet3/3                unassigned      YES NVRAM  administratively down down    
alex#
DEBUG:netmiko:Pattern found: (show\ ip\ interface\ brief) show ip interface brief
DEBUG:netmiko:read_channel: 
DEBUG:netmiko:read_channel: 
DEBUG:netmiko:write_channel: b'\n'
DEBUG:netmiko:read_channel: 
alex#
DEBUG:netmiko:read_channel: 
DEBUG:netmiko:[find_prompt()]: prompt is alex#
DEBUG:netmiko:write_channel: b'\n'
DEBUG:netmiko:read_channel: 
DEBUG:netmiko:read_channel: 
alex#
DEBUG:netmiko:Pattern found: (alex.*) 
alex#
DEBUG:netmiko:write_channel: b'conf t\n'
DEBUG:netmiko:read_channel: conf t
Enter configuration commands, one per line.  End with CNTL/Z.
alex(config)#
DEBUG:netmiko:read_channel: 
DEBUG:netmiko:read_channel: 
DEBUG:netmiko:write_channel: b'int Serial1/0\n'
DEBUG:netmiko:read_channel: int Serial1/0
alex(config-if)#
DEBUG:netmiko:read_channel: 
DEBUG:netmiko:read_channel: 
DEBUG:netmiko:write_channel: b'\n'
DEBUG:netmiko:read_channel: 
swalex>
DEBUG:netmiko:read_channel: 
DEBUG:netmiko:[find_prompt()]: prompt is swalex>
DEBUG:netmiko:write_channel: b'show ip interface brief\n'
DEBUG:netmiko:read_channel: 
DEBUG:netmiko:read_channel: s
DEBUG:netmiko:read_channel: how 
DEBUG:netmiko:read_channel: ip
DEBUG:netmiko:read_channel:  i
DEBUG:netmiko:read_channel: nter
DEBUG:netmiko:read_channel: face
DEBUG:netmiko:read_channel:  b
DEBUG:netmiko:read_channel: rief
DEBUG:netmiko:Pattern found: (show\ ip\ interface\ brief) show ip interface brief
DEBUG:netmiko:read_channel: 
Interface              IP-Address      OK? Method Status                Protocol
Ethernet0/0            unassigned      YES unset  administratively down down    
Ethernet0/1            unassigned      YES unset  administratively down down    
Ethernet0/2            unassigned      YES unset  administratively down down    
Ethernet0/3            unassigned      YES unset  administratively down down    
Ethernet1/0            unassigned      YES unset  administratively down down    
Ethernet1/1            unassigned      YES unset  administratively down down    
Ethernet1/2            22.1.1.1        YES NVRAM  up                    up      
Ethernet1/3            unassigned      YES unset  administratively down down    
Ethernet2/0            unassigned      YES unset  up                    up      
Ethernet2/1            unassigned      YES unset  up                    up      
Ethernet2/2            unassigned      YES unset  up                    up      
Ethernet2/3            unassigned      YES unset  up                    up      
Ethernet3/0            unassigned      YES unset  up                    up      
Ethernet3/1            unassigned      YES unset  up                    up      
Ethernet3/2            unassigned      YES unset  up                    up      
Ethernet3/3            unassigned      YES unset  up                    up      
swalex>
DEBUG:netmiko:read_channel: 
DEBUG:netmiko:write_channel: b'\n'
DEBUG:netmiko:read_channel: 
sw2alex>
DEBUG:netmiko:read_channel: 
DEBUG:netmiko:[find_prompt()]: prompt is sw2alex>
DEBUG:netmiko:write_channel: b'show ip interface brief\n'
DEBUG:netmiko:read_channel: 
DEBUG:netmiko:read_channel: s
DEBUG:netmiko:read_channel: how 
DEBUG:netmiko:read_channel: 
DEBUG:netmiko:read_channel: ip
DEBUG:netmiko:write_channel: b'\n'
DEBUG:netmiko:read_channel:  in
DEBUG:netmiko:read_channel: ter
DEBUG:netmiko:read_channel: 
3swalex2>
DEBUG:netmiko:read_channel: fac
DEBUG:netmiko:read_channel: 
DEBUG:netmiko:[find_prompt()]: prompt is 3swalex2>
DEBUG:netmiko:write_channel: b'show ip interface brief\n'
DEBUG:netmiko:read_channel: 
DEBUG:netmiko:read_channel: e bri
DEBUG:netmiko:read_channel: sh
DEBUG:netmiko:read_channel: ef
DEBUG:netmiko:Pattern found: (show\ ip\ interface\ brief) show ip interface brief
DEBUG:netmiko:read_channel: ow
DEBUG:netmiko:read_channel:  ip
DEBUG:netmiko:read_channel: 
Interface              IP-Address      OK? Method Status                Protocol
Ethernet0/0            unassigned      YES unset  up                    up      
Ethernet0/1            unassigned      YES unset  up                    up      
Ethernet0/2            unassigned      YES unset  up                    up      
Ethernet0/3            unassigned      YES unset  up                    up      
Ethernet1/0            unassigned      YES unset  up                    up      
Ethernet1/1            unassigned      YES unset  up                    up      
Ethernet1/2            22.1.1.2        YES NVRAM  up                    up      
Ethernet1/3            unassigned      YES unset  up                    up      
Ethernet2/0            unassigned      YES unset  up                    up      
Ethernet2/1            unassigned      YES unset  up                    up      
Ethernet2/2            unassigned      YES unset  up                    up      
Ethernet2/3            unassigned      YES unset  up                    up      
Ethernet3/0            unassigned      YES unset  up                    up      
Ethernet3/1            unassigned      YES unset  up                    up      
Ethernet3/2            unassigned      YES unset  up                    up      
Ethernet3/3            unassigned      YES unset  up                    up      
Vlan1                  unassigned      YES unset  administratively down down    
sw2alex>
DEBUG:netmiko:read_channel:  int
DEBUG:netmiko:read_channel: 
DEBUG:netmiko:write_channel: b'\n'
DEBUG:netmiko:read_channel: er
DEBUG:netmiko:read_channel: f
DEBUG:netmiko:read_channel: a
DEBUG:netmiko:read_channel: 

DEBUG:netmiko:write_channel: b'\n'
DEBUG:netmiko:read_channel: c
DEBUG:netmiko:read_channel: e b
DEBUG:netmiko:read_channel: 3swalex>

DEBUG:netmiko:read_channel: ri
DEBUG:netmiko:read_channel: 3swalex>
DEBUG:netmiko:Clear buffer detects data in the channel
DEBUG:netmiko:read_channel: ef
DEBUG:netmiko:Pattern found: (show\ ip\ interface\ brief) show ip interface brief
DEBUG:netmiko:read_channel: 
DEBUG:netmiko:[find_prompt()]: prompt is 3swalex>
DEBUG:netmiko:write_channel: b'show ip interface brief\n'
DEBUG:netmiko:read_channel: 
DEBUG:netmiko:read_channel: 
Interface              IP-Address      OK? Method Status                Protocol
Ethernet0/0            unassigned      YES unset  up                    up      
Ethernet0/1            unassigned      YES unset  administratively down down    
Ethernet0/2            unassigned      YES unset  administratively down down    
Ethernet0/3            22.1.1.4        YES NVRAM  up                    up      
Ethernet1/0            unassigned      YES unset  administratively down down    
Ethernet1/1            unassigned      YES unset  administratively down down    
Ethernet1/2            unassigned      YES unset  administratively down down    
Ethernet1/3            unassigned      YES unset  administratively down down    
Ethernet2/0            unassigned      YES unset  up                    up      
Ethernet2/1            unassigned      YES unset  up                    up      
Ethernet2/2            unassigned      YES unset  up                    up      
Ethernet2/3            unassigned      YES unset  up                    up      
Ethernet3/0            unassigned      YES unset  up                    up      
Ethernet3/1            20.1.1.1        YES NVRAM  up                    up      
Ethernet3/2            unassigned      YES unset  up                    up      
Ethernet3/3            unassigned      YES unset  up                    up      
3swalex2>
DEBUG:netmiko:read_channel: s
DEBUG:netmiko:read_channel: ho
DEBUG:netmiko:read_channel: w i
DEBUG:netmiko:read_channel: p 
DEBUG:netmiko:read_channel: int
DEBUG:netmiko:read_channel: erf
DEBUG:netmiko:read_channel: ace
DEBUG:netmiko:read_channel:  b
DEBUG:netmiko:read_channel: rief
DEBUG:netmiko:Pattern found: (show\ ip\ interface\ brief) show ip interface brief
DEBUG:netmiko:read_channel: 
Interface              IP-Address      OK? Method Status                Protocol
Ethernet0/0            unassigned      YES unset  up                    up      
Ethernet0/1            unassigned      YES unset  administratively down down    
Ethernet0/2            10.1.1.1        YES NVRAM  up                    up      
Ethernet0/3            22.1.1.3        YES NVRAM  up                    up      
Ethernet1/0            unassigned      YES unset  administratively down down    
Ethernet1/1            unassigned      YES unset  administratively down down    
Ethernet1/2            unassigned      YES unset  administratively down down    
Ethernet1/3            unassigned      YES unset  administratively down down    
Ethernet2/0            unassigned      YES unset  up                    up      
Ethernet2/1            unassigned      YES unset  up                    up      
Ethernet2/2            unassigned      YES unset  up                    up      
Ethernet2/3            unassigned      YES unset  up                    up      
Ethernet3/0            unassigned      YES unset  up                    up      
Ethernet3/1            unassigned      YES unset  up                    up      
Ethernet3/2            unassigned      YES unset  up                    up      
Ethernet3/3            unassigned      YES unset  up                    up      
Vlan10                 unassigned      YES unset  down                  down    
Vlan20                 unassigned      YES unset  down                  down    
Vlan30                 unassigned      YES unset  down                  down    
Vlan40                 unassigned      YES unset  down                  down    
3swalex>
DEBUG:netmiko:read_channel: 
DEBUG:netmiko:write_channel: b'no shut\n'
DEBUG:netmiko:read_channel: no shut
alex(config-if)#
DEBUG:netmiko:read_channel: 
DEBUG:netmiko:read_channel: 
DEBUG:netmiko:write_channel: b'end\n'
DEBUG:netmiko:read_channel: end
alex#
DEBUG:netmiko:read_channel: 
DEBUG:netmiko:read_channel: 
DEBUG:urllib3.connectionpool:Starting new HTTPS connection (1): api.telegram.org:443
DEBUG:urllib3.connectionpool:https://api.telegram.org:443 "POST /bot5803750722:AAGLa0rDUryF3lfsHWI1ycONlkpbR32V0dQ/sendMessage HTTP/1.1" 200 273
DEBUG:netmiko:read_channel: 
DEBUG:netmiko:write_channel: b'\n'
DEBUG:netmiko:read_channel: 
swalex>
DEBUG:netmiko:read_channel: 
DEBUG:netmiko:[find_prompt()]: prompt is swalex>
DEBUG:netmiko:write_channel: b'show ip interface brief\n'
DEBUG:netmiko:read_channel: 
DEBUG:netmiko:read_channel: s
DEBUG:netmiko:read_channel: ho
DEBUG:netmiko:read_channel: w i
DEBUG:netmiko:read_channel: p 
DEBUG:netmiko:read_channel: int
DEBUG:netmiko:read_channel: er
DEBUG:netmiko:read_channel: fa
DEBUG:netmiko:read_channel: ce 
DEBUG:netmiko:read_channel: br
DEBUG:netmiko:read_channel: ief
DEBUG:netmiko:Pattern found: (show\ ip\ interface\ brief) show ip interface brief
DEBUG:netmiko:read_channel: 
Interface              IP-Address      OK? Method Status                Protocol
Ethernet0/0            unassigned      YES unset  administratively down down    
Ethernet0/1            unassigned      YES unset  administratively down down    
Ethernet0/2            unassigned      YES unset  administratively down down    
Ethernet0/3            unassigned      YES unset  administratively down down    
Ethernet1/0            unassigned      YES unset  administratively down down    
Ethernet1/1            unassigned      YES unset  administratively down down    
Ethernet1/2            22.1.1.1        YES NVRAM  up                    up      
Ethernet1/3            unassigned      YES unset  administratively down down    
Ethernet2/0            unassigned      YES unset  up                    up      
Ethernet2/1            unassigned      YES unset  up                    up      
Ethernet2/2            unassigned      YES unset  up                    up      
Ethernet2/3            unassigned      YES unset  up                    up      
Ethernet3/0            unassigned      YES unset  up                    up      
Ethernet3/1            unassigned      YES unset  up                    up      
Ethernet3/2            unassigned      YES unset  up                    up      
Ethernet3/3            unassigned      YES unset  up                    up      
swalex>
DEBUG:netmiko:read_channel: 
DEBUG:netmiko:write_channel: b'\n'
DEBUG:netmiko:read_channel: 
sw2alex>
DEBUG:netmiko:read_channel: 
DEBUG:netmiko:[find_prompt()]: prompt is sw2alex>
DEBUG:netmiko:write_channel: b'show ip interface brief\n'
DEBUG:netmiko:read_channel: 
DEBUG:netmiko:read_channel: s
DEBUG:netmiko:read_channel: ho
DEBUG:netmiko:read_channel: w i
DEBUG:netmiko:read_channel: p 
DEBUG:netmiko:read_channel: int
DEBUG:netmiko:read_channel: 
DEBUG:netmiko:write_channel: b'\n'
DEBUG:netmiko:read_channel: er
DEBUG:netmiko:read_channel: fac
DEBUG:netmiko:read_channel: 
3swalex2>
DEBUG:netmiko:read_channel: e b
DEBUG:netmiko:read_channel: 
DEBUG:netmiko:[find_prompt()]: prompt is 3swalex2>
DEBUG:netmiko:write_channel: b'show ip interface brief\n'
DEBUG:netmiko:read_channel: 
DEBUG:netmiko:read_channel: rie
DEBUG:netmiko:read_channel: s
DEBUG:netmiko:read_channel: f
Interface              IP-Address      OK? Method Status                Protocol
Ethernet0/0            unassigned      YES unset  up                    up      
Ethernet0/1            unassigned      YES unset  up                    up      
Ethernet0/2            unassigned      YES unset  up                    up      
Ethernet0/3            unassigned      YES unset  up                    up      
Ethernet1/0            unassigned      YES unset  up                    up      
Ethernet1/1            unassigned      YES unset  up                    up      
Ethernet1/2            22.1.1.2        YES NVRAM  up                    up      
Ethernet1/3            unassigned      YES unset  up                    up      
Ethernet2/0            unassigned      YES unset  up                    up      
Ethernet2/1            unassigned      YES unset  up                    up      
Ethernet2/2            unassigned      YES unset  up                    up      
Ethernet2/3            unassigned      YES unset  up                    up      
Ethernet3/0            unassigned      YES unset  up                    up      
Ethernet3/1            unassigned      YES unset  up                    up      
Ethernet3/2            unassigned      YES unset  up                    up      
Ethernet3/3            unassigned      YES unset  up                    up      
Vlan1                  unassigned      YES unset  administratively down down    
sw2alex>
DEBUG:netmiko:Pattern found: (show\ ip\ interface\ brief) show ip interface brief
DEBUG:netmiko:read_channel: ho
DEBUG:netmiko:read_channel: w i
DEBUG:netmiko:read_channel: p i
DEBUG:netmiko:read_channel: 
DEBUG:netmiko:read_channel: n
DEBUG:netmiko:read_channel: 
DEBUG:netmiko:read_channel: t
DEBUG:netmiko:read_channel: er
DEBUG:netmiko:read_channel: 
DEBUG:netmiko:write_channel: b'\n'
DEBUG:netmiko:read_channel: fa
DEBUG:netmiko:read_channel: c
DEBUG:netmiko:read_channel: e 
DEBUG:netmiko:read_channel: br
DEBUG:netmiko:read_channel: 
3swalex>
DEBUG:netmiko:read_channel: ie
DEBUG:netmiko:read_channel: 
DEBUG:netmiko:[find_prompt()]: prompt is 3swalex>
DEBUG:netmiko:write_channel: b'show ip interface brief\n'
DEBUG:netmiko:read_channel: 
DEBUG:netmiko:read_channel: f

DEBUG:netmiko:Pattern found: (show\ ip\ interface\ brief) show ip interface brief
DEBUG:netmiko:read_channel: 
DEBUG:netmiko:read_channel: sho
DEBUG:netmiko:read_channel: Interface              IP-Address      OK? Method Status                Protocol
Ethernet0/0            unassigned      YES unset  up                    up      
Ethernet0/1            unassigned      YES unset  administratively down down    
Ethernet0/2            unassigned      YES unset  administratively down down    
Ethernet0/3            22.1.1.4        YES NVRAM  up                    up      
Ethernet1/0            unassigned      YES unset  administratively down down    
Ethernet1/1            unassigned      YES unset  administratively down down    
Ethernet1/2            unassigned      YES unset  administratively down down    
Ethernet1/3            unassigned      YES unset  administratively down down    
Ethernet2/0            unassigned      YES unset  up                    up      
Ethernet2/1            unassigned      YES unset  up                    up      
Ethernet2/2            unassigned      YES unset  up                    up      
Ethernet2/3            unassigned      YES unset  up                    up      
Ethernet3/0            unassigned      YES unset  up                    up      
Ethernet3/1            20.1.1.1        YES NVRAM  up                    up      
Ethernet3/2            unassigned      YES unset  up                    up      
Ethernet3/3            unassigned      YES unset  up                    up      
3swalex2>
DEBUG:netmiko:read_channel: w
DEBUG:netmiko:read_channel:  
DEBUG:netmiko:read_channel: ip
DEBUG:netmiko:read_channel:  i
DEBUG:netmiko:read_channel: nt
DEBUG:netmiko:read_channel: er
DEBUG:netmiko:read_channel: fa
DEBUG:netmiko:read_channel: c
DEBUG:netmiko:read_channel: e b
DEBUG:netmiko:read_channel: ri
DEBUG:netmiko:read_channel: ef

DEBUG:netmiko:Pattern found: (show\ ip\ interface\ brief) show ip interface brief
DEBUG:netmiko:read_channel: Interface              IP-Address      OK? Method Status                Protocol
Ethernet0/0            unassigned      YES unset  up                    up      
Ethernet0/1            unassigned      YES unset  administratively down down    
Ethernet0/2            10.1.1.1        YES NVRAM  up                    up      
Ethernet0/3            22.1.1.3        YES NVRAM  up                    up      
Ethernet1/0            unassigned      YES unset  administratively down down    
Ethernet1/1            unassigned      YES unset  administratively down down    
Ethernet1/2            unassigned      YES unset  administratively down down    
Ethernet1/3            unassigned      YES unset  administratively down down    
Ethernet2/0            unassigned      YES unset  up                    up      
Ethernet2/1            unassigned      YES unset  up                    up      
Ethernet2/2            unassigned      YES unset  up                    up      
Ethernet2/3            unassigned      YES unset  up                    up      
Ethernet3/0            unassigned      YES unset  up                    up      
Ethernet3/1            unassigned      YES unset  up                    up      
Ethernet3/2            unassigned      YES unset  up                    up      
Ethernet3/3            unassigned      YES unset  up                    up      
Vlan10                 unassigned      YES unset  down                  down    
Vlan20                 unassigned      YES unset  down                  down    
Vlan30                 unassigned      YES unset  down                  down    
Vlan40                 unassigned      YES unset  down                  down    
3swalex>
DEBUG:netmiko:read_channel: 
DEBUG:netmiko:write_channel: b'\n'
DEBUG:netmiko:read_channel: 
alex#
DEBUG:netmiko:read_channel: 
DEBUG:netmiko:[find_prompt()]: prompt is alex#
DEBUG:netmiko:write_channel: b'show ip interface brief\n'
DEBUG:netmiko:read_channel: 
DEBUG:netmiko:read_channel: 
DEBUG:netmiko:read_channel: show ip interfac
DEBUG:netmiko:read_channel: e brief

DEBUG:netmiko:Pattern found: (show\ ip\ interface\ brief) show ip interface brief
DEBUG:netmiko:read_channel: Interface                  IP-Address      OK? Method Status                Protocol
FastEthernet0/0            unassigned      YES NVRAM  administratively down down    
FastEthernet0/1            unassigned      YES NVRAM  administratively down down    
Serial1/0                  11.1.1.1        YES NVRAM  up                    down    
Serial1/1                  unassigned      YES NVRAM  administratively down down    
Serial1/2                  unassigned      YES NVRAM  administratively down down    
Serial1/3                  unassigned      YES NVRAM  administratively down down    
FastEthernet2/0            unassigned      YES NVRAM  administratively down down    
Ethernet3/0                10.1.1.2        YES NVRAM  up                    up      
Ethernet3/1                20.1.1.2        YES NVRAM  up                    up      
Ethernet3/2                22.1.1.5        YES NVRAM  up                    up      
Ethernet3/3                unassigned      YES NVRAM  administratively down down    
alex#
DEBUG:netmiko:read_channel: 
DEBUG:netmiko:write_channel: b'\n'
DEBUG:netmiko:read_channel: 
DEBUG:netmiko:write_channel: b'\n'
DEBUG:netmiko:read_channel: 
alex#
DEBUG:netmiko:read_channel: 
alex#
DEBUG:netmiko:Clear buffer detects data in the channel
DEBUG:netmiko:read_channel: 
DEBUG:netmiko:[find_prompt()]: prompt is alex#
DEBUG:netmiko:write_channel: b'\n'
DEBUG:netmiko:read_channel: 
DEBUG:netmiko:read_channel: 
alex#
DEBUG:netmiko:Pattern found: (alex.*) 
alex#
DEBUG:netmiko:write_channel: b'conf t\n'
DEBUG:netmiko:read_channel: conf t
Enter configuration commands, one per line.  End with CNTL/Z.
alex(config)#
DEBUG:netmiko:read_channel: 
DEBUG:netmiko:read_channel: 
DEBUG:netmiko:write_channel: b'int Serial1/0\n'
DEBUG:netmiko:read_channel: int Serial1/0
alex(config-if)#
DEBUG:netmiko:read_channel: 
DEBUG:netmiko:read_channel: 
DEBUG:netmiko:write_channel: b'\n'
DEBUG:netmiko:read_channel: 
swalex>
DEBUG:netmiko:read_channel: 
DEBUG:netmiko:[find_prompt()]: prompt is swalex>
DEBUG:netmiko:write_channel: b'show ip interface brief\n'
DEBUG:netmiko:read_channel: 
DEBUG:netmiko:read_channel: sh
DEBUG:netmiko:read_channel: ow 
DEBUG:netmiko:read_channel: ip
DEBUG:netmiko:read_channel:  in
DEBUG:netmiko:read_channel: ter
DEBUG:netmiko:read_channel: fa
DEBUG:netmiko:read_channel: c
DEBUG:netmiko:read_channel: e 
DEBUG:netmiko:read_channel: brie
DEBUG:netmiko:read_channel: f
Interface              IP-Address      OK? Method Status                Protocol
Ethernet0/0            unassigned      YES unset  administratively down down    
Ethernet0/1            unassigned      YES unset  administratively down down    
Ethernet0/2            unassigned      YES unset  administratively down down    
Ethernet0/3            unassigned      YES unset  administratively down down    
Ethernet1/0            unassigned      YES unset  administratively down down    
Ethernet1/1            unassigned      YES unset  administratively down down    
Ethernet1/2            22.1.1.1        YES NVRAM  up                    up      
Ethernet1/3            unassigned      YES unset  administratively down down    
Ethernet2/0            unassigned      YES unset  up                    up      
Ethernet2/1            unassigned      YES unset  up                    up      
Ethernet2/2            unassigned      YES unset  up                    up      
Ethernet2/3            unassigned      YES unset  up                    up      
Ethernet3/0            unassigned      YES unset  up                    up      
Ethernet3/1            unassigned      YES unset  up                    up      
Ethernet3/2            unassigned      YES unset  up                    up      
Ethernet3/3            unassigned      YES unset  up                    up      
swalex>
DEBUG:netmiko:Pattern found: (show\ ip\ interface\ brief) show ip interface brief
DEBUG:netmiko:read_channel: 
DEBUG:netmiko:read_channel: 
DEBUG:netmiko:write_channel: b'\n'
DEBUG:netmiko:read_channel: 
sw2alex>
DEBUG:netmiko:read_channel: 
DEBUG:netmiko:[find_prompt()]: prompt is sw2alex>
DEBUG:netmiko:write_channel: b'show ip interface brief\n'
DEBUG:netmiko:read_channel: 
DEBUG:netmiko:read_channel: s
DEBUG:netmiko:read_channel: how 
DEBUG:netmiko:read_channel: ip 
DEBUG:netmiko:read_channel: 
DEBUG:netmiko:write_channel: b'\n'
DEBUG:netmiko:read_channel: int
DEBUG:netmiko:read_channel: erf
DEBUG:netmiko:read_channel: 
3swalex2>
DEBUG:netmiko:read_channel: ace
DEBUG:netmiko:read_channel: 
DEBUG:netmiko:[find_prompt()]: prompt is 3swalex2>
DEBUG:netmiko:write_channel: b'show ip interface brief\n'
DEBUG:netmiko:read_channel: 
DEBUG:netmiko:read_channel:  br
DEBUG:netmiko:read_channel: s
DEBUG:netmiko:read_channel: ie
DEBUG:netmiko:read_channel: how
DEBUG:netmiko:read_channel: f
Interface              IP-Address      OK? Method Status                Protocol
Ethernet0/0            unassigned      YES unset  up                    up      
Ethernet0/1            unassigned      YES unset  up                    up      
Ethernet0/2            unassigned      YES unset  up                    up      
Ethernet0/3            unassigned      YES unset  up                    up      
Ethernet1/0            unassigned      YES unset  up                    up      
Ethernet1/1            unassigned      YES unset  up                    up      
Ethernet1/2            22.1.1.2        YES NVRAM  up                    up      
Ethernet1/3            unassigned      YES unset  up                    up      
Ethernet2/0            unassigned      YES unset  up                    up      
Ethernet2/1            unassigned      YES unset  up                    up      
Ethernet2/2            unassigned      YES unset  up                    up      
Ethernet2/3            unassigned      YES unset  up                    up      
Ethernet3/0            unassigned      YES unset  up                    up      
Ethernet3/1            unassigned      YES unset  up                    up      
Ethernet3/2            unassigned      YES unset  up                    up      
Ethernet3/3            unassigned      YES unset  up                    up      
Vlan1                  unassigned      YES unset  administratively down down    
sw2alex>
DEBUG:netmiko:Pattern found: (show\ ip\ interface\ brief) show ip interface brief
DEBUG:netmiko:read_channel:  ip
DEBUG:netmiko:read_channel:  i
DEBUG:netmiko:read_channel: 
DEBUG:netmiko:read_channel: nt
DEBUG:netmiko:read_channel: erf
DEBUG:netmiko:read_channel: 
DEBUG:netmiko:write_channel: b'\n'
DEBUG:netmiko:read_channel: ac
DEBUG:netmiko:read_channel: e
DEBUG:netmiko:read_channel: 
DEBUG:netmiko:read_channel: 

DEBUG:netmiko:write_channel: b'\n'
DEBUG:netmiko:read_channel:  
DEBUG:netmiko:read_channel: br
DEBUG:netmiko:read_channel: 
DEBUG:netmiko:read_channel: 3swalex>
3swalex>
DEBUG:netmiko:read_channel: ief
DEBUG:netmiko:Pattern found: (show\ ip\ interface\ brief) show ip interface brief
DEBUG:netmiko:read_channel: 
DEBUG:netmiko:[find_prompt()]: prompt is 3swalex>
DEBUG:netmiko:write_channel: b'show ip interface brief\n'
DEBUG:netmiko:read_channel: 
DEBUG:netmiko:read_channel: sh
DEBUG:netmiko:read_channel: 
Interface              IP-Address      OK? Method Status                Protocol
Ethernet0/0            unassigned      YES unset  up                    up      
Ethernet0/1            unassigned      YES unset  administratively down down    
Ethernet0/2            unassigned      YES unset  administratively down down    
Ethernet0/3            22.1.1.4        YES NVRAM  up                    up      
Ethernet1/0            unassigned      YES unset  administratively down down    
Ethernet1/1            unassigned      YES unset  administratively down down    
Ethernet1/2            unassigned      YES unset  administratively down down    
Ethernet1/3            unassigned      YES unset  administratively down down    
Ethernet2/0            unassigned      YES unset  up                    up      
Ethernet2/1            unassigned      YES unset  up                    up      
Ethernet2/2            unassigned      YES unset  up                    up      
Ethernet2/3            unassigned      YES unset  up                    up      
Ethernet3/0            unassigned      YES unset  up                    up      
Ethernet3/1            20.1.1.1        YES NVRAM  up                    up      
Ethernet3/2            unassigned      YES unset  up                    up      
Ethernet3/3            unassigned      YES unset  up                    up      
3swalex2>
DEBUG:netmiko:read_channel: ow i
DEBUG:netmiko:read_channel: p int
DEBUG:netmiko:read_channel: 
DEBUG:netmiko:read_channel: e
DEBUG:netmiko:read_channel: r
DEBUG:netmiko:read_channel: f
DEBUG:netmiko:read_channel: 
DEBUG:netmiko:read_channel: a
DEBUG:netmiko:read_channel: c
DEBUG:netmiko:read_channel: e 
DEBUG:netmiko:read_channel: 
DEBUG:netmiko:write_channel: b'no shut\n'
DEBUG:netmiko:read_channel: bri
DEBUG:netmiko:read_channel: ef
DEBUG:netmiko:Pattern found: (show\ ip\ interface\ brief) show ip interface brief
DEBUG:netmiko:read_channel: 
Interface              IP-Address      OK? Method Status                Protocol
Ethernet0/0            unassigned      YES unset  up                    up      
Ethernet0/1            unassigned      YES unset  administratively down down    
Ethernet0/2            10.1.1.1        YES NVRAM  up                    up      
Ethernet0/3            22.1.1.3        YES NVRAM  up                    up      
Ethernet1/0            unassigned      YES unset  administratively down down    
Ethernet1/1            unassigned      YES unset  administratively down down    
Ethernet1/2            unassigned      YES unset  administratively down down    
Ethernet1/3            unassigned      YES unset  administratively down down    
Ethernet2/0            unassigned      YES unset  up                    up      
Ethernet2/1            unassigned      YES unset  up                    up      
Ethernet2/2            unassigned      YES unset  up                    up      
Ethernet2/3            unassigned      YES unset  up                    up      
Ethernet3/0            unassigned      YES unset  up                    up      
Ethernet3/1            unassigned      YES unset  up                    up      
Ethernet3/2            unassigned      YES unset  up                    up      
Ethernet3/3            unassigned      YES unset  up                    up      
Vlan10                 unassigned      YES unset  down                  down    
Vlan20                 unassigned      YES unset  down                  down    
Vlan30                 unassigned      YES unset  down                  down    
Vlan40                 unassigned      YES unset  down                  down    
3swalex>
DEBUG:netmiko:read_channel: no shut
alex(config-if)#
DEBUG:netmiko:read_channel: 
DEBUG:netmiko:read_channel: 
DEBUG:netmiko:write_channel: b'end\n'
DEBUG:netmiko:read_channel: end
alex#
DEBUG:netmiko:read_channel: 
DEBUG:netmiko:read_channel: 
DEBUG:urllib3.connectionpool:Starting new HTTPS connection (1): api.telegram.org:443
DEBUG:urllib3.connectionpool:https://api.telegram.org:443 "POST /bot5803750722:AAGLa0rDUryF3lfsHWI1ycONlkpbR32V0dQ/sendMessage HTTP/1.1" 200 273
DEBUG:netmiko:read_channel: 
DEBUG:netmiko:write_channel: b'\n'
DEBUG:netmiko:read_channel: 
swalex>
DEBUG:netmiko:read_channel: 
DEBUG:netmiko:[find_prompt()]: prompt is swalex>
DEBUG:netmiko:write_channel: b'show ip interface brief\n'
DEBUG:netmiko:read_channel: 
DEBUG:netmiko:read_channel: s
DEBUG:netmiko:read_channel: how
DEBUG:netmiko:read_channel:  ip
DEBUG:netmiko:read_channel:  i
DEBUG:netmiko:read_channel: nter
DEBUG:netmiko:read_channel: fa
DEBUG:netmiko:read_channel: ce 
DEBUG:netmiko:read_channel: bri
DEBUG:netmiko:read_channel: ef
DEBUG:netmiko:Pattern found: (show\ ip\ interface\ brief) show ip interface brief
DEBUG:netmiko:read_channel: 
Interface              IP-Address      OK? Method Status                Protocol
Ethernet0/0            unassigned      YES unset  administratively down down    
Ethernet0/1            unassigned      YES unset  administratively down down    
Ethernet0/2            unassigned      YES unset  administratively down down    
Ethernet0/3            unassigned      YES unset  administratively down down    
Ethernet1/0            unassigned      YES unset  administratively down down    
Ethernet1/1            unassigned      YES unset  administratively down down    
Ethernet1/2            22.1.1.1        YES NVRAM  up                    up      
Ethernet1/3            unassigned      YES unset  administratively down down    
Ethernet2/0            unassigned      YES unset  up                    up      
Ethernet2/1            unassigned      YES unset  up                    up      
Ethernet2/2            unassigned      YES unset  up                    up      
Ethernet2/3            unassigned      YES unset  up                    up      
Ethernet3/0            unassigned      YES unset  up                    up      
Ethernet3/1            unassigned      YES unset  up                    up      
Ethernet3/2            unassigned      YES unset  up                    up      
Ethernet3/3            unassigned      YES unset  up                    up      
swalex>
DEBUG:netmiko:read_channel: 
DEBUG:netmiko:write_channel: b'\n'
DEBUG:netmiko:read_channel: 
sw2alex>
DEBUG:netmiko:read_channel: 
DEBUG:netmiko:[find_prompt()]: prompt is sw2alex>
DEBUG:netmiko:write_channel: b'show ip interface brief\n'
DEBUG:netmiko:read_channel: 
DEBUG:netmiko:read_channel: 
DEBUG:netmiko:read_channel: sho
DEBUG:netmiko:read_channel: w ip
DEBUG:netmiko:read_channel:  in
DEBUG:netmiko:read_channel: terface b
DEBUG:netmiko:read_channel: ri
DEBUG:netmiko:read_channel: ef
DEBUG:netmiko:Pattern found: (show\ ip\ interface\ brief) show ip interface brief
DEBUG:netmiko:read_channel: 
Interface              IP-Address      OK? Method Status                Protocol
Ethernet0/0            unassigned      YES unset  up                    up      
Ethernet0/1            unassigned      YES unset  up                    up      
Ethernet0/2            unassigned      YES unset  up                    up      
Ethernet0/3            unassigned      YES unset  up                    up      
Ethernet1/0            unassigned      YES unset  up                    up      
Ethernet1/1            unassigned      YES unset  up                    up      
Ethernet1/2            22.1.1.2        YES NVRAM  up                    up      
Ethernet1/3            unassigned      YES unset  up                    up      
Ethernet2/0            unassigned      YES unset  up                    up      
Ethernet2/1            unassigned      YES unset  up                    up      
Ethernet2/2            unassigned      YES unset  up                    up      
Ethernet2/3            unassigned      YES unset  up                    up      
Ethernet3/0            unassigned      YES unset  up                    up      
Ethernet3/1            unassigned      YES unset  up                    up      
Ethernet3/2            unassigned      YES unset  up                    up      
Ethernet3/3            unassigned      YES unset  up                    up      
Vlan1                  unassigned      YES unset  administratively down down    
sw2alex>
DEBUG:netmiko:read_channel: 
DEBUG:netmiko:write_channel: b'\n'
DEBUG:netmiko:read_channel: 
3swalex2>
DEBUG:netmiko:read_channel: 
DEBUG:netmiko:[find_prompt()]: prompt is 3swalex2>
DEBUG:netmiko:write_channel: b'show ip interface brief\n'
DEBUG:netmiko:read_channel: 
DEBUG:netmiko:read_channel: 
DEBUG:netmiko:read_channel: 
DEBUG:netmiko:read_channel: s
DEBUG:netmiko:read_channel: h
DEBUG:netmiko:read_channel: o
DEBUG:netmiko:read_channel: w 
DEBUG:netmiko:read_channel: i
DEBUG:netmiko:read_channel: p
DEBUG:netmiko:read_channel: 
DEBUG:netmiko:write_channel: b'\n'
DEBUG:netmiko:read_channel:  i
DEBUG:netmiko:read_channel: 
3swalex>
DEBUG:netmiko:read_channel: 
DEBUG:netmiko:[find_prompt()]: prompt is 3swalex>
DEBUG:netmiko:write_channel: b'show ip interface brief\n'
DEBUG:netmiko:read_channel: 
DEBUG:netmiko:read_channel: 
DEBUG:netmiko:read_channel: 
DEBUG:netmiko:read_channel: n
DEBUG:netmiko:read_channel: sh
DEBUG:netmiko:read_channel: o
DEBUG:netmiko:read_channel: ter
DEBUG:netmiko:read_channel: w 
DEBUG:netmiko:read_channel: fa
DEBUG:netmiko:read_channel: ip 
DEBUG:netmiko:read_channel: ce 
DEBUG:netmiko:read_channel: in
DEBUG:netmiko:read_channel: bri
DEBUG:netmiko:read_channel: ter
DEBUG:netmiko:read_channel: fac
DEBUG:netmiko:read_channel: ef

DEBUG:netmiko:Pattern found: (show\ ip\ interface\ brief) show ip interface brief
DEBUG:netmiko:read_channel: e b
DEBUG:netmiko:read_channel: ri
DEBUG:netmiko:read_channel: Interface              IP-Address      OK? Method Status                Protocol
Ethernet0/0            unassigned      YES unset  up                    up      
Ethernet0/1            unassigned      YES unset  administratively down down    
Ethernet0/2            unassigned      YES unset  administratively down down    
Ethernet0/3            22.1.1.4        YES NVRAM  up                    up      
Ethernet1/0            unassigned      YES unset  administratively down down    
Ethernet1/1            unassigned      YES unset  administratively down down    
Ethernet1/2            unassigned      YES unset  administratively down down    
Ethernet1/3            unassigned      YES unset  administratively down down    
Ethernet2/0            unassigned      YES unset  up                    up      
Ethernet2/1            unassigned      YES unset  up                    up      
Ethernet2/2            unassigned      YES unset  up                    up      
Ethernet2/3            unassigned      YES unset  up                    up      
Ethernet3/0            unassigned      YES unset  up                    up      
Ethernet3/1            20.1.1.1        YES NVRAM  up                    up      
Ethernet3/2            unassigned      YES unset  up                    up      
Ethernet3/3            unassigned      YES unset  up                    up      
3swalex2>
DEBUG:netmiko:read_channel: ef

DEBUG:netmiko:Pattern found: (show\ ip\ interface\ brief) show ip interface brief
DEBUG:netmiko:read_channel: Interface              IP-Address      OK? Method Status                Protocol
Ethernet0/0            unassigned      YES unset  up                    up      
Ethernet0/1            unassigned      YES unset  administratively down down    
Ethernet0/2            10.1.1.1        YES NVRAM  up                    up      
Ethernet0/3            22.1.1.3        YES NVRAM  up                    up      
Ethernet1/0            unassigned      YES unset  administratively down down    
Ethernet1/1            unassigned      YES unset  administratively down down    
Ethernet1/2            unassigned      YES unset  administratively down down    
Ethernet1/3            unassigned      YES unset  administratively down down    
Ethernet2/0            unassigned      YES unset  up                    up      
Ethernet2/1            unassigned      YES unset  up                    up      
Ethernet2/2            unassigned      YES unset  up                    up      
Ethernet2/3            unassigned      YES unset  up                    up      
Ethernet3/0            unassigned      YES unset  up                    up      
Ethernet3/1            unassigned      YES unset  up                    up      
Ethernet3/2            unassigned      YES unset  up                    up      
Ethernet3/3            unassigned      YES unset  up                    up      
Vlan10                 unassigned      YES unset  down                  down    
Vlan20                 unassigned      YES unset  down                  down    
Vlan30                 unassigned      YES unset  down                  down    
Vlan40                 unassigned      YES unset  down                  down    
3swalex>
DEBUG:netmiko:read_channel: 
DEBUG:netmiko:write_channel: b'\n'
DEBUG:netmiko:read_channel: 
alex#
DEBUG:netmiko:read_channel: 
DEBUG:netmiko:[find_prompt()]: prompt is alex#
DEBUG:netmiko:write_channel: b'show ip interface brief\n'
DEBUG:netmiko:read_channel: 
DEBUG:netmiko:read_channel: sh
DEBUG:netmiko:read_channel: 
DEBUG:netmiko:read_channel: ow i
DEBUG:netmiko:read_channel: p interface 
DEBUG:netmiko:read_channel: 
DEBUG:netmiko:read_channel: brief
Interface                  IP-Address      OK? Method Status                Protocol
FastEthernet0/0            unassigned      YES NVRAM  administratively down down    
FastEthernet0/1            unassigned      YES NVRAM  administratively down down    
Serial1/0                  11.1.1.1        YES NVRAM  up                    down    
Serial1/1                  unassigned      YES NVRAM  administratively down down    
Serial1/2                  unassigned      YES NVRAM  administratively down down    
Serial1/3                  unassigned      YES NVRAM  administratively down down    
FastEthernet2/0            unassigned      YES NVRAM  administratively down down    
Ethernet3/0                10.1.1.2        YES NVRAM  up                    up      
Ethernet3/1                20.1.1.2        YES NVRAM  up                    up      
Ethernet3/2                22.1.1.5        YES NVRAM  up                    up      
Ethernet3/3                unassigned      YES NVRAM  administratively down down    
alex#
DEBUG:netmiko:Pattern found: (show\ ip\ interface\ brief) show ip interface brief
DEBUG:netmiko:read_channel: 
DEBUG:netmiko:read_channel: 
DEBUG:netmiko:write_channel: b'\n'
DEBUG:netmiko:read_channel: 
alex#
DEBUG:netmiko:read_channel: 
DEBUG:netmiko:[find_prompt()]: prompt is alex#
DEBUG:netmiko:write_channel: b'\n'
DEBUG:netmiko:read_channel: 
DEBUG:netmiko:read_channel: 
alex#
DEBUG:netmiko:Pattern found: (alex.*) 
alex#
DEBUG:netmiko:write_channel: b'conf t\n'
DEBUG:netmiko:read_channel: conf t
Enter configuration commands, one per line.  End with CNTL/Z.
alex(config)#
DEBUG:netmiko:read_channel: 
DEBUG:netmiko:read_channel: 
DEBUG:netmiko:write_channel: b'int Serial1/0\n'
DEBUG:netmiko:read_channel: int Serial1/0
alex(config-if)#
DEBUG:netmiko:read_channel: 
DEBUG:netmiko:read_channel: 
DEBUG:netmiko:write_channel: b'\n'
DEBUG:netmiko:read_channel: 

DEBUG:netmiko:write_channel: b'\n'
DEBUG:netmiko:read_channel: swalex>
DEBUG:netmiko:read_channel: 
DEBUG:netmiko:[find_prompt()]: prompt is swalex>
DEBUG:netmiko:write_channel: b'show ip interface brief\n'
DEBUG:netmiko:read_channel: 
DEBUG:netmiko:read_channel: 
swalex>
DEBUG:netmiko:read_channel: s
DEBUG:netmiko:read_channel: 
DEBUG:netmiko:write_channel: b'no shut\n'
DEBUG:netmiko:read_channel: h
DEBUG:netmiko:read_channel: ow
DEBUG:netmiko:read_channel:  
DEBUG:netmiko:read_channel: ip
DEBUG:netmiko:read_channel:  i
DEBUG:netmiko:read_channel: n
DEBUG:netmiko:read_channel: te
DEBUG:netmiko:read_channel: r
DEBUG:netmiko:read_channel: no shut
alex(config-if)#
DEBUG:netmiko:read_channel: f
DEBUG:netmiko:read_channel: ac
DEBUG:netmiko:read_channel: 
DEBUG:netmiko:read_channel: e 
DEBUG:netmiko:read_channel: br
DEBUG:netmiko:read_channel: i
DEBUG:netmiko:read_channel: e
DEBUG:netmiko:read_channel: f

DEBUG:netmiko:Pattern found: (show\ ip\ interface\ brief) 
swalex>show ip interface brief
DEBUG:netmiko:read_channel: 
DEBUG:netmiko:read_channel: Interface              IP-Address      OK? Method Status                Protocol
Ethernet0/0            unassigned      YES unset  administratively down down    
Ethernet0/1            unassigned      YES unset  administratively down down    
Ethernet0/2            unassigned      YES unset  administratively down down    
Ethernet0/3            unassigned      YES unset  administratively down down    
Ethernet1/0            unassigned      YES unset  administratively down down    
Ethernet1/1            unassigned      YES unset  administratively down down    
Ethernet1/2            22.1.1.1        YES NVRAM  up                    up      
Ethernet1/3            unassigned      YES unset  administratively down down    
Ethernet2/0            unassigned      YES unset  up                    up      
Ethernet2/1            unassigned      YES unset  up                    up      
Ethernet2/2            unassigned      YES unset  up                    up      
Ethernet2/3            unassigned      YES unset  up                    up      
Ethernet3/0            unassigned      YES unset  up                    up      
Ethernet3/1            unassigned      YES unset  up                    up      
Ethernet3/2            unassigned      YES unset  up                    up      
Ethernet3/3            unassigned      YES unset  up                    up      
swalex>
DEBUG:netmiko:read_channel: 
DEBUG:netmiko:write_channel: b'\n'
DEBUG:netmiko:read_channel: 
sw2alex>
DEBUG:netmiko:read_channel: 
DEBUG:netmiko:[find_prompt()]: prompt is sw2alex>
DEBUG:netmiko:write_channel: b'show ip interface brief\n'
DEBUG:netmiko:read_channel: 
DEBUG:netmiko:read_channel: s
DEBUG:netmiko:read_channel: ho
DEBUG:netmiko:read_channel: w 
DEBUG:netmiko:read_channel: ip
DEBUG:netmiko:read_channel:  in
DEBUG:netmiko:read_channel: t
DEBUG:netmiko:read_channel: erfa
DEBUG:netmiko:read_channel: ce 
DEBUG:netmiko:read_channel: brief
DEBUG:netmiko:Pattern found: (show\ ip\ interface\ brief) show ip interface brief
DEBUG:netmiko:read_channel: 
Interface              IP-Address      OK? Method Status                Protocol
Ethernet0/0            unassigned      YES unset  up                    up      
Ethernet0/1            unassigned      YES unset  up                    up      
Ethernet0/2            unassigned      YES unset  up                    up      
Ethernet0/3            unassigned      YES unset  up                    up      
Ethernet1/0            unassigned      YES unset  up                    up      
Ethernet1/1            unassigned      YES unset  up                    up      
Ethernet1/2            22.1.1.2        YES NVRAM  up                    up      
Ethernet1/3            unassigned      YES unset  up                    up      
Ethernet2/0            unassigned      YES unset  up                    up      
Ethernet2/1            unassigned      YES unset  up                    up      
Ethernet2/2            unassigned      YES unset  up                    up      
Ethernet2/3            unassigned      YES unset  up                    up      
Ethernet3/0            unassigned      YES unset  up                    up      
Ethernet3/1            unassigned      YES unset  up                    up      
Ethernet3/2            unassigned      YES unset  up                    up      
Ethernet3/3            unassigned      YES unset  up                    up      
Vlan1                  unassigned      YES unset  administratively down down    
sw2alex>
DEBUG:netmiko:read_channel: 
DEBUG:netmiko:read_channel: 
DEBUG:netmiko:write_channel: b'\n'
DEBUG:netmiko:write_channel: b'\n'
DEBUG:netmiko:read_channel: 
3swalex>
DEBUG:netmiko:read_channel: 
3swalex2>
DEBUG:netmiko:read_channel: 
DEBUG:netmiko:read_channel: 
DEBUG:netmiko:[find_prompt()]: prompt is 3swalex2>
DEBUG:netmiko:[find_prompt()]: prompt is 3swalex>
DEBUG:netmiko:write_channel: b'show ip interface brief\n'
DEBUG:netmiko:read_channel: 
DEBUG:netmiko:write_channel: b'show ip interface brief\n'
DEBUG:netmiko:read_channel: 
DEBUG:netmiko:read_channel: s
DEBUG:netmiko:read_channel: s
DEBUG:netmiko:read_channel: ho
DEBUG:netmiko:read_channel: h
DEBUG:netmiko:read_channel: ow 
DEBUG:netmiko:read_channel: w 
DEBUG:netmiko:read_channel: i
DEBUG:netmiko:read_channel: i
DEBUG:netmiko:read_channel: p 
DEBUG:netmiko:read_channel: p 
DEBUG:netmiko:read_channel: int
DEBUG:netmiko:read_channel: int
DEBUG:netmiko:read_channel: er
DEBUG:netmiko:read_channel: er
DEBUG:netmiko:read_channel: fa
DEBUG:netmiko:read_channel: fa
DEBUG:netmiko:read_channel: ce
DEBUG:netmiko:read_channel: ce
DEBUG:netmiko:read_channel:  b
DEBUG:netmiko:read_channel:  b
DEBUG:netmiko:read_channel: rie
DEBUG:netmiko:read_channel: rie
DEBUG:netmiko:read_channel: f

DEBUG:netmiko:read_channel: f

DEBUG:netmiko:Pattern found: (show\ ip\ interface\ brief) show ip interface brief
DEBUG:netmiko:Pattern found: (show\ ip\ interface\ brief) show ip interface brief
DEBUG:netmiko:read_channel: Interface              IP-Address      OK? Method Status                Protocol
Ethernet0/0            unassigned      YES unset  up                    up      
Ethernet0/1            unassigned      YES unset  administratively down down    
Ethernet0/2            10.1.1.1        YES NVRAM  up                    up      
Ethernet0/3            22.1.1.3        YES NVRAM  up                    up      
Ethernet1/0            unassigned      YES unset  administratively down down    
Ethernet1/1            unassigned      YES unset  administratively down down    
Ethernet1/2            unassigned      YES unset  administratively down down    
Ethernet1/3            unassigned      YES unset  administratively down down    
Ethernet2/0            unassigned      YES unset  up                    up      
Ethernet2/1            unassigned      YES unset  up                    up      
Ethernet2/2            unassigned      YES unset  up                    up      
Ethernet2/3            unassigned      YES unset  up                    up      
Ethernet3/0            unassigned      YES unset  up                    up      
Ethernet3/1            unassigned      YES unset  up                    up      
Ethernet3/2            unassigned      YES unset  up                    up      
Ethernet3/3            unassigned      YES unset  up                    up      
Vlan10                 unassigned      YES unset  down                  down    
Vlan20                 unassigned      YES unset  down                  down    
Vlan30                 unassigned      YES unset  down                  down    
Vlan40                 unassigned      YES unset  down                  down    
3swalex>
DEBUG:netmiko:read_channel: Interface              IP-Address      OK? Method Status                Protocol
Ethernet0/0            unassigned      YES unset  up                    up      
Ethernet0/1            unassigned      YES unset  administratively down down    
Ethernet0/2            unassigned      YES unset  administratively down down    
Ethernet0/3            22.1.1.4        YES NVRAM  up                    up      
Ethernet1/0            unassigned      YES unset  administratively down down    
Ethernet1/1            unassigned      YES unset  administratively down down    
Ethernet1/2            unassigned      YES unset  administratively down down    
Ethernet1/3            unassigned      YES unset  administratively down down    
Ethernet2/0            unassigned      YES unset  up                    up      
Ethernet2/1            unassigned      YES unset  up                    up      
Ethernet2/2            unassigned      YES unset  up                    up      
Ethernet2/3            unassigned      YES unset  up                    up      
Ethernet3/0            unassigned      YES unset  up                    up      
Ethernet3/1            20.1.1.1        YES NVRAM  up                    up      
Ethernet3/2            unassigned      YES unset  up                    up      
Ethernet3/3            unassigned      YES unset  up                    up      
3swalex2>
DEBUG:netmiko:read_channel: 
DEBUG:netmiko:write_channel: b'end\n'
DEBUG:netmiko:read_channel: end
alex#
DEBUG:netmiko:read_channel: 
DEBUG:netmiko:read_channel: 
DEBUG:urllib3.connectionpool:Starting new HTTPS connection (1): api.telegram.org:443
DEBUG:urllib3.connectionpool:https://api.telegram.org:443 "POST /bot5803750722:AAGLa0rDUryF3lfsHWI1ycONlkpbR32V0dQ/sendMessage HTTP/1.1" 200 273
DEBUG:netmiko:read_channel: 
DEBUG:netmiko:write_channel: b'\n'
DEBUG:netmiko:read_channel: 
swalex>
DEBUG:netmiko:read_channel: 
DEBUG:netmiko:[find_prompt()]: prompt is swalex>
DEBUG:netmiko:write_channel: b'show ip interface brief\n'
DEBUG:netmiko:read_channel: 
DEBUG:netmiko:read_channel: s
DEBUG:netmiko:read_channel: how 
DEBUG:netmiko:read_channel: ip
DEBUG:netmiko:read_channel:  int
DEBUG:netmiko:read_channel: er
DEBUG:netmiko:read_channel: face
DEBUG:netmiko:read_channel:  br
DEBUG:netmiko:read_channel: ie
DEBUG:netmiko:read_channel: f
Interface              IP-Address      OK? Method Status                Protocol
Ethernet0/0            unassigned      YES unset  administratively down down    
Ethernet0/1            unassigned      YES unset  administratively down down    
Ethernet0/2            unassigned      YES unset  administratively down down    
Ethernet0/3            unassigned      YES unset  administratively down down    
Ethernet1/0            unassigned      YES unset  administratively down down    
Ethernet1/1            unassigned      YES unset  administratively down down    
Ethernet1/2            22.1.1.1        YES NVRAM  up                    up      
Ethernet1/3            unassigned      YES unset  administratively down down    
Ethernet2/0            unassigned      YES unset  up                    up      
Ethernet2/1            unassigned      YES unset  up                    up      
Ethernet2/2            unassigned      YES unset  up                    up      
Ethernet2/3            unassigned      YES unset  up                    up      
Ethernet3/0            unassigned      YES unset  up                    up      
Ethernet3/1            unassigned      YES unset  up                    up      
Ethernet3/2            unassigned      YES unset  up                    up      
Ethernet3/3            unassigned      YES unset  up                    up      
swalex>
DEBUG:netmiko:Pattern found: (show\ ip\ interface\ brief) show ip interface brief
DEBUG:netmiko:read_channel: 
DEBUG:netmiko:read_channel: 
DEBUG:netmiko:write_channel: b'\n'
DEBUG:netmiko:read_channel: 
sw2alex>
DEBUG:netmiko:read_channel: 
DEBUG:netmiko:[find_prompt()]: prompt is sw2alex>
DEBUG:netmiko:write_channel: b'show ip interface brief\n'
DEBUG:netmiko:read_channel: 
DEBUG:netmiko:read_channel: 
DEBUG:netmiko:read_channel: sho
DEBUG:netmiko:read_channel: w 
DEBUG:netmiko:read_channel: ip i
DEBUG:netmiko:read_channel: nte
DEBUG:netmiko:read_channel: rfa
DEBUG:netmiko:read_channel: ce 
DEBUG:netmiko:read_channel: bri
DEBUG:netmiko:read_channel: ef
DEBUG:netmiko:Pattern found: (show\ ip\ interface\ brief) show ip interface brief
DEBUG:netmiko:read_channel: 
Interface              IP-Address      OK? Method Status                Protocol
Ethernet0/0            unassigned      YES unset  up                    up      
Ethernet0/1            unassigned      YES unset  up                    up      
Ethernet0/2            unassigned      YES unset  up                    up      
Ethernet0/3            unassigned      YES unset  up                    up      
Ethernet1/0            unassigned      YES unset  up                    up      
Ethernet1/1            unassigned      YES unset  up                    up      
Ethernet1/2            22.1.1.2        YES NVRAM  up                    up      
Ethernet1/3            unassigned      YES unset  up                    up      
Ethernet2/0            unassigned      YES unset  up                    up      
Ethernet2/1            unassigned      YES unset  up                    up      
Ethernet2/2            unassigned      YES unset  up                    up      
Ethernet2/3            unassigned      YES unset  up                    up      
Ethernet3/0            unassigned      YES unset  up                    up      
Ethernet3/1            unassigned      YES unset  up                    up      
Ethernet3/2            unassigned      YES unset  up                    up      
Ethernet3/3            unassigned      YES unset  up                    up      
Vlan1                  unassigned      YES unset  administratively down down    
sw2alex>
DEBUG:netmiko:read_channel: 
DEBUG:netmiko:write_channel: b'\n'
DEBUG:netmiko:read_channel: 
DEBUG:netmiko:write_channel: b'\n'
DEBUG:netmiko:read_channel: 
3swalex>
DEBUG:netmiko:read_channel: 
3swalex2>
DEBUG:netmiko:read_channel: 
DEBUG:netmiko:[find_prompt()]: prompt is 3swalex>
DEBUG:netmiko:write_channel: b'show ip interface brief\n'
DEBUG:netmiko:read_channel: 
DEBUG:netmiko:read_channel: 
DEBUG:netmiko:[find_prompt()]: prompt is 3swalex2>
DEBUG:netmiko:write_channel: b'show ip interface brief\n'
DEBUG:netmiko:read_channel: 
DEBUG:netmiko:read_channel: s
DEBUG:netmiko:read_channel: s
DEBUG:netmiko:read_channel: how 
DEBUG:netmiko:read_channel: how 
DEBUG:netmiko:read_channel: ip
DEBUG:netmiko:read_channel: ip 
DEBUG:netmiko:read_channel:  i
DEBUG:netmiko:read_channel: int
DEBUG:netmiko:read_channel: nter
DEBUG:netmiko:read_channel: er
DEBUG:netmiko:read_channel: fa
DEBUG:netmiko:read_channel: fac
DEBUG:netmiko:read_channel: ce 
DEBUG:netmiko:read_channel: e b
DEBUG:netmiko:read_channel: bri
DEBUG:netmiko:read_channel: rie
DEBUG:netmiko:read_channel: ef
DEBUG:netmiko:Pattern found: (show\ ip\ interface\ brief) show ip interface brief
DEBUG:netmiko:read_channel: f
Interface              IP-Address      OK? Method Status                Protocol
Ethernet0/0            unassigned      YES unset  up                    up      
Ethernet0/1            unassigned      YES unset  administratively down down    
Ethernet0/2            unassigned      YES unset  administratively down down    
Ethernet0/3            22.1.1.4        YES NVRAM  up                    up      
Ethernet1/0            unassigned      YES unset  administratively down down    
Ethernet1/1            unassigned      YES unset  administratively down down    
Ethernet1/2            unassigned      YES unset  administratively down down    
Ethernet1/3            unassigned      YES unset  administratively down down    
Ethernet2/0            unassigned      YES unset  up                    up      
Ethernet2/1            unassigned      YES unset  up                    up      
Ethernet2/2            unassigned      YES unset  up                    up      
Ethernet2/3            unassigned      YES unset  up                    up      
Ethernet3/0            unassigned      YES unset  up                    up      
Ethernet3/1            20.1.1.1        YES NVRAM  up                    up      
Ethernet3/2            unassigned      YES unset  up                    up      
Ethernet3/3            unassigned      YES unset  up                    up      
3swalex2>
DEBUG:netmiko:Pattern found: (show\ ip\ interface\ brief) show ip interface brief
DEBUG:netmiko:read_channel: 
Interface              IP-Address      OK? Method Status                Protocol
Ethernet0/0            unassigned      YES unset  up                    up      
Ethernet0/1            unassigned      YES unset  administratively down down    
Ethernet0/2            10.1.1.1        YES NVRAM  up                    up      
Ethernet0/3            22.1.1.3        YES NVRAM  up                    up      
Ethernet1/0            unassigned      YES unset  administratively down down    
Ethernet1/1            unassigned      YES unset  administratively down down    
Ethernet1/2            unassigned      YES unset  administratively down down    
Ethernet1/3            unassigned      YES unset  administratively down down    
Ethernet2/0            unassigned      YES unset  up                    up      
Ethernet2/1            unassigned      YES unset  up                    up      
Ethernet2/2            unassigned      YES unset  up                    up      
Ethernet2/3            unassigned      YES unset  up                    up      
Ethernet3/0            unassigned      YES unset  up                    up      
Ethernet3/1            unassigned      YES unset  up                    up      
Ethernet3/2            unassigned      YES unset  up                    up      
Ethernet3/3            unassigned      YES unset  up                    up      
Vlan10                 unassigned      YES unset  down                  down    
Vlan20                 unassigned      YES unset  down                  down    
Vlan30                 unassigned      YES unset  down                  down    
Vlan40                 unassigned      YES unset  down                  down    
3swalex>
DEBUG:netmiko:read_channel: 
DEBUG:netmiko:read_channel: 
DEBUG:netmiko:write_channel: b'\n'
DEBUG:netmiko:read_channel: 
alex#
DEBUG:netmiko:read_channel: 
DEBUG:netmiko:[find_prompt()]: prompt is alex#
DEBUG:netmiko:write_channel: b'show ip interface brief\n'
DEBUG:netmiko:read_channel: 
DEBUG:netmiko:read_channel: show ip in
DEBUG:netmiko:read_channel: terface brief
Interface                  IP-Address      OK? Method Status                Protocol
FastEthernet0/0            unassigned      YES NVRAM  administratively down down    
FastEthernet0/1            unassigned      YES NVRAM  administratively down down    
Serial1/0                  11.1.1.1        YES NVRAM  up                    down    
Serial1/1                  unassigned      YES NVRAM  administratively down down    
Serial1/2                  unassigned      YES NVRAM  administratively down down    
Serial1/3                  unassigned      YES NVRAM  administratively down down    
FastEthernet2/0            unassigned      YES NVRAM  administratively down down    
Ethernet3/0                10.1.1.2        YES NVRAM  up                    up      
Ethernet3/1                20.1.1.2        YES NVRAM  up                    up      
Ethernet3/2                22.1.1.5        YES NVRAM  up                    up      
Ethernet3/3                unassigned      YES NVRAM  administratively down do
DEBUG:netmiko:Pattern found: (show\ ip\ interface\ brief) show ip interface brief
DEBUG:netmiko:read_channel: wn    
alex#
DEBUG:netmiko:read_channel: 
DEBUG:netmiko:write_channel: b'\n'
DEBUG:netmiko:read_channel: 
alex#
DEBUG:netmiko:read_channel: 
DEBUG:netmiko:[find_prompt()]: prompt is alex#
DEBUG:netmiko:write_channel: b'\n'
DEBUG:netmiko:read_channel: 
DEBUG:netmiko:read_channel: 
DEBUG:netmiko:read_channel: 
alex#
DEBUG:netmiko:Pattern found: (alex.*) 
alex#
DEBUG:netmiko:write_channel: b'conf t\n'
DEBUG:netmiko:read_channel: conf t
Enter configuration commands, one per line.  End with CNTL/Z.
alex(config)#
DEBUG:netmiko:read_channel: 
DEBUG:netmiko:read_channel: 
DEBUG:netmiko:write_channel: b'int Serial1/0\n'
DEBUG:netmiko:read_channel: int Serial1/0
alex(config-if)#
DEBUG:netmiko:read_channel: 
DEBUG:netmiko:read_channel: 
DEBUG:netmiko:write_channel: b'no shut\n'
DEBUG:netmiko:read_channel: no shut
alex(config-if)#
DEBUG:netmiko:read_channel: 
DEBUG:netmiko:read_channel: 
DEBUG:netmiko:write_channel: b'\n'
DEBUG:netmiko:read_channel: 
swalex>
DEBUG:netmiko:read_channel: 
DEBUG:netmiko:[find_prompt()]: prompt is swalex>
DEBUG:netmiko:write_channel: b'show ip interface brief\n'
DEBUG:netmiko:read_channel: 
DEBUG:netmiko:read_channel: s
DEBUG:netmiko:read_channel: how
DEBUG:netmiko:read_channel:  ip
DEBUG:netmiko:read_channel:  int
DEBUG:netmiko:read_channel: erfa
DEBUG:netmiko:read_channel: ce 
DEBUG:netmiko:read_channel: bri
DEBUG:netmiko:read_channel: ef
Interface              IP-Address      OK? Method Status                Protocol
Ethernet0/0            unassigned      YES unset  administratively down down    
Ethernet0/1            unassigned      YES unset  administratively down down    
Ethernet0/2            unassigned      YES unset  administratively down down    
Ethernet0/3            unassigned      YES unset  administratively down down    
Ethernet1/0            unassigned      YES unset  administratively down down    
Ethernet1/1            unassigned      YES unset  administratively down down    
Ethernet1/2            22.1.1.1        YES NVRAM  up                    up      
Ethernet1/3            unassigned      YES unset  administratively down down    
Ethernet2/0            unassigned      YES unset  up                    up      
Ethernet2/1            unassigned      YES unset  up                    up      
Ethernet2/2            unassigned      YES unset  up                    up      
Ethernet2/3            unassigned      YES unset  up                    up      
Ethernet3/0            unassigned      YES unset  up                    up      
Ethernet3/1            unassigned      YES unset  up                    up      
Ethernet3/2            unassigned      YES unset  up                    up      
Ethernet3/3            unassigned      YES unset  up                    up      
swalex>
DEBUG:netmiko:Pattern found: (show\ ip\ interface\ brief) show ip interface brief
DEBUG:netmiko:read_channel: 
DEBUG:netmiko:read_channel: 
DEBUG:netmiko:write_channel: b'\n'
DEBUG:netmiko:read_channel: 
sw2alex>
DEBUG:netmiko:read_channel: 
DEBUG:netmiko:[find_prompt()]: prompt is sw2alex>
DEBUG:netmiko:write_channel: b'show ip interface brief\n'
DEBUG:netmiko:read_channel: 
DEBUG:netmiko:read_channel: s
DEBUG:netmiko:read_channel: ho
DEBUG:netmiko:read_channel: w ip
DEBUG:netmiko:read_channel:  in
DEBUG:netmiko:read_channel: te
DEBUG:netmiko:read_channel: rf
DEBUG:netmiko:read_channel: ace
DEBUG:netmiko:read_channel:  b
DEBUG:netmiko:read_channel: ri
DEBUG:netmiko:read_channel: ef
DEBUG:netmiko:Pattern found: (show\ ip\ interface\ brief) show ip interface brief
DEBUG:netmiko:read_channel: 
Interface              IP-Address      OK? Method Status                Protocol
Ethernet0/0            unassigned      YES unset  up                    up      
Ethernet0/1            unassigned      YES unset  up                    up      
Ethernet0/2            unassigned      YES unset  up                    up      
Ethernet0/3            unassigned      YES unset  up                    up      
Ethernet1/0            unassigned      YES unset  up                    up      
Ethernet1/1            unassigned      YES unset  up                    up      
Ethernet1/2            22.1.1.2        YES NVRAM  up                    up      
Ethernet1/3            unassigned      YES unset  up                    up      
Ethernet2/0            unassigned      YES unset  up                    up      
Ethernet2/1            unassigned      YES unset  up                    up      
Ethernet2/2            unassigned      YES unset  up                    up      
Ethernet2/3            unassigned      YES unset  up                    up      
Ethernet3/0            unassigned      YES unset  up                    up      
Ethernet3/1            unassigned      YES unset  up                    up      
Ethernet3/2            unassigned      YES unset  up                    up      
Ethernet3/3            unassigned      YES unset  up                    up      
Vlan1                  unassigned      YES unset  administratively down down    
sw2alex>
DEBUG:netmiko:read_channel: 
DEBUG:netmiko:write_channel: b'end\n'
DEBUG:netmiko:read_channel: 
DEBUG:netmiko:write_channel: b'\n'
DEBUG:netmiko:read_channel: 
DEBUG:netmiko:write_channel: b'\n'
DEBUG:netmiko:read_channel: end
alex#
DEBUG:netmiko:read_channel: 
3swalex>
DEBUG:netmiko:read_channel: 
3swalex2>
DEBUG:netmiko:read_channel: 
DEBUG:netmiko:[find_prompt()]: prompt is 3swalex>
DEBUG:netmiko:write_channel: b'show ip interface brief\n'
DEBUG:netmiko:read_channel: 
DEBUG:netmiko:read_channel: 
DEBUG:netmiko:[find_prompt()]: prompt is 3swalex2>
DEBUG:netmiko:write_channel: b'show ip interface brief\n'
DEBUG:netmiko:read_channel: 
DEBUG:netmiko:read_channel: s
DEBUG:netmiko:read_channel: ho
DEBUG:netmiko:read_channel: s
DEBUG:netmiko:read_channel: ho
DEBUG:netmiko:read_channel: w 
DEBUG:netmiko:read_channel: ip
DEBUG:netmiko:read_channel: w 
DEBUG:netmiko:read_channel: ip 
DEBUG:netmiko:read_channel:  in
DEBUG:netmiko:read_channel: in
DEBUG:netmiko:read_channel: te
DEBUG:netmiko:read_channel: 
DEBUG:netmiko:read_channel: rf
DEBUG:netmiko:read_channel: te
DEBUG:netmiko:read_channel: ace
DEBUG:netmiko:read_channel: rfa
DEBUG:netmiko:read_channel: ce
DEBUG:netmiko:read_channel:  
DEBUG:netmiko:read_channel: bri
DEBUG:netmiko:read_channel:  br
DEBUG:netmiko:read_channel: ef
DEBUG:netmiko:Pattern found: (show\ ip\ interface\ brief) show ip interface brief
DEBUG:netmiko:read_channel: ief
DEBUG:netmiko:Pattern found: (show\ ip\ interface\ brief) show ip interface brief
DEBUG:netmiko:read_channel: 
Interface              IP-Address      OK? Method Status                Protocol
Ethernet0/0            unassigned      YES unset  up                    up      
Ethernet0/1            unassigned      YES unset  administratively down down    
Ethernet0/2            10.1.1.1        YES NVRAM  up                    up      
Ethernet0/3            22.1.1.3        YES NVRAM  up                    up      
Ethernet1/0            unassigned      YES unset  administratively down down    
Ethernet1/1            unassigned      YES unset  administratively down down    
Ethernet1/2            unassigned      YES unset  administratively down down    
Ethernet1/3            unassigned      YES unset  administratively down down    
Ethernet2/0            unassigned      YES unset  up                    up      
Ethernet2/1            unassigned      YES unset  up                    up      
Ethernet2/2            unassigned      YES unset  up                    up      
Ethernet2/3            unassigned      YES unset  up                    up      
Ethernet3/0            unassigned      YES unset  up                    up      
Ethernet3/1            unassigned      YES unset  up                    up      
Ethernet3/2            unassigned      YES unset  up                    up      
Ethernet3/3            unassigned      YES unset  up                    up      
Vlan10                 unassigned      YES unset  down                  down    
Vlan20                 unassigned      YES unset  down                  down    
Vlan30                 unassigned      YES unset  down                  down    
Vlan40                 unassigned      YES unset  down                  down    
3swalex>
DEBUG:netmiko:read_channel: 
Interface              IP-Address      OK? Method Status                Protocol
Ethernet0/0            unassigned      YES unset  up                    up      
Ethernet0/1            unassigned      YES unset  administratively down down    
Ethernet0/2            unassigned      YES unset  administratively down down    
Ethernet0/3            22.1.1.4        YES NVRAM  up                    up      
Ethernet1/0            unassigned      YES unset  administratively down down    
Ethernet1/1            unassigned      YES unset  administratively down down    
Ethernet1/2            unassigned      YES unset  administratively down down    
Ethernet1/3            unassigned      YES unset  administratively down down    
Ethernet2/0            unassigned      YES unset  up                    up      
Ethernet2/1            unassigned      YES unset  up                    up      
Ethernet2/2            unassigned      YES unset  up                    up      
Ethernet2/3            unassigned      YES unset  up                    up      
Ethernet3/0            unassigned      YES unset  up                    up      
Ethernet3/1            20.1.1.1        YES NVRAM  up                    up      
Ethernet3/2            unassigned      YES unset  up                    up      
Ethernet3/3            unassigned      YES unset  up                    up      
3swalex2>
DEBUG:netmiko:read_channel: 
DEBUG:urllib3.connectionpool:Starting new HTTPS connection (1): api.telegram.org:443
DEBUG:urllib3.connectionpool:https://api.telegram.org:443 "POST /bot5803750722:AAGLa0rDUryF3lfsHWI1ycONlkpbR32V0dQ/sendMessage HTTP/1.1" 200 273
DEBUG:netmiko:read_channel: 
DEBUG:netmiko:write_channel: b'\n'
DEBUG:netmiko:read_channel: 
swalex>
DEBUG:netmiko:read_channel: 
DEBUG:netmiko:[find_prompt()]: prompt is swalex>
DEBUG:netmiko:write_channel: b'show ip interface brief\n'
DEBUG:netmiko:read_channel: 
DEBUG:netmiko:read_channel: sho
DEBUG:netmiko:read_channel: w i
DEBUG:netmiko:read_channel: p 
DEBUG:netmiko:read_channel: int
DEBUG:netmiko:read_channel: er
DEBUG:netmiko:read_channel: fa
DEBUG:netmiko:read_channel: ce
DEBUG:netmiko:read_channel:  br
DEBUG:netmiko:read_channel: ie
DEBUG:netmiko:read_channel: f
Interface              IP-Address      OK? Method Status                Protocol
Ethernet0/0            unassigned      YES unset  administratively down down    
Ethernet0/1            unassigned      YES unset  administratively down down    
Ethernet0/2            unassigned      YES unset  administratively down down    
Ethernet0/3            unassigned      YES unset  administratively down down    
Ethernet1/0            unassigned      YES unset  administratively down down    
Ethernet1/1            unassigned      YES unset  administratively down down    
Ethernet1/2            22.1.1.1        YES NVRAM  up                    up      
Ethernet1/3            unassigned      YES unset  administratively down down    
Ethernet2/0            unassigned      YES unset  up                    up      
Ethernet2/1            unassigned      YES unset  up                    up      
Ethernet2/2            unassigned      YES unset  up                    up      
Ethernet2/3            unassigned      YES unset  up                    up      
Ethernet3/0            unassigned      YES unset  up                    up      
Ethernet3/1            unassigned      YES unset  up                    up      
Ethernet3/2            unassigned      YES unset  up                    up      
Ethernet3/3            unassigned      YES unset  up                    up      
swalex>
DEBUG:netmiko:Pattern found: (show\ ip\ interface\ brief) show ip interface brief
DEBUG:netmiko:read_channel: 
DEBUG:netmiko:read_channel: 
DEBUG:netmiko:write_channel: b'\n'
DEBUG:netmiko:read_channel: 
sw2alex>
DEBUG:netmiko:read_channel: 
DEBUG:netmiko:[find_prompt()]: prompt is sw2alex>
DEBUG:netmiko:write_channel: b'show ip interface brief\n'
DEBUG:netmiko:read_channel: 
DEBUG:netmiko:read_channel: s
DEBUG:netmiko:read_channel: ho
DEBUG:netmiko:read_channel: w
DEBUG:netmiko:read_channel:  ip
DEBUG:netmiko:read_channel:  in
DEBUG:netmiko:read_channel: te
DEBUG:netmiko:read_channel: rf
DEBUG:netmiko:read_channel: ace
DEBUG:netmiko:read_channel:  b
DEBUG:netmiko:read_channel: ri
DEBUG:netmiko:read_channel: ef
DEBUG:netmiko:Pattern found: (show\ ip\ interface\ brief) show ip interface brief
DEBUG:netmiko:read_channel: 
Interface              IP-Address      OK? Method Status                Protocol
Ethernet0/0            unassigned      YES unset  up                    up      
Ethernet0/1            unassigned      YES unset  up                    up      
Ethernet0/2            unassigned      YES unset  up                    up      
Ethernet0/3            unassigned      YES unset  up                    up      
Ethernet1/0            unassigned      YES unset  up                    up      
Ethernet1/1            unassigned      YES unset  up                    up      
Ethernet1/2            22.1.1.2        YES NVRAM  up                    up      
Ethernet1/3            unassigned      YES unset  up                    up      
Ethernet2/0            unassigned      YES unset  up                    up      
Ethernet2/1            unassigned      YES unset  up                    up      
Ethernet2/2            unassigned      YES unset  up                    up      
Ethernet2/3            unassigned      YES unset  up                    up      
Ethernet3/0            unassigned      YES unset  up                    up      
Ethernet3/1            unassigned      YES unset  up                    up      
Ethernet3/2            unassigned      YES unset  up                    up      
Ethernet3/3            unassigned      YES unset  up                    up      
Vlan1                  unassigned      YES unset  administratively down down    
sw2alex>
DEBUG:netmiko:read_channel: 
DEBUG:netmiko:read_channel: 
DEBUG:netmiko:write_channel: b'\n'
DEBUG:netmiko:write_channel: b'\n'
DEBUG:netmiko:read_channel: 
3swalex>
DEBUG:netmiko:read_channel: 
3swalex2>
DEBUG:netmiko:read_channel: 
DEBUG:netmiko:[find_prompt()]: prompt is 3swalex>
DEBUG:netmiko:read_channel: 
DEBUG:netmiko:write_channel: b'show ip interface brief\n'
DEBUG:netmiko:[find_prompt()]: prompt is 3swalex2>
DEBUG:netmiko:read_channel: 
DEBUG:netmiko:write_channel: b'show ip interface brief\n'
DEBUG:netmiko:read_channel: 
DEBUG:netmiko:read_channel: s
DEBUG:netmiko:read_channel: s
DEBUG:netmiko:read_channel: ho
DEBUG:netmiko:read_channel: how
DEBUG:netmiko:read_channel: w i
DEBUG:netmiko:read_channel:  ip
DEBUG:netmiko:read_channel: p i
DEBUG:netmiko:read_channel:  in
DEBUG:netmiko:read_channel: nt
DEBUG:netmiko:read_channel: te
DEBUG:netmiko:read_channel: e
DEBUG:netmiko:read_channel: r
DEBUG:netmiko:read_channel: rfa
DEBUG:netmiko:read_channel: fac
DEBUG:netmiko:read_channel: ce 
DEBUG:netmiko:read_channel: e 
DEBUG:netmiko:read_channel: br
DEBUG:netmiko:read_channel: bri
DEBUG:netmiko:read_channel: ief
DEBUG:netmiko:Pattern found: (show\ ip\ interface\ brief) show ip interface brief
DEBUG:netmiko:read_channel: ef
DEBUG:netmiko:Pattern found: (show\ ip\ interface\ brief) show ip interface brief
DEBUG:netmiko:read_channel: 
Interface              IP-Address      OK? Method Status                Protocol
Ethernet0/0            unassigned      YES unset  up                    up      
Ethernet0/1            unassigned      YES unset  administratively down down    
Ethernet0/2            10.1.1.1        YES NVRAM  up                    up      
Ethernet0/3            22.1.1.3        YES NVRAM  up                    up      
Ethernet1/0            unassigned      YES unset  administratively down down    
Ethernet1/1            unassigned      YES unset  administratively down down    
Ethernet1/2            unassigned      YES unset  administratively down down    
Ethernet1/3            unassigned      YES unset  administratively down down    
Ethernet2/0            unassigned      YES unset  up                    up      
Ethernet2/1            unassigned      YES unset  up                    up      
Ethernet2/2            unassigned      YES unset  up                    up      
Ethernet2/3            unassigned      YES unset  up                    up      
Ethernet3/0            unassigned      YES unset  up                    up      
Ethernet3/1            unassigned      YES unset  up                    up      
Ethernet3/2            unassigned      YES unset  up                    up      
Ethernet3/3            unassigned      YES unset  up                    up      
Vlan10                 unassigned      YES unset  down                  down    
Vlan20                 unassigned      YES unset  down                  down    
Vlan30                 unassigned      YES unset  down                  down    
Vlan40                 unassigned      YES unset  down                  down    
3swalex>
DEBUG:netmiko:read_channel: 
Interface              IP-Address      OK? Method Status                Protocol
Ethernet0/0            unassigned      YES unset  up                    up      
Ethernet0/1            unassigned      YES unset  administratively down down    
Ethernet0/2            unassigned      YES unset  administratively down down    
Ethernet0/3            22.1.1.4        YES NVRAM  up                    up      
Ethernet1/0            unassigned      YES unset  administratively down down    
Ethernet1/1            unassigned      YES unset  administratively down down    
Ethernet1/2            unassigned      YES unset  administratively down down    
Ethernet1/3            unassigned      YES unset  administratively down down    
Ethernet2/0            unassigned      YES unset  up                    up      
Ethernet2/1            unassigned      YES unset  up                    up      
Ethernet2/2            unassigned      YES unset  up                    up      
Ethernet2/3            unassigned      YES unset  up                    up      
Ethernet3/0            unassigned      YES unset  up                    up      
Ethernet3/1            20.1.1.1        YES NVRAM  up                    up      
Ethernet3/2            unassigned      YES unset  up                    up      
Ethernet3/3            unassigned      YES unset  up                    up      
3swalex2>
DEBUG:netmiko:read_channel: 
DEBUG:netmiko:write_channel: b'\n'
DEBUG:netmiko:read_channel: 
alex#
DEBUG:netmiko:read_channel: 
DEBUG:netmiko:[find_prompt()]: prompt is alex#
DEBUG:netmiko:write_channel: b'show ip interface brief\n'
DEBUG:netmiko:read_channel: 
DEBUG:netmiko:read_channel: show ip 
DEBUG:netmiko:read_channel: interface brief
Interface                  IP-Address      OK? Method Status                Protocol
FastEthernet0/0            unassigned      YES NVRAM  administratively down down    
FastEthernet0/1            unassigned      YES NVRAM  administratively down down    
Serial1/0                  11.1.1.1        YES NVRAM  up                    down    
Serial1/1                  unassigned      YES NVRAM  administratively down down    
Serial1/2                  unassigned      YES NVRAM  administratively down down    
Serial1/3                  unassigned      YES NVRAM  administratively down down    
FastEthernet2/0            unassigned      YES NVRAM  administratively down down    
Ethernet3/0                10.1.1.2        YES NVRAM  up                    up      
Ethernet3/1                20.1.1.2        YES NVRAM  up                    up      
Ethernet3/2                22.1.1.5        YES NVRAM  up                    up      
Ethernet3/3                unassigned      YES NVRAM  administratively down down    
alex#
DEBUG:netmiko:Pattern found: (show\ ip\ interface\ brief) show ip interface brief
DEBUG:netmiko:read_channel: 
DEBUG:netmiko:read_channel: 
DEBUG:netmiko:write_channel: b'\n'
DEBUG:netmiko:read_channel: 
alex#
DEBUG:netmiko:read_channel: 
DEBUG:netmiko:[find_prompt()]: prompt is alex#
DEBUG:netmiko:write_channel: b'\n'
DEBUG:netmiko:read_channel: 
DEBUG:netmiko:read_channel: 
DEBUG:netmiko:read_channel: 
alex#
DEBUG:netmiko:Pattern found: (alex.*) 
alex#
DEBUG:netmiko:write_channel: b'conf t\n'
DEBUG:netmiko:read_channel: conf t
Enter configuration commands, one per line.  End with CNTL/Z.
alex(config)#
DEBUG:netmiko:read_channel: 
DEBUG:netmiko:read_channel: 
DEBUG:netmiko:write_channel: b'int Serial1/0\n'
DEBUG:netmiko:read_channel: int Serial1/0
alex(config-if)#
DEBUG:netmiko:read_channel: 
DEBUG:netmiko:read_channel: 
DEBUG:netmiko:write_channel: b'no shut\n'
DEBUG:netmiko:read_channel: no shut
alex(config-if)#
DEBUG:netmiko:read_channel: 
DEBUG:netmiko:read_channel: 
DEBUG:netmiko:write_channel: b'\n'
DEBUG:netmiko:read_channel: 
swalex>
DEBUG:netmiko:read_channel: 
DEBUG:netmiko:[find_prompt()]: prompt is swalex>
DEBUG:netmiko:write_channel: b'show ip interface brief\n'
DEBUG:netmiko:read_channel: 
DEBUG:netmiko:read_channel: sh
DEBUG:netmiko:read_channel: ow 
DEBUG:netmiko:read_channel: i
DEBUG:netmiko:read_channel: p
DEBUG:netmiko:read_channel:  inte
DEBUG:netmiko:read_channel: rfa
DEBUG:netmiko:read_channel: ce 
DEBUG:netmiko:read_channel: bri
DEBUG:netmiko:read_channel: e
DEBUG:netmiko:read_channel: f
Interface              IP-Address      OK? Method Status                Protocol
Ethernet0/0            unassigned      YES unset  administratively down down    
Ethernet0/1            unassigned      YES unset  administratively down down    
Ethernet0/2            unassigned      YES unset  administratively down down    
Ethernet0/3            unassigned      YES unset  administratively down down    
Ethernet1/0            unassigned      YES unset  administratively down down    
Ethernet1/1            unassigned      YES unset  administratively down down    
Ethernet1/2            22.1.1.1        YES NVRAM  up                    up      
Ethernet1/3            unassigned      YES unset  administratively down down    
Ethernet2/0            unassigned      YES unset  up                    up      
Ethernet2/1            unassigned      YES unset  up                    up      
Ethernet2/2            unassigned      YES unset  up                    up      
Ethernet2/3            unassigned      YES unset  up                    up      
Ethernet3/0            unassigned      YES unset  up                    up      
Ethernet3/1            unassigned      YES unset  up                    up      
Ethernet3/2            unassigned      YES unset  up                    up      
Ethernet3/3            unassigned      YES unset  up                    up      
swalex>
DEBUG:netmiko:Pattern found: (show\ ip\ interface\ brief) show ip interface brief
DEBUG:netmiko:read_channel: 
DEBUG:netmiko:read_channel: 
DEBUG:netmiko:write_channel: b'end\n'
DEBUG:netmiko:read_channel: end
alex#
DEBUG:netmiko:read_channel: 
DEBUG:netmiko:read_channel: 
DEBUG:netmiko:write_channel: b'\n'
DEBUG:netmiko:read_channel: 
sw2alex>
DEBUG:netmiko:read_channel: 
DEBUG:netmiko:[find_prompt()]: prompt is sw2alex>
DEBUG:netmiko:write_channel: b'show ip interface brief\n'
DEBUG:netmiko:read_channel: 
DEBUG:netmiko:read_channel: sh
DEBUG:netmiko:read_channel: ow 
DEBUG:netmiko:read_channel: ip
DEBUG:netmiko:read_channel:  in
DEBUG:netmiko:read_channel: terf
DEBUG:netmiko:read_channel: ace
DEBUG:netmiko:read_channel:  b
DEBUG:netmiko:read_channel: rief
DEBUG:netmiko:Pattern found: (show\ ip\ interface\ brief) show ip interface brief
DEBUG:netmiko:read_channel: 
Interface              IP-Address      OK? Method Status                Protocol
Ethernet0/0            unassigned      YES unset  up                    up      
Ethernet0/1            unassigned      YES unset  up                    up      
Ethernet0/2            unassigned      YES unset  up                    up      
Ethernet0/3            unassigned      YES unset  up                    up      
Ethernet1/0            unassigned      YES unset  up                    up      
Ethernet1/1            unassigned      YES unset  up                    up      
Ethernet1/2            22.1.1.2        YES NVRAM  up                    up      
Ethernet1/3            unassigned      YES unset  up                    up      
Ethernet2/0            unassigned      YES unset  up                    up      
Ethernet2/1            unassigned      YES unset  up                    up      
Ethernet2/2            unassigned      YES unset  up                    up      
Ethernet2/3            unassigned      YES unset  up                    up      
Ethernet3/0            unassigned      YES unset  up                    up      
Ethernet3/1            unassigned      YES unset  up                    up      
Ethernet3/2            unassigned      YES unset  up                    up      
Ethernet3/3            unassigned      YES unset  up                    up      
Vlan1                  unassigned      YES unset  administratively down down    
sw2alex>
DEBUG:netmiko:read_channel: 
DEBUG:netmiko:write_channel: b'\n'
DEBUG:netmiko:read_channel: 
DEBUG:netmiko:write_channel: b'\n'
DEBUG:netmiko:read_channel: 
3swalex>
DEBUG:netmiko:read_channel: 
3swalex2>
DEBUG:netmiko:read_channel: 
DEBUG:netmiko:[find_prompt()]: prompt is 3swalex>
DEBUG:netmiko:write_channel: b'show ip interface brief\n'
DEBUG:netmiko:read_channel: 
DEBUG:netmiko:read_channel: 
DEBUG:netmiko:[find_prompt()]: prompt is 3swalex2>
DEBUG:netmiko:write_channel: b'show ip interface brief\n'
DEBUG:netmiko:read_channel: 
DEBUG:netmiko:read_channel: s
DEBUG:netmiko:read_channel: how
DEBUG:netmiko:read_channel: s
DEBUG:netmiko:read_channel:  ip
DEBUG:netmiko:read_channel: how 
DEBUG:netmiko:read_channel:  i
DEBUG:netmiko:read_channel: ip
DEBUG:netmiko:read_channel: nt
DEBUG:netmiko:read_channel:  int
DEBUG:netmiko:read_channel: erf
DEBUG:netmiko:read_channel: erf
DEBUG:netmiko:read_channel: ace
DEBUG:netmiko:read_channel: ace
DEBUG:netmiko:read_channel:  br
DEBUG:netmiko:read_channel:  b
DEBUG:netmiko:read_channel: ief
DEBUG:netmiko:Pattern found: (show\ ip\ interface\ brief) show ip interface brief
DEBUG:netmiko:read_channel: rief
DEBUG:netmiko:Pattern found: (show\ ip\ interface\ brief) show ip interface brief
DEBUG:netmiko:read_channel: 
Interface              IP-Address      OK? Method Status                Protocol
Ethernet0/0            unassigned      YES unset  up                    up      
Ethernet0/1            unassigned      YES unset  administratively down down    
Ethernet0/2            10.1.1.1        YES NVRAM  up                    up      
Ethernet0/3            22.1.1.3        YES NVRAM  up                    up      
Ethernet1/0            unassigned      YES unset  administratively down down    
Ethernet1/1            unassigned      YES unset  administratively down down    
Ethernet1/2            unassigned      YES unset  administratively down down    
Ethernet1/3            unassigned      YES unset  administratively down down    
Ethernet2/0            unassigned      YES unset  up                    up      
Ethernet2/1            unassigned      YES unset  up                    up      
Ethernet2/2            unassigned      YES unset  up                    up      
Ethernet2/3            unassigned      YES unset  up                    up      
Ethernet3/0            unassigned      YES unset  up                    up      
Ethernet3/1            unassigned      YES unset  up                    up      
Ethernet3/2            unassigned      YES unset  up                    up      
Ethernet3/3            unassigned      YES unset  up                    up      
Vlan10                 unassigned      YES unset  down                  down    
Vlan20                 unassigned      YES unset  down                  down    
Vlan30                 unassigned      YES unset  down                  down    
Vlan40                 unassigned      YES unset  down                  down    
3swalex>
DEBUG:netmiko:read_channel: 
Interface              IP-Address      OK? Method Status                Protocol
Ethernet0/0            unassigned      YES unset  up                    up      
Ethernet0/1            unassigned      YES unset  administratively down down    
Ethernet0/2            unassigned      YES unset  administratively down down    
Ethernet0/3            22.1.1.4        YES NVRAM  up                    up      
Ethernet1/0            unassigned      YES unset  administratively down down    
Ethernet1/1            unassigned      YES unset  administratively down down    
Ethernet1/2            unassigned      YES unset  administratively down down    
Ethernet1/3            unassigned      YES unset  administratively down down    
Ethernet2/0            unassigned      YES unset  up                    up      
Ethernet2/1            unassigned      YES unset  up                    up      
Ethernet2/2            unassigned      YES unset  up                    up      
Ethernet2/3            unassigned      YES unset  up                    up      
Ethernet3/0            unassigned      YES unset  up                    up      
Ethernet3/1            20.1.1.1        YES NVRAM  up                    up      
Ethernet3/2            unassigned      YES unset  up                    up      
Ethernet3/3            unassigned      YES unset  up                    up      
3swalex2>
DEBUG:netmiko:read_channel: 
DEBUG:urllib3.connectionpool:Starting new HTTPS connection (1): api.telegram.org:443
DEBUG:urllib3.connectionpool:https://api.telegram.org:443 "POST /bot5803750722:AAGLa0rDUryF3lfsHWI1ycONlkpbR32V0dQ/sendMessage HTTP/1.1" 200 273
DEBUG:netmiko:read_channel: 
DEBUG:netmiko:write_channel: b'\n'
DEBUG:netmiko:read_channel: 
swalex>
DEBUG:netmiko:read_channel: 
DEBUG:netmiko:[find_prompt()]: prompt is swalex>
DEBUG:netmiko:write_channel: b'show ip interface brief\n'
DEBUG:netmiko:read_channel: 
DEBUG:netmiko:read_channel: s
DEBUG:netmiko:read_channel: how
DEBUG:netmiko:read_channel:  ip
DEBUG:netmiko:read_channel:  int
DEBUG:netmiko:read_channel: er
DEBUG:netmiko:read_channel: face
DEBUG:netmiko:read_channel:  b
DEBUG:netmiko:read_channel: rief
DEBUG:netmiko:Pattern found: (show\ ip\ interface\ brief) show ip interface brief
DEBUG:netmiko:read_channel: 
Interface              IP-Address      OK? Method Status                Protocol
Ethernet0/0            unassigned      YES unset  administratively down down    
Ethernet0/1            unassigned      YES unset  administratively down down    
Ethernet0/2            unassigned      YES unset  administratively down down    
Ethernet0/3            unassigned      YES unset  administratively down down    
Ethernet1/0            unassigned      YES unset  administratively down down    
Ethernet1/1            unassigned      YES unset  administratively down down    
Ethernet1/2            22.1.1.1        YES NVRAM  up                    up      
Ethernet1/3            unassigned      YES unset  administratively down down    
Ethernet2/0            unassigned      YES unset  up                    up      
Ethernet2/1            unassigned      YES unset  up                    up      
Ethernet2/2            unassigned      YES unset  up                    up      
Ethernet2/3            unassigned      YES unset  up                    up      
Ethernet3/0            unassigned      YES unset  up                    up      
Ethernet3/1            unassigned      YES unset  up                    up      
Ethernet3/2            unassigned      YES unset  up                    up      
Ethernet3/3            unassigned      YES unset  up                    up      
swalex>
DEBUG:netmiko:read_channel: 
DEBUG:netmiko:write_channel: b'\n'
DEBUG:netmiko:read_channel: 
sw2alex>
DEBUG:netmiko:read_channel: 
DEBUG:netmiko:[find_prompt()]: prompt is sw2alex>
DEBUG:netmiko:write_channel: b'show ip interface brief\n'
DEBUG:netmiko:read_channel: 
DEBUG:netmiko:read_channel: s
DEBUG:netmiko:read_channel: how
DEBUG:netmiko:read_channel:  ip
DEBUG:netmiko:read_channel:  i
DEBUG:netmiko:read_channel: nter
DEBUG:netmiko:read_channel: fa
DEBUG:netmiko:read_channel: ce 
DEBUG:netmiko:read_channel: br
DEBUG:netmiko:read_channel: ief
DEBUG:netmiko:Pattern found: (show\ ip\ interface\ brief) show ip interface brief
DEBUG:netmiko:read_channel: 
Interface              IP-Address      OK? Method Status                Protocol
Ethernet0/0            unassigned      YES unset  up                    up      
Ethernet0/1            unassigned      YES unset  up                    up      
Ethernet0/2            unassigned      YES unset  up                    up      
Ethernet0/3            unassigned      YES unset  up                    up      
Ethernet1/0            unassigned      YES unset  up                    up      
Ethernet1/1            unassigned      YES unset  up                    up      
Ethernet1/2            22.1.1.2        YES NVRAM  up                    up      
Ethernet1/3            unassigned      YES unset  up                    up      
Ethernet2/0            unassigned      YES unset  up                    up      
Ethernet2/1            unassigned      YES unset  up                    up      
Ethernet2/2            unassigned      YES unset  up                    up      
Ethernet2/3            unassigned      YES unset  up                    up      
Ethernet3/0            unassigned      YES unset  up                    up      
Ethernet3/1            unassigned      YES unset  up                    up      
Ethernet3/2            unassigned      YES unset  up                    up      
Ethernet3/3            unassigned      YES unset  up                    up      
Vlan1                  unassigned      YES unset  administratively down down    
sw2alex>
DEBUG:netmiko:read_channel: 
DEBUG:netmiko:write_channel: b'\n'
DEBUG:netmiko:read_channel: 
DEBUG:netmiko:read_channel: 
3swalex2>
DEBUG:netmiko:write_channel: b'\n'
DEBUG:netmiko:read_channel: 
DEBUG:netmiko:[find_prompt()]: prompt is 3swalex2>
DEBUG:netmiko:write_channel: b'show ip interface brief\n'
DEBUG:netmiko:read_channel: 
DEBUG:netmiko:read_channel: 
3swalex>
DEBUG:netmiko:read_channel: 
DEBUG:netmiko:read_channel: 
DEBUG:netmiko:[find_prompt()]: prompt is 3swalex>
DEBUG:netmiko:read_channel: sh
DEBUG:netmiko:write_channel: b'show ip interface brief\n'
DEBUG:netmiko:read_channel: 
DEBUG:netmiko:read_channel: ow
DEBUG:netmiko:read_channel: 
DEBUG:netmiko:read_channel:  i
DEBUG:netmiko:read_channel: 
DEBUG:netmiko:read_channel: p 
DEBUG:netmiko:read_channel: s
DEBUG:netmiko:read_channel: 
DEBUG:netmiko:read_channel: h
DEBUG:netmiko:read_channel: i
DEBUG:netmiko:read_channel: ow
DEBUG:netmiko:read_channel: n
DEBUG:netmiko:read_channel:  
DEBUG:netmiko:read_channel: 
DEBUG:netmiko:read_channel: 
DEBUG:netmiko:read_channel: 
DEBUG:netmiko:read_channel: 
DEBUG:netmiko:read_channel: i
DEBUG:netmiko:read_channel: t
DEBUG:netmiko:read_channel: 
DEBUG:netmiko:read_channel: e
DEBUG:netmiko:read_channel: p 
DEBUG:netmiko:read_channel: 
DEBUG:netmiko:read_channel: 
DEBUG:netmiko:read_channel: 
DEBUG:netmiko:read_channel: 
DEBUG:netmiko:read_channel: 
DEBUG:netmiko:read_channel: i
DEBUG:netmiko:read_channel: r
DEBUG:netmiko:read_channel: nte
DEBUG:netmiko:read_channel: fa
DEBUG:netmiko:read_channel: rfa
DEBUG:netmiko:read_channel: c
DEBUG:netmiko:read_channel: c
DEBUG:netmiko:read_channel: e
DEBUG:netmiko:read_channel: e 
DEBUG:netmiko:read_channel:  b
DEBUG:netmiko:read_channel: b
DEBUG:netmiko:read_channel: r
DEBUG:netmiko:read_channel: ri
DEBUG:netmiko:read_channel: ief
DEBUG:netmiko:Pattern found: (show\ ip\ interface\ brief) show ip interface brief
DEBUG:netmiko:read_channel: ef

DEBUG:netmiko:Pattern found: (show\ ip\ interface\ brief) show ip interface brief
DEBUG:netmiko:read_channel: 
Interface              IP-Address      OK? Method Status                Protocol
Ethernet0/0            unassigned      YES unset  up                    up      
Ethernet0/1            unassigned      YES unset  administratively down down    
Ethernet0/2            unassigned      YES unset  administratively down down    
Ethernet0/3            22.1.1.4        YES NVRAM  up                    up      
Ethernet1/0            unassigned      YES unset  administratively down down    
Ethernet1/1            unassigned      YES unset  administratively down down    
Ethernet1/2            unassigned      YES unset  administratively down down    
Ethernet1/3            unassigned      YES unset  administratively down down    
Ethernet2/0            unassigned      YES unset  up                    up      
Ethernet2/1            unassigned      YES unset  up                    up      
Ethernet2/2            unassigned      YES unset  up                    up      
Ethernet2/3            unassigned      YES unset  up                    up      
Ethernet3/0            unassigned      YES unset  up                    up      
Ethernet3/1            20.1.1.1        YES NVRAM  up                    up      
Ethernet3/2            unassigned      YES unset  up                    up      
Ethernet3/3            unassigned      YES unset  up                    up      
3swalex2>
DEBUG:netmiko:read_channel: Interface              IP-Address      OK? Method Status                Protocol
Ethernet0/0            unassigned      YES unset  up                    up      
Ethernet0/1            unassigned      YES unset  administratively down down    
Ethernet0/2            10.1.1.1        YES NVRAM  up                    up      
Ethernet0/3            22.1.1.3        YES NVRAM  up                    up      
Ethernet1/0            unassigned      YES unset  administratively down down    
Ethernet1/1            unassigned      YES unset  administratively down down    
Ethernet1/2            unassigned      YES unset  administratively down down    
Ethernet1/3            unassigned      YES unset  administratively down down    
Ethernet2/0            unassigned      YES unset  up                    up      
Ethernet2/1            unassigned      YES unset  up                    up      
Ethernet2/2            unassigned      YES unset  up                    up      
Ethernet2/3            unassigned      YES unset  up                    up      
Ethernet3/0            unassigned      YES unset  up                    up      
Ethernet3/1            unassigned      YES unset  up                    up      
Ethernet3/2            unassigned      YES unset  up                    up      
Ethernet3/3            unassigned      YES unset  up                    up      
Vlan10                 unassigned      YES unset  down                  down    
Vlan20                 unassigned      YES unset  down                  down    
Vlan30                 unassigned      YES unset  down                  down    
Vlan40                 unassigned      YES unset  down                  down    
3swalex>
DEBUG:netmiko:read_channel: 
DEBUG:netmiko:write_channel: b'\n'
DEBUG:netmiko:read_channel: 
alex#
DEBUG:netmiko:read_channel: 
DEBUG:netmiko:[find_prompt()]: prompt is alex#
DEBUG:netmiko:write_channel: b'show ip interface brief\n'
DEBUG:netmiko:read_channel: 
DEBUG:netmiko:read_channel: show ip inter
DEBUG:netmiko:read_channel: 
DEBUG:netmiko:read_channel: 
DEBUG:netmiko:read_channel: face brief
Interface                  IP-Address      OK? Method Status                Protocol
FastEthernet0/0            unassigned      YES NVRAM  administratively down down    
FastEthernet0/1            unassigned      YES NVRAM  administratively down down    
Serial1/0                  11.1.1.1        YES NVRAM  up                    down    
Serial1/1                  unassigned      YES NVRAM  administratively down down    
Serial1/2                  unassigned      YES NVRAM  administratively down down    
Serial1/3                  unassigned      YES NVRAM  administratively down down    
FastEthernet2/0            unassigned      YES NVRAM  administratively down down    
Ethernet3/0                10.1.1.2        YES NVRAM  up                    up      
Ethernet3/1                20.1.1.2        YES NVRAM  up                    up      
Ethernet3/2                22.1.1.5        YES NVRAM  up                    up      
Ethernet3/3                unassigned      YES NVRAM  administratively down down    
alex#
DEBUG:netmiko:Pattern found: (show\ ip\ interface\ brief) show ip interface brief
DEBUG:netmiko:read_channel: 
DEBUG:netmiko:read_channel: 
DEBUG:netmiko:write_channel: b'\n'
DEBUG:netmiko:read_channel: 
alex#
DEBUG:netmiko:read_channel: 
DEBUG:netmiko:[find_prompt()]: prompt is alex#
DEBUG:netmiko:write_channel: b'\n'
DEBUG:netmiko:read_channel: 
DEBUG:netmiko:read_channel: 
alex#
DEBUG:netmiko:Pattern found: (alex.*) 
alex#
DEBUG:netmiko:write_channel: b'conf t\n'
DEBUG:netmiko:read_channel: conf t
Enter configuration commands, one per line.  End with CNTL/Z.
alex(config)#
DEBUG:netmiko:read_channel: 
DEBUG:netmiko:read_channel: 
DEBUG:netmiko:write_channel: b'int Serial1/0\n'
DEBUG:netmiko:read_channel: int Serial1/0
alex(config-if)#
DEBUG:netmiko:read_channel: 
DEBUG:netmiko:read_channel: 
DEBUG:netmiko:write_channel: b'no shut\n'
DEBUG:netmiko:read_channel: no shut
alex(config-if)#
DEBUG:netmiko:read_channel: 
DEBUG:netmiko:read_channel: 
DEBUG:netmiko:write_channel: b'end\n'
DEBUG:netmiko:read_channel: end
alex#
DEBUG:netmiko:read_channel: 
DEBUG:netmiko:read_channel: 
DEBUG:netmiko:write_channel: b'\n'
DEBUG:netmiko:read_channel: 

DEBUG:netmiko:write_channel: b'\n'
DEBUG:netmiko:read_channel: swalex>
DEBUG:netmiko:read_channel: 
DEBUG:netmiko:[find_prompt()]: prompt is swalex>
DEBUG:netmiko:write_channel: b'show ip interface brief\n'
DEBUG:netmiko:read_channel: 
DEBUG:netmiko:read_channel: 
swalex>
DEBUG:netmiko:read_channel: 
DEBUG:netmiko:read_channel: s
DEBUG:netmiko:read_channel: h
DEBUG:netmiko:read_channel: ow
DEBUG:netmiko:read_channel: 
DEBUG:netmiko:read_channel:  i
DEBUG:netmiko:read_channel: p
DEBUG:netmiko:read_channel:  
DEBUG:netmiko:read_channel: i
DEBUG:netmiko:read_channel: n
DEBUG:netmiko:read_channel: te
DEBUG:netmiko:read_channel: 
DEBUG:netmiko:read_channel: rf
DEBUG:netmiko:read_channel: a
DEBUG:netmiko:read_channel: c
DEBUG:netmiko:read_channel: e 
DEBUG:netmiko:read_channel: 
DEBUG:netmiko:read_channel: br
DEBUG:netmiko:read_channel: i
DEBUG:netmiko:read_channel: e
DEBUG:netmiko:read_channel: f

DEBUG:netmiko:Pattern found: (show\ ip\ interface\ brief) 
swalex>show ip interface brief
DEBUG:netmiko:read_channel: Interface              IP-Address      OK? Method Status                Protocol
Ethernet0/0            unassigned      YES unset  administratively down down    
Ethernet0/1            unassigned      YES unset  administratively down down    
Ethernet0/2            unassigned      YES unset  administratively down down    
Ethernet0/3            unassigned      YES unset  administratively down down    
Ethernet1/0            unassigned      YES unset  administratively down down    
Ethernet1/1            unassigned      YES unset  administratively down down    
Ethernet1/2            22.1.1.1        YES NVRAM  up                    up      
Ethernet1/3            unassigned      YES unset  administratively down down    
Ethernet2/0            unassigned      YES unset  up                    up      
Ethernet2/1            unassigned      YES unset  up                    up      
Ethernet2/2            unassigned      YES unset  up                    up      
Ethernet2/3            unassigned      YES unset  up                    up      
Ethernet3/0            unassigned      YES unset  up                    up      
Ethernet3/1            unassigned      YES unset  up                    up      
Ethernet3/2            unassigned      YES unset  up                    up      
Ethernet3/3            unassigned      YES unset  up                    up      
swalex>
DEBUG:netmiko:read_channel: 
DEBUG:netmiko:write_channel: b'\n'
DEBUG:netmiko:read_channel: 

DEBUG:netmiko:write_channel: b'\n'
DEBUG:netmiko:read_channel: sw2alex>

DEBUG:netmiko:read_channel: sw2alex>
DEBUG:netmiko:Clear buffer detects data in the channel
DEBUG:netmiko:read_channel: 
DEBUG:netmiko:[find_prompt()]: prompt is sw2alex>
DEBUG:netmiko:write_channel: b'show ip interface brief\n'
DEBUG:netmiko:read_channel: 
DEBUG:netmiko:read_channel: s
DEBUG:netmiko:read_channel: h
DEBUG:netmiko:read_channel: o
DEBUG:netmiko:read_channel: w 
DEBUG:netmiko:read_channel: 
DEBUG:urllib3.connectionpool:Starting new HTTPS connection (1): api.telegram.org:443
DEBUG:netmiko:read_channel: ip
DEBUG:netmiko:read_channel:  i
DEBUG:netmiko:read_channel: nt
DEBUG:netmiko:read_channel: 
DEBUG:netmiko:read_channel: er
DEBUG:netmiko:read_channel: fa
DEBUG:netmiko:read_channel: c
DEBUG:netmiko:read_channel: e
DEBUG:netmiko:read_channel:  
DEBUG:netmiko:read_channel: b
DEBUG:netmiko:read_channel: 
DEBUG:netmiko:read_channel: ri
DEBUG:netmiko:read_channel: ef
DEBUG:netmiko:Pattern found: (show\ ip\ interface\ brief) show ip interface brief
DEBUG:netmiko:read_channel: 
DEBUG:netmiko:write_channel: b'\n'
DEBUG:netmiko:read_channel: 
Interface              IP-Address      OK? Method Status                Protocol
Ethernet0/0            unassigned      YES unset  up                    up      
Ethernet0/1            unassigned      YES unset  up                    up      
Ethernet0/2            unassigned      YES unset  up                    up      
Ethernet0/3            unassigned      YES unset  up                    up      
Ethernet1/0            unassigned      YES unset  up                    up      
Ethernet1/1            unassigned      YES unset  up                    up      
Ethernet1/2            22.1.1.2        YES NVRAM  up                    up      
Ethernet1/3            unassigned      YES unset  up                    up      
Ethernet2/0            unassigned      YES unset  up                    up      
Ethernet2/1            unassigned      YES unset  up                    up      
Ethernet2/2            unassigned      YES unset  up                    up      
Ethernet2/3            unassigned      YES unset  up                    up      
Ethernet3/0            unassigned      YES unset  up                    up      
Ethernet3/1            unassigned      YES unset  up                    up      
Ethernet3/2            unassigned      YES unset  up                    up      
Ethernet3/3            unassigned      YES unset  up                    up      
Vlan1                  unassigned      YES unset  administratively down down    
sw2alex>
DEBUG:netmiko:read_channel: 
3swalex>
DEBUG:netmiko:read_channel: 
DEBUG:netmiko:[find_prompt()]: prompt is 3swalex>
DEBUG:netmiko:write_channel: b'show ip interface brief\n'
DEBUG:netmiko:read_channel: 
DEBUG:netmiko:read_channel: 
DEBUG:netmiko:write_channel: b'\n'
DEBUG:netmiko:read_channel: s
DEBUG:netmiko:read_channel: 
DEBUG:netmiko:write_channel: b'\n'
DEBUG:netmiko:read_channel: 
DEBUG:netmiko:read_channel: how
DEBUG:netmiko:read_channel: 
3swalex2>
DEBUG:netmiko:read_channel: 

DEBUG:netmiko:read_channel:  
DEBUG:netmiko:Clear buffer detects data in the channel
DEBUG:netmiko:read_channel: ip 
DEBUG:netmiko:read_channel: 3swalex2>
DEBUG:netmiko:Clear buffer detects data in the channel
DEBUG:netmiko:read_channel: i
DEBUG:netmiko:read_channel: nte
DEBUG:netmiko:read_channel: rf
DEBUG:netmiko:read_channel: 
DEBUG:netmiko:[find_prompt()]: prompt is 3swalex2>
DEBUG:netmiko:write_channel: b'show ip interface brief\n'
DEBUG:netmiko:read_channel: 
DEBUG:netmiko:read_channel: ac
DEBUG:netmiko:read_channel: 
DEBUG:urllib3.connectionpool:https://api.telegram.org:443 "POST /bot5803750722:AAGLa0rDUryF3lfsHWI1ycONlkpbR32V0dQ/sendMessage HTTP/1.1" 200 273
DEBUG:netmiko:read_channel: e
DEBUG:netmiko:read_channel: 
DEBUG:netmiko:read_channel:  
DEBUG:netmiko:read_channel: s
DEBUG:netmiko:read_channel: 
DEBUG:netmiko:read_channel: ho
DEBUG:netmiko:read_channel: br
DEBUG:netmiko:read_channel: w 
DEBUG:netmiko:read_channel: ie
DEBUG:netmiko:read_channel: f
DEBUG:netmiko:Pattern found: (show\ ip\ interface\ brief) show ip interface brief
DEBUG:netmiko:read_channel: ip
DEBUG:netmiko:read_channel:  
DEBUG:netmiko:read_channel: int
DEBUG:netmiko:read_channel: 
Interface              IP-Address      OK? Method Status                Protocol
Ethernet0/0            unassigned      YES unset  up                    up      
Ethernet0/1            unassigned      YES unset  administratively down down    
Ethernet0/2            10.1.1.1        YES NVRAM  up                    up      
Ethernet0/3            22.1.1.3        YES NVRAM  up                    up      
Ethernet1/0            unassigned      YES unset  administratively down down    
Ethernet1/1            unassigned      YES unset  administratively down down    
Ethernet1/2            unassigned      YES unset  administratively down down    
Ethernet1/3            unassigned      YES unset  administratively down down    
Ethernet2/0            unassigned      YES unset  up                    up      
Ethernet2/1            unassigned      YES unset  up                    up      
Ethernet2/2            unassigned      YES unset  up                    up      
Ethernet2/3            unassigned      YES unset  up                    up      
Ethernet3/0            unassigned      YES unset  up                    up      
Ethernet3/1            unassigned      YES unset  up                    up      
Ethernet3/2            unassigned      YES unset  up                    up      
Ethernet3/3            unassigned      YES unset  up                    up      
Vlan10                 unassigned      YES unset  down                  down    
Vlan20                 unassigned      YES unset  down                  down    
Vlan30                 unassigned      YES unset  down                  down    
Vlan40                 unassigned      YES unset  down                  down    
3swalex>
DEBUG:netmiko:read_channel: er
DEBUG:netmiko:read_channel: 
DEBUG:netmiko:read_channel: fa
DEBUG:netmiko:read_channel: ce 
DEBUG:netmiko:read_channel: b
DEBUG:netmiko:read_channel: 
DEBUG:netmiko:read_channel: ri
DEBUG:netmiko:read_channel: 
DEBUG:netmiko:read_channel: 
DEBUG:netmiko:read_channel: ef
DEBUG:netmiko:Pattern found: (show\ ip\ interface\ brief) show ip interface brief
DEBUG:netmiko:read_channel: 
Interface              IP-Address      OK? Method Status                Protocol
Ethernet0/0            unassigned      YES unset  up                    up      
Ethernet0/1            unassigned      YES unset  administratively down down    
Ethernet0/2            unassigned      YES unset  administratively down down    
Ethernet0/3            22.1.1.4        YES NVRAM  up                    up      
Ethernet1/0            unassigned      YES unset  administratively down down    
Ethernet1/1            unassigned      YES unset  administratively down down    
Ethernet1/2            unassigned      YES unset  administratively down down    
Ethernet1/3            unassigned      YES unset  administratively down down    
Ethernet2/0            unassigned      YES unset  up                    up      
Ethernet2/1            unassigned      YES unset  up                    up      
Ethernet2/2            unassigned      YES unset  up                    up      
Ethernet2/3            unassigned      YES unset  up                    up      
Ethernet3/0            unassigned      YES unset  up                    up      
Ethernet3/1            20.1.1.1        YES NVRAM  up                    up      
Ethernet3/2            unassigned      YES unset  up                    up      
Ethernet3/3            unassigned      YES unset  up                    up      
3swalex2>
DEBUG:netmiko:read_channel: 
DEBUG:netmiko:write_channel: b'\n'
DEBUG:netmiko:read_channel: 
DEBUG:netmiko:write_channel: b'\n'
DEBUG:netmiko:read_channel: 
swalex>
DEBUG:netmiko:read_channel: 
DEBUG:netmiko:[find_prompt()]: prompt is swalex>
DEBUG:netmiko:write_channel: b'show ip interface brief\n'
DEBUG:netmiko:read_channel: 
DEBUG:netmiko:read_channel: 
swalex>
DEBUG:netmiko:read_channel: 
DEBUG:netmiko:read_channel: 
DEBUG:netmiko:read_channel: sh
DEBUG:netmiko:read_channel: 
DEBUG:netmiko:read_channel: ow
DEBUG:netmiko:read_channel:  i
DEBUG:netmiko:read_channel: 
DEBUG:netmiko:read_channel: p 
DEBUG:netmiko:read_channel: i
DEBUG:netmiko:read_channel: n
DEBUG:netmiko:read_channel: 
DEBUG:netmiko:read_channel: te
DEBUG:netmiko:read_channel: rf
DEBUG:netmiko:read_channel: 
DEBUG:netmiko:read_channel: ac
DEBUG:netmiko:read_channel: 
DEBUG:netmiko:read_channel: e 
DEBUG:netmiko:read_channel: 
DEBUG:netmiko:read_channel: bri
DEBUG:netmiko:read_channel: ef
DEBUG:netmiko:Pattern found: (show\ ip\ interface\ brief) 
swalex>show ip interface brief
DEBUG:netmiko:read_channel: 
Interface              IP-Address      OK? Method Status                Protocol
Ethernet0/0            unassigned      YES unset  administratively down down    
Ethernet0/1            unassigned      YES unset  administratively down down    
Ethernet0/2            unassigned      YES unset  administratively down down    
Ethernet0/3            unassigned      YES unset  administratively down down    
Ethernet1/0            unassigned      YES unset  administratively down down    
Ethernet1/1            unassigned      YES unset  administratively down down    
Ethernet1/2            22.1.1.1        YES NVRAM  up                    up      
Ethernet1/3            unassigned      YES unset  administratively down down    
Ethernet2/0            unassigned      YES unset  up                    up      
Ethernet2/1            unassigned      YES unset  up                    up      
Ethernet2/2            unassigned      YES unset  up                    up      
Ethernet2/3            unassigned      YES unset  up                    up      
Ethernet3/0            unassigned      YES unset  up                    up      
Ethernet3/1            unassigned      YES unset  up                    up      
Ethernet3/2            unassigned      YES unset  up                    up      
Ethernet3/3            unassigned      YES unset  up                    up      
swalex>
DEBUG:netmiko:read_channel: 
DEBUG:netmiko:write_channel: b'\n'
DEBUG:netmiko:read_channel: 
sw2alex>
DEBUG:netmiko:read_channel: 
DEBUG:netmiko:[find_prompt()]: prompt is sw2alex>
DEBUG:netmiko:write_channel: b'show ip interface brief\n'
DEBUG:netmiko:read_channel: 
DEBUG:netmiko:read_channel: 
DEBUG:netmiko:read_channel: s
DEBUG:netmiko:read_channel: 
DEBUG:netmiko:read_channel: ho
DEBUG:netmiko:read_channel: 
DEBUG:netmiko:read_channel: w 
DEBUG:netmiko:write_channel: b'\n'
DEBUG:netmiko:read_channel: i
DEBUG:netmiko:read_channel: p 
DEBUG:netmiko:read_channel: 
alex#
DEBUG:netmiko:read_channel: in
DEBUG:netmiko:read_channel: 
DEBUG:netmiko:[find_prompt()]: prompt is alex#
DEBUG:netmiko:write_channel: b'show ip interface brief\n'
DEBUG:netmiko:read_channel: 
DEBUG:netmiko:read_channel: t
DEBUG:netmiko:read_channel: 
DEBUG:netmiko:read_channel: e
DEBUG:netmiko:read_channel: r
DEBUG:netmiko:read_channel: f
DEBUG:netmiko:read_channel: show ip interfac
DEBUG:netmiko:read_channel: a
DEBUG:netmiko:read_channel: 
DEBUG:netmiko:read_channel: 
DEBUG:netmiko:read_channel: 
DEBUG:netmiko:read_channel: e brief
Interface                  IP-Address      OK? Method Status                Protocol
FastEthernet0/0            unassigned      YES NVRAM  administratively down down    
FastEthernet0/1            unassigned      YES NVRAM  administratively down down    
Serial1/0                  11.1.1.1        YES NVRAM  up                    down    
Serial1/1                  unassigned      YES NVRAM  administratively down down    
Serial1/2                  unassigned      YES NVRAM  administratively down down    
Serial1/3                  unassigned      YES NVRAM  administratively down down    
FastEthernet2/0            unassigned      YES NVRAM  administratively down down    
Ethernet3/0                10.1.1.2        YES NVRAM  up                    up      
Ethernet3/1                20.1.1.2        YES NVRAM  up                    up      
Ethernet3/2                22.1.1.5        YES NVRAM  up                    up      
Ethernet3/3                unassigned      YES NVRAM  administratively down down    
alex#
DEBUG:netmiko:read_channel: 
DEBUG:netmiko:Pattern found: (show\ ip\ interface\ brief) show ip interface brief
DEBUG:netmiko:read_channel: 
DEBUG:netmiko:read_channel: ce
DEBUG:netmiko:write_channel: b'\n'
DEBUG:netmiko:read_channel:  b
DEBUG:netmiko:read_channel: 
DEBUG:netmiko:read_channel: ri
DEBUG:netmiko:read_channel: 
3swalex>
DEBUG:netmiko:read_channel: ef
DEBUG:netmiko:Pattern found: (show\ ip\ interface\ brief) show ip interface brief
DEBUG:netmiko:read_channel: 
DEBUG:netmiko:[find_prompt()]: prompt is 3swalex>
DEBUG:netmiko:write_channel: b'show ip interface brief\n'
DEBUG:netmiko:read_channel: 
DEBUG:netmiko:read_channel: 
DEBUG:netmiko:read_channel: 
Interface              IP-Address      OK? Method Status                Protocol
Ethernet0/0            unassigned      YES unset  up                    up      
Ethernet0/1            unassigned      YES unset  up                    up      
Ethernet0/2            unassigned      YES unset  up                    up      
Ethernet0/3            unassigned      YES unset  up                    up      
Ethernet1/0            unassigned      YES unset  up                    up      
Ethernet1/1            unassigned      YES unset  up                    up      
Ethernet1/2            22.1.1.2        YES NVRAM  up                    up      
Ethernet1/3            unassigned      YES unset  up                    up      
Ethernet2/0            unassigned      YES unset  up                    up      
Ethernet2/1            unassigned      YES unset  up                    up      
Ethernet2/2            unassigned      YES unset  up                    up      
Ethernet2/3            unassigned      YES unset  up                    up      
Ethernet3/0            unassigned      YES unset  up                    up      
Ethernet3/1            unassigned      YES unset  up                    up      
Ethernet3/2            unassigned      YES unset  up                    up      
Ethernet3/3            unassigned      YES unset  up                    up      
Vlan1                  unassigned      YES unset  administratively down down    
sw2alex>
DEBUG:netmiko:read_channel: 
DEBUG:netmiko:write_channel: b'\n'
DEBUG:netmiko:read_channel: s
DEBUG:netmiko:read_channel: 
DEBUG:netmiko:read_channel: 
alex#
DEBUG:netmiko:read_channel: 
DEBUG:netmiko:read_channel: how
DEBUG:netmiko:[find_prompt()]: prompt is alex#
DEBUG:netmiko:write_channel: b'\n'
DEBUG:netmiko:read_channel: 
DEBUG:netmiko:read_channel:  i
DEBUG:netmiko:read_channel: 
DEBUG:netmiko:read_channel: p
DEBUG:netmiko:read_channel: 
DEBUG:netmiko:read_channel: 
DEBUG:netmiko:read_channel: 
DEBUG:netmiko:read_channel:  i
DEBUG:netmiko:read_channel: 
alex#
DEBUG:netmiko:Pattern found: (alex.*) 
alex#
DEBUG:netmiko:write_channel: b'conf t\n'
DEBUG:netmiko:read_channel: nt
DEBUG:netmiko:read_channel: 
DEBUG:netmiko:read_channel: er
DEBUG:netmiko:read_channel: f
DEBUG:netmiko:read_channel: ac
DEBUG:netmiko:read_channel: e
DEBUG:netmiko:read_channel:  b
DEBUG:netmiko:read_channel: r
DEBUG:netmiko:read_channel: conf t
Enter configuration commands, one per line.  End with CNTL/Z.
alex(config)#
DEBUG:netmiko:read_channel: i
DEBUG:netmiko:read_channel: ef
DEBUG:netmiko:Pattern found: (show\ ip\ interface\ brief) show ip interface brief
DEBUG:netmiko:read_channel: 
Interface              IP-Address      OK? Method Status                Protocol
Ethernet0/0            unassigned      YES unset  up                    up      
Ethernet0/1            unassigned      YES unset  administratively down down    
Ethernet0/2            10.1.1.1        YES NVRAM  up                    up      
Ethernet0/3            22.1.1.3        YES NVRAM  up                    up      
Ethernet1/0            unassigned      YES unset  administratively down down    
Ethernet1/1            unassigned      YES unset  administratively down down    
Ethernet1/2            unassigned      YES unset  administratively down down    
Ethernet1/3            unassigned      YES unset  administratively down down    
Ethernet2/0            unassigned      YES unset  up                    up      
Ethernet2/1            unassigned      YES unset  up                    up      
Ethernet2/2            unassigned      YES unset  up                    up      
Ethernet2/3            unassigned      YES unset  up                    up      
Ethernet3/0            unassigned      YES unset  up                    up      
Ethernet3/1            unassigned      YES unset  up                    up      
Ethernet3/2            unassigned      YES unset  up                    up      
Ethernet3/3            unassigned      YES unset  up                    up      
Vlan10                 unassigned      YES unset  down                  down    
Vlan20                 unassigned      YES unset  down                  down    
Vlan30                 unassigned      YES unset  down                  down    
Vlan40                 unassigned      YES unset  down                  down    
3swalex>
DEBUG:netmiko:read_channel: 
DEBUG:netmiko:write_channel: b'\n'
DEBUG:netmiko:read_channel: 

DEBUG:netmiko:write_channel: b'\n'
DEBUG:netmiko:read_channel: 
DEBUG:netmiko:read_channel: 3swalex2>
3swalex2>
DEBUG:netmiko:read_channel: 
DEBUG:netmiko:[find_prompt()]: prompt is 3swalex2>
DEBUG:netmiko:write_channel: b'show ip interface brief\n'
DEBUG:netmiko:read_channel: 
DEBUG:netmiko:read_channel: s
DEBUG:netmiko:read_channel: h
DEBUG:netmiko:read_channel: o
DEBUG:netmiko:read_channel: w 
DEBUG:netmiko:read_channel: i
DEBUG:netmiko:read_channel: p
DEBUG:netmiko:read_channel:  i
DEBUG:netmiko:read_channel: nt
DEBUG:netmiko:read_channel: 
DEBUG:netmiko:read_channel: e
DEBUG:netmiko:read_channel: r
DEBUG:netmiko:read_channel: f
DEBUG:netmiko:read_channel: a
DEBUG:netmiko:read_channel: ce
DEBUG:netmiko:read_channel: 
DEBUG:netmiko:read_channel:  b
DEBUG:netmiko:read_channel: 
DEBUG:netmiko:read_channel: ri
DEBUG:netmiko:read_channel: 
DEBUG:netmiko:read_channel: ef
DEBUG:netmiko:Pattern found: (show\ ip\ interface\ brief) show ip interface brief
DEBUG:netmiko:read_channel: 
Interface              IP-Address      OK? Method Status                Protocol
Ethernet0/0            unassigned      YES unset  up                    up      
Ethernet0/1            unassigned      YES unset  administratively down down    
Ethernet0/2            unassigned      YES unset  administratively down down    
Ethernet0/3            22.1.1.4        YES NVRAM  up                    up      
Ethernet1/0            unassigned      YES unset  administratively down down    
Ethernet1/1            unassigned      YES unset  administratively down down    
Ethernet1/2            unassigned      YES unset  administratively down down    
Ethernet1/3            unassigned      YES unset  administratively down down    
Ethernet2/0            unassigned      YES unset  up                    up      
Ethernet2/1            unassigned      YES unset  up                    up      
Ethernet2/2            unassigned      YES unset  up                    up      
Ethernet2/3            unassigned      YES unset  up                    up      
Ethernet3/0            unassigned      YES unset  up                    up      
Ethernet3/1            20.1.1.1        YES NVRAM  up                    up      
Ethernet3/2            unassigned      YES unset  up                    up      
Ethernet3/3            unassigned      YES unset  up                    up      
3swalex2>
DEBUG:netmiko:read_channel: 
DEBUG:netmiko:write_channel: b'int Serial1/0\n'
DEBUG:netmiko:read_channel: int Serial1/0
alex(config-if)#
DEBUG:netmiko:read_channel: 
DEBUG:netmiko:read_channel: 
DEBUG:netmiko:write_channel: b'no shut\n'
DEBUG:netmiko:read_channel: no shut
alex(config-if)#
DEBUG:netmiko:read_channel: 
DEBUG:netmiko:read_channel: 
DEBUG:netmiko:write_channel: b'end\n'
DEBUG:netmiko:read_channel: end
alex#
DEBUG:netmiko:read_channel: 
DEBUG:netmiko:read_channel: 
DEBUG:urllib3.connectionpool:Starting new HTTPS connection (1): api.telegram.org:443
DEBUG:netmiko:read_channel: 
DEBUG:netmiko:write_channel: b'\n'
DEBUG:netmiko:read_channel: 

DEBUG:netmiko:write_channel: b'\n'
DEBUG:netmiko:read_channel: swalex>

DEBUG:netmiko:read_channel: swalex>
DEBUG:netmiko:Clear buffer detects data in the channel
DEBUG:netmiko:read_channel: 
DEBUG:netmiko:[find_prompt()]: prompt is swalex>
DEBUG:netmiko:write_channel: b'show ip interface brief\n'
DEBUG:netmiko:read_channel: 
DEBUG:netmiko:read_channel: 
DEBUG:netmiko:read_channel: 
DEBUG:netmiko:read_channel: s
DEBUG:netmiko:read_channel: h
DEBUG:netmiko:read_channel: o
DEBUG:netmiko:read_channel: w
DEBUG:netmiko:read_channel:  ip 
DEBUG:netmiko:read_channel: i
DEBUG:netmiko:read_channel: 
DEBUG:netmiko:read_channel: nt
DEBUG:netmiko:read_channel: er
DEBUG:netmiko:read_channel: 
DEBUG:netmiko:read_channel: fa
DEBUG:netmiko:read_channel: c
DEBUG:netmiko:read_channel: e
DEBUG:netmiko:read_channel:  
DEBUG:netmiko:read_channel: b
DEBUG:netmiko:read_channel: r
DEBUG:netmiko:read_channel: ie
DEBUG:netmiko:read_channel: f
DEBUG:netmiko:Pattern found: (show\ ip\ interface\ brief) show ip interface brief
DEBUG:netmiko:read_channel: 
Interface              IP-Address      OK? Method Status                Protocol
Ethernet0/0            unassigned      YES unset  administratively down down    
Ethernet0/1            unassigned      YES unset  administratively down down    
Ethernet0/2            unassigned      YES unset  administratively down down    
Ethernet0/3            unassigned      YES unset  administratively down down    
Ethernet1/0            unassigned      YES unset  administratively down down    
Ethernet1/1            unassigned      YES unset  administratively down down    
Ethernet1/2            22.1.1.1        YES NVRAM  up                    up      
Ethernet1/3            unassigned      YES unset  administratively down down    
Ethernet2/0            unassigned      YES unset  up                    up      
Ethernet2/1            unassigned      YES unset  up                    up      
Ethernet2/2            unassigned      YES unset  up                    up      
Ethernet2/3            unassigned      YES unset  up                    up      
Ethernet3/0            unassigned      YES unset  up                    up      
Ethernet3/1            unassigned      YES unset  up                    up      
Ethernet3/2            unassigned      YES unset  up                    up      
Ethernet3/3            unassigned      YES unset  up                    up      
swalex>
DEBUG:urllib3.connectionpool:https://api.telegram.org:443 "POST /bot5803750722:AAGLa0rDUryF3lfsHWI1ycONlkpbR32V0dQ/sendMessage HTTP/1.1" 200 273
DEBUG:netmiko:read_channel: 
DEBUG:netmiko:write_channel: b'\n'
DEBUG:netmiko:read_channel: 

DEBUG:netmiko:write_channel: b'\n'
DEBUG:netmiko:read_channel: sw2alex>
DEBUG:netmiko:read_channel: 
DEBUG:netmiko:[find_prompt()]: prompt is sw2alex>
DEBUG:netmiko:write_channel: b'show ip interface brief\n'
DEBUG:netmiko:read_channel: 
DEBUG:netmiko:read_channel: 
DEBUG:netmiko:read_channel: 
sw2alex>
DEBUG:netmiko:read_channel: show
DEBUG:netmiko:read_channel:  i
DEBUG:netmiko:read_channel: p
DEBUG:netmiko:read_channel:  
DEBUG:netmiko:read_channel: i
DEBUG:netmiko:read_channel: n
DEBUG:netmiko:read_channel: 
DEBUG:netmiko:write_channel: b'\n'
DEBUG:netmiko:read_channel: te
DEBUG:netmiko:read_channel: rf
DEBUG:netmiko:read_channel: ac
DEBUG:netmiko:read_channel: 

DEBUG:netmiko:write_channel: b'\n'
DEBUG:netmiko:read_channel: e 
DEBUG:netmiko:read_channel: br
DEBUG:netmiko:read_channel: 3swalex>
3swalex>
DEBUG:netmiko:read_channel: ie
DEBUG:netmiko:read_channel: 
DEBUG:netmiko:[find_prompt()]: prompt is 3swalex>
DEBUG:netmiko:write_channel: b'show ip interface brief\n'
DEBUG:netmiko:read_channel: 
DEBUG:netmiko:read_channel: f

DEBUG:netmiko:Pattern found: (show\ ip\ interface\ brief) 
sw2alex>show ip interface brief
DEBUG:netmiko:read_channel: s
DEBUG:netmiko:read_channel: ho
DEBUG:netmiko:read_channel: Interface              IP-Address      OK? Method Status                Protocol
Ethernet0/0            unassigned      YES unset  up                    up      
Ethernet0/1            unassigned      YES unset  up                    up      
Ethernet0/2            unassigned      YES unset  up                    up      
Ethernet0/3            unassigned      YES unset  up                    up      
Ethernet1/0            unassigned      YES unset  up                    up      
Ethernet1/1            unassigned      YES unset  up                    up      
Ethernet1/2            22.1.1.2        YES NVRAM  up                    up      
Ethernet1/3            unassigned      YES unset  up                    up      
Ethernet2/0            unassigned      YES unset  up                    up      
Ethernet2/1            unassigned      YES unset  up                    up      
Ethernet2/2            unassigned      YES unset  up                    up      
Ethernet2/3            unassigned      YES unset  up                    up      
Ethernet3/0            unassigned      YES unset  up                    up      
Ethernet3/1            unassigned      YES unset  up                    up      
Ethernet3/2            unassigned      YES unset  up                    up      
Ethernet3/3            unassigned      YES unset  up                    up      
Vlan1                  unassigned      YES unset  administratively down down    
sw2alex>
DEBUG:netmiko:read_channel: w i
DEBUG:netmiko:read_channel: p 
DEBUG:netmiko:read_channel: inte
DEBUG:netmiko:read_channel: rfa
DEBUG:netmiko:read_channel: ce 
DEBUG:netmiko:read_channel: br
DEBUG:netmiko:read_channel: ief
DEBUG:netmiko:Pattern found: (show\ ip\ interface\ brief) show ip interface brief
DEBUG:netmiko:read_channel: 
Interface              IP-Address      OK? Method Status                Protocol
Ethernet0/0            unassigned      YES unset  up                    up      
Ethernet0/1            unassigned      YES unset  administratively down down    
Ethernet0/2            10.1.1.1        YES NVRAM  up                    up      
Ethernet0/3            22.1.1.3        YES NVRAM  up                    up      
Ethernet1/0            unassigned      YES unset  administratively down down    
Ethernet1/1            unassigned      YES unset  administratively down down    
Ethernet1/2            unassigned      YES unset  administratively down down    
Ethernet1/3            unassigned      YES unset  administratively down down    
Ethernet2/0            unassigned      YES unset  up                    up      
Ethernet2/1            unassigned      YES unset  up                    up      
Ethernet2/2            unassigned      YES unset  up                    up      
Ethernet2/3            unassigned      YES unset  up                    up      
Ethernet3/0            unassigned      YES unset  up                    up      
Ethernet3/1            unassigned      YES unset  up                    up      
Ethernet3/2            unassigned      YES unset  up                    up      
Ethernet3/3            unassigned      YES unset  up                    up      
Vlan10                 unassigned      YES unset  down                  down    
Vlan20                 unassigned      YES unset  down                  down    
Vlan30                 unassigned      YES unset  down                  down    
Vlan40                 unassigned      YES unset  down                  down    
3swalex>
DEBUG:netmiko:read_channel: 
DEBUG:netmiko:write_channel: b'\n'
DEBUG:netmiko:read_channel: 
3swalex2>
DEBUG:netmiko:read_channel: 
DEBUG:netmiko:[find_prompt()]: prompt is 3swalex2>
DEBUG:netmiko:write_channel: b'show ip interface brief\n'
DEBUG:netmiko:read_channel: 
DEBUG:netmiko:read_channel: s
DEBUG:netmiko:read_channel: ho
DEBUG:netmiko:read_channel: w i
DEBUG:netmiko:read_channel: p 
DEBUG:netmiko:read_channel: int
DEBUG:netmiko:read_channel: er
DEBUG:netmiko:read_channel: fa
DEBUG:netmiko:read_channel: ce
DEBUG:netmiko:read_channel:  b
DEBUG:netmiko:read_channel: ri
DEBUG:netmiko:read_channel: ef
DEBUG:netmiko:Pattern found: (show\ ip\ interface\ brief) show ip interface brief
DEBUG:netmiko:read_channel: 
Interface              IP-Address      OK? Method Status                Protocol
Ethernet0/0            unassigned      YES unset  up                    up      
Ethernet0/1            unassigned      YES unset  administratively down down    
Ethernet0/2            unassigned      YES unset  administratively down down    
Ethernet0/3            22.1.1.4        YES NVRAM  up                    up      
Ethernet1/0            unassigned      YES unset  administratively down down    
Ethernet1/1            unassigned      YES unset  administratively down down    
Ethernet1/2            unassigned      YES unset  administratively down down    
Ethernet1/3            unassigned      YES unset  administratively down down    
Ethernet2/0            unassigned      YES unset  up                    up      
Ethernet2/1            unassigned      YES unset  up                    up      
Ethernet2/2            unassigned      YES unset  up                    up      
Ethernet2/3            unassigned      YES unset  up                    up      
Ethernet3/0            unassigned      YES unset  up                    up      
Ethernet3/1            20.1.1.1        YES NVRAM  up                    up      
Ethernet3/2            unassigned      YES unset  up                    up      
Ethernet3/3            unassigned      YES unset  up                    up      
3swalex2>
DEBUG:netmiko:read_channel: 
DEBUG:netmiko:write_channel: b'\n'
DEBUG:netmiko:read_channel: 
DEBUG:netmiko:write_channel: b'\n'
DEBUG:netmiko:read_channel: 
alex#
DEBUG:netmiko:read_channel: 
DEBUG:netmiko:read_channel: 
swalex>
DEBUG:netmiko:[find_prompt()]: prompt is alex#
DEBUG:netmiko:write_channel: b'show ip interface brief\n'
DEBUG:netmiko:read_channel: 
DEBUG:netmiko:read_channel: sho
DEBUG:netmiko:read_channel: 
DEBUG:netmiko:[find_prompt()]: prompt is swalex>
DEBUG:netmiko:write_channel: b'show ip interface brief\n'
DEBUG:netmiko:read_channel: 
DEBUG:netmiko:read_channel: w ip interface 
DEBUG:netmiko:read_channel: 
DEBUG:netmiko:read_channel: 
DEBUG:netmiko:read_channel: 
DEBUG:netmiko:read_channel: brie
DEBUG:netmiko:read_channel: s
DEBUG:netmiko:read_channel: 
DEBUG:netmiko:read_channel: h
DEBUG:netmiko:read_channel: f
Interface                  IP-Address      OK? Method Status                Protocol
FastEthernet0/0            unassigned      YES NVRAM  administratively down down    
FastEthernet0/1            unassigned      YES NVRAM  administratively down down    
Serial1/0                  11.1.1.1        YES NVRAM  up                    down    
Serial1/1                  unassigned      YES NVRAM  administratively down down    
Serial1/2                  unassigned      YES NVRAM  administratively down down    
Serial1/3                  unassigned      YES NVRAM  administratively down down    
FastEthernet2/0            unassigned      YES NVRAM  administratively down down    
Ethernet3/0                10.1.1.2        YES NVRAM  up                    up      
Ethernet3/1                20.1.1.2        YES NVRAM  up                    up      
Ethernet3/2                22.1.1.5        YES NVRAM  up                    up      
Ethernet3/3                unassigned      YES NVRAM  administratively down down    
alex#
DEBUG:netmiko:Pattern found: (show\ ip\ interface\ brief) show ip interface brief
DEBUG:netmiko:read_channel: ow
DEBUG:netmiko:read_channel:  i
DEBUG:netmiko:read_channel: p i
DEBUG:netmiko:read_channel: 
DEBUG:netmiko:read_channel: n
DEBUG:netmiko:read_channel: te
DEBUG:netmiko:read_channel: rf
DEBUG:netmiko:read_channel: a
DEBUG:netmiko:read_channel: c
DEBUG:netmiko:read_channel: e b
DEBUG:netmiko:read_channel: ri
DEBUG:netmiko:read_channel: e
DEBUG:netmiko:read_channel: f
DEBUG:netmiko:Pattern found: (show\ ip\ interface\ brief) show ip interface brief
DEBUG:netmiko:read_channel: 
Interface              IP-Address      OK? Method Status                Protocol
Ethernet0/0            unassigned      YES unset  administratively down down    
Ethernet0/1            unassigned      YES unset  administratively down down    
Ethernet0/2            unassigned      YES unset  administratively down down    
Ethernet0/3            unassigned      YES unset  administratively down down    
Ethernet1/0            unassigned      YES unset  administratively down down    
Ethernet1/1            unassigned      YES unset  administratively down down    
Ethernet1/2            22.1.1.1        YES NVRAM  up                    up      
Ethernet1/3            unassigned      YES unset  administratively down down    
Ethernet2/0            unassigned      YES unset  up                    up      
Ethernet2/1            unassigned      YES unset  up                    up      
Ethernet2/2            unassigned      YES unset  up                    up      
Ethernet2/3            unassigned      YES unset  up                    up      
Ethernet3/0            unassigned      YES unset  up                    up      
Ethernet3/1            unassigned      YES unset  up                    up      
Ethernet3/2            unassigned      YES unset  up                    up      
Ethernet3/3            unassigned      YES unset  up                    up      
swalex>
DEBUG:netmiko:read_channel: 
DEBUG:netmiko:write_channel: b'\n'
DEBUG:netmiko:read_channel: 
alex#
DEBUG:netmiko:read_channel: 
DEBUG:netmiko:[find_prompt()]: prompt is alex#
DEBUG:netmiko:write_channel: b'\n'
DEBUG:netmiko:read_channel: 
DEBUG:netmiko:read_channel: 
alex#
DEBUG:netmiko:Pattern found: (alex.*) 
alex#
DEBUG:netmiko:write_channel: b'conf t\n'
DEBUG:netmiko:read_channel: conf t
Enter configuration commands, one per line.  End with CNTL/Z.
alex(config)#
DEBUG:netmiko:read_channel: 
DEBUG:netmiko:read_channel: 
DEBUG:netmiko:write_channel: b'\n'
DEBUG:netmiko:read_channel: 

DEBUG:netmiko:write_channel: b'\n'
DEBUG:netmiko:read_channel: sw2alex>
DEBUG:netmiko:read_channel: 
DEBUG:netmiko:[find_prompt()]: prompt is sw2alex>
DEBUG:netmiko:write_channel: b'show ip interface brief\n'
DEBUG:netmiko:read_channel: 
DEBUG:netmiko:read_channel: 
sw2alex>
DEBUG:netmiko:read_channel: 
DEBUG:netmiko:read_channel: 
DEBUG:netmiko:read_channel: sh
DEBUG:netmiko:read_channel: 
DEBUG:netmiko:write_channel: b'\n'
DEBUG:netmiko:read_channel: ow
DEBUG:netmiko:read_channel: 
DEBUG:netmiko:read_channel: 

DEBUG:netmiko:write_channel: b'\n'
DEBUG:netmiko:read_channel:  i
DEBUG:netmiko:read_channel: p i
DEBUG:netmiko:read_channel: n
DEBUG:netmiko:read_channel: 3swalex>
DEBUG:netmiko:read_channel: te
DEBUG:netmiko:read_channel: 
3swalex>
DEBUG:netmiko:Clear buffer detects data in the channel
DEBUG:netmiko:read_channel: rf
DEBUG:netmiko:read_channel: 
DEBUG:netmiko:read_channel: 
DEBUG:netmiko:[find_prompt()]: prompt is 3swalex>
DEBUG:netmiko:write_channel: b'show ip interface brief\n'
DEBUG:netmiko:read_channel: 
DEBUG:netmiko:read_channel: ac
DEBUG:netmiko:read_channel: 
DEBUG:netmiko:read_channel: 
DEBUG:netmiko:read_channel: s
DEBUG:netmiko:read_channel: e 
DEBUG:netmiko:read_channel: ho
DEBUG:netmiko:read_channel: br
DEBUG:netmiko:read_channel: w 
DEBUG:netmiko:read_channel: 
DEBUG:netmiko:read_channel: i
DEBUG:netmiko:read_channel: ie
DEBUG:netmiko:read_channel: p
DEBUG:netmiko:read_channel: f
DEBUG:netmiko:Pattern found: (show\ ip\ interface\ brief) 
sw2alex>show ip interface brief
DEBUG:netmiko:read_channel:  i
DEBUG:netmiko:read_channel: 
DEBUG:netmiko:read_channel: nt
DEBUG:netmiko:read_channel: 
Interface              IP-Address      OK? Method Status                Protocol
Ethernet0/0            unassigned      YES unset  up                    up      
Ethernet0/1            unassigned      YES unset  up                    up      
Ethernet0/2            unassigned      YES unset  up                    up      
Ethernet0/3            unassigned      YES unset  up                    up      
Ethernet1/0            unassigned      YES unset  up                    up      
Ethernet1/1            unassigned      YES unset  up                    up      
Ethernet1/2            22.1.1.2        YES NVRAM  up                    up      
Ethernet1/3            unassigned      YES unset  up                    up      
Ethernet2/0            unassigned      YES unset  up                    up      
Ethernet2/1            unassigned      YES unset  up                    up      
Ethernet2/2            unassigned      YES unset  up                    up      
Ethernet2/3            unassigned      YES unset  up                    up      
Ethernet3/0            unassigned      YES unset  up                    up      
Ethernet3/1            unassigned      YES unset  up                    up      
Ethernet3/2            unassigned      YES unset  up                    up      
Ethernet3/3            unassigned      YES unset  up                    up      
Vlan1                  unassigned      YES unset  administratively down down    
sw2alex>
DEBUG:netmiko:read_channel: 
DEBUG:netmiko:read_channel: er
DEBUG:netmiko:read_channel: fa
DEBUG:netmiko:read_channel: c
DEBUG:netmiko:read_channel: e
DEBUG:netmiko:read_channel:  b
DEBUG:netmiko:read_channel: ri
DEBUG:netmiko:read_channel: e
DEBUG:netmiko:read_channel: 
DEBUG:netmiko:write_channel: b'\n'
DEBUG:netmiko:read_channel: f

DEBUG:netmiko:Pattern found: (show\ ip\ interface\ brief) show ip interface brief
DEBUG:netmiko:read_channel: 
3swalex2>
DEBUG:netmiko:read_channel: Interface              IP-Address      OK? Method Status                Protocol
Ethernet0/0            unassigned      YES unset  up                    up      
Ethernet0/1            unassigned      YES unset  administratively down down    
Ethernet0/2            10.1.1.1        YES NVRAM  up                    up      
Ethernet0/3            22.1.1.3        YES NVRAM  up                    up      
Ethernet1/0            unassigned      YES unset  administratively down down    
Ethernet1/1            unassigned      YES unset  administratively down down    
Ethernet1/2            unassigned      YES unset  administratively down down    
Ethernet1/3            unassigned      YES unset  administratively down down    
Ethernet2/0            unassigned      YES unset  up                    up      
Ethernet2/1            unassigned      YES unset  up                    up      
Ethernet2/2            unassigned      YES unset  up                    up      
Ethernet2/3            unassigned      YES unset  up                    up      
Ethernet3/0            unassigned      YES unset  up                    up      
Ethernet3/1            unassigned      YES unset  up                    up      
Ethernet3/2            unassigned      YES unset  up                    up      
Ethernet3/3            unassigned      YES unset  up                    up      
Vlan10                 unassigned      YES unset  down                  down    
Vlan20                 unassigned      YES unset  down                  down    
Vlan30                 unassigned      YES unset  down                  down    
Vlan40                 unassigned      YES unset  down                  down    
3swalex>
DEBUG:netmiko:read_channel: 
DEBUG:netmiko:[find_prompt()]: prompt is 3swalex2>
DEBUG:netmiko:write_channel: b'show ip interface brief\n'
DEBUG:netmiko:read_channel: 
DEBUG:netmiko:read_channel: 
DEBUG:netmiko:read_channel: s
DEBUG:netmiko:read_channel: 
DEBUG:netmiko:read_channel: ho
DEBUG:netmiko:read_channel: w 
DEBUG:netmiko:read_channel: i
DEBUG:netmiko:read_channel: p
DEBUG:netmiko:read_channel:  i
DEBUG:netmiko:read_channel: nt
DEBUG:netmiko:read_channel: 
DEBUG:netmiko:read_channel: er
DEBUG:netmiko:read_channel: f
DEBUG:netmiko:read_channel: a
DEBUG:netmiko:read_channel: ce
DEBUG:netmiko:read_channel: 
DEBUG:netmiko:read_channel:  
DEBUG:netmiko:read_channel: bri
DEBUG:netmiko:read_channel: e
DEBUG:netmiko:read_channel: f

DEBUG:netmiko:Pattern found: (show\ ip\ interface\ brief) show ip interface brief
DEBUG:netmiko:read_channel: Interface              IP-Address      OK? Method Status                Protocol
Ethernet0/0            unassigned      YES unset  up                    up      
Ethernet0/1            unassigned      YES unset  administratively down down    
Ethernet0/2            unassigned      YES unset  administratively down down    
Ethernet0/3            22.1.1.4        YES NVRAM  up                    up      
Ethernet1/0            unassigned      YES unset  administratively down down    
Ethernet1/1            unassigned      YES unset  administratively down down    
Ethernet1/2            unassigned      YES unset  administratively down down    
Ethernet1/3            unassigned      YES unset  administratively down down    
Ethernet2/0            unassigned      YES unset  up                    up      
Ethernet2/1            unassigned      YES unset  up                    up      
Ethernet2/2            unassigned      YES unset  up                    up      
Ethernet2/3            unassigned      YES unset  up                    up      
Ethernet3/0            unassigned      YES unset  up                    up      
Ethernet3/1            20.1.1.1        YES NVRAM  up                    up      
Ethernet3/2            unassigned      YES unset  up                    up      
Ethernet3/3            unassigned      YES unset  up                    up      
3swalex2>
DEBUG:netmiko:read_channel: 
DEBUG:netmiko:write_channel: b'int Serial1/0\n'
DEBUG:netmiko:read_channel: int Serial1/0
alex(config-if)#
DEBUG:netmiko:read_channel: 
DEBUG:netmiko:read_channel: 
DEBUG:netmiko:write_channel: b'no shut\n'
DEBUG:netmiko:read_channel: no shut
alex(config-if)#
DEBUG:netmiko:read_channel: 
DEBUG:netmiko:read_channel: 
DEBUG:netmiko:write_channel: b'end\n'
DEBUG:netmiko:read_channel: end
alex#
DEBUG:netmiko:read_channel: 
DEBUG:netmiko:read_channel: 
DEBUG:urllib3.connectionpool:Starting new HTTPS connection (1): api.telegram.org:443
DEBUG:urllib3.connectionpool:https://api.telegram.org:443 "POST /bot5803750722:AAGLa0rDUryF3lfsHWI1ycONlkpbR32V0dQ/sendMessage HTTP/1.1" 200 273
DEBUG:netmiko:read_channel: 
DEBUG:netmiko:write_channel: b'\n'
DEBUG:netmiko:read_channel: 

DEBUG:netmiko:write_channel: b'\n'
DEBUG:netmiko:read_channel: swalex>
DEBUG:netmiko:read_channel: 
DEBUG:netmiko:[find_prompt()]: prompt is swalex>
DEBUG:netmiko:write_channel: b'show ip interface brief\n'
DEBUG:netmiko:read_channel: 

DEBUG:netmiko:read_channel: swalex>
DEBUG:netmiko:read_channel: 
DEBUG:netmiko:read_channel: s
DEBUG:netmiko:read_channel: h
DEBUG:netmiko:read_channel: ow
DEBUG:netmiko:read_channel: 
DEBUG:netmiko:read_channel:  i
DEBUG:netmiko:read_channel: p
DEBUG:netmiko:read_channel:  
DEBUG:netmiko:read_channel: in
DEBUG:netmiko:read_channel: 
DEBUG:netmiko:read_channel: te
DEBUG:netmiko:read_channel: 
DEBUG:netmiko:read_channel: rf
DEBUG:netmiko:read_channel: 
DEBUG:netmiko:read_channel: ac
DEBUG:netmiko:read_channel: 
DEBUG:netmiko:read_channel: e 
DEBUG:netmiko:read_channel: brie
DEBUG:netmiko:read_channel: 
DEBUG:netmiko:read_channel: f

DEBUG:netmiko:Pattern found: (show\ ip\ interface\ brief) 
swalex>show ip interface brief
DEBUG:netmiko:read_channel: Interface              IP-Address      OK? Method Status                Protocol
Ethernet0/0            unassigned      YES unset  administratively down down    
Ethernet0/1            unassigned      YES unset  administratively down down    
Ethernet0/2            unassigned      YES unset  administratively down down    
Ethernet0/3            unassigned      YES unset  administratively down down    
Ethernet1/0            unassigned      YES unset  administratively down down    
Ethernet1/1            unassigned      YES unset  administratively down down    
Ethernet1/2            22.1.1.1        YES NVRAM  up                    up      
Ethernet1/3            unassigned      YES unset  administratively down down    
Ethernet2/0            unassigned      YES unset  up                    up      
Ethernet2/1            unassigned      YES unset  up                    up      
Ethernet2/2            unassigned      YES unset  up                    up      
Ethernet2/3            unassigned      YES unset  up                    up      
Ethernet3/0            unassigned      YES unset  up                    up      
Ethernet3/1            unassigned      YES unset  up                    up      
Ethernet3/2            unassigned      YES unset  up                    up      
Ethernet3/3            unassigned      YES unset  up                    up      
swalex>
DEBUG:netmiko:read_channel: 
DEBUG:netmiko:write_channel: b'\n'
DEBUG:netmiko:read_channel: 

DEBUG:netmiko:write_channel: b'\n'
DEBUG:netmiko:read_channel: sw2alex>

DEBUG:netmiko:read_channel: sw2alex>
DEBUG:netmiko:Clear buffer detects data in the channel
DEBUG:netmiko:read_channel: 
DEBUG:netmiko:[find_prompt()]: prompt is sw2alex>
DEBUG:netmiko:write_channel: b'show ip interface brief\n'
DEBUG:netmiko:read_channel: 
DEBUG:netmiko:read_channel: 
DEBUG:netmiko:read_channel: s
DEBUG:netmiko:read_channel: ho
DEBUG:netmiko:read_channel: 
DEBUG:netmiko:write_channel: b'\n'
DEBUG:netmiko:read_channel: w 
DEBUG:netmiko:read_channel: 
DEBUG:netmiko:read_channel: 

DEBUG:netmiko:write_channel: b'\n'
DEBUG:netmiko:read_channel: ip
DEBUG:netmiko:read_channel:  i
DEBUG:netmiko:read_channel: nt
DEBUG:netmiko:read_channel: 3swalex>
3swalex>
DEBUG:netmiko:read_channel: er
DEBUG:netmiko:read_channel: 
DEBUG:netmiko:[find_prompt()]: prompt is 3swalex>
DEBUG:netmiko:write_channel: b'show ip interface brief\n'
DEBUG:netmiko:read_channel: 
DEBUG:netmiko:read_channel: 
DEBUG:netmiko:read_channel: s
DEBUG:netmiko:read_channel: fa
DEBUG:netmiko:read_channel: 
DEBUG:netmiko:read_channel: 
DEBUG:netmiko:read_channel: ce
DEBUG:netmiko:read_channel: ho
DEBUG:netmiko:read_channel:  b
DEBUG:netmiko:read_channel: w 
DEBUG:netmiko:read_channel: 
DEBUG:netmiko:read_channel: 
DEBUG:netmiko:read_channel: ri
DEBUG:netmiko:read_channel: ip i
DEBUG:netmiko:read_channel: 
DEBUG:netmiko:read_channel: n
DEBUG:netmiko:read_channel: ef
DEBUG:netmiko:Pattern found: (show\ ip\ interface\ brief) show ip interface brief
DEBUG:netmiko:read_channel: t
DEBUG:netmiko:read_channel: er
DEBUG:netmiko:read_channel: 
DEBUG:netmiko:read_channel: 
Interface              IP-Address      OK? Method Status                Protocol
Ethernet0/0            unassigned      YES unset  up                    up      
Ethernet0/1            unassigned      YES unset  up                    up      
Ethernet0/2            unassigned      YES unset  up                    up      
Ethernet0/3            unassigned      YES unset  up                    up      
Ethernet1/0            unassigned      YES unset  up                    up      
Ethernet1/1            unassigned      YES unset  up                    up      
Ethernet1/2            22.1.1.2        YES NVRAM  up                    up      
Ethernet1/3            unassigned      YES unset  up                    up      
Ethernet2/0            unassigned      YES unset  up                    up      
Ethernet2/1            unassigned      YES unset  up                    up      
Ethernet2/2            unassigned      YES unset  up                    up      
Ethernet2/3            unassigned      YES unset  up                    up      
Ethernet3/0            unassigned      YES unset  up                    up      
Ethernet3/1            unassigned      YES unset  up                    up      
Ethernet3/2            unassigned      YES unset  up                    up      
Ethernet3/3            unassigned      YES unset  up                    up      
Vlan1                  unassigned      YES unset  administratively down down    
sw2alex>
DEBUG:netmiko:read_channel: f
DEBUG:netmiko:read_channel: ace
DEBUG:netmiko:read_channel: 
DEBUG:netmiko:read_channel: 
DEBUG:netmiko:read_channel: 
DEBUG:netmiko:read_channel:  br
DEBUG:netmiko:read_channel: 
DEBUG:netmiko:write_channel: b'\n'
DEBUG:netmiko:read_channel: ie
DEBUG:netmiko:read_channel: 
DEBUG:netmiko:read_channel: f

DEBUG:netmiko:Pattern found: (show\ ip\ interface\ brief) show ip interface brief
DEBUG:netmiko:read_channel: 
DEBUG:netmiko:write_channel: b'\n'
DEBUG:netmiko:read_channel: Interface              IP-Address      OK? Method Status                Protocol
Ethernet0/0            unassigned      YES unset  up                    up      
Ethernet0/1            unassigned      YES unset  administratively down down    
Ethernet0/2            10.1.1.1        YES NVRAM  up                    up      
Ethernet0/3            22.1.1.3        YES NVRAM  up                    up      
Ethernet1/0            unassigned      YES unset  administratively down down    
Ethernet1/1            unassigned      YES unset  administratively down down    
Ethernet1/2            unassigned      YES unset  administratively down down    
Ethernet1/3            unassigned      YES unset  administratively down down    
Ethernet2/0            unassigned      YES unset  up                    up      
Ethernet2/1            unassigned      YES unset  up                    up      
Ethernet2/2            unassigned      YES unset  up                    up      
Ethernet2/3            unassigned      YES unset  up                    up      
Ethernet3/0            unassigned      YES unset  up                    up      
Ethernet3/1            unassigned      YES unset  up                    up      
Ethernet3/2            unassigned      YES unset  up                    up      
Ethernet3/3            unassigned      YES unset  up                    up      
Vlan10                 unassigned      YES unset  down                  down    
Vlan20                 unassigned      YES unset  down                  down    
Vlan30                 unassigned      YES unset  down                  down    
Vlan40                 unassigned      YES unset  down                  down    
3swalex>
DEBUG:netmiko:read_channel: 
3swalex2>
DEBUG:netmiko:read_channel: 
DEBUG:netmiko:[find_prompt()]: prompt is 3swalex2>
DEBUG:netmiko:write_channel: b'show ip interface brief\n'
DEBUG:netmiko:read_channel: 
DEBUG:netmiko:read_channel: 
DEBUG:netmiko:read_channel: 
3swalex2>
DEBUG:netmiko:read_channel: 
DEBUG:netmiko:read_channel: 
DEBUG:netmiko:read_channel: s
DEBUG:netmiko:read_channel: 
DEBUG:netmiko:read_channel: ho
DEBUG:netmiko:read_channel: w
DEBUG:netmiko:read_channel:  i
DEBUG:netmiko:read_channel: 
DEBUG:netmiko:read_channel: p
DEBUG:netmiko:read_channel:  in
DEBUG:netmiko:read_channel: 
DEBUG:netmiko:read_channel: te
DEBUG:netmiko:read_channel: 
DEBUG:netmiko:read_channel: rf
DEBUG:netmiko:read_channel: ac
DEBUG:netmiko:read_channel: e 
DEBUG:netmiko:read_channel: b
DEBUG:netmiko:read_channel: r
DEBUG:netmiko:read_channel: ie
DEBUG:netmiko:read_channel: 
DEBUG:netmiko:read_channel: f

DEBUG:netmiko:Pattern found: (show\ ip\ interface\ brief) 
3swalex2>show ip interface brief
DEBUG:netmiko:read_channel: Interface              IP-Address      OK? Method Status                Protocol
Ethernet0/0            unassigned      YES unset  up                    up      
Ethernet0/1            unassigned      YES unset  administratively down down    
Ethernet0/2            unassigned      YES unset  administratively down down    
Ethernet0/3            22.1.1.4        YES NVRAM  up                    up      
Ethernet1/0            unassigned      YES unset  administratively down down    
Ethernet1/1            unassigned      YES unset  administratively down down    
Ethernet1/2            unassigned      YES unset  administratively down down    
Ethernet1/3            unassigned      YES unset  administratively down down    
Ethernet2/0            unassigned      YES unset  up                    up      
Ethernet2/1            unassigned      YES unset  up                    up      
Ethernet2/2            unassigned      YES unset  up                    up      
Ethernet2/3            unassigned      YES unset  up                    up      
Ethernet3/0            unassigned      YES unset  up                    up      
Ethernet3/1            20.1.1.1        YES NVRAM  up                    up      
Ethernet3/2            unassigned      YES unset  up                    up      
Ethernet3/3            unassigned      YES unset  up                    up      
3swalex2>
DEBUG:netmiko:read_channel: 
DEBUG:netmiko:write_channel: b'\n'
DEBUG:netmiko:read_channel: 
alex#
DEBUG:netmiko:read_channel: 
DEBUG:netmiko:[find_prompt()]: prompt is alex#
DEBUG:netmiko:write_channel: b'show ip interface brief\n'
DEBUG:netmiko:read_channel: 
DEBUG:netmiko:read_channel: 
DEBUG:netmiko:read_channel: show ip
DEBUG:netmiko:read_channel:  interfac
DEBUG:netmiko:read_channel: e brief

DEBUG:netmiko:Pattern found: (show\ ip\ interface\ brief) show ip interface brief
DEBUG:netmiko:read_channel: Interface                  IP-Address      OK? Method Status                Protocol
FastEthernet0/0            unassigned      YES NVRAM  administratively down down    
FastEthernet0/1            unassigned      YES NVRAM  administratively down down    
Serial1/0                  11.1.1.1        YES NVRAM  up                    down    
Serial1/1                  unassigned      YES NVRAM  administratively down down    
Serial1/2                  unassigned      YES NVRAM  administratively down down    
Serial1/3                  unassigned      YES NVRAM  administratively down down    
FastEthernet2/0            unassigned      YES NVRAM  administratively down down    
Ethernet3/0                10.1.1.2        YES NVRAM  up                    up      
Ethernet3/1                20.1.1.2        YES NVRAM  up                    up      
Ethernet3/2                22.1.1.5        YES NVRAM  up                    up      
Ethernet3/3                unassigned      YES NVRAM  administratively down down    
alex#
DEBUG:netmiko:read_channel: 
DEBUG:netmiko:write_channel: b'\n'
DEBUG:netmiko:read_channel: 
alex#
DEBUG:netmiko:read_channel: 
DEBUG:netmiko:[find_prompt()]: prompt is alex#
DEBUG:netmiko:write_channel: b'\n'
DEBUG:netmiko:read_channel: 
DEBUG:netmiko:read_channel: 
DEBUG:netmiko:read_channel: 
alex#
DEBUG:netmiko:Pattern found: (alex.*) 
alex#
DEBUG:netmiko:write_channel: b'conf t\n'
DEBUG:netmiko:read_channel: conf t
Enter configuration commands, one per line.  End with CNTL/Z.
alex(config)#
DEBUG:netmiko:read_channel: 
DEBUG:netmiko:read_channel: 
DEBUG:netmiko:write_channel: b'\n'
DEBUG:netmiko:read_channel: 

DEBUG:netmiko:write_channel: b'\n'
DEBUG:netmiko:read_channel: swalex>
DEBUG:netmiko:read_channel: 
DEBUG:netmiko:[find_prompt()]: prompt is swalex>
DEBUG:netmiko:write_channel: b'show ip interface brief\n'
DEBUG:netmiko:read_channel: 

DEBUG:netmiko:read_channel: swalex>
DEBUG:netmiko:read_channel: 
DEBUG:netmiko:read_channel: 
DEBUG:netmiko:read_channel: sh
DEBUG:netmiko:read_channel: o
DEBUG:netmiko:read_channel: w
DEBUG:netmiko:read_channel:  i
DEBUG:netmiko:read_channel: p 
DEBUG:netmiko:read_channel: 
DEBUG:netmiko:read_channel: in
DEBUG:netmiko:read_channel: t
DEBUG:netmiko:read_channel: e
DEBUG:netmiko:read_channel: r
DEBUG:netmiko:read_channel: f
DEBUG:netmiko:read_channel: ac
DEBUG:netmiko:read_channel: 
DEBUG:netmiko:read_channel: e 
DEBUG:netmiko:read_channel: 
DEBUG:netmiko:read_channel: br
DEBUG:netmiko:read_channel: 
DEBUG:netmiko:read_channel: ie
DEBUG:netmiko:read_channel: 
DEBUG:netmiko:read_channel: f

DEBUG:netmiko:Pattern found: (show\ ip\ interface\ brief) 
swalex>show ip interface brief
DEBUG:netmiko:read_channel: Interface              IP-Address      OK? Method Status                Protocol
Ethernet0/0            unassigned      YES unset  administratively down down    
Ethernet0/1            unassigned      YES unset  administratively down down    
Ethernet0/2            unassigned      YES unset  administratively down down    
Ethernet0/3            unassigned      YES unset  administratively down down    
Ethernet1/0            unassigned      YES unset  administratively down down    
Ethernet1/1            unassigned      YES unset  administratively down down    
Ethernet1/2            22.1.1.1        YES NVRAM  up                    up      
Ethernet1/3            unassigned      YES unset  administratively down down    
Ethernet2/0            unassigned      YES unset  up                    up      
Ethernet2/1            unassigned      YES unset  up                    up      
Ethernet2/2            unassigned      YES unset  up                    up      
Ethernet2/3            unassigned      YES unset  up                    up      
Ethernet3/0            unassigned      YES unset  up                    up      
Ethernet3/1            unassigned      YES unset  up                    up      
Ethernet3/2            unassigned      YES unset  up                    up      
Ethernet3/3            unassigned      YES unset  up                    up      
swalex>
DEBUG:netmiko:read_channel: 
DEBUG:netmiko:write_channel: b'int Serial1/0\n'
DEBUG:netmiko:read_channel: int Serial1/0
alex(config-if)#
DEBUG:netmiko:read_channel: 
DEBUG:netmiko:write_channel: b'\n'
DEBUG:netmiko:read_channel: 
DEBUG:netmiko:write_channel: b'\n'
DEBUG:netmiko:read_channel: 
sw2alex>
DEBUG:netmiko:read_channel: 
3swalex>
DEBUG:netmiko:read_channel: 
DEBUG:netmiko:[find_prompt()]: prompt is sw2alex>
DEBUG:netmiko:write_channel: b'show ip interface brief\n'
DEBUG:netmiko:read_channel: 
DEBUG:netmiko:read_channel: 
DEBUG:netmiko:[find_prompt()]: prompt is 3swalex>
DEBUG:netmiko:write_channel: b'show ip interface brief\n'
DEBUG:netmiko:read_channel: 
DEBUG:netmiko:read_channel: s
DEBUG:netmiko:read_channel: 
DEBUG:netmiko:read_channel: h
DEBUG:netmiko:read_channel: s
DEBUG:netmiko:read_channel: o
DEBUG:netmiko:read_channel: 
DEBUG:netmiko:read_channel: h
DEBUG:netmiko:read_channel: w 
DEBUG:netmiko:read_channel: o
DEBUG:netmiko:read_channel: i
DEBUG:netmiko:read_channel: w i
DEBUG:netmiko:read_channel: p 
DEBUG:netmiko:read_channel: p
DEBUG:netmiko:read_channel: i
DEBUG:netmiko:read_channel:  i
DEBUG:netmiko:read_channel: nt
DEBUG:netmiko:read_channel: 
DEBUG:netmiko:read_channel: e
DEBUG:netmiko:read_channel: nt
DEBUG:netmiko:read_channel: r
DEBUG:netmiko:read_channel: er
DEBUG:netmiko:read_channel: fa
DEBUG:netmiko:read_channel: 
DEBUG:netmiko:read_channel: 
DEBUG:netmiko:read_channel: fa
DEBUG:netmiko:read_channel: ce
DEBUG:netmiko:read_channel: 
DEBUG:netmiko:read_channel:  
DEBUG:netmiko:read_channel: ce
DEBUG:netmiko:read_channel: b
DEBUG:netmiko:read_channel: 
DEBUG:netmiko:read_channel: r
DEBUG:netmiko:read_channel:  b
DEBUG:netmiko:read_channel: i
DEBUG:netmiko:read_channel: ri
DEBUG:netmiko:read_channel: ef
DEBUG:netmiko:Pattern found: (show\ ip\ interface\ brief) show ip interface brief
DEBUG:netmiko:read_channel: 
DEBUG:netmiko:read_channel: ef
DEBUG:netmiko:Pattern found: (show\ ip\ interface\ brief) show ip interface brief
DEBUG:netmiko:read_channel: 
Interface              IP-Address      OK? Method Status                Protocol
Ethernet0/0            unassigned      YES unset  up                    up      
Ethernet0/1            unassigned      YES unset  up                    up      
Ethernet0/2            unassigned      YES unset  up                    up      
Ethernet0/3            unassigned      YES unset  up                    up      
Ethernet1/0            unassigned      YES unset  up                    up      
Ethernet1/1            unassigned      YES unset  up                    up      
Ethernet1/2            22.1.1.2        YES NVRAM  up                    up      
Ethernet1/3            unassigned      YES unset  up                    up      
Ethernet2/0            unassigned      YES unset  up                    up      
Ethernet2/1            unassigned      YES unset  up                    up      
Ethernet2/2            unassigned      YES unset  up                    up      
Ethernet2/3            unassigned      YES unset  up                    up      
Ethernet3/0            unassigned      YES unset  up                    up      
Ethernet3/1            unassigned      YES unset  up                    up      
Ethernet3/2            unassigned      YES unset  up                    up      
Ethernet3/3            unassigned      YES unset  up                    up      
Vlan1                  unassigned      YES unset  administratively down down    
sw2alex>
DEBUG:netmiko:read_channel: 
DEBUG:netmiko:write_channel: b'\n'
DEBUG:netmiko:read_channel: 

DEBUG:netmiko:read_channel: 
3swalex2>
DEBUG:netmiko:read_channel: Interface              IP-Address      OK? Method Status                Protocol
Ethernet0/0            unassigned      YES unset  up                    up      
Ethernet0/1            unassigned      YES unset  administratively down down    
Ethernet0/2            10.1.1.1        YES NVRAM  up                    up      
Ethernet0/3            22.1.1.3        YES NVRAM  up                    up      
Ethernet1/0            unassigned      YES unset  administratively down down    
Ethernet1/1            unassigned      YES unset  administratively down down    
Ethernet1/2            unassigned      YES unset  administratively down down    
Ethernet1/3            unassigned      YES unset  administratively down down    
Ethernet2/0            unassigned      YES unset  up                    up      
Ethernet2/1            unassigned      YES unset  up                    up      
Ethernet2/2            unassigned      YES unset  up                    up      
Ethernet2/3            unassigned      YES unset  up                    up      
Ethernet3/0            unassigned      YES unset  up                    up      
Ethernet3/1            unassigned      YES unset  up                    up      
Ethernet3/2            unassigned      YES unset  up                    up      
Ethernet3/3            unassigned      YES unset  up                    up      
Vlan10                 unassigned      YES unset  down                  down    
Vlan20                 unassigned      YES unset  down                  down    
Vlan30                 unassigned      YES unset  down                  down    
Vlan40                 unassigned      YES unset  down                  down    
3swalex>
DEBUG:netmiko:read_channel: 
DEBUG:netmiko:[find_prompt()]: prompt is 3swalex2>
DEBUG:netmiko:write_channel: b'show ip interface brief\n'
DEBUG:netmiko:read_channel: 
DEBUG:netmiko:read_channel: 
DEBUG:netmiko:read_channel: s
DEBUG:netmiko:read_channel: 
DEBUG:netmiko:read_channel: ho
DEBUG:netmiko:read_channel: w 
DEBUG:netmiko:read_channel: i
DEBUG:netmiko:read_channel: p
DEBUG:netmiko:read_channel:  i
DEBUG:netmiko:read_channel: 
DEBUG:netmiko:read_channel: nt
DEBUG:netmiko:read_channel: er
DEBUG:netmiko:read_channel: f
DEBUG:netmiko:read_channel: a
DEBUG:netmiko:read_channel: ce
DEBUG:netmiko:read_channel: 
DEBUG:netmiko:read_channel:  b
DEBUG:netmiko:read_channel: 
DEBUG:netmiko:read_channel: r
DEBUG:netmiko:read_channel: i
DEBUG:netmiko:read_channel: e
DEBUG:netmiko:read_channel: f
DEBUG:netmiko:Pattern found: (show\ ip\ interface\ brief) show ip interface brief
DEBUG:netmiko:read_channel: 
Interface              IP-Address      OK? Method Status                Protocol
Ethernet0/0            unassigned      YES unset  up                    up      
Ethernet0/1            unassigned      YES unset  administratively down down    
Ethernet0/2            unassigned      YES unset  administratively down down    
Ethernet0/3            22.1.1.4        YES NVRAM  up                    up      
Ethernet1/0            unassigned      YES unset  administratively down down    
Ethernet1/1            unassigned      YES unset  administratively down down    
Ethernet1/2            unassigned      YES unset  administratively down down    
Ethernet1/3            unassigned      YES unset  administratively down down    
Ethernet2/0            unassigned      YES unset  up                    up      
Ethernet2/1            unassigned      YES unset  up                    up      
Ethernet2/2            unassigned      YES unset  up                    up      
Ethernet2/3            unassigned      YES unset  up                    up      
Ethernet3/0            unassigned      YES unset  up                    up      
Ethernet3/1            20.1.1.1        YES NVRAM  up                    up      
Ethernet3/2            unassigned      YES unset  up                    up      
Ethernet3/3            unassigned      YES unset  up                    up      
3swalex2>
DEBUG:netmiko:read_channel: 
DEBUG:netmiko:write_channel: b'no shut\n'
DEBUG:netmiko:read_channel: no shut
alex(config-if)#
DEBUG:netmiko:read_channel: 
DEBUG:netmiko:read_channel: 
DEBUG:netmiko:write_channel: b'end\n'
DEBUG:netmiko:read_channel: end
alex#
DEBUG:netmiko:read_channel: 
DEBUG:netmiko:read_channel: 
DEBUG:urllib3.connectionpool:Starting new HTTPS connection (1): api.telegram.org:443
DEBUG:urllib3.connectionpool:https://api.telegram.org:443 "POST /bot5803750722:AAGLa0rDUryF3lfsHWI1ycONlkpbR32V0dQ/sendMessage HTTP/1.1" 200 273
DEBUG:netmiko:read_channel: 
DEBUG:netmiko:write_channel: b'\n'
DEBUG:netmiko:read_channel: 

DEBUG:netmiko:write_channel: b'\n'
DEBUG:netmiko:read_channel: swalex>
swalex>
DEBUG:netmiko:read_channel: 
DEBUG:netmiko:[find_prompt()]: prompt is swalex>
DEBUG:netmiko:write_channel: b'show ip interface brief\n'
DEBUG:netmiko:read_channel: 
DEBUG:netmiko:read_channel: 
DEBUG:netmiko:read_channel: s
DEBUG:netmiko:read_channel: h
DEBUG:netmiko:read_channel: o
DEBUG:netmiko:read_channel: w 
DEBUG:netmiko:read_channel: ip
DEBUG:netmiko:read_channel:  
DEBUG:netmiko:read_channel: i
DEBUG:netmiko:read_channel: n
DEBUG:netmiko:read_channel: t
DEBUG:netmiko:read_channel: er
DEBUG:netmiko:read_channel: 
DEBUG:netmiko:read_channel: fa
DEBUG:netmiko:read_channel: c
DEBUG:netmiko:read_channel: e
DEBUG:netmiko:read_channel:  
DEBUG:netmiko:read_channel: br
DEBUG:netmiko:read_channel: i
DEBUG:netmiko:read_channel: ef
DEBUG:netmiko:Pattern found: (show\ ip\ interface\ brief) show ip interface brief
DEBUG:netmiko:read_channel: 
Interface              IP-Address      OK? Method Status                Protocol
Ethernet0/0            unassigned      YES unset  administratively down down    
Ethernet0/1            unassigned      YES unset  administratively down down    
Ethernet0/2            unassigned      YES unset  administratively down down    
Ethernet0/3            unassigned      YES unset  administratively down down    
Ethernet1/0            unassigned      YES unset  administratively down down    
Ethernet1/1            unassigned      YES unset  administratively down down    
Ethernet1/2            22.1.1.1        YES NVRAM  up                    up      
Ethernet1/3            unassigned      YES unset  administratively down down    
Ethernet2/0            unassigned      YES unset  up                    up      
Ethernet2/1            unassigned      YES unset  up                    up      
Ethernet2/2            unassigned      YES unset  up                    up      
Ethernet2/3            unassigned      YES unset  up                    up      
Ethernet3/0            unassigned      YES unset  up                    up      
Ethernet3/1            unassigned      YES unset  up                    up      
Ethernet3/2            unassigned      YES unset  up                    up      
Ethernet3/3            unassigned      YES unset  up                    up      
swalex>
DEBUG:netmiko:read_channel: 
DEBUG:netmiko:write_channel: b'\n'
DEBUG:netmiko:read_channel: 

DEBUG:netmiko:write_channel: b'\n'
DEBUG:netmiko:read_channel: 
DEBUG:netmiko:write_channel: b'\n'
DEBUG:netmiko:read_channel: sw2alex>
DEBUG:netmiko:read_channel: 
DEBUG:netmiko:[find_prompt()]: prompt is sw2alex>
DEBUG:netmiko:write_channel: b'show ip interface brief\n'
DEBUG:netmiko:read_channel: 
DEBUG:netmiko:read_channel: 
DEBUG:netmiko:write_channel: b'\n'
DEBUG:netmiko:read_channel: 
DEBUG:netmiko:read_channel: 
sw2alex>
DEBUG:netmiko:read_channel: 
3swalex>
DEBUG:netmiko:read_channel: sh
DEBUG:netmiko:read_channel: 
DEBUG:netmiko:read_channel: 
DEBUG:netmiko:[find_prompt()]: prompt is 3swalex>
DEBUG:netmiko:write_channel: b'show ip interface brief\n'
DEBUG:netmiko:read_channel: 
DEBUG:netmiko:read_channel: ow
DEBUG:netmiko:read_channel: 
3swalex>
DEBUG:netmiko:read_channel: 
DEBUG:netmiko:read_channel: 
DEBUG:netmiko:read_channel:  
DEBUG:netmiko:read_channel: s
DEBUG:netmiko:read_channel: ip 
DEBUG:netmiko:read_channel: h
DEBUG:netmiko:read_channel: 
DEBUG:netmiko:read_channel: 
DEBUG:netmiko:read_channel: in
DEBUG:netmiko:read_channel: ow
DEBUG:netmiko:read_channel: 
DEBUG:netmiko:read_channel: 
DEBUG:netmiko:read_channel: te
DEBUG:netmiko:read_channel:  i
DEBUG:netmiko:read_channel: 
DEBUG:netmiko:read_channel: 
DEBUG:netmiko:read_channel: rf
DEBUG:netmiko:read_channel: p 
DEBUG:netmiko:read_channel: 
DEBUG:netmiko:read_channel: 
DEBUG:netmiko:read_channel: ac
DEBUG:netmiko:read_channel: in
DEBUG:netmiko:read_channel: 
DEBUG:netmiko:read_channel: 
DEBUG:netmiko:read_channel: te
DEBUG:netmiko:read_channel: e 
DEBUG:netmiko:read_channel: rf
DEBUG:netmiko:read_channel: br
DEBUG:netmiko:read_channel: a
DEBUG:netmiko:read_channel: ie
DEBUG:netmiko:read_channel: c
DEBUG:netmiko:read_channel: 
DEBUG:netmiko:read_channel: 
DEBUG:netmiko:write_channel: b'\n'
DEBUG:netmiko:read_channel: f
DEBUG:netmiko:read_channel: e 
DEBUG:netmiko:Pattern found: (show\ ip\ interface\ brief) 
sw2alex>show ip interface brief
DEBUG:netmiko:read_channel: b
DEBUG:netmiko:read_channel: r
DEBUG:netmiko:read_channel: 

DEBUG:netmiko:write_channel: b'\n'
DEBUG:netmiko:read_channel: 
Interface              IP-Address      OK? Method Status                Protocol
Ethernet0/0            unassigned      YES unset  up                    up      
Ethernet0/1            unassigned      YES unset  up                    up      
Ethernet0/2            unassigned      YES unset  up                    up      
Ethernet0/3            unassigned      YES unset  up                    up      
Ethernet1/0            unassigned      YES unset  up                    up      
Ethernet1/1            unassigned      YES unset  up                    up      
Ethernet1/2            22.1.1.2        YES NVRAM  up                    up      
Ethernet1/3            unassigned      YES unset  up                    up      
Ethernet2/0            unassigned      YES unset  up                    up      
Ethernet2/1            unassigned      YES unset  up                    up      
Ethernet2/2            unassigned      YES unset  up                    up      
Ethernet2/3            unassigned      YES unset  up                    up      
Ethernet3/0            unassigned      YES unset  up                    up      
Ethernet3/1            unassigned      YES unset  up                    up      
Ethernet3/2            unassigned      YES unset  up                    up      
Ethernet3/3            unassigned      YES unset  up                    up      
Vlan1                  unassigned      YES unset  administratively down down    
sw2alex>
DEBUG:netmiko:read_channel: ie
DEBUG:netmiko:read_channel: 
DEBUG:netmiko:read_channel: f
DEBUG:netmiko:Pattern found: (show\ ip\ interface\ brief) 
3swalex>show ip interface brief
DEBUG:netmiko:read_channel: 3swalex2>
3swalex2>
DEBUG:netmiko:read_channel: 
Interface              IP-Address      OK? Method Status                Protocol
Ethernet0/0            unassigned      YES unset  up                    up      
Ethernet0/1            unassigned      YES unset  administratively down down    
Ethernet0/2            10.1.1.1        YES NVRAM  up                    up      
Ethernet0/3            22.1.1.3        YES NVRAM  up                    up      
Ethernet1/0            unassigned      YES unset  administratively down down    
Ethernet1/1            unassigned      YES unset  administratively down down    
Ethernet1/2            unassigned      YES unset  administratively down down    
Ethernet1/3            unassigned      YES unset  administratively down down    
Ethernet2/0            unassigned      YES unset  up                    up      
Ethernet2/1            unassigned      YES unset  up                    up      
Ethernet2/2            unassigned      YES unset  up                    up      
Ethernet2/3            unassigned      YES unset  up                    up      
Ethernet3/0            unassigned      YES unset  up                    up      
Ethernet3/1            unassigned      YES unset  up                    up      
Ethernet3/2            unassigned      YES unset  up                    up      
Ethernet3/3            unassigned      YES unset  up                    up      
Vlan10                 unassigned      YES unset  down                  down    
Vlan20                 unassigned      YES unset  down                  down    
Vlan30                 unassigned      YES unset  down                  down    
Vlan40                 unassigned      YES unset  down                  down    
3swalex>
DEBUG:netmiko:read_channel: 
DEBUG:netmiko:[find_prompt()]: prompt is 3swalex2>
DEBUG:netmiko:write_channel: b'show ip interface brief\n'
DEBUG:netmiko:read_channel: 
DEBUG:netmiko:read_channel: 
DEBUG:netmiko:read_channel: sh
DEBUG:netmiko:read_channel: o
DEBUG:netmiko:read_channel: w 
DEBUG:netmiko:read_channel: i
DEBUG:netmiko:read_channel: p
DEBUG:netmiko:read_channel:  i
DEBUG:netmiko:read_channel: nt
DEBUG:netmiko:read_channel: e
DEBUG:netmiko:read_channel: r
DEBUG:netmiko:read_channel: fa
DEBUG:netmiko:read_channel: c
DEBUG:netmiko:read_channel: e
DEBUG:netmiko:read_channel:  b
DEBUG:netmiko:read_channel: 
DEBUG:netmiko:read_channel: r
DEBUG:netmiko:read_channel: i
DEBUG:netmiko:read_channel: 
DEBUG:netmiko:read_channel: ef
DEBUG:netmiko:Pattern found: (show\ ip\ interface\ brief) show ip interface brief
DEBUG:netmiko:read_channel: 
Interface              IP-Address      OK? Method Status                Protocol
Ethernet0/0            unassigned      YES unset  up                    up      
Ethernet0/1            unassigned      YES unset  administratively down down    
Ethernet0/2            unassigned      YES unset  administratively down down    
Ethernet0/3            22.1.1.4        YES NVRAM  up                    up      
Ethernet1/0            unassigned      YES unset  administratively down down    
Ethernet1/1            unassigned      YES unset  administratively down down    
Ethernet1/2            unassigned      YES unset  administratively down down    
Ethernet1/3            unassigned      YES unset  administratively down down    
Ethernet2/0            unassigned      YES unset  up                    up      
Ethernet2/1            unassigned      YES unset  up                    up      
Ethernet2/2            unassigned      YES unset  up                    up      
Ethernet2/3            unassigned      YES unset  up                    up      
Ethernet3/0            unassigned      YES unset  up                    up      
Ethernet3/1            20.1.1.1        YES NVRAM  up                    up      
Ethernet3/2            unassigned      YES unset  up                    up      
Ethernet3/3            unassigned      YES unset  up                    up      
3swalex2>
DEBUG:netmiko:read_channel: 
DEBUG:netmiko:write_channel: b'\n'
DEBUG:netmiko:read_channel: 
alex#
DEBUG:netmiko:read_channel: 
DEBUG:netmiko:[find_prompt()]: prompt is alex#
DEBUG:netmiko:write_channel: b'show ip interface brief\n'
DEBUG:netmiko:read_channel: 
DEBUG:netmiko:read_channel: 
DEBUG:netmiko:read_channel: show
DEBUG:netmiko:read_channel:  ip interfa
DEBUG:netmiko:read_channel: ce brief
Interface                  IP-Address      OK? Method Status                Protocol
FastEthernet0/0            unassigned      YES NVRAM  administratively down down    
FastEthernet0/1            unassigned      YES NVRAM  administratively down down    
Serial1/0                  11.1.1.1        YES NVRAM  up                    down    
Serial1/1                  unassigned      YES NVRAM  administratively down down    
Serial1/2                  unassigned      YES NVRAM  administratively down down    
Serial1/3                  unassigned      YES NVRAM  administratively down down    
FastEthernet2/0            unassigned      YES NVRAM  administratively down down    
Ethernet3/0                10.1.1.2        YES NVRAM  up                    up      
Ethernet3/1                20.1.1.2        YES NVRAM  up                    up      
Ethernet3/2                22.1.1.5        YES NVRAM  up                    up      
Ethernet3/3                unassigned      YES NVRAM  administratively down down    
alex#
DEBUG:netmiko:Pattern found: (show\ ip\ interface\ brief) show ip interface brief
DEBUG:netmiko:read_channel: 
DEBUG:netmiko:read_channel: 
DEBUG:netmiko:write_channel: b'\n'
DEBUG:netmiko:read_channel: 
alex#
DEBUG:netmiko:read_channel: 
DEBUG:netmiko:[find_prompt()]: prompt is alex#
DEBUG:netmiko:write_channel: b'\n'
DEBUG:netmiko:read_channel: 
DEBUG:netmiko:read_channel: 
alex#
DEBUG:netmiko:Pattern found: (alex.*) 
alex#
DEBUG:netmiko:write_channel: b'conf t\n'
DEBUG:netmiko:read_channel: conf t
Enter configuration commands, one per line.  End with CNTL/Z.
alex(config)#
DEBUG:netmiko:read_channel: 
DEBUG:netmiko:read_channel: 
DEBUG:netmiko:write_channel: b'int Serial1/0\n'
DEBUG:netmiko:read_channel: int Serial1/0
alex(config-if)#
DEBUG:netmiko:read_channel: 
DEBUG:netmiko:write_channel: b'\n'
DEBUG:netmiko:read_channel: 

DEBUG:netmiko:write_channel: b'\n'
DEBUG:netmiko:read_channel: swalex>
DEBUG:netmiko:read_channel: 
swalex>
DEBUG:netmiko:Clear buffer detects data in the channel
DEBUG:netmiko:read_channel: 
DEBUG:netmiko:[find_prompt()]: prompt is swalex>
DEBUG:netmiko:write_channel: b'show ip interface brief\n'
DEBUG:netmiko:read_channel: 
DEBUG:netmiko:read_channel: s
DEBUG:netmiko:read_channel: 
DEBUG:netmiko:read_channel: 
DEBUG:netmiko:read_channel: ho
DEBUG:netmiko:read_channel: w
DEBUG:netmiko:read_channel:  
DEBUG:netmiko:read_channel: ip
DEBUG:netmiko:read_channel:  i
DEBUG:netmiko:read_channel: n
DEBUG:netmiko:read_channel: t
DEBUG:netmiko:read_channel: er
DEBUG:netmiko:read_channel: 
DEBUG:netmiko:read_channel: fa
DEBUG:netmiko:read_channel: 
DEBUG:netmiko:read_channel: ce
DEBUG:netmiko:read_channel: 
DEBUG:netmiko:read_channel:  b
DEBUG:netmiko:read_channel: r
DEBUG:netmiko:read_channel: i
DEBUG:netmiko:read_channel: e
DEBUG:netmiko:read_channel: f
DEBUG:netmiko:Pattern found: (show\ ip\ interface\ brief) show ip interface brief
DEBUG:netmiko:read_channel: 
Interface              IP-Address      OK? Method Status                Protocol
Ethernet0/0            unassigned      YES unset  administratively down down    
Ethernet0/1            unassigned      YES unset  administratively down down    
Ethernet0/2            unassigned      YES unset  administratively down down    
Ethernet0/3            unassigned      YES unset  administratively down down    
Ethernet1/0            unassigned      YES unset  administratively down down    
Ethernet1/1            unassigned      YES unset  administratively down down    
Ethernet1/2            22.1.1.1        YES NVRAM  up                    up      
Ethernet1/3            unassigned      YES unset  administratively down down    
Ethernet2/0            unassigned      YES unset  up                    up      
Ethernet2/1            unassigned      YES unset  up                    up      
Ethernet2/2            unassigned      YES unset  up                    up      
Ethernet2/3            unassigned      YES unset  up                    up      
Ethernet3/0            unassigned      YES unset  up                    up      
Ethernet3/1            unassigned      YES unset  up                    up      
Ethernet3/2            unassigned      YES unset  up                    up      
Ethernet3/3            unassigned      YES unset  up                    up      
swalex>
DEBUG:netmiko:read_channel: 
DEBUG:netmiko:write_channel: b'\n'
DEBUG:netmiko:read_channel: 
DEBUG:netmiko:write_channel: b'\n'
DEBUG:netmiko:read_channel: 

DEBUG:netmiko:write_channel: b'\n'
DEBUG:netmiko:read_channel: 
3swalex>
DEBUG:netmiko:read_channel: sw2alex>

DEBUG:netmiko:read_channel: 
DEBUG:netmiko:[find_prompt()]: prompt is 3swalex>
DEBUG:netmiko:write_channel: b'show ip interface brief\n'
DEBUG:netmiko:read_channel: 
DEBUG:netmiko:read_channel: sw2alex>
DEBUG:netmiko:Clear buffer detects data in the channel
DEBUG:netmiko:read_channel: 
DEBUG:netmiko:read_channel: 
DEBUG:netmiko:read_channel: 
DEBUG:netmiko:[find_prompt()]: prompt is sw2alex>
DEBUG:netmiko:write_channel: b'show ip interface brief\n'
DEBUG:netmiko:read_channel: 
DEBUG:netmiko:read_channel: sh
DEBUG:netmiko:read_channel: 
DEBUG:netmiko:read_channel: o
DEBUG:netmiko:read_channel: 
DEBUG:netmiko:read_channel: w 
DEBUG:netmiko:read_channel: sho
DEBUG:netmiko:read_channel: 
DEBUG:netmiko:read_channel: w
DEBUG:netmiko:read_channel: ip
DEBUG:netmiko:read_channel:  i
DEBUG:netmiko:read_channel:  
DEBUG:netmiko:read_channel: p i
DEBUG:netmiko:read_channel: in
DEBUG:netmiko:read_channel: 
DEBUG:netmiko:read_channel: n
DEBUG:netmiko:read_channel: ter
DEBUG:netmiko:read_channel: ter
DEBUG:netmiko:read_channel: fa
DEBUG:netmiko:read_channel: fa
DEBUG:netmiko:read_channel: c
DEBUG:netmiko:read_channel: c
DEBUG:netmiko:read_channel: e
DEBUG:netmiko:read_channel: 
DEBUG:netmiko:read_channel: e
DEBUG:netmiko:write_channel: b'\n'
DEBUG:netmiko:read_channel:  b
DEBUG:netmiko:read_channel:  b
DEBUG:netmiko:read_channel: 
DEBUG:netmiko:read_channel: r
DEBUG:netmiko:read_channel: 
3swalex2>
DEBUG:netmiko:read_channel: ri
DEBUG:netmiko:read_channel: i
DEBUG:netmiko:read_channel: 
DEBUG:netmiko:[find_prompt()]: prompt is 3swalex2>
DEBUG:netmiko:write_channel: b'show ip interface brief\n'
DEBUG:netmiko:read_channel: 
DEBUG:netmiko:read_channel: ef

DEBUG:netmiko:Pattern found: (show\ ip\ interface\ brief) show ip interface brief
DEBUG:netmiko:read_channel: ef

DEBUG:netmiko:Pattern found: (show\ ip\ interface\ brief) show ip interface brief
DEBUG:netmiko:read_channel: s
DEBUG:netmiko:read_channel: 
DEBUG:netmiko:read_channel: Interface              IP-Address      OK? Method Status                Protocol
Ethernet0/0            unassigned      YES unset  up                    up      
Ethernet0/1            unassigned      YES unset  up                    up      
Ethernet0/2            unassigned      YES unset  up                    up      
Ethernet0/3            unassigned      YES unset  up                    up      
Ethernet1/0            unassigned      YES unset  up                    up      
Ethernet1/1            unassigned      YES unset  up                    up      
Ethernet1/2            22.1.1.2        YES NVRAM  up                    up      
Ethernet1/3            unassigned      YES unset  up                    up      
Ethernet2/0            unassigned      YES unset  up                    up      
Ethernet2/1            unassigned      YES unset  up                    up      
Ethernet2/2            unassigned      YES unset  up                    up      
Ethernet2/3            unassigned      YES unset  up                    up      
Ethernet3/0            unassigned      YES unset  up                    up      
Ethernet3/1            unassigned      YES unset  up                    up      
Ethernet3/2            unassigned      YES unset  up                    up      
Ethernet3/3            unassigned      YES unset  up                    up      
Vlan1                  unassigned      YES unset  administratively down down    
sw2alex>
DEBUG:netmiko:read_channel: Interface              IP-Address      OK? Method Status                Protocol
Ethernet0/0            unassigned      YES unset  up                    up      
Ethernet0/1            unassigned      YES unset  administratively down down    
Ethernet0/2            10.1.1.1        YES NVRAM  up                    up      
Ethernet0/3            22.1.1.3        YES NVRAM  up                    up      
Ethernet1/0            unassigned      YES unset  administratively down down    
Ethernet1/1            unassigned      YES unset  administratively down down    
Ethernet1/2            unassigned      YES unset  administratively down down    
Ethernet1/3            unassigned      YES unset  administratively down down    
Ethernet2/0            unassigned      YES unset  up                    up      
Ethernet2/1            unassigned      YES unset  up                    up      
Ethernet2/2            unassigned      YES unset  up                    up      
Ethernet2/3            unassigned      YES unset  up                    up      
Ethernet3/0            unassigned      YES unset  up                    up      
Ethernet3/1            unassigned      YES unset  up                    up      
Ethernet3/2            unassigned      YES unset  up                    up      
Ethernet3/3            unassigned      YES unset  up                    up      
Vlan10                 unassigned      YES unset  down                  down    
Vlan20                 unassigned      YES unset  down                  down    
Vlan30                 unassigned      YES unset  down                  down    
Vlan40                 unassigned      YES unset  down                  down    
3swalex>
DEBUG:netmiko:read_channel: ho
DEBUG:netmiko:read_channel: 
DEBUG:netmiko:read_channel: w i
DEBUG:netmiko:read_channel: p 
DEBUG:netmiko:read_channel: i
DEBUG:netmiko:read_channel: n
DEBUG:netmiko:read_channel: te
DEBUG:netmiko:read_channel: r
DEBUG:netmiko:read_channel: fa
DEBUG:netmiko:read_channel: ce
DEBUG:netmiko:read_channel:  
DEBUG:netmiko:read_channel: br
DEBUG:netmiko:read_channel: i
DEBUG:netmiko:read_channel: ef
DEBUG:netmiko:Pattern found: (show\ ip\ interface\ brief) show ip interface brief
DEBUG:netmiko:read_channel: 
Interface              IP-Address      OK? Method Status                Protocol
Ethernet0/0            unassigned      YES unset  up                    up      
Ethernet0/1            unassigned      YES unset  administratively down down    
Ethernet0/2            unassigned      YES unset  administratively down down    
Ethernet0/3            22.1.1.4        YES NVRAM  up                    up      
Ethernet1/0            unassigned      YES unset  administratively down down    
Ethernet1/1            unassigned      YES unset  administratively down down    
Ethernet1/2            unassigned      YES unset  administratively down down    
Ethernet1/3            unassigned      YES unset  administratively down down    
Ethernet2/0            unassigned      YES unset  up                    up      
Ethernet2/1            unassigned      YES unset  up                    up      
Ethernet2/2            unassigned      YES unset  up                    up      
Ethernet2/3            unassigned      YES unset  up                    up      
Ethernet3/0            unassigned      YES unset  up                    up      
Ethernet3/1            20.1.1.1        YES NVRAM  up                    up      
Ethernet3/2            unassigned      YES unset  up                    up      
Ethernet3/3            unassigned      YES unset  up                    up      
3swalex2>
DEBUG:netmiko:read_channel: 
DEBUG:netmiko:write_channel: b'no shut\n'
DEBUG:netmiko:read_channel: no shut
alex(config-if)#
DEBUG:netmiko:read_channel: 
DEBUG:netmiko:read_channel: 
DEBUG:netmiko:write_channel: b'end\n'
DEBUG:netmiko:read_channel: end
alex#
DEBUG:netmiko:read_channel: 
DEBUG:netmiko:read_channel: 
DEBUG:urllib3.connectionpool:Starting new HTTPS connection (1): api.telegram.org:443
DEBUG:urllib3.connectionpool:https://api.telegram.org:443 "POST /bot5803750722:AAGLa0rDUryF3lfsHWI1ycONlkpbR32V0dQ/sendMessage HTTP/1.1" 200 273
DEBUG:netmiko:read_channel: 
DEBUG:netmiko:write_channel: b'\n'
DEBUG:netmiko:read_channel: 

DEBUG:netmiko:write_channel: b'\n'
DEBUG:netmiko:read_channel: swalex>
DEBUG:netmiko:read_channel: 

DEBUG:netmiko:Clear buffer detects data in the channel
DEBUG:netmiko:read_channel: swalex>
DEBUG:netmiko:Clear buffer detects data in the channel
DEBUG:netmiko:read_channel: 
DEBUG:netmiko:[find_prompt()]: prompt is swalex>
DEBUG:netmiko:write_channel: b'show ip interface brief\n'
DEBUG:netmiko:read_channel: 
DEBUG:netmiko:read_channel: 
DEBUG:netmiko:read_channel: s
DEBUG:netmiko:read_channel: h
DEBUG:netmiko:read_channel: o
DEBUG:netmiko:read_channel: w 
DEBUG:netmiko:read_channel: ip
DEBUG:netmiko:read_channel: 
DEBUG:netmiko:read_channel:  i
DEBUG:netmiko:read_channel: 
DEBUG:netmiko:read_channel: nt
DEBUG:netmiko:read_channel: e
DEBUG:netmiko:read_channel: rfa
DEBUG:netmiko:read_channel: 
DEBUG:netmiko:read_channel: 
DEBUG:netmiko:read_channel: ce
DEBUG:netmiko:read_channel:  b
DEBUG:netmiko:read_channel: ri
DEBUG:netmiko:read_channel: 
DEBUG:netmiko:read_channel: 
DEBUG:netmiko:read_channel: ef
DEBUG:netmiko:Pattern found: (show\ ip\ interface\ brief) show ip interface brief
DEBUG:netmiko:read_channel: 
Interface              IP-Address      OK? Method Status                Protocol
Ethernet0/0            unassigned      YES unset  administratively down down    
Ethernet0/1            unassigned      YES unset  administratively down down    
Ethernet0/2            unassigned      YES unset  administratively down down    
Ethernet0/3            unassigned      YES unset  administratively down down    
Ethernet1/0            unassigned      YES unset  administratively down down    
Ethernet1/1            unassigned      YES unset  administratively down down    
Ethernet1/2            22.1.1.1        YES NVRAM  up                    up      
Ethernet1/3            unassigned      YES unset  administratively down down    
Ethernet2/0            unassigned      YES unset  up                    up      
Ethernet2/1            unassigned      YES unset  up                    up      
Ethernet2/2            unassigned      YES unset  up                    up      
Ethernet2/3            unassigned      YES unset  up                    up      
Ethernet3/0            unassigned      YES unset  up                    up      
Ethernet3/1            unassigned      YES unset  up                    up      
Ethernet3/2            unassigned      YES unset  up                    up      
Ethernet3/3            unassigned      YES unset  up                    up      
swalex>
DEBUG:netmiko:read_channel: 
DEBUG:netmiko:write_channel: b'\n'
DEBUG:netmiko:read_channel: 
DEBUG:netmiko:write_channel: b'\n'
DEBUG:netmiko:read_channel: 
sw2alex>
DEBUG:netmiko:read_channel: 

DEBUG:netmiko:write_channel: b'\n'
DEBUG:netmiko:read_channel: 
DEBUG:netmiko:[find_prompt()]: prompt is sw2alex>
DEBUG:netmiko:write_channel: b'show ip interface brief\n'
DEBUG:netmiko:read_channel: 
DEBUG:netmiko:read_channel: 
DEBUG:netmiko:read_channel: 3swalex>
3swalex>
DEBUG:netmiko:read_channel: s
DEBUG:netmiko:read_channel: h
DEBUG:netmiko:read_channel: 
DEBUG:netmiko:[find_prompt()]: prompt is 3swalex>
DEBUG:netmiko:write_channel: b'show ip interface brief\n'
DEBUG:netmiko:read_channel: 
DEBUG:netmiko:read_channel: o
DEBUG:netmiko:read_channel: 
DEBUG:netmiko:read_channel: w i
DEBUG:netmiko:read_channel: sho
DEBUG:netmiko:read_channel: p 
DEBUG:netmiko:read_channel: w
DEBUG:netmiko:read_channel: i
DEBUG:netmiko:read_channel:  
DEBUG:netmiko:read_channel: nt
DEBUG:netmiko:read_channel: ip
DEBUG:netmiko:read_channel: e
DEBUG:netmiko:read_channel:  i
DEBUG:netmiko:read_channel: r
DEBUG:netmiko:read_channel: 
DEBUG:netmiko:read_channel: 
DEBUG:netmiko:write_channel: b'\n'
DEBUG:netmiko:read_channel: fa
DEBUG:netmiko:read_channel: nt
DEBUG:netmiko:read_channel: ce
DEBUG:netmiko:read_channel: er
DEBUG:netmiko:read_channel: 

DEBUG:netmiko:write_channel: b'\n'
DEBUG:netmiko:read_channel: f
DEBUG:netmiko:read_channel:  
DEBUG:netmiko:read_channel: a
DEBUG:netmiko:read_channel: b
DEBUG:netmiko:read_channel: ce
DEBUG:netmiko:read_channel: ri
DEBUG:netmiko:read_channel: 3swalex2>
3swalex2>
DEBUG:netmiko:read_channel:  
DEBUG:netmiko:read_channel: e
DEBUG:netmiko:read_channel: 
DEBUG:netmiko:[find_prompt()]: prompt is 3swalex2>
DEBUG:netmiko:write_channel: b'show ip interface brief\n'
DEBUG:netmiko:read_channel: 
DEBUG:netmiko:read_channel: b
DEBUG:netmiko:read_channel: f
DEBUG:netmiko:Pattern found: (show\ ip\ interface\ brief) show ip interface brief
DEBUG:netmiko:read_channel: s
DEBUG:netmiko:read_channel: ri
DEBUG:netmiko:read_channel: how
DEBUG:netmiko:read_channel: 
DEBUG:netmiko:read_channel:  i
DEBUG:netmiko:read_channel: 
Interface              IP-Address      OK? Method Status                Protocol
Ethernet0/0            unassigned      YES unset  up                    up      
Ethernet0/1            unassigned      YES unset  up                    up      
Ethernet0/2            unassigned      YES unset  up                    up      
Ethernet0/3            unassigned      YES unset  up                    up      
Ethernet1/0            unassigned      YES unset  up                    up      
Ethernet1/1            unassigned      YES unset  up                    up      
Ethernet1/2            22.1.1.2        YES NVRAM  up                    up      
Ethernet1/3            unassigned      YES unset  up                    up      
Ethernet2/0            unassigned      YES unset  up                    up      
Ethernet2/1            unassigned      YES unset  up                    up      
Ethernet2/2            unassigned      YES unset  up                    up      
Ethernet2/3            unassigned      YES unset  up                    up      
Ethernet3/0            unassigned      YES unset  up                    up      
Ethernet3/1            unassigned      YES unset  up                    up      
Ethernet3/2            unassigned      YES unset  up                    up      
Ethernet3/3            unassigned      YES unset  up                    up      
Vlan1                  unassigned      YES unset  administratively down down    
sw2alex>
DEBUG:netmiko:read_channel: ef
DEBUG:netmiko:Pattern found: (show\ ip\ interface\ brief) show ip interface brief
DEBUG:netmiko:read_channel: p
DEBUG:netmiko:read_channel:  
DEBUG:netmiko:read_channel: 
DEBUG:netmiko:read_channel: i
DEBUG:netmiko:read_channel: 
Interface              IP-Address      OK? Method Status                Protocol
Ethernet0/0            unassigned      YES unset  up                    up      
Ethernet0/1            unassigned      YES unset  administratively down down    
Ethernet0/2            10.1.1.1        YES NVRAM  up                    up      
Ethernet0/3            22.1.1.3        YES NVRAM  up                    up      
Ethernet1/0            unassigned      YES unset  administratively down down    
Ethernet1/1            unassigned      YES unset  administratively down down    
Ethernet1/2            unassigned      YES unset  administratively down down    
Ethernet1/3            unassigned      YES unset  administratively down down    
Ethernet2/0            unassigned      YES unset  up                    up      
Ethernet2/1            unassigned      YES unset  up                    up      
Ethernet2/2            unassigned      YES unset  up                    up      
Ethernet2/3            unassigned      YES unset  up                    up      
Ethernet3/0            unassigned      YES unset  up                    up      
Ethernet3/1            unassigned      YES unset  up                    up      
Ethernet3/2            unassigned      YES unset  up                    up      
Ethernet3/3            unassigned      YES unset  up                    up      
Vlan10                 unassigned      YES unset  down                  down    
Vlan20                 unassigned      YES unset  down                  down    
Vlan30                 unassigned      YES unset  down                  down    
Vlan40                 unassigned      YES unset  down                  down    
3swalex>
DEBUG:netmiko:read_channel: n
DEBUG:netmiko:read_channel: te
DEBUG:netmiko:read_channel: 
DEBUG:netmiko:read_channel: r
DEBUG:netmiko:read_channel: 
DEBUG:netmiko:read_channel: f
DEBUG:netmiko:read_channel: a
DEBUG:netmiko:read_channel: 
DEBUG:netmiko:read_channel: ce
DEBUG:netmiko:read_channel:  b
DEBUG:netmiko:read_channel: ri
DEBUG:netmiko:read_channel: e
DEBUG:netmiko:read_channel: f
DEBUG:netmiko:Pattern found: (show\ ip\ interface\ brief) show ip interface brief
DEBUG:netmiko:read_channel: 
Interface              IP-Address      OK? Method Status                Protocol
Ethernet0/0            unassigned      YES unset  up                    up      
Ethernet0/1            unassigned      YES unset  administratively down down    
Ethernet0/2            unassigned      YES unset  administratively down down    
Ethernet0/3            22.1.1.4        YES NVRAM  up                    up      
Ethernet1/0            unassigned      YES unset  administratively down down    
Ethernet1/1            unassigned      YES unset  administratively down down    
Ethernet1/2            unassigned      YES unset  administratively down down    
Ethernet1/3            unassigned      YES unset  administratively down down    
Ethernet2/0            unassigned      YES unset  up                    up      
Ethernet2/1            unassigned      YES unset  up                    up      
Ethernet2/2            unassigned      YES unset  up                    up      
Ethernet2/3            unassigned      YES unset  up                    up      
Ethernet3/0            unassigned      YES unset  up                    up      
Ethernet3/1            20.1.1.1        YES NVRAM  up                    up      
Ethernet3/2            unassigned      YES unset  up                    up      
Ethernet3/3            unassigned      YES unset  up                    up      
3swalex2>
DEBUG:netmiko:read_channel: 
DEBUG:netmiko:write_channel: b'\n'
DEBUG:netmiko:read_channel: 
alex#
DEBUG:netmiko:read_channel: 
DEBUG:netmiko:[find_prompt()]: prompt is alex#
DEBUG:netmiko:write_channel: b'show ip interface brief\n'
DEBUG:netmiko:read_channel: 
DEBUG:netmiko:read_channel: 
DEBUG:netmiko:read_channel: show ip interfac
DEBUG:netmiko:read_channel: e brief

DEBUG:netmiko:Pattern found: (show\ ip\ interface\ brief) show ip interface brief
DEBUG:netmiko:read_channel: Interface                  IP-Address      OK? Method Status                Protocol
FastEthernet0/0            unassigned      YES NVRAM  administratively down down    
FastEthernet0/1            unassigned      YES NVRAM  administratively down down    
Serial1/0                  11.1.1.1        YES NVRAM  up                    down    
Serial1/1                  unassigned      YES NVRAM  administratively down down    
Serial1/2                  unassigned      YES NVRAM  administratively down down    
Serial1/3                  unassigned      YES NVRAM  administratively down down    
FastEthernet2/0            unassigned      YES NVRAM  administratively down down    
Ethernet3/0                10.1.1.2        YES NVRAM  up                    up      
Ethernet3/1                20.1.1.2        YES NVRAM  up                    up      
Ethernet3/2                22.1.1.5        YES NVRAM  up                    up      
Ethernet3/3                unassigned      YES NVRAM  administratively down down    
alex#
DEBUG:netmiko:read_channel: 
DEBUG:netmiko:write_channel: b'\n'
DEBUG:netmiko:read_channel: 
alex#
DEBUG:netmiko:read_channel: 
DEBUG:netmiko:[find_prompt()]: prompt is alex#
DEBUG:netmiko:write_channel: b'\n'
DEBUG:netmiko:read_channel: 
DEBUG:netmiko:read_channel: 
alex#
DEBUG:netmiko:Pattern found: (alex.*) 
alex#
DEBUG:netmiko:write_channel: b'conf t\n'
DEBUG:netmiko:read_channel: conf t
Enter configuration commands, one per line.  End with CNTL/Z.
alex(config)#
DEBUG:netmiko:read_channel: 
DEBUG:netmiko:read_channel: 
DEBUG:netmiko:write_channel: b'int Serial1/0\n'
DEBUG:netmiko:read_channel: int Serial1/0
alex(config-if)#
DEBUG:netmiko:read_channel: 
DEBUG:netmiko:read_channel: 
DEBUG:netmiko:write_channel: b'\n'
DEBUG:netmiko:read_channel: 
DEBUG:netmiko:write_channel: b'\n'
DEBUG:netmiko:read_channel: 
swalex>
DEBUG:netmiko:read_channel: 
DEBUG:netmiko:[find_prompt()]: prompt is swalex>
DEBUG:netmiko:write_channel: b'show ip interface brief\n'
DEBUG:netmiko:read_channel: 
DEBUG:netmiko:read_channel: 
swalex>
DEBUG:netmiko:read_channel: 
DEBUG:netmiko:read_channel: 
DEBUG:netmiko:read_channel: s
DEBUG:netmiko:read_channel: h
DEBUG:netmiko:read_channel: ow
DEBUG:netmiko:read_channel: 
DEBUG:netmiko:read_channel:  i
DEBUG:netmiko:read_channel: p
DEBUG:netmiko:read_channel:  
DEBUG:netmiko:read_channel: 
DEBUG:netmiko:read_channel: in
DEBUG:netmiko:read_channel: 
DEBUG:netmiko:read_channel: te
DEBUG:netmiko:read_channel: r
DEBUG:netmiko:read_channel: f
DEBUG:netmiko:read_channel: ac
DEBUG:netmiko:read_channel: 
DEBUG:netmiko:read_channel: e 
DEBUG:netmiko:read_channel: b
DEBUG:netmiko:read_channel: r
DEBUG:netmiko:read_channel: 
DEBUG:netmiko:read_channel: ie
DEBUG:netmiko:read_channel: 
DEBUG:netmiko:read_channel: f

DEBUG:netmiko:Pattern found: (show\ ip\ interface\ brief) 
swalex>show ip interface brief
DEBUG:netmiko:read_channel: Interface              IP-Address      OK? Method Status                Protocol
Ethernet0/0            unassigned      YES unset  administratively down down    
Ethernet0/1            unassigned      YES unset  administratively down down    
Ethernet0/2            unassigned      YES unset  administratively down down    
Ethernet0/3            unassigned      YES unset  administratively down down    
Ethernet1/0            unassigned      YES unset  administratively down down    
Ethernet1/1            unassigned      YES unset  administratively down down    
Ethernet1/2            22.1.1.1        YES NVRAM  up                    up      
Ethernet1/3            unassigned      YES unset  administratively down down    
Ethernet2/0            unassigned      YES unset  up                    up      
Ethernet2/1            unassigned      YES unset  up                    up      
Ethernet2/2            unassigned      YES unset  up                    up      
Ethernet2/3            unassigned      YES unset  up                    up      
Ethernet3/0            unassigned      YES unset  up                    up      
Ethernet3/1            unassigned      YES unset  up                    up      
Ethernet3/2            unassigned      YES unset  up                    up      
Ethernet3/3            unassigned      YES unset  up                    up      
swalex>
DEBUG:netmiko:read_channel: 
DEBUG:netmiko:write_channel: b'no shut\n'
DEBUG:netmiko:read_channel: no shut
alex(config-if)#
DEBUG:netmiko:read_channel: 
DEBUG:netmiko:read_channel: 
DEBUG:netmiko:write_channel: b'\n'
DEBUG:netmiko:read_channel: 

DEBUG:netmiko:write_channel: b'\n'
DEBUG:netmiko:read_channel: 
DEBUG:netmiko:write_channel: b'\n'
DEBUG:netmiko:read_channel: sw2alex>
sw2alex>
DEBUG:netmiko:read_channel: 

DEBUG:netmiko:write_channel: b'\n'
DEBUG:netmiko:read_channel: 
DEBUG:netmiko:[find_prompt()]: prompt is sw2alex>
DEBUG:netmiko:write_channel: b'show ip interface brief\n'
DEBUG:netmiko:read_channel: 
DEBUG:netmiko:read_channel: 
DEBUG:netmiko:read_channel: 3swalex>
3swalex>
DEBUG:netmiko:read_channel: s
DEBUG:netmiko:read_channel: 
DEBUG:netmiko:[find_prompt()]: prompt is 3swalex>
DEBUG:netmiko:write_channel: b'show ip interface brief\n'
DEBUG:netmiko:read_channel: 
DEBUG:netmiko:read_channel: ho
DEBUG:netmiko:read_channel: 
DEBUG:netmiko:read_channel: 
DEBUG:netmiko:read_channel: 
DEBUG:netmiko:write_channel: b'\n'
DEBUG:netmiko:read_channel: w 
DEBUG:netmiko:read_channel: sho
DEBUG:netmiko:read_channel: i
DEBUG:netmiko:read_channel: w 
DEBUG:netmiko:read_channel: 

DEBUG:netmiko:write_channel: b'\n'
DEBUG:netmiko:read_channel: p
DEBUG:netmiko:read_channel: 
DEBUG:netmiko:read_channel:  i
DEBUG:netmiko:read_channel: ip
DEBUG:netmiko:read_channel: 
DEBUG:netmiko:read_channel: 
DEBUG:netmiko:read_channel: 3swalex2>
DEBUG:netmiko:read_channel:  i
DEBUG:netmiko:read_channel: nt
DEBUG:netmiko:read_channel: 
3swalex2>
DEBUG:netmiko:Clear buffer detects data in the channel
DEBUG:netmiko:read_channel: nt
DEBUG:netmiko:read_channel: er
DEBUG:netmiko:read_channel: 
DEBUG:netmiko:read_channel: 
DEBUG:netmiko:read_channel: 
DEBUG:netmiko:[find_prompt()]: prompt is 3swalex2>
DEBUG:netmiko:write_channel: b'show ip interface brief\n'
DEBUG:netmiko:read_channel: 
DEBUG:netmiko:read_channel: er
DEBUG:netmiko:read_channel: fa
DEBUG:netmiko:read_channel: 
DEBUG:netmiko:read_channel: fa
DEBUG:netmiko:read_channel: ce
DEBUG:netmiko:read_channel: sho
DEBUG:netmiko:read_channel: 
DEBUG:netmiko:read_channel: 
DEBUG:netmiko:read_channel: 
DEBUG:netmiko:read_channel: ce
DEBUG:netmiko:read_channel:  b
DEBUG:netmiko:read_channel: w ip
DEBUG:netmiko:read_channel: 
DEBUG:netmiko:read_channel: 
DEBUG:netmiko:read_channel:  
DEBUG:netmiko:read_channel:  b
DEBUG:netmiko:read_channel: ri
DEBUG:netmiko:read_channel: i
DEBUG:netmiko:read_channel: ri
DEBUG:netmiko:read_channel: ef
DEBUG:netmiko:Pattern found: (show\ ip\ interface\ brief) show ip interface brief
DEBUG:netmiko:read_channel: nt
DEBUG:netmiko:read_channel: e
DEBUG:netmiko:read_channel: er
DEBUG:netmiko:read_channel: f
DEBUG:netmiko:Pattern found: (show\ ip\ interface\ brief) show ip interface brief
DEBUG:netmiko:read_channel: 
DEBUG:netmiko:read_channel: 
Interface              IP-Address      OK? Method Status                Protocol
Ethernet0/0            unassigned      YES unset  up                    up      
Ethernet0/1            unassigned      YES unset  up                    up      
Ethernet0/2            unassigned      YES unset  up                    up      
Ethernet0/3            unassigned      YES unset  up                    up      
Ethernet1/0            unassigned      YES unset  up                    up      
Ethernet1/1            unassigned      YES unset  up                    up      
Ethernet1/2            22.1.1.2        YES NVRAM  up                    up      
Ethernet1/3            unassigned      YES unset  up                    up      
Ethernet2/0            unassigned      YES unset  up                    up      
Ethernet2/1            unassigned      YES unset  up                    up      
Ethernet2/2            unassigned      YES unset  up                    up      
Ethernet2/3            unassigned      YES unset  up                    up      
Ethernet3/0            unassigned      YES unset  up                    up      
Ethernet3/1            unassigned      YES unset  up                    up      
Ethernet3/2            unassigned      YES unset  up                    up      
Ethernet3/3            unassigned      YES unset  up                    up      
Vlan1                  unassigned      YES unset  administratively down down    
sw2alex>
DEBUG:netmiko:read_channel: fa
DEBUG:netmiko:read_channel: ce 
DEBUG:netmiko:read_channel: 
Interface              IP-Address      OK? Method Status                Protocol
Ethernet0/0            unassigned      YES unset  up                    up      
Ethernet0/1            unassigned      YES unset  administratively down down    
Ethernet0/2            10.1.1.1        YES NVRAM  up                    up      
Ethernet0/3            22.1.1.3        YES NVRAM  up                    up      
Ethernet1/0            unassigned      YES unset  administratively down down    
Ethernet1/1            unassigned      YES unset  administratively down down    
Ethernet1/2            unassigned      YES unset  administratively down down    
Ethernet1/3            unassigned      YES unset  administratively down down    
Ethernet2/0            unassigned      YES unset  up                    up      
Ethernet2/1            unassigned      YES unset  up                    up      
Ethernet2/2            unassigned      YES unset  up                    up      
Ethernet2/3            unassigned      YES unset  up                    up      
Ethernet3/0            unassigned      YES unset  up                    up      
Ethernet3/1            unassigned      YES unset  up                    up      
Ethernet3/2            unassigned      YES unset  up                    up      
Ethernet3/3            unassigned      YES unset  up                    up      
Vlan10                 unassigned      YES unset  down                  down    
Vlan20                 unassigned      YES unset  down                  down    
Vlan30                 unassigned      YES unset  down                  down    
Vlan40                 unassigned      YES unset  down                  down    
3swalex>
DEBUG:netmiko:read_channel: b
DEBUG:netmiko:read_channel: r
DEBUG:netmiko:read_channel: i
DEBUG:netmiko:read_channel: ef
DEBUG:netmiko:Pattern found: (show\ ip\ interface\ brief) show ip interface brief
DEBUG:netmiko:read_channel: 
Interface              IP-Address      OK? Method Status                Protocol
Ethernet0/0            unassigned      YES unset  up                    up      
Ethernet0/1            unassigned      YES unset  administratively down down    
Ethernet0/2            unassigned      YES unset  administratively down down    
Ethernet0/3            22.1.1.4        YES NVRAM  up                    up      
Ethernet1/0            unassigned      YES unset  administratively down down    
Ethernet1/1            unassigned      YES unset  administratively down down    
Ethernet1/2            unassigned      YES unset  administratively down down    
Ethernet1/3            unassigned      YES unset  administratively down down    
Ethernet2/0            unassigned      YES unset  up                    up      
Ethernet2/1            unassigned      YES unset  up                    up      
Ethernet2/2            unassigned      YES unset  up                    up      
Ethernet2/3            unassigned      YES unset  up                    up      
Ethernet3/0            unassigned      YES unset  up                    up      
Ethernet3/1            20.1.1.1        YES NVRAM  up                    up      
Ethernet3/2            unassigned      YES unset  up                    up      
Ethernet3/3            unassigned      YES unset  up                    up      
3swalex2>
DEBUG:netmiko:read_channel: 
DEBUG:netmiko:write_channel: b'end\n'
DEBUG:netmiko:read_channel: end
alex#
DEBUG:netmiko:read_channel: 
DEBUG:netmiko:read_channel: 
DEBUG:urllib3.connectionpool:Starting new HTTPS connection (1): api.telegram.org:443
DEBUG:urllib3.connectionpool:https://api.telegram.org:443 "POST /bot5803750722:AAGLa0rDUryF3lfsHWI1ycONlkpbR32V0dQ/sendMessage HTTP/1.1" 200 273
DEBUG:netmiko:read_channel: 
DEBUG:netmiko:write_channel: b'\n'
DEBUG:netmiko:read_channel: 

DEBUG:netmiko:write_channel: b'\n'
DEBUG:netmiko:read_channel: swalex>
swalex>
DEBUG:netmiko:read_channel: 
DEBUG:netmiko:[find_prompt()]: prompt is swalex>
DEBUG:netmiko:write_channel: b'show ip interface brief\n'
DEBUG:netmiko:read_channel: 
DEBUG:netmiko:read_channel: s
DEBUG:netmiko:read_channel: 
DEBUG:netmiko:read_channel: ho
DEBUG:netmiko:read_channel: w 
DEBUG:netmiko:read_channel: i
DEBUG:netmiko:read_channel: p 
DEBUG:netmiko:read_channel: i
DEBUG:netmiko:read_channel: nt
DEBUG:netmiko:read_channel: erf
DEBUG:netmiko:read_channel: ac
DEBUG:netmiko:read_channel: e 
DEBUG:netmiko:read_channel: b
DEBUG:netmiko:read_channel: ri
DEBUG:netmiko:read_channel: ef
DEBUG:netmiko:Pattern found: (show\ ip\ interface\ brief) show ip interface brief
DEBUG:netmiko:read_channel: 
Interface              IP-Address      OK? Method Status                Protocol
Ethernet0/0            unassigned      YES unset  administratively down down    
Ethernet0/1            unassigned      YES unset  administratively down down    
Ethernet0/2            unassigned      YES unset  administratively down down    
Ethernet0/3            unassigned      YES unset  administratively down down    
Ethernet1/0            unassigned      YES unset  administratively down down    
Ethernet1/1            unassigned      YES unset  administratively down down    
Ethernet1/2            22.1.1.1        YES NVRAM  up                    up      
Ethernet1/3            unassigned      YES unset  administratively down down    
Ethernet2/0            unassigned      YES unset  up                    up      
Ethernet2/1            unassigned      YES unset  up                    up      
Ethernet2/2            unassigned      YES unset  up                    up      
Ethernet2/3            unassigned      YES unset  up                    up      
Ethernet3/0            unassigned      YES unset  up                    up      
Ethernet3/1            unassigned      YES unset  up                    up      
Ethernet3/2            unassigned      YES unset  up                    up      
Ethernet3/3            unassigned      YES unset  up                    up      
swalex>
DEBUG:netmiko:read_channel: 
DEBUG:netmiko:write_channel: b'\n'
DEBUG:netmiko:read_channel: 
DEBUG:netmiko:write_channel: b'\n'
DEBUG:netmiko:read_channel: 

DEBUG:netmiko:write_channel: b'\n'
DEBUG:netmiko:read_channel: 
3swalex>
DEBUG:netmiko:read_channel: 
DEBUG:netmiko:[find_prompt()]: prompt is 3swalex>
DEBUG:netmiko:write_channel: b'show ip interface brief\n'
DEBUG:netmiko:read_channel: 
DEBUG:netmiko:read_channel: sw2alex>
sw2alex>
DEBUG:netmiko:read_channel: 
DEBUG:netmiko:read_channel: 
DEBUG:netmiko:[find_prompt()]: prompt is sw2alex>
DEBUG:netmiko:write_channel: b'show ip interface brief\n'
DEBUG:netmiko:read_channel: 
DEBUG:netmiko:read_channel: sh
DEBUG:netmiko:read_channel: s
DEBUG:netmiko:read_channel: o
DEBUG:netmiko:read_channel: 
DEBUG:netmiko:read_channel: w
DEBUG:netmiko:read_channel: ho
DEBUG:netmiko:read_channel:  
DEBUG:netmiko:read_channel: w
DEBUG:netmiko:read_channel: ip
DEBUG:netmiko:read_channel:  
DEBUG:netmiko:read_channel: 
DEBUG:netmiko:read_channel: ip
DEBUG:netmiko:read_channel:  i
DEBUG:netmiko:read_channel: 
DEBUG:netmiko:read_channel: 
DEBUG:netmiko:read_channel:  i
DEBUG:netmiko:read_channel: nt
DEBUG:netmiko:read_channel: 
DEBUG:netmiko:read_channel: 
DEBUG:netmiko:read_channel: nt
DEBUG:netmiko:read_channel: er
DEBUG:netmiko:read_channel: 
DEBUG:netmiko:read_channel: f
DEBUG:netmiko:read_channel: er
DEBUG:netmiko:read_channel: a
DEBUG:netmiko:read_channel: 
DEBUG:netmiko:read_channel: c
DEBUG:netmiko:read_channel: fa
DEBUG:netmiko:read_channel: e
DEBUG:netmiko:read_channel: c
DEBUG:netmiko:read_channel:  
DEBUG:netmiko:read_channel: e
DEBUG:netmiko:read_channel: b
DEBUG:netmiko:read_channel:  b
DEBUG:netmiko:read_channel: ri
DEBUG:netmiko:read_channel: 
DEBUG:netmiko:read_channel: e
DEBUG:netmiko:read_channel: ri
DEBUG:netmiko:read_channel: f
DEBUG:netmiko:Pattern found: (show\ ip\ interface\ brief) show ip interface brief
DEBUG:netmiko:read_channel: ef
DEBUG:netmiko:Pattern found: (show\ ip\ interface\ brief) show ip interface brief
DEBUG:netmiko:read_channel: 
Interface              IP-Address      OK? Method Status                Protocol
Ethernet0/0            unassigned      YES unset  up                    up      
Ethernet0/1            unassigned      YES unset  administratively down down    
Ethernet0/2            10.1.1.1        YES NVRAM  up                    up      
Ethernet0/3            22.1.1.3        YES NVRAM  up                    up      
Ethernet1/0            unassigned      YES unset  administratively down down    
Ethernet1/1            unassigned      YES unset  administratively down down    
Ethernet1/2            unassigned      YES unset  administratively down down    
Ethernet1/3            unassigned      YES unset  administratively down down    
Ethernet2/0            unassigned      YES unset  up                    up      
Ethernet2/1            unassigned      YES unset  up                    up      
Ethernet2/2            unassigned      YES unset  up                    up      
Ethernet2/3            unassigned      YES unset  up                    up      
Ethernet3/0            unassigned      YES unset  up                    up      
Ethernet3/1            unassigned      YES unset  up                    up      
Ethernet3/2            unassigned      YES unset  up                    up      
Ethernet3/3            unassigned      YES unset  up                    up      
Vlan10                 unassigned      YES unset  down                  down    
Vlan20                 unassigned      YES unset  down                  down    
Vlan30                 unassigned      YES unset  down                  down    
Vlan40                 unassigned      YES unset  down                  down    
3swalex>
DEBUG:netmiko:read_channel: 
Interface              IP-Address      OK? Method Status                Protocol
Ethernet0/0            unassigned      YES unset  up                    up      
Ethernet0/1            unassigned      YES unset  up                    up      
Ethernet0/2            unassigned      YES unset  up                    up      
Ethernet0/3            unassigned      YES unset  up                    up      
Ethernet1/0            unassigned      YES unset  up                    up      
Ethernet1/1            unassigned      YES unset  up                    up      
Ethernet1/2            22.1.1.2        YES NVRAM  up                    up      
Ethernet1/3            unassigned      YES unset  up                    up      
Ethernet2/0            unassigned      YES unset  up                    up      
Ethernet2/1            unassigned      YES unset  up                    up      
Ethernet2/2            unassigned      YES unset  up                    up      
Ethernet2/3            unassigned      YES unset  up                    up      
Ethernet3/0            unassigned      YES unset  up                    up      
Ethernet3/1            unassigned      YES unset  up                    up      
Ethernet3/2            unassigned      YES unset  up                    up      
Ethernet3/3            unassigned      YES unset  up                    up      
Vlan1                  unassigned      YES unset  administratively down down    
sw2alex>
DEBUG:netmiko:read_channel: 
DEBUG:netmiko:write_channel: b'\n'
DEBUG:netmiko:read_channel: 
3swalex2>
DEBUG:netmiko:read_channel: 
DEBUG:netmiko:[find_prompt()]: prompt is 3swalex2>
DEBUG:netmiko:write_channel: b'show ip interface brief\n'
DEBUG:netmiko:read_channel: 
DEBUG:netmiko:read_channel: 
DEBUG:netmiko:read_channel: s
DEBUG:netmiko:read_channel: h
DEBUG:netmiko:read_channel: o
DEBUG:netmiko:read_channel: w 
DEBUG:netmiko:read_channel: ip
DEBUG:netmiko:read_channel:  i
DEBUG:netmiko:read_channel: 
DEBUG:netmiko:read_channel: nt
DEBUG:netmiko:read_channel: er
DEBUG:netmiko:read_channel: 
DEBUG:netmiko:read_channel: fa
DEBUG:netmiko:read_channel: 
DEBUG:netmiko:read_channel: ce
DEBUG:netmiko:read_channel:  br
DEBUG:netmiko:read_channel: i
DEBUG:netmiko:read_channel: ef
DEBUG:netmiko:Pattern found: (show\ ip\ interface\ brief) show ip interface brief
DEBUG:netmiko:read_channel: 
Interface              IP-Address      OK? Method Status                Protocol
Ethernet0/0            unassigned      YES unset  up                    up      
Ethernet0/1            unassigned      YES unset  administratively down down    
Ethernet0/2            unassigned      YES unset  administratively down down    
Ethernet0/3            22.1.1.4        YES NVRAM  up                    up      
Ethernet1/0            unassigned      YES unset  administratively down down    
Ethernet1/1            unassigned      YES unset  administratively down down    
Ethernet1/2            unassigned      YES unset  administratively down down    
Ethernet1/3            unassigned      YES unset  administratively down down    
Ethernet2/0            unassigned      YES unset  up                    up      
Ethernet2/1            unassigned      YES unset  up                    up      
Ethernet2/2            unassigned      YES unset  up                    up      
Ethernet2/3            unassigned      YES unset  up                    up      
Ethernet3/0            unassigned      YES unset  up                    up      
Ethernet3/1            20.1.1.1        YES NVRAM  up                    up      
Ethernet3/2            unassigned      YES unset  up                    up      
Ethernet3/3            unassigned      YES unset  up                    up      
3swalex2>
DEBUG:netmiko:read_channel: 
DEBUG:netmiko:write_channel: b'\n'
DEBUG:netmiko:read_channel: 
alex#
DEBUG:netmiko:read_channel: 
DEBUG:netmiko:[find_prompt()]: prompt is alex#
DEBUG:netmiko:write_channel: b'show ip interface brief\n'
DEBUG:netmiko:read_channel: 
DEBUG:netmiko:read_channel: 
DEBUG:netmiko:read_channel: show ip interfac
DEBUG:netmiko:read_channel: e brief
Interface                  IP-Address      OK? Method Status                Protocol
FastEthernet0/0            unassigned      YES NVRAM  administratively down down    
FastEthernet0/1            unassigned      YES NVRAM  administratively down down    
Serial1/0                  11.1.1.1        YES NVRAM  up                    down    
Serial1/1                  unassigned      YES NVRAM  administratively down down    
Serial1/2                  unassigned      YES NVRAM  administratively down down    
Serial1/3                  unassigned      YES NVRAM  administratively down down    
FastEthernet2/0            unassigned      YES NVRAM  administratively down down    
Ethernet3/0                10.1.1.2        YES NVRAM  up                    up      
Ethernet3/1                20.1.1.2        YES NVRAM  up                    up      
Ethernet3/2                22.1.1.5        YES NVRAM  up                    up      
Ethernet3/3                unassigned      YES NVRAM  administratively down down    
alex#
DEBUG:netmiko:Pattern found: (show\ ip\ interface\ brief) show ip interface brief
DEBUG:netmiko:read_channel: 
DEBUG:netmiko:read_channel: 
DEBUG:netmiko:write_channel: b'\n'
DEBUG:netmiko:read_channel: 
alex#
DEBUG:netmiko:read_channel: 
DEBUG:netmiko:[find_prompt()]: prompt is alex#
DEBUG:netmiko:write_channel: b'\n'
DEBUG:netmiko:read_channel: 
DEBUG:netmiko:read_channel: 
alex#
DEBUG:netmiko:Pattern found: (alex.*) 
alex#
DEBUG:netmiko:write_channel: b'conf t\n'
DEBUG:netmiko:read_channel: conf t
Enter configuration commands, one per line.  End with CNTL/Z.
alex(config)#
DEBUG:netmiko:read_channel: 
DEBUG:netmiko:read_channel: 
DEBUG:netmiko:write_channel: b'int Serial1/0\n'
DEBUG:netmiko:read_channel: int Serial1/0
alex(config-if)#
DEBUG:netmiko:read_channel: 
DEBUG:netmiko:read_channel: 
DEBUG:netmiko:write_channel: b'no shut\n'
DEBUG:netmiko:read_channel: no shut
alex(config-if)#
DEBUG:netmiko:read_channel: 
DEBUG:netmiko:read_channel: 
DEBUG:netmiko:write_channel: b'\n'
DEBUG:netmiko:read_channel: 

DEBUG:netmiko:write_channel: b'\n'
DEBUG:netmiko:read_channel: swalex>
swalex>
DEBUG:netmiko:read_channel: 
DEBUG:netmiko:[find_prompt()]: prompt is swalex>
DEBUG:netmiko:write_channel: b'show ip interface brief\n'
DEBUG:netmiko:read_channel: 
DEBUG:netmiko:read_channel: 
DEBUG:netmiko:read_channel: s
DEBUG:netmiko:read_channel: h
DEBUG:netmiko:read_channel: ow
DEBUG:netmiko:read_channel:  
DEBUG:netmiko:read_channel: ip
DEBUG:netmiko:read_channel: 
DEBUG:netmiko:read_channel:  i
DEBUG:netmiko:read_channel: nt
DEBUG:netmiko:read_channel: e
DEBUG:netmiko:read_channel: r
DEBUG:netmiko:read_channel: fa
DEBUG:netmiko:read_channel: 
DEBUG:netmiko:read_channel: ce
DEBUG:netmiko:read_channel:  
DEBUG:netmiko:read_channel: b
DEBUG:netmiko:read_channel: r
DEBUG:netmiko:read_channel: i
DEBUG:netmiko:read_channel: e
DEBUG:netmiko:read_channel: 
DEBUG:netmiko:read_channel: f
DEBUG:netmiko:Pattern found: (show\ ip\ interface\ brief) show ip interface brief
DEBUG:netmiko:read_channel: 
Interface              IP-Address      OK? Method Status                Protocol
Ethernet0/0            unassigned      YES unset  administratively down down    
Ethernet0/1            unassigned      YES unset  administratively down down    
Ethernet0/2            unassigned      YES unset  administratively down down    
Ethernet0/3            unassigned      YES unset  administratively down down    
Ethernet1/0            unassigned      YES unset  administratively down down    
Ethernet1/1            unassigned      YES unset  administratively down down    
Ethernet1/2            22.1.1.1        YES NVRAM  up                    up      
Ethernet1/3            unassigned      YES unset  administratively down down    
Ethernet2/0            unassigned      YES unset  up                    up      
Ethernet2/1            unassigned      YES unset  up                    up      
Ethernet2/2            unassigned      YES unset  up                    up      
Ethernet2/3            unassigned      YES unset  up                    up      
Ethernet3/0            unassigned      YES unset  up                    up      
Ethernet3/1            unassigned      YES unset  up                    up      
Ethernet3/2            unassigned      YES unset  up                    up      
Ethernet3/3            unassigned      YES unset  up                    up      
swalex>
DEBUG:netmiko:read_channel: 
DEBUG:netmiko:read_channel: 
DEBUG:netmiko:write_channel: b'\n'
DEBUG:netmiko:write_channel: b'\n'
DEBUG:netmiko:read_channel: 

DEBUG:netmiko:read_channel: 

DEBUG:netmiko:write_channel: b'\n'
DEBUG:netmiko:write_channel: b'\n'
DEBUG:netmiko:read_channel: sw2alex>
sw2alex>
DEBUG:netmiko:read_channel: 3swalex>
3swalex>
DEBUG:netmiko:read_channel: 
DEBUG:netmiko:[find_prompt()]: prompt is sw2alex>
DEBUG:netmiko:read_channel: 
DEBUG:netmiko:write_channel: b'show ip interface brief\n'
DEBUG:netmiko:[find_prompt()]: prompt is 3swalex>
DEBUG:netmiko:read_channel: 
DEBUG:netmiko:write_channel: b'show ip interface brief\n'
DEBUG:netmiko:read_channel: 
DEBUG:netmiko:read_channel: 
DEBUG:netmiko:read_channel: 
DEBUG:netmiko:read_channel: s
DEBUG:netmiko:read_channel: s
DEBUG:netmiko:read_channel: 
DEBUG:netmiko:read_channel: 
DEBUG:netmiko:read_channel: 
DEBUG:netmiko:write_channel: b'end\n'
DEBUG:netmiko:read_channel: ho
DEBUG:netmiko:read_channel: ho
DEBUG:netmiko:read_channel: w
DEBUG:netmiko:read_channel: w
DEBUG:netmiko:read_channel:  
DEBUG:netmiko:read_channel:  
DEBUG:netmiko:read_channel: ip
DEBUG:netmiko:read_channel: ip
DEBUG:netmiko:read_channel: 
DEBUG:netmiko:read_channel: 
DEBUG:netmiko:read_channel:  i
DEBUG:netmiko:read_channel:  i
DEBUG:netmiko:read_channel: 
DEBUG:netmiko:read_channel: 
DEBUG:netmiko:read_channel: nt
DEBUG:netmiko:read_channel: nt
DEBUG:netmiko:read_channel: e
DEBUG:netmiko:read_channel: e
DEBUG:netmiko:read_channel: end
alex#
DEBUG:netmiko:read_channel: r
DEBUG:netmiko:read_channel: r
DEBUG:netmiko:read_channel: fa
DEBUG:netmiko:read_channel: fa
DEBUG:netmiko:read_channel: 
DEBUG:netmiko:read_channel: 
DEBUG:netmiko:read_channel: ce
DEBUG:netmiko:read_channel: ce
DEBUG:netmiko:read_channel: 
DEBUG:netmiko:read_channel: 
DEBUG:netmiko:read_channel:  b
DEBUG:netmiko:read_channel:  b
DEBUG:netmiko:read_channel: 
DEBUG:netmiko:read_channel: 
DEBUG:netmiko:read_channel: ri
DEBUG:netmiko:read_channel: ri
DEBUG:netmiko:read_channel: e
DEBUG:netmiko:read_channel: e
DEBUG:netmiko:read_channel: 
DEBUG:netmiko:read_channel: f
DEBUG:netmiko:read_channel: f
DEBUG:netmiko:Pattern found: (show\ ip\ interface\ brief) show ip interface brief
DEBUG:netmiko:Pattern found: (show\ ip\ interface\ brief) show ip interface brief
DEBUG:netmiko:read_channel: 
Interface              IP-Address      OK? Method Status                Protocol
Ethernet0/0            unassigned      YES unset  up                    up      
Ethernet0/1            unassigned      YES unset  administratively down down    
Ethernet0/2            10.1.1.1        YES NVRAM  up                    up      
Ethernet0/3            22.1.1.3        YES NVRAM  up                    up      
Ethernet1/0            unassigned      YES unset  administratively down down    
Ethernet1/1            unassigned      YES unset  administratively down down    
Ethernet1/2            unassigned      YES unset  administratively down down    
Ethernet1/3            unassigned      YES unset  administratively down down    
Ethernet2/0            unassigned      YES unset  up                    up      
Ethernet2/1            unassigned      YES unset  up                    up      
Ethernet2/2            unassigned      YES unset  up                    up      
Ethernet2/3            unassigned      YES unset  up                    up      
Ethernet3/0            unassigned      YES unset  up                    up      
Ethernet3/1            unassigned      YES unset  up                    up      
Ethernet3/2            unassigned      YES unset  up                    up      
Ethernet3/3            unassigned      YES unset  up                    up      
Vlan10                 unassigned      YES unset  down                  down    
Vlan20                 unassigned      YES unset  down                  down    
Vlan30                 unassigned      YES unset  down                  down    
Vlan40                 unassigned      YES unset  down                  down    
3swalex>
DEBUG:netmiko:read_channel: 
Interface              IP-Address      OK? Method Status                Protocol
Ethernet0/0            unassigned      YES unset  up                    up      
Ethernet0/1            unassigned      YES unset  up                    up      
Ethernet0/2            unassigned      YES unset  up                    up      
Ethernet0/3            unassigned      YES unset  up                    up      
Ethernet1/0            unassigned      YES unset  up                    up      
Ethernet1/1            unassigned      YES unset  up                    up      
Ethernet1/2            22.1.1.2        YES NVRAM  up                    up      
Ethernet1/3            unassigned      YES unset  up                    up      
Ethernet2/0            unassigned      YES unset  up                    up      
Ethernet2/1            unassigned      YES unset  up                    up      
Ethernet2/2            unassigned      YES unset  up                    up      
Ethernet2/3            unassigned      YES unset  up                    up      
Ethernet3/0            unassigned      YES unset  up                    up      
Ethernet3/1            unassigned      YES unset  up                    up      
Ethernet3/2            unassigned      YES unset  up                    up      
Ethernet3/3            unassigned      YES unset  up                    up      
Vlan1                  unassigned      YES unset  administratively down down    
sw2alex>
DEBUG:netmiko:read_channel: 
DEBUG:netmiko:write_channel: b'\n'
DEBUG:netmiko:read_channel: 

DEBUG:netmiko:write_channel: b'\n'
DEBUG:netmiko:read_channel: 3swalex2>
DEBUG:netmiko:read_channel: 
3swalex2>
DEBUG:netmiko:Clear buffer detects data in the channel
DEBUG:netmiko:read_channel: 
DEBUG:netmiko:[find_prompt()]: prompt is 3swalex2>
DEBUG:netmiko:write_channel: b'show ip interface brief\n'
DEBUG:netmiko:read_channel: 
DEBUG:netmiko:read_channel: 
DEBUG:netmiko:read_channel: s
DEBUG:netmiko:read_channel: h
DEBUG:netmiko:read_channel: o
DEBUG:netmiko:read_channel: 
DEBUG:netmiko:read_channel: w ip
DEBUG:netmiko:read_channel:  
DEBUG:netmiko:read_channel: i
DEBUG:netmiko:read_channel: nt
DEBUG:netmiko:read_channel: 
DEBUG:netmiko:read_channel: er
DEBUG:netmiko:read_channel: f
DEBUG:netmiko:read_channel: a
DEBUG:netmiko:read_channel: ce
DEBUG:netmiko:read_channel: 
DEBUG:netmiko:read_channel:  b
DEBUG:netmiko:read_channel: 
DEBUG:netmiko:read_channel: ri
DEBUG:netmiko:read_channel: e
DEBUG:netmiko:read_channel: f
DEBUG:netmiko:Pattern found: (show\ ip\ interface\ brief) show ip interface brief
DEBUG:netmiko:read_channel: 
Interface              IP-Address      OK? Method Status                Protocol
Ethernet0/0            unassigned      YES unset  up                    up      
Ethernet0/1            unassigned      YES unset  administratively down down    
Ethernet0/2            unassigned      YES unset  administratively down down    
Ethernet0/3            22.1.1.4        YES NVRAM  up                    up      
Ethernet1/0            unassigned      YES unset  administratively down down    
Ethernet1/1            unassigned      YES unset  administratively down down    
Ethernet1/2            unassigned      YES unset  administratively down down    
Ethernet1/3            unassigned      YES unset  administratively down down    
Ethernet2/0            unassigned      YES unset  up                    up      
Ethernet2/1            unassigned      YES unset  up                    up      
Ethernet2/2            unassigned      YES unset  up                    up      
Ethernet2/3            unassigned      YES unset  up                    up      
Ethernet3/0            unassigned      YES unset  up                    up      
Ethernet3/1            20.1.1.1        YES NVRAM  up                    up      
Ethernet3/2            unassigned      YES unset  up                    up      
Ethernet3/3            unassigned      YES unset  up                    up      
3swalex2>
DEBUG:netmiko:read_channel: 
DEBUG:urllib3.connectionpool:Starting new HTTPS connection (1): api.telegram.org:443
DEBUG:urllib3.connectionpool:https://api.telegram.org:443 "POST /bot5803750722:AAGLa0rDUryF3lfsHWI1ycONlkpbR32V0dQ/sendMessage HTTP/1.1" 200 273
DEBUG:netmiko:read_channel: 
DEBUG:netmiko:write_channel: b'\n'
DEBUG:netmiko:read_channel: 

DEBUG:netmiko:write_channel: b'\n'
DEBUG:netmiko:read_channel: swalex>
DEBUG:netmiko:read_channel: 
DEBUG:netmiko:[find_prompt()]: prompt is swalex>
DEBUG:netmiko:write_channel: b'show ip interface brief\n'
DEBUG:netmiko:read_channel: 
DEBUG:netmiko:read_channel: 
swalex>
DEBUG:netmiko:read_channel: 
DEBUG:netmiko:read_channel: 
DEBUG:netmiko:read_channel: sh
DEBUG:netmiko:read_channel: 
DEBUG:netmiko:read_channel: ow
DEBUG:netmiko:read_channel: 
DEBUG:netmiko:read_channel:  i
DEBUG:netmiko:read_channel: p
DEBUG:netmiko:read_channel:  
DEBUG:netmiko:read_channel: 
DEBUG:netmiko:read_channel: 
DEBUG:netmiko:read_channel: inte
DEBUG:netmiko:read_channel: r
DEBUG:netmiko:read_channel: f
DEBUG:netmiko:read_channel: ac
DEBUG:netmiko:read_channel: e
DEBUG:netmiko:read_channel:  
DEBUG:netmiko:read_channel: b
DEBUG:netmiko:read_channel: r
DEBUG:netmiko:read_channel: ie
DEBUG:netmiko:read_channel: 
DEBUG:netmiko:read_channel: 
DEBUG:netmiko:read_channel: f

DEBUG:netmiko:Pattern found: (show\ ip\ interface\ brief) 
swalex>show ip interface brief
DEBUG:netmiko:read_channel: Interface              IP-Address      OK? Method Status                Protocol
Ethernet0/0            unassigned      YES unset  administratively down down    
Ethernet0/1            unassigned      YES unset  administratively down down    
Ethernet0/2            unassigned      YES unset  administratively down down    
Ethernet0/3            unassigned      YES unset  administratively down down    
Ethernet1/0            unassigned      YES unset  administratively down down    
Ethernet1/1            unassigned      YES unset  administratively down down    
Ethernet1/2            22.1.1.1        YES NVRAM  up                    up      
Ethernet1/3            unassigned      YES unset  administratively down down    
Ethernet2/0            unassigned      YES unset  up                    up      
Ethernet2/1            unassigned      YES unset  up                    up      
Ethernet2/2            unassigned      YES unset  up                    up      
Ethernet2/3            unassigned      YES unset  up                    up      
Ethernet3/0            unassigned      YES unset  up                    up      
Ethernet3/1            unassigned      YES unset  up                    up      
Ethernet3/2            unassigned      YES unset  up                    up      
Ethernet3/3            unassigned      YES unset  up                    up      
swalex>
DEBUG:netmiko:read_channel: 
DEBUG:netmiko:write_channel: b'\n'
DEBUG:netmiko:read_channel: 
DEBUG:netmiko:write_channel: b'\n'
DEBUG:netmiko:read_channel: 

DEBUG:netmiko:write_channel: b'\n'
DEBUG:netmiko:read_channel: 
sw2alex>
DEBUG:netmiko:read_channel: 
DEBUG:netmiko:[find_prompt()]: prompt is sw2alex>
DEBUG:netmiko:write_channel: b'show ip interface brief\n'
DEBUG:netmiko:read_channel: 
DEBUG:netmiko:read_channel: 3swalex>
DEBUG:netmiko:read_channel: 
DEBUG:netmiko:read_channel: 
DEBUG:netmiko:[find_prompt()]: prompt is 3swalex>
DEBUG:netmiko:write_channel: b'show ip interface brief\n'
DEBUG:netmiko:read_channel: 

DEBUG:netmiko:read_channel: s
DEBUG:netmiko:read_channel: 3swalex>
DEBUG:netmiko:read_channel: 
DEBUG:netmiko:read_channel: 
DEBUG:netmiko:read_channel: h
DEBUG:netmiko:read_channel: o
DEBUG:netmiko:read_channel: 
DEBUG:netmiko:read_channel: sh
DEBUG:netmiko:read_channel: w 
DEBUG:netmiko:read_channel: 
DEBUG:netmiko:read_channel: 
DEBUG:netmiko:read_channel: ip
DEBUG:netmiko:read_channel: ow
DEBUG:netmiko:read_channel: 
DEBUG:netmiko:read_channel: 
DEBUG:netmiko:read_channel:  i
DEBUG:netmiko:read_channel:  i
DEBUG:netmiko:read_channel: 
DEBUG:netmiko:read_channel: 
DEBUG:netmiko:read_channel: p 
DEBUG:netmiko:read_channel: nt
DEBUG:netmiko:read_channel: er
DEBUG:netmiko:read_channel: in
DEBUG:netmiko:read_channel: t
DEBUG:netmiko:read_channel: f
DEBUG:netmiko:read_channel: a
DEBUG:netmiko:read_channel: e
DEBUG:netmiko:read_channel: ce
DEBUG:netmiko:read_channel: rf
DEBUG:netmiko:read_channel: 
DEBUG:netmiko:read_channel: 
DEBUG:netmiko:read_channel:  b
DEBUG:netmiko:read_channel: ac
DEBUG:netmiko:read_channel: 
DEBUG:netmiko:read_channel: 
DEBUG:netmiko:read_channel: e 
DEBUG:netmiko:read_channel: ri
DEBUG:netmiko:read_channel: 
DEBUG:netmiko:read_channel: 
DEBUG:netmiko:read_channel: ef
DEBUG:netmiko:Pattern found: (show\ ip\ interface\ brief) show ip interface brief
DEBUG:netmiko:read_channel: br
DEBUG:netmiko:read_channel: i
DEBUG:netmiko:read_channel: e
DEBUG:netmiko:read_channel: 
Interface              IP-Address      OK? Method Status                Protocol
Ethernet0/0            unassigned      YES unset  up                    up      
Ethernet0/1            unassigned      YES unset  up                    up      
Ethernet0/2            unassigned      YES unset  up                    up      
Ethernet0/3            unassigned      YES unset  up                    up      
Ethernet1/0            unassigned      YES unset  up                    up      
Ethernet1/1            unassigned      YES unset  up                    up      
Ethernet1/2            22.1.1.2        YES NVRAM  up                    up      
Ethernet1/3            unassigned      YES unset  up                    up      
Ethernet2/0            unassigned      YES unset  up                    up      
Ethernet2/1            unassigned      YES unset  up                    up      
Ethernet2/2            unassigned      YES unset  up                    up      
Ethernet2/3            unassigned      YES unset  up                    up      
Ethernet3/0            unassigned      YES unset  up                    up      
Ethernet3/1            unassigned      YES unset  up                    up      
Ethernet3/2            unassigned      YES unset  up                    up      
Ethernet3/3            unassigned      YES unset  up                    up      
Vlan1                  unassigned      YES unset  administratively down down    
sw2alex>
DEBUG:netmiko:read_channel: 
DEBUG:netmiko:read_channel: f
DEBUG:netmiko:Pattern found: (show\ ip\ interface\ brief) 
3swalex>show ip interface brief
DEBUG:netmiko:read_channel: 
DEBUG:netmiko:write_channel: b'\n'
DEBUG:netmiko:read_channel: 
Interface              IP-Address      OK? Method Status                Protocol
Ethernet0/0            unassigned      YES unset  up                    up      
Ethernet0/1            unassigned      YES unset  administratively down down    
Ethernet0/2            10.1.1.1        YES NVRAM  up                    up      
Ethernet0/3            22.1.1.3        YES NVRAM  up                    up      
Ethernet1/0            unassigned      YES unset  administratively down down    
Ethernet1/1            unassigned      YES unset  administratively down down    
Ethernet1/2            unassigned      YES unset  administratively down down    
Ethernet1/3            unassigned      YES unset  administratively down down    
Ethernet2/0            unassigned      YES unset  up                    up      
Ethernet2/1            unassigned      YES unset  up                    up      
Ethernet2/2            unassigned      YES unset  up                    up      
Ethernet2/3            unassigned      YES unset  up                    up      
Ethernet3/0            unassigned      YES unset  up                    up      
Ethernet3/1            unassigned      YES unset  up                    up      
Ethernet3/2            unassigned      YES unset  up                    up      
Ethernet3/3            unassigned      YES unset  up                    up      
Vlan10                 unassigned      YES unset  down                  down    
Vlan20                 unassigned      YES unset  down                  down    
Vlan30                 unassigned      YES unset  down                  down    
Vlan40                 unassigned      YES unset  down                  down    
3swalex>
DEBUG:netmiko:read_channel: 
DEBUG:netmiko:write_channel: b'\n'
DEBUG:netmiko:read_channel: 
3swalex2>
DEBUG:netmiko:read_channel: 
DEBUG:netmiko:[find_prompt()]: prompt is 3swalex2>
DEBUG:netmiko:write_channel: b'show ip interface brief\n'
DEBUG:netmiko:read_channel: 
DEBUG:netmiko:read_channel: 

DEBUG:netmiko:read_channel: 3swalex2>
DEBUG:netmiko:read_channel: s
DEBUG:netmiko:read_channel: h
DEBUG:netmiko:read_channel: ow 
DEBUG:netmiko:read_channel: i
DEBUG:netmiko:read_channel: p 
DEBUG:netmiko:read_channel: i
DEBUG:netmiko:read_channel: n
DEBUG:netmiko:read_channel: 
DEBUG:netmiko:read_channel: te
DEBUG:netmiko:read_channel: r
DEBUG:netmiko:read_channel: f
DEBUG:netmiko:read_channel: ac
DEBUG:netmiko:read_channel: 
DEBUG:netmiko:read_channel: e 
DEBUG:netmiko:read_channel: 
DEBUG:netmiko:read_channel: br
DEBUG:netmiko:read_channel: ie
DEBUG:netmiko:read_channel: f
DEBUG:netmiko:Pattern found: (show\ ip\ interface\ brief) 
3swalex2>show ip interface brief
DEBUG:netmiko:read_channel: 
Interface              IP-Address      OK? Method Status                Protocol
Ethernet0/0            unassigned      YES unset  up                    up      
Ethernet0/1            unassigned      YES unset  administratively down down    
Ethernet0/2            unassigned      YES unset  administratively down down    
Ethernet0/3            22.1.1.4        YES NVRAM  up                    up      
Ethernet1/0            unassigned      YES unset  administratively down down    
Ethernet1/1            unassigned      YES unset  administratively down down    
Ethernet1/2            unassigned      YES unset  administratively down down    
Ethernet1/3            unassigned      YES unset  administratively down down    
Ethernet2/0            unassigned      YES unset  up                    up      
Ethernet2/1            unassigned      YES unset  up                    up      
Ethernet2/2            unassigned      YES unset  up                    up      
Ethernet2/3            unassigned      YES unset  up                    up      
Ethernet3/0            unassigned      YES unset  up                    up      
Ethernet3/1            20.1.1.1        YES NVRAM  administratively down down    
Ethernet3/2            unassigned      YES unset  up                    up      
Ethernet3/3            unassigned      YES unset  up                    up      
3swalex2>
DEBUG:netmiko:read_channel: 
DEBUG:netmiko:write_channel: b'\n'
DEBUG:netmiko:read_channel: 
3swalex2>
DEBUG:netmiko:read_channel: 
DEBUG:netmiko:[find_prompt()]: prompt is 3swalex2>
DEBUG:netmiko:write_channel: b'\n'
DEBUG:netmiko:read_channel: 
DEBUG:netmiko:read_channel: 
DEBUG:netmiko:read_channel: 

DEBUG:netmiko:read_channel: 3swalex2>
DEBUG:netmiko:Pattern found: (3swalex2.*) 
3swalex2>
DEBUG:netmiko:write_channel: b'enable\n'
DEBUG:netmiko:read_channel: 
DEBUG:netmiko:read_channel: 
DEBUG:netmiko:read_channel: 
DEBUG:netmiko:read_channel: e
DEBUG:netmiko:read_channel: na
DEBUG:netmiko:read_channel: bl
DEBUG:netmiko:read_channel: 
DEBUG:netmiko:read_channel: e

DEBUG:netmiko:Pattern found: (enable) enable
DEBUG:netmiko:read_channel: 
DEBUG:netmiko:read_channel: Password: 
DEBUG:netmiko:Pattern found: ((?:3swalex2|ssword)) 
Password
DEBUG:netmiko:write_channel: b'********\n'
DEBUG:netmiko:read_channel: 
DEBUG:netmiko:read_channel: 
DEBUG:netmiko:read_channel: 
DEBUG:netmiko:read_channel: 
DEBUG:netmiko:read_channel: 
DEBUG:netmiko:read_channel: 
DEBUG:netmiko:read_channel: 
3swalex2#
DEBUG:netmiko:Pattern found: (3swalex2) : 
3swalex2
DEBUG:netmiko:write_channel: b'\n'
DEBUG:netmiko:read_channel: 
DEBUG:netmiko:read_channel: 
DEBUG:netmiko:read_channel: 

DEBUG:netmiko:read_channel: 
DEBUG:netmiko:read_channel: 3swalex2#
DEBUG:netmiko:Pattern found: (3swalex2.*) #
3swalex2#
DEBUG:netmiko:write_channel: b'conf t\n'
DEBUG:netmiko:read_channel: conf t
Enter configuration commands, one per line.  End with CNTL/Z.
3swalex2(config)#
DEBUG:netmiko:read_channel: 
DEBUG:netmiko:read_channel: 
DEBUG:netmiko:write_channel: b'\n'
DEBUG:netmiko:read_channel: 
alex#
DEBUG:netmiko:read_channel: 
DEBUG:netmiko:[find_prompt()]: prompt is alex#
DEBUG:netmiko:write_channel: b'show ip interface brief\n'
DEBUG:netmiko:read_channel: 
DEBUG:netmiko:read_channel: 
DEBUG:netmiko:read_channel: show ip interfac
DEBUG:netmiko:read_channel: e bri
DEBUG:netmiko:read_channel: ef
Interface                  IP-Address      OK? Method Status                Protocol
FastEthernet0/0            unassigned      YES NVRAM  administratively down down    
FastEthernet0/1            unassigned      YES NVRAM  administratively down down    
Serial1/0                  11.1.1.1        YES NVRAM  up                    down    
Serial1/1                  unassigned      YES NVRAM  administratively down down    
Serial1/2                  unassigned      YES NVRAM  administratively down down    
Serial1/3                  unassigned      YES NVRAM  administratively down down    
FastEthernet2/0            unassigned      YES NVRAM  administratively down down    
Ethernet3/0                10.1.1.2        YES NVRAM  up                    up      
Ethernet3/1                20.1.1.2        YES NVRAM  up                    up      
Ethernet3/2                22.1.1.5        YES NVRAM  up                    up      
Ethernet3/3                unassigned      YES NVRAM  administratively down down    
alex#
DEBUG:netmiko:Pattern found: (show\ ip\ interface\ brief) show ip interface brief
DEBUG:netmiko:read_channel: 
DEBUG:netmiko:read_channel: 
DEBUG:netmiko:write_channel: b'\n'
DEBUG:netmiko:read_channel: 
alex#
DEBUG:netmiko:read_channel: 
DEBUG:netmiko:[find_prompt()]: prompt is alex#
DEBUG:netmiko:write_channel: b'\n'
DEBUG:netmiko:read_channel: 
DEBUG:netmiko:read_channel: 
DEBUG:netmiko:read_channel: 
alex#
DEBUG:netmiko:Pattern found: (alex.*) 
alex#
DEBUG:netmiko:write_channel: b'conf t\n'
DEBUG:netmiko:read_channel: conf t
Enter configuration commands, one per line.  End with CNTL/Z.
alex(config)#
DEBUG:netmiko:read_channel: 
DEBUG:netmiko:read_channel: 
DEBUG:netmiko:write_channel: b'int Ethernet3/1\n'
DEBUG:netmiko:read_channel: int Ether
DEBUG:netmiko:read_channel: net3/1
3swalex2(config-if)#
DEBUG:netmiko:read_channel: 
DEBUG:netmiko:read_channel: 
DEBUG:netmiko:write_channel: b'int Serial1/0\n'
DEBUG:netmiko:read_channel: int Serial1/0
alex(config-if)#
DEBUG:netmiko:read_channel: 
DEBUG:netmiko:read_channel: 
DEBUG:netmiko:write_channel: b'no shut\n'
DEBUG:netmiko:read_channel: no shut
3swalex2(config-if)#
DEBUG:netmiko:read_channel: 
DEBUG:netmiko:read_channel: 
DEBUG:netmiko:write_channel: b'no shut\n'
DEBUG:netmiko:read_channel: no shut
alex(config-if)#
DEBUG:netmiko:read_channel: 
DEBUG:netmiko:read_channel: 
DEBUG:netmiko:write_channel: b'end\n'
DEBUG:netmiko:read_channel: end
3swalex2#
DEBUG:netmiko:read_channel: 
DEBUG:netmiko:read_channel: 
DEBUG:netmiko:write_channel: b'\n'
DEBUG:netmiko:read_channel: 
DEBUG:netmiko:write_channel: b'\n'
DEBUG:netmiko:read_channel: 
swalex>
DEBUG:netmiko:read_channel: 
DEBUG:netmiko:[find_prompt()]: prompt is swalex>
DEBUG:netmiko:write_channel: b'show ip interface brief\n'
DEBUG:netmiko:read_channel: 
DEBUG:netmiko:read_channel: 
swalex>
DEBUG:netmiko:read_channel: sh
DEBUG:netmiko:read_channel: ow
DEBUG:netmiko:read_channel: 
DEBUG:netmiko:read_channel:  i
DEBUG:netmiko:read_channel: 
DEBUG:netmiko:read_channel: p 
DEBUG:netmiko:read_channel: i
DEBUG:netmiko:read_channel: n
DEBUG:netmiko:read_channel: te
DEBUG:netmiko:read_channel: 
DEBUG:netmiko:read_channel: rf
DEBUG:netmiko:read_channel: 
DEBUG:netmiko:read_channel: ac
DEBUG:netmiko:read_channel: e
DEBUG:netmiko:read_channel:  
DEBUG:netmiko:read_channel: 
DEBUG:netmiko:write_channel: b'end\n'
DEBUG:netmiko:read_channel: br
DEBUG:netmiko:read_channel: 
DEBUG:netmiko:read_channel: ie
DEBUG:netmiko:read_channel: 
DEBUG:netmiko:read_channel: f

DEBUG:netmiko:Pattern found: (show\ ip\ interface\ brief) 
swalex>show ip interface brief
DEBUG:netmiko:read_channel: Interface              IP-Address      OK? Method Status                Protocol
Ethernet0/0            unassigned      YES unset  administratively down down    
Ethernet0/1            unassigned      YES unset  administratively down down    
Ethernet0/2            unassigned      YES unset  administratively down down    
Ethernet0/3            unassigned      YES unset  administratively down down    
Ethernet1/0            unassigned      YES unset  administratively down down    
Ethernet1/1            unassigned      YES unset  administratively down down    
Ethernet1/2            22.1.1.1        YES NVRAM  up                    up      
Ethernet1/3            unassigned      YES unset  administratively down down    
Ethernet2/0            unassigned      YES unset  up                    up      
Ethernet2/1            unassigned      YES unset  up                    up      
Ethernet2/2            unassigned      YES unset  up                    up      
Ethernet2/3            unassigned      YES unset  up                    up      
Ethernet3/0            unassigned      YES unset  up                    up      
Ethernet3/1            unassigned      YES unset  up                    up      
Ethernet3/2            unassigned      YES unset  up                    up      
Ethernet3/3            unassigned      YES unset  up                    up      
swalex>
DEBUG:netmiko:read_channel: end
alex#
DEBUG:netmiko:read_channel: 
DEBUG:netmiko:read_channel: 
DEBUG:urllib3.connectionpool:Starting new HTTPS connection (1): api.telegram.org:443
DEBUG:netmiko:read_channel: 
DEBUG:netmiko:write_channel: b'\n'
DEBUG:netmiko:read_channel: 
sw2alex>
DEBUG:netmiko:read_channel: 
DEBUG:netmiko:[find_prompt()]: prompt is sw2alex>
DEBUG:netmiko:write_channel: b'show ip interface brief\n'
DEBUG:netmiko:read_channel: 
DEBUG:urllib3.connectionpool:https://api.telegram.org:443 "POST /bot5803750722:AAGLa0rDUryF3lfsHWI1ycONlkpbR32V0dQ/sendMessage HTTP/1.1" 200 275
DEBUG:netmiko:read_channel: s
DEBUG:netmiko:read_channel: 
DEBUG:netmiko:read_channel: ho
DEBUG:netmiko:read_channel: w 
DEBUG:netmiko:read_channel: i
DEBUG:netmiko:read_channel: p
DEBUG:netmiko:read_channel: 
DEBUG:netmiko:write_channel: b'\n'
DEBUG:netmiko:read_channel:  i
DEBUG:netmiko:read_channel: nt
DEBUG:netmiko:read_channel: 
3swalex>
DEBUG:netmiko:read_channel: e
DEBUG:netmiko:read_channel: 
DEBUG:netmiko:[find_prompt()]: prompt is 3swalex>
DEBUG:netmiko:write_channel: b'show ip interface brief\n'
DEBUG:netmiko:read_channel: 
DEBUG:netmiko:read_channel: rf
DEBUG:netmiko:read_channel: s
DEBUG:netmiko:read_channel: a
DEBUG:netmiko:read_channel: 
DEBUG:netmiko:read_channel: 
DEBUG:netmiko:read_channel: ho
DEBUG:netmiko:read_channel: ce
DEBUG:netmiko:read_channel: 
DEBUG:netmiko:read_channel:  
DEBUG:netmiko:read_channel: w 
DEBUG:netmiko:read_channel: b
DEBUG:netmiko:read_channel: i
DEBUG:netmiko:read_channel: r
DEBUG:netmiko:read_channel: p 
DEBUG:netmiko:read_channel: i
DEBUG:netmiko:read_channel: in
DEBUG:netmiko:read_channel: e
DEBUG:netmiko:read_channel: te
DEBUG:netmiko:read_channel: f

DEBUG:netmiko:Pattern found: (show\ ip\ interface\ brief) show ip interface brief
DEBUG:netmiko:read_channel: rfa
DEBUG:netmiko:read_channel: 
DEBUG:netmiko:read_channel: Interface              IP-Address      OK? Method Status                Protocol
Ethernet0/0            unassigned      YES unset  up                    up      
Ethernet0/1            unassigned      YES unset  up                    up      
Ethernet0/2            unassigned      YES unset  up                    up      
Ethernet0/3            unassigned      YES unset  up                    up      
Ethernet1/0            unassigned      YES unset  up                    up      
Ethernet1/1            unassigned      YES unset  up                    up      
Ethernet1/2            22.1.1.2        YES NVRAM  up                    up      
Ethernet1/3            unassigned      YES unset  up                    up      
Ethernet2/0            unassigned      YES unset  up                    up      
Ethernet2/1            unassigned      YES unset  up                    up      
Ethernet2/2            unassigned      YES unset  up                    up      
Ethernet2/3            unassigned      YES unset  up                    up      
Ethernet3/0            unassigned      YES unset  up                    up      
Ethernet3/1            unassigned      YES unset  up                    up      
Ethernet3/2            unassigned      YES unset  up                    up      
Ethernet3/3            unassigned      YES unset  up                    up      
Vlan1                  unassigned      YES unset  administratively down down    
sw2alex>
DEBUG:netmiko:read_channel: c
DEBUG:netmiko:read_channel: 
DEBUG:netmiko:read_channel: e 
DEBUG:netmiko:read_channel: br
DEBUG:netmiko:read_channel: i
DEBUG:netmiko:read_channel: 
DEBUG:netmiko:read_channel: ef
DEBUG:netmiko:Pattern found: (show\ ip\ interface\ brief) show ip interface brief
DEBUG:netmiko:read_channel: 
DEBUG:netmiko:read_channel: 
Interface              IP-Address      OK? Method Status                Protocol
Ethernet0/0            unassigned      YES unset  up                    up      
Ethernet0/1            unassigned      YES unset  administratively down down    
Ethernet0/2            10.1.1.1        YES NVRAM  up                    up      
Ethernet0/3            22.1.1.3        YES NVRAM  up                    up      
Ethernet1/0            unassigned      YES unset  administratively down down    
Ethernet1/1            unassigned      YES unset  administratively down down    
Ethernet1/2            unassigned      YES unset  administratively down down    
Ethernet1/3            unassigned      YES unset  administratively down down    
Ethernet2/0            unassigned      YES unset  up                    up      
Ethernet2/1            unassigned      YES unset  up                    up      
Ethernet2/2            unassigned      YES unset  up                    up      
Ethernet2/3            unassigned      YES unset  up                    up      
Ethernet3/0            unassigned      YES unset  up                    up      
Ethernet3/1            unassigned      YES unset  up                    up      
Ethernet3/2            unassigned      YES unset  up                    up      
Ethernet3/3            unassigned      YES unset  up                    up      
Vlan10                 unassigned      YES unset  down                  down    
Vlan20                 unassigned      YES unset  down                  down    
Vlan30                 unassigned      YES unset  down                  down    
Vlan40                 unassigned      YES unset  down                  down    
3swalex>
DEBUG:netmiko:read_channel: 
DEBUG:urllib3.connectionpool:Starting new HTTPS connection (1): api.telegram.org:443
DEBUG:urllib3.connectionpool:https://api.telegram.org:443 "POST /bot5803750722:AAGLa0rDUryF3lfsHWI1ycONlkpbR32V0dQ/sendMessage HTTP/1.1" 200 273
DEBUG:netmiko:read_channel: 
DEBUG:netmiko:write_channel: b'\n'
DEBUG:netmiko:read_channel: 

DEBUG:netmiko:write_channel: b'\n'
DEBUG:netmiko:read_channel: swalex>
DEBUG:netmiko:read_channel: 
swalex>
DEBUG:netmiko:Clear buffer detects data in the channel
DEBUG:netmiko:read_channel: 
DEBUG:netmiko:[find_prompt()]: prompt is swalex>
DEBUG:netmiko:write_channel: b'show ip interface brief\n'
DEBUG:netmiko:read_channel: 
DEBUG:netmiko:read_channel: s
DEBUG:netmiko:read_channel: 
DEBUG:netmiko:read_channel: ho
DEBUG:netmiko:read_channel: 
DEBUG:netmiko:read_channel: w 
DEBUG:netmiko:read_channel: 
DEBUG:netmiko:read_channel: ip
DEBUG:netmiko:read_channel:  
DEBUG:netmiko:read_channel: i
DEBUG:netmiko:read_channel: 
DEBUG:netmiko:read_channel: nt
DEBUG:netmiko:read_channel: er
DEBUG:netmiko:read_channel: 
DEBUG:netmiko:read_channel: fa
DEBUG:netmiko:read_channel: 
DEBUG:netmiko:read_channel: ce
DEBUG:netmiko:read_channel: 
DEBUG:netmiko:read_channel:  bri
DEBUG:netmiko:read_channel: e
DEBUG:netmiko:read_channel: f
DEBUG:netmiko:Pattern found: (show\ ip\ interface\ brief) show ip interface brief
DEBUG:netmiko:read_channel: 
Interface              IP-Address      OK? Method Status                Protocol
Ethernet0/0            unassigned      YES unset  administratively down down    
Ethernet0/1            unassigned      YES unset  administratively down down    
Ethernet0/2            unassigned      YES unset  administratively down down    
Ethernet0/3            unassigned      YES unset  administratively down down    
Ethernet1/0            unassigned      YES unset  administratively down down    
Ethernet1/1            unassigned      YES unset  administratively down down    
Ethernet1/2            22.1.1.1        YES NVRAM  up                    up      
Ethernet1/3            unassigned      YES unset  administratively down down    
Ethernet2/0            unassigned      YES unset  up                    up      
Ethernet2/1            unassigned      YES unset  up                    up      
Ethernet2/2            unassigned      YES unset  up                    up      
Ethernet2/3            unassigned      YES unset  up                    up      
Ethernet3/0            unassigned      YES unset  up                    up      
Ethernet3/1            unassigned      YES unset  up                    up      
Ethernet3/2            unassigned      YES unset  up                    up      
Ethernet3/3            unassigned      YES unset  up                    up      
swalex>
DEBUG:netmiko:read_channel: 
DEBUG:netmiko:write_channel: b'\n'
DEBUG:netmiko:read_channel: 

DEBUG:netmiko:write_channel: b'\n'
DEBUG:netmiko:read_channel: 3swalex2#
DEBUG:netmiko:read_channel: 
DEBUG:netmiko:[find_prompt()]: prompt is 3swalex2#
DEBUG:netmiko:write_channel: b'show ip interface brief\n'
DEBUG:netmiko:read_channel: 
DEBUG:netmiko:read_channel: 
DEBUG:netmiko:read_channel: 
3swalex2#
DEBUG:netmiko:read_channel: 
DEBUG:netmiko:read_channel: sh
DEBUG:netmiko:read_channel: o
DEBUG:netmiko:read_channel: w
DEBUG:netmiko:read_channel:  i
DEBUG:netmiko:read_channel: p
DEBUG:netmiko:read_channel:  
DEBUG:netmiko:read_channel: i
DEBUG:netmiko:read_channel: n
DEBUG:netmiko:read_channel: te
DEBUG:netmiko:read_channel: rf
DEBUG:netmiko:read_channel: a
DEBUG:netmiko:read_channel: ce
DEBUG:netmiko:read_channel:  br
DEBUG:netmiko:read_channel: 
DEBUG:netmiko:read_channel: ie
DEBUG:netmiko:read_channel: f
DEBUG:netmiko:Pattern found: (show\ ip\ interface\ brief) 
3swalex2#show ip interface brief
DEBUG:netmiko:read_channel: 
Interface              IP-Address      OK? Method Status                Protocol
Ethernet0/0            unassigned      YES unset  up                    up      
Ethernet0/1            unassigned      YES unset  administratively down down    
Ethernet0/2            unassigned      YES unset  administratively down down    
Ethernet0/3            22.1.1.4        YES NVRAM  up                    up      
Ethernet1/0            unassigned      YES unset  administratively down down    
Ethernet1/1            unassigned      YES unset  administratively down down    
Ethernet1/2            unassigned      YES unset  administratively down down    
Ethernet1/3            unassigned      YES unset  administratively down down    
Ethernet2/0            unassigned      YES unset  up                    up      
Ethernet2/1            unassigned      YES unset  up                    up      
Ethernet2/2            unassigned      YES unset  up                    up      
Ethernet2/3            unassigned      YES unset  up                    up      
Ethernet3/0            unassigned      YES unset  up                    up      
Ethernet3/1            20.1.1.1        YES NVRAM  up                    up      
Ethernet3/2            unassigned      YES unset  up                    up      
Ethernet3/3            unassigned      YES unset  up                    up      
3swalex2#
DEBUG:netmiko:read_channel: 
DEBUG:netmiko:write_channel: b'\n'
DEBUG:netmiko:read_channel: 

DEBUG:netmiko:write_channel: b'\n'
DEBUG:netmiko:read_channel: sw2alex>
DEBUG:netmiko:read_channel: 
DEBUG:netmiko:write_channel: b'\n'
DEBUG:netmiko:read_channel: 
sw2alex>
DEBUG:netmiko:Clear buffer detects data in the channel
DEBUG:netmiko:read_channel: 
DEBUG:netmiko:write_channel: b'\n'
DEBUG:netmiko:read_channel: 
DEBUG:netmiko:[find_prompt()]: prompt is sw2alex>
DEBUG:netmiko:write_channel: b'show ip interface brief\n'
DEBUG:netmiko:read_channel: 
DEBUG:netmiko:read_channel: 
DEBUG:netmiko:read_channel: 
3swalex>
DEBUG:netmiko:read_channel: s
DEBUG:netmiko:read_channel: 

DEBUG:netmiko:read_channel: h
DEBUG:netmiko:Clear buffer detects data in the channel
DEBUG:netmiko:read_channel: ow 
DEBUG:netmiko:read_channel: 
DEBUG:netmiko:read_channel: 3swalex>
DEBUG:netmiko:Clear buffer detects data in the channel
DEBUG:netmiko:read_channel: ip
DEBUG:netmiko:read_channel:  i
DEBUG:netmiko:read_channel: 
DEBUG:netmiko:read_channel: 
DEBUG:netmiko:[find_prompt()]: prompt is 3swalex>
DEBUG:netmiko:write_channel: b'show ip interface brief\n'
DEBUG:netmiko:read_channel: 
DEBUG:netmiko:read_channel: nt
DEBUG:netmiko:read_channel: s
DEBUG:netmiko:read_channel: er
DEBUG:netmiko:read_channel: 
DEBUG:netmiko:read_channel: 
DEBUG:netmiko:read_channel: ho
DEBUG:netmiko:read_channel: fa
DEBUG:netmiko:read_channel: 
DEBUG:netmiko:read_channel: 
DEBUG:netmiko:read_channel: ce
DEBUG:netmiko:read_channel: w ip
DEBUG:netmiko:read_channel:  
DEBUG:netmiko:read_channel:  
DEBUG:netmiko:read_channel: b
DEBUG:netmiko:read_channel: i
DEBUG:netmiko:read_channel: r
DEBUG:netmiko:read_channel: n
DEBUG:netmiko:read_channel: i
DEBUG:netmiko:read_channel: t
DEBUG:netmiko:read_channel: er
DEBUG:netmiko:read_channel: ef
DEBUG:netmiko:Pattern found: (show\ ip\ interface\ brief) show ip interface brief
DEBUG:netmiko:read_channel: fa
DEBUG:netmiko:read_channel: ce
DEBUG:netmiko:read_channel: 
Interface              IP-Address      OK? Method Status                Protocol
Ethernet0/0            unassigned      YES unset  up                    up      
Ethernet0/1            unassigned      YES unset  up                    up      
Ethernet0/2            unassigned      YES unset  up                    up      
Ethernet0/3            unassigned      YES unset  up                    up      
Ethernet1/0            unassigned      YES unset  up                    up      
Ethernet1/1            unassigned      YES unset  up                    up      
Ethernet1/2            22.1.1.2        YES NVRAM  up                    up      
Ethernet1/3            unassigned      YES unset  up                    up      
Ethernet2/0            unassigned      YES unset  up                    up      
Ethernet2/1            unassigned      YES unset  up                    up      
Ethernet2/2            unassigned      YES unset  up                    up      
Ethernet2/3            unassigned      YES unset  up                    up      
Ethernet3/0            unassigned      YES unset  up                    up      
Ethernet3/1            unassigned      YES unset  up                    up      
Ethernet3/2            unassigned      YES unset  up                    up      
Ethernet3/3            unassigned      YES unset  up                    up      
Vlan1                  unassigned      YES unset  administratively down down    
sw2alex>
DEBUG:netmiko:read_channel:  b
DEBUG:netmiko:read_channel: r
DEBUG:netmiko:read_channel: i
DEBUG:netmiko:read_channel: ef
DEBUG:netmiko:Pattern found: (show\ ip\ interface\ brief) show ip interface brief
DEBUG:netmiko:read_channel: 
Interface              IP-Address      OK? Method Status                Protocol
Ethernet0/0            unassigned      YES unset  up                    up      
Ethernet0/1            unassigned      YES unset  administratively down down    
Ethernet0/2            10.1.1.1        YES NVRAM  up                    up      
Ethernet0/3            22.1.1.3        YES NVRAM  up                    up      
Ethernet1/0            unassigned      YES unset  administratively down down    
Ethernet1/1            unassigned      YES unset  administratively down down    
Ethernet1/2            unassigned      YES unset  administratively down down    
Ethernet1/3            unassigned      YES unset  administratively down down    
Ethernet2/0            unassigned      YES unset  up                    up      
Ethernet2/1            unassigned      YES unset  up                    up      
Ethernet2/2            unassigned      YES unset  up                    up      
Ethernet2/3            unassigned      YES unset  up                    up      
Ethernet3/0            unassigned      YES unset  up                    up      
Ethernet3/1            unassigned      YES unset  up                    up      
Ethernet3/2            unassigned      YES unset  up                    up      
Ethernet3/3            unassigned      YES unset  up                    up      
Vlan10                 unassigned      YES unset  down                  down    
Vlan20                 unassigned      YES unset  down                  down    
Vlan30                 unassigned      YES unset  down                  down    
Vlan40                 unassigned      YES unset  down                  down    
3swalex>
DEBUG:netmiko:read_channel: 
DEBUG:netmiko:write_channel: b'\n'
DEBUG:netmiko:read_channel: 
alex#
DEBUG:netmiko:read_channel: 
DEBUG:netmiko:[find_prompt()]: prompt is alex#
DEBUG:netmiko:write_channel: b'show ip interface brief\n'
DEBUG:netmiko:read_channel: 
DEBUG:netmiko:read_channel: 
DEBUG:netmiko:read_channel: show ip interfa
DEBUG:netmiko:read_channel: ce brief
Interface                  IP-Address      OK? Method Status                Protocol
FastEthernet0/0            unassigned      YES NVRAM  administratively down down    
FastEthernet0/1            unassigned      YES NVRAM  administratively down down    
Serial1/0                  11.1.1.1        YES NVRAM  up                    down    
Serial1/1                  unassigned      YES NVRAM  administratively down down    
Serial1/2                  unassigned      YES NVRAM  administratively down down    
Serial1/3                  unassigned      YES NVRAM  administratively down down    
FastEthernet2/0            unassigned      YES NVRAM  administratively down down    
Ethernet3/0                10.1.1.2        YES NVRAM  up                    up      
Ethernet3/1                20.1.1.2        YES NVRAM  up                    up      
Ethernet3/2                22.1.1.5        YES NVRAM  up                    up      
Ethernet3/3                unassigned      YES NVRAM  administratively down down    
alex#
DEBUG:netmiko:Pattern found: (show\ ip\ interface\ brief) show ip interface brief
DEBUG:netmiko:read_channel: 
DEBUG:netmiko:read_channel: 
DEBUG:netmiko:write_channel: b'\n'
DEBUG:netmiko:read_channel: 
alex#
DEBUG:netmiko:read_channel: 
DEBUG:netmiko:[find_prompt()]: prompt is alex#
DEBUG:netmiko:write_channel: b'\n'
DEBUG:netmiko:read_channel: 
DEBUG:netmiko:read_channel: 
alex#
DEBUG:netmiko:Pattern found: (alex.*) 
alex#
DEBUG:netmiko:write_channel: b'conf t\n'
DEBUG:netmiko:read_channel: conf t
Enter configuration commands, one per line.  End with CNTL/Z.
alex(config)#
DEBUG:netmiko:read_channel: 
DEBUG:netmiko:read_channel: 
DEBUG:netmiko:write_channel: b'int Serial1/0\n'
DEBUG:netmiko:read_channel: int Serial1/0
alex(config-if)#
DEBUG:netmiko:read_channel: 
DEBUG:netmiko:read_channel: 
DEBUG:netmiko:write_channel: b'no shut\n'
DEBUG:netmiko:read_channel: no shut
alex(config-if)#
DEBUG:netmiko:read_channel: 
DEBUG:netmiko:read_channel: 
DEBUG:netmiko:write_channel: b'end\n'
DEBUG:netmiko:read_channel: end
alex#
DEBUG:netmiko:read_channel: 
DEBUG:netmiko:read_channel: 
DEBUG:netmiko:write_channel: b'\n'
DEBUG:netmiko:read_channel: 
swalex>
DEBUG:netmiko:read_channel: 
DEBUG:netmiko:[find_prompt()]: prompt is swalex>
DEBUG:netmiko:write_channel: b'show ip interface brief\n'
DEBUG:netmiko:read_channel: 
DEBUG:netmiko:read_channel: s
DEBUG:netmiko:read_channel: 
DEBUG:netmiko:read_channel: ho
DEBUG:netmiko:read_channel: 
DEBUG:netmiko:read_channel: w 
DEBUG:netmiko:read_channel: 
DEBUG:netmiko:read_channel: ip
DEBUG:netmiko:read_channel: 
DEBUG:netmiko:read_channel:  i
DEBUG:netmiko:read_channel: 
DEBUG:netmiko:read_channel: nt
DEBUG:netmiko:read_channel: e
DEBUG:netmiko:read_channel: r
DEBUG:netmiko:read_channel: f
DEBUG:netmiko:read_channel: a
DEBUG:netmiko:read_channel: ce
DEBUG:netmiko:read_channel:  
DEBUG:netmiko:read_channel: b
DEBUG:netmiko:read_channel: ri
DEBUG:netmiko:read_channel: 
DEBUG:netmiko:read_channel: ef
DEBUG:netmiko:Pattern found: (show\ ip\ interface\ brief) show ip interface brief
DEBUG:netmiko:read_channel: 
Interface              IP-Address      OK? Method Status                Protocol
Ethernet0/0            unassigned      YES unset  administratively down down    
Ethernet0/1            unassigned      YES unset  administratively down down    
Ethernet0/2            unassigned      YES unset  administratively down down    
Ethernet0/3            unassigned      YES unset  administratively down down    
Ethernet1/0            unassigned      YES unset  administratively down down    
Ethernet1/1            unassigned      YES unset  administratively down down    
Ethernet1/2            22.1.1.1        YES NVRAM  up                    up      
Ethernet1/3            unassigned      YES unset  administratively down down    
Ethernet2/0            unassigned      YES unset  up                    up      
Ethernet2/1            unassigned      YES unset  up                    up      
Ethernet2/2            unassigned      YES unset  up                    up      
Ethernet2/3            unassigned      YES unset  up                    up      
Ethernet3/0            unassigned      YES unset  up                    up      
Ethernet3/1            unassigned      YES unset  up                    up      
Ethernet3/2            unassigned      YES unset  up                    up      
Ethernet3/3            unassigned      YES unset  up                    up      
swalex>
DEBUG:netmiko:read_channel: 
DEBUG:netmiko:write_channel: b'\n'
DEBUG:netmiko:read_channel: 

DEBUG:netmiko:write_channel: b'\n'
DEBUG:netmiko:read_channel: 3swalex2#
DEBUG:netmiko:read_channel: 
3swalex2#
DEBUG:netmiko:Clear buffer detects data in the channel
DEBUG:netmiko:read_channel: 
DEBUG:netmiko:[find_prompt()]: prompt is 3swalex2#
DEBUG:netmiko:write_channel: b'show ip interface brief\n'
DEBUG:netmiko:read_channel: 
DEBUG:netmiko:read_channel: s
DEBUG:netmiko:read_channel: 
DEBUG:netmiko:read_channel: h
DEBUG:netmiko:read_channel: o
DEBUG:netmiko:read_channel: w 
DEBUG:netmiko:read_channel: 
DEBUG:netmiko:read_channel: ip
DEBUG:netmiko:read_channel:  
DEBUG:netmiko:read_channel: i
DEBUG:netmiko:read_channel: n
DEBUG:netmiko:read_channel: t
DEBUG:netmiko:read_channel: er
DEBUG:netmiko:read_channel: 
DEBUG:netmiko:read_channel: fa
DEBUG:netmiko:read_channel: 
DEBUG:netmiko:read_channel: ce
DEBUG:netmiko:read_channel: 
DEBUG:netmiko:read_channel:  b
DEBUG:netmiko:read_channel: 
DEBUG:netmiko:read_channel: ri
DEBUG:netmiko:read_channel: 
DEBUG:urllib3.connectionpool:Starting new HTTPS connection (1): api.telegram.org:443
DEBUG:netmiko:read_channel: ef
DEBUG:netmiko:Pattern found: (show\ ip\ interface\ brief) show ip interface brief
DEBUG:netmiko:read_channel: 
Interface              IP-Address      OK? Method Status                Protocol
Ethernet0/0            unassigned      YES unset  up                    up      
Ethernet0/1            unassigned      YES unset  administratively down down    
Ethernet0/2            unassigned      YES unset  administratively down down    
Ethernet0/3            22.1.1.4        YES NVRAM  up                    up      
Ethernet1/0            unassigned      YES unset  administratively down down    
Ethernet1/1            unassigned      YES unset  administratively down down    
Ethernet1/2            unassigned      YES unset  administratively down down    
Ethernet1/3            unassigned      YES unset  administratively down down    
Ethernet2/0            unassigned      YES unset  up                    up      
Ethernet2/1            unassigned      YES unset  up                    up      
Ethernet2/2            unassigned      YES unset  up                    up      
Ethernet2/3            unassigned      YES unset  up                    up      
Ethernet3/0            unassigned      YES unset  up                    up      
Ethernet3/1            20.1.1.1        YES NVRAM  up                    up      
Ethernet3/2            unassigned      YES unset  up                    up      
Ethernet3/3            unassigned      YES unset  up                    up      
3swalex2#
DEBUG:netmiko:read_channel: 
DEBUG:netmiko:write_channel: b'\n'
DEBUG:netmiko:read_channel: 
sw2alex>
DEBUG:netmiko:read_channel: 
DEBUG:netmiko:[find_prompt()]: prompt is sw2alex>
DEBUG:netmiko:write_channel: b'show ip interface brief\n'
DEBUG:netmiko:read_channel: 
DEBUG:netmiko:read_channel: 
DEBUG:netmiko:read_channel: s
DEBUG:netmiko:read_channel: ho
DEBUG:netmiko:read_channel: w
DEBUG:netmiko:read_channel:  
DEBUG:netmiko:read_channel: 
DEBUG:netmiko:read_channel: ip
DEBUG:netmiko:read_channel:  
DEBUG:netmiko:read_channel: 
DEBUG:netmiko:write_channel: b'\n'
DEBUG:netmiko:read_channel: in
DEBUG:netmiko:read_channel: t
DEBUG:netmiko:read_channel: er
DEBUG:netmiko:read_channel: 
3swalex>
DEBUG:netmiko:read_channel: f
DEBUG:netmiko:read_channel: 
DEBUG:netmiko:[find_prompt()]: prompt is 3swalex>
DEBUG:netmiko:write_channel: b'show ip interface brief\n'
DEBUG:netmiko:read_channel: 
DEBUG:netmiko:read_channel: a
DEBUG:netmiko:read_channel: 
DEBUG:netmiko:read_channel: ce
DEBUG:netmiko:read_channel: s
DEBUG:netmiko:read_channel: 
DEBUG:netmiko:read_channel: 
DEBUG:netmiko:read_channel:  b
DEBUG:netmiko:read_channel: ho
DEBUG:netmiko:read_channel: 
DEBUG:netmiko:read_channel: 
DEBUG:netmiko:read_channel: r
DEBUG:netmiko:read_channel: w i
DEBUG:netmiko:read_channel: ief
DEBUG:netmiko:Pattern found: (show\ ip\ interface\ brief) show ip interface brief
DEBUG:netmiko:read_channel: p 
DEBUG:netmiko:read_channel: i
DEBUG:netmiko:read_channel: nt
DEBUG:netmiko:read_channel: 
Interface              IP-Address      OK? Method Status                Protocol
Ethernet0/0            unassigned      YES unset  up                    up      
Ethernet0/1            unassigned      YES unset  up                    up      
Ethernet0/2            unassigned      YES unset  up                    up      
Ethernet0/3            unassigned      YES unset  up                    up      
Ethernet1/0            unassigned      YES unset  up                    up      
Ethernet1/1            unassigned      YES unset  up                    up      
Ethernet1/2            22.1.1.2        YES NVRAM  up                    up      
Ethernet1/3            unassigned      YES unset  up                    up      
Ethernet2/0            unassigned      YES unset  up                    up      
Ethernet2/1            unassigned      YES unset  up                    up      
Ethernet2/2            unassigned      YES unset  up                    up      
Ethernet2/3            unassigned      YES unset  up                    up      
Ethernet3/0            unassigned      YES unset  up                    up      
Ethernet3/1            unassigned      YES unset  up                    up      
Ethernet3/2            unassigned      YES unset  up                    up      
Ethernet3/3            unassigned      YES unset  up                    up      
Vlan1                  unassigned      YES unset  administratively down down    
sw2alex>
DEBUG:netmiko:read_channel: 
DEBUG:netmiko:read_channel: er
DEBUG:netmiko:read_channel: f
DEBUG:netmiko:read_channel: ace
DEBUG:netmiko:read_channel:  
DEBUG:netmiko:read_channel: b
DEBUG:netmiko:read_channel: r
DEBUG:netmiko:read_channel: ie
DEBUG:netmiko:read_channel: f
DEBUG:netmiko:Pattern found: (show\ ip\ interface\ brief) show ip interface brief
DEBUG:netmiko:read_channel: 
Interface              IP-Address      OK? Method Status                Protocol
Ethernet0/0            unassigned      YES unset  up                    up      
Ethernet0/1            unassigned      YES unset  administratively down down    
Ethernet0/2            10.1.1.1        YES NVRAM  up                    up      
Ethernet0/3            22.1.1.3        YES NVRAM  up                    up      
Ethernet1/0            unassigned      YES unset  administratively down down    
Ethernet1/1            unassigned      YES unset  administratively down down    
Ethernet1/2            unassigned      YES unset  administratively down down    
Ethernet1/3            unassigned      YES unset  administratively down down    
Ethernet2/0            unassigned      YES unset  up                    up      
Ethernet2/1            unassigned      YES unset  up                    up      
Ethernet2/2            unassigned      YES unset  up                    up      
Ethernet2/3            unassigned      YES unset  up                    up      
Ethernet3/0            unassigned      YES unset  up                    up      
Ethernet3/1            unassigned      YES unset  up                    up      
Ethernet3/2            unassigned      YES unset  up                    up      
Ethernet3/3            unassigned      YES unset  up                    up      
Vlan10                 unassigned      YES unset  down                  down    
Vlan20                 unassigned      YES unset  down                  down    
Vlan30                 unassigned      YES unset  down                  down    
Vlan40                 unassigned      YES unset  down                  down    
3swalex>
DEBUG:urllib3.connectionpool:https://api.telegram.org:443 "POST /bot5803750722:AAGLa0rDUryF3lfsHWI1ycONlkpbR32V0dQ/sendMessage HTTP/1.1" 200 273
DEBUG:netmiko:read_channel: 
DEBUG:netmiko:write_channel: b'\n'
DEBUG:netmiko:read_channel: 

DEBUG:netmiko:write_channel: b'\n'
DEBUG:netmiko:read_channel: swalex>

DEBUG:netmiko:read_channel: swalex>
DEBUG:netmiko:Clear buffer detects data in the channel
DEBUG:netmiko:read_channel: 
DEBUG:netmiko:[find_prompt()]: prompt is swalex>
DEBUG:netmiko:write_channel: b'show ip interface brief\n'
DEBUG:netmiko:read_channel: 
DEBUG:netmiko:read_channel: s
DEBUG:netmiko:read_channel: h
DEBUG:netmiko:read_channel: o
DEBUG:netmiko:read_channel: w
DEBUG:netmiko:read_channel:  
DEBUG:netmiko:read_channel: ip
DEBUG:netmiko:read_channel:  i
DEBUG:netmiko:read_channel: n
DEBUG:netmiko:read_channel: t
DEBUG:netmiko:read_channel: er
DEBUG:netmiko:read_channel: fa
DEBUG:netmiko:read_channel: 
DEBUG:netmiko:read_channel: ce
DEBUG:netmiko:read_channel:  b
DEBUG:netmiko:read_channel: ri
DEBUG:netmiko:read_channel: ef
DEBUG:netmiko:Pattern found: (show\ ip\ interface\ brief) show ip interface brief
DEBUG:netmiko:read_channel: 
Interface              IP-Address      OK? Method Status                Protocol
Ethernet0/0            unassigned      YES unset  administratively down down    
Ethernet0/1            unassigned      YES unset  administratively down down    
Ethernet0/2            unassigned      YES unset  administratively down down    
Ethernet0/3            unassigned      YES unset  administratively down down    
Ethernet1/0            unassigned      YES unset  administratively down down    
Ethernet1/1            unassigned      YES unset  administratively down down    
Ethernet1/2            22.1.1.1        YES NVRAM  up                    up      
Ethernet1/3            unassigned      YES unset  administratively down down    
Ethernet2/0            unassigned      YES unset  up                    up      
Ethernet2/1            unassigned      YES unset  up                    up      
Ethernet2/2            unassigned      YES unset  up                    up      
Ethernet2/3            unassigned      YES unset  up                    up      
Ethernet3/0            unassigned      YES unset  up                    up      
Ethernet3/1            unassigned      YES unset  up                    up      
Ethernet3/2            unassigned      YES unset  up                    up      
Ethernet3/3            unassigned      YES unset  up                    up      
swalex>
DEBUG:netmiko:read_channel: 
DEBUG:netmiko:write_channel: b'\n'
DEBUG:netmiko:read_channel: 

DEBUG:netmiko:write_channel: b'\n'
DEBUG:netmiko:read_channel: 3swalex2#
DEBUG:netmiko:read_channel: 
3swalex2#
DEBUG:netmiko:Clear buffer detects data in the channel
DEBUG:netmiko:read_channel: 
DEBUG:netmiko:[find_prompt()]: prompt is 3swalex2#
DEBUG:netmiko:write_channel: b'show ip interface brief\n'
DEBUG:netmiko:read_channel: 
DEBUG:netmiko:read_channel: s
DEBUG:netmiko:read_channel: 
DEBUG:netmiko:read_channel: ho
DEBUG:netmiko:read_channel: 
DEBUG:netmiko:read_channel: 
DEBUG:netmiko:read_channel: w ip
DEBUG:netmiko:read_channel:  i
DEBUG:netmiko:read_channel: nt
DEBUG:netmiko:read_channel: er
DEBUG:netmiko:read_channel: 
DEBUG:netmiko:read_channel: fa
DEBUG:netmiko:read_channel: c
DEBUG:netmiko:read_channel: e
DEBUG:netmiko:read_channel:  
DEBUG:netmiko:read_channel: b
DEBUG:netmiko:read_channel: ri
DEBUG:netmiko:read_channel: 
DEBUG:netmiko:read_channel: ef
DEBUG:netmiko:Pattern found: (show\ ip\ interface\ brief) show ip interface brief
DEBUG:netmiko:read_channel: 
Interface              IP-Address      OK? Method Status                Protocol
Ethernet0/0            unassigned      YES unset  up                    up      
Ethernet0/1            unassigned      YES unset  administratively down down    
Ethernet0/2            unassigned      YES unset  administratively down down    
Ethernet0/3            22.1.1.4        YES NVRAM  up                    up      
Ethernet1/0            unassigned      YES unset  administratively down down    
Ethernet1/1            unassigned      YES unset  administratively down down    
Ethernet1/2            unassigned      YES unset  administratively down down    
Ethernet1/3            unassigned      YES unset  administratively down down    
Ethernet2/0            unassigned      YES unset  up                    up      
Ethernet2/1            unassigned      YES unset  up                    up      
Ethernet2/2            unassigned      YES unset  up                    up      
Ethernet2/3            unassigned      YES unset  up                    up      
Ethernet3/0            unassigned      YES unset  up                    up      
Ethernet3/1            20.1.1.1        YES NVRAM  up                    up      
Ethernet3/2            unassigned      YES unset  up                    up      
Ethernet3/3            unassigned      YES unset  up                    up      
3swalex2#
DEBUG:netmiko:read_channel: 
DEBUG:netmiko:write_channel: b'\n'
DEBUG:netmiko:read_channel: 
sw2alex>
DEBUG:netmiko:read_channel: 
DEBUG:netmiko:[find_prompt()]: prompt is sw2alex>
DEBUG:netmiko:write_channel: b'show ip interface brief\n'
DEBUG:netmiko:read_channel: 
DEBUG:netmiko:read_channel: 
DEBUG:netmiko:read_channel: s
DEBUG:netmiko:read_channel: ho
DEBUG:netmiko:read_channel: 
DEBUG:netmiko:read_channel: w 
DEBUG:netmiko:read_channel: ip
DEBUG:netmiko:read_channel:  i
DEBUG:netmiko:read_channel: n
DEBUG:netmiko:read_channel: t
DEBUG:netmiko:read_channel: 
DEBUG:netmiko:read_channel: erf
DEBUG:netmiko:read_channel: a
DEBUG:netmiko:read_channel: ce
DEBUG:netmiko:read_channel:  
DEBUG:netmiko:read_channel: b
DEBUG:netmiko:read_channel: 
DEBUG:netmiko:write_channel: b'\n'
DEBUG:netmiko:read_channel: ri
DEBUG:netmiko:read_channel: 
DEBUG:netmiko:read_channel: ef
DEBUG:netmiko:read_channel: 
alex#
DEBUG:netmiko:Pattern found: (show\ ip\ interface\ brief) show ip interface brief
DEBUG:netmiko:read_channel: 
DEBUG:netmiko:[find_prompt()]: prompt is alex#
DEBUG:netmiko:write_channel: b'show ip interface brief\n'
DEBUG:netmiko:read_channel: 
DEBUG:netmiko:read_channel: show ip interfac
DEBUG:netmiko:read_channel: 
DEBUG:netmiko:read_channel: 
Interface              IP-Address      OK? Method Status                Protocol
Ethernet0/0            unassigned      YES unset  up                    up      
Ethernet0/1            unassigned      YES unset  up                    up      
Ethernet0/2            unassigned      YES unset  up                    up      
Ethernet0/3            unassigned      YES unset  up                    up      
Ethernet1/0            unassigned      YES unset  up                    up      
Ethernet1/1            unassigned      YES unset  up                    up      
Ethernet1/2            22.1.1.2        YES NVRAM  up                    up      
Ethernet1/3            unassigned      YES unset  up                    up      
Ethernet2/0            unassigned      YES unset  up                    up      
Ethernet2/1            unassigned      YES unset  up                    up      
Ethernet2/2            unassigned      YES unset  up                    up      
Ethernet2/3            unassigned      YES unset  up                    up      
Ethernet3/0            unassigned      YES unset  up                    up      
Ethernet3/1            unassigned      YES unset  up                    up      
Ethernet3/2            unassigned      YES unset  up                    up      
Ethernet3/3            unassigned      YES unset  up                    up      
Vlan1                  unassigned      YES unset  administratively down down    
sw2alex>
DEBUG:netmiko:write_channel: b'\n'
DEBUG:netmiko:read_channel: 
DEBUG:netmiko:read_channel: e brief
Interface                  IP-Address      OK? Method Status                Protocol
FastEthernet0/0            unassigned      YES NVRAM  administratively down down    
FastEthernet0/1            unassigned      YES NVRAM  administratively down down    
Serial1/0                  11.1.1.1        YES NVRAM  up                    down    
Serial1/1                  unassigned      YES NVRAM  administratively down down    
Serial1/2                  unassigned      YES NVRAM  administratively down down    
Serial1/3                  unassigned      YES NVRAM  administratively down down    
FastEthernet2/0            unassigned      YES NVRAM  administratively down down    
Ethernet3/0                10.1.1.2        YES NVRAM  up                    up      
Ethernet3/1                20.1.1.2        YES NVRAM  up                    up      
Ethernet3/2                22.1.1.5        YES NVRAM  up                    up      
Ethernet3/3                unassigned      YES NVRAM  administratively down down    
alex#
DEBUG:netmiko:Pattern found: (show\ ip\ interface\ brief) show ip interface brief
DEBUG:netmiko:read_channel: 

DEBUG:netmiko:write_channel: b'\n'
DEBUG:netmiko:read_channel: 
DEBUG:netmiko:read_channel: 3swalex>
DEBUG:netmiko:read_channel: 
3swalex>
DEBUG:netmiko:Clear buffer detects data in the channel
DEBUG:netmiko:read_channel: 
DEBUG:netmiko:write_channel: b'\n'
DEBUG:netmiko:read_channel: 
DEBUG:netmiko:[find_prompt()]: prompt is 3swalex>
DEBUG:netmiko:write_channel: b'show ip interface brief\n'
DEBUG:netmiko:read_channel: 
DEBUG:netmiko:read_channel: 
DEBUG:netmiko:read_channel: 
alex#
DEBUG:netmiko:read_channel: s
DEBUG:netmiko:read_channel: 
DEBUG:netmiko:[find_prompt()]: prompt is alex#
DEBUG:netmiko:write_channel: b'\n'
DEBUG:netmiko:read_channel: 
DEBUG:netmiko:read_channel: 
DEBUG:netmiko:read_channel: 
alex#
DEBUG:netmiko:Pattern found: (alex.*) 
alex#
DEBUG:netmiko:write_channel: b'conf t\n'
DEBUG:netmiko:read_channel: ho
DEBUG:netmiko:read_channel: w
DEBUG:netmiko:read_channel:  
DEBUG:netmiko:read_channel: ip
DEBUG:netmiko:read_channel:  i
DEBUG:netmiko:read_channel: 
DEBUG:netmiko:read_channel: nt
DEBUG:netmiko:read_channel: 
DEBUG:netmiko:read_channel: e
DEBUG:netmiko:read_channel: conf t
Enter configuration commands, one per line.  End with CNTL/Z.
alex(config)#
DEBUG:netmiko:read_channel: r
DEBUG:netmiko:read_channel: fa
DEBUG:netmiko:read_channel: 
DEBUG:netmiko:read_channel: ce
DEBUG:netmiko:read_channel:  
DEBUG:netmiko:read_channel: b
DEBUG:netmiko:read_channel: 
DEBUG:netmiko:read_channel: ri
DEBUG:netmiko:read_channel: ef
DEBUG:netmiko:Pattern found: (show\ ip\ interface\ brief) show ip interface brief
DEBUG:netmiko:read_channel: 
DEBUG:netmiko:read_channel: 
Interface              IP-Address      OK? Method Status                Protocol
Ethernet0/0            unassigned      YES unset  up                    up      
Ethernet0/1            unassigned      YES unset  administratively down down    
Ethernet0/2            10.1.1.1        YES NVRAM  up                    up      
Ethernet0/3            22.1.1.3        YES NVRAM  up                    up      
Ethernet1/0            unassigned      YES unset  administratively down down    
Ethernet1/1            unassigned      YES unset  administratively down down    
Ethernet1/2            unassigned      YES unset  administratively down down    
Ethernet1/3            unassigned      YES unset  administratively down down    
Ethernet2/0            unassigned      YES unset  up                    up      
Ethernet2/1            unassigned      YES unset  up                    up      
Ethernet2/2            unassigned      YES unset  up                    up      
Ethernet2/3            unassigned      YES unset  up                    up      
Ethernet3/0            unassigned      YES unset  up                    up      
Ethernet3/1            unassigned      YES unset  up                    up      
Ethernet3/2            unassigned      YES unset  up                    up      
Ethernet3/3            unassigned      YES unset  up                    up      
Vlan10                 unassigned      YES unset  down                  down    
Vlan20                 unassigned      YES unset  down                  down    
Vlan30                 unassigned      YES unset  down                  down    
Vlan40                 unassigned      YES unset  down                  down    
3swalex>
DEBUG:netmiko:read_channel: 
DEBUG:netmiko:write_channel: b'int Serial1/0\n'
DEBUG:netmiko:read_channel: int Serial1/0
alex(config-if)#
DEBUG:netmiko:read_channel: 
DEBUG:netmiko:read_channel: 
DEBUG:netmiko:write_channel: b'no shut\n'
DEBUG:netmiko:read_channel: no shut
alex(config-if)#
DEBUG:netmiko:read_channel: 
DEBUG:netmiko:read_channel: 
DEBUG:netmiko:write_channel: b'end\n'
DEBUG:netmiko:read_channel: end
alex#
DEBUG:netmiko:read_channel: 
DEBUG:netmiko:read_channel: 
DEBUG:netmiko:write_channel: b'\n'
DEBUG:netmiko:read_channel: 
swalex>
DEBUG:netmiko:read_channel: 
DEBUG:netmiko:[find_prompt()]: prompt is swalex>
DEBUG:netmiko:write_channel: b'show ip interface brief\n'
DEBUG:netmiko:read_channel: 
DEBUG:netmiko:read_channel: s
DEBUG:netmiko:read_channel: how 
DEBUG:netmiko:read_channel: ip
DEBUG:netmiko:read_channel:  int
DEBUG:netmiko:read_channel: erfa
DEBUG:netmiko:read_channel: ce 
DEBUG:netmiko:read_channel: br
DEBUG:netmiko:read_channel: ief
DEBUG:netmiko:Pattern found: (show\ ip\ interface\ brief) show ip interface brief
DEBUG:netmiko:read_channel: 
Interface              IP-Address      OK? Method Status                Protocol
Ethernet0/0            unassigned      YES unset  administratively down down    
Ethernet0/1            unassigned      YES unset  administratively down down    
Ethernet0/2            unassigned      YES unset  administratively down down    
Ethernet0/3            unassigned      YES unset  administratively down down    
Ethernet1/0            unassigned      YES unset  administratively down down    
Ethernet1/1            unassigned      YES unset  administratively down down    
Ethernet1/2            22.1.1.1        YES NVRAM  up                    up      
Ethernet1/3            unassigned      YES unset  administratively down down    
Ethernet2/0            unassigned      YES unset  up                    up      
Ethernet2/1            unassigned      YES unset  up                    up      
Ethernet2/2            unassigned      YES unset  up                    up      
Ethernet2/3            unassigned      YES unset  up                    up      
Ethernet3/0            unassigned      YES unset  up                    up      
Ethernet3/1            unassigned      YES unset  up                    up      
Ethernet3/2            unassigned      YES unset  up                    up      
Ethernet3/3            unassigned      YES unset  up                    up      
swalex>
DEBUG:netmiko:read_channel: 
DEBUG:urllib3.connectionpool:Starting new HTTPS connection (1): api.telegram.org:443
DEBUG:urllib3.connectionpool:https://api.telegram.org:443 "POST /bot5803750722:AAGLa0rDUryF3lfsHWI1ycONlkpbR32V0dQ/sendMessage HTTP/1.1" 200 273
DEBUG:netmiko:read_channel: 
DEBUG:netmiko:write_channel: b'\n'
DEBUG:netmiko:read_channel: 
3swalex2#
DEBUG:netmiko:read_channel: 
DEBUG:netmiko:[find_prompt()]: prompt is 3swalex2#
DEBUG:netmiko:write_channel: b'show ip interface brief\n'
DEBUG:netmiko:read_channel: 
DEBUG:netmiko:read_channel: s
DEBUG:netmiko:read_channel: ho
DEBUG:netmiko:read_channel: w 
DEBUG:netmiko:read_channel: ip i
DEBUG:netmiko:read_channel: nt
DEBUG:netmiko:read_channel: erfa
DEBUG:netmiko:read_channel: ce
DEBUG:netmiko:read_channel:  bri
DEBUG:netmiko:read_channel: e
DEBUG:netmiko:read_channel: f
Interface              IP-Address      OK? Method Status                Protocol
Ethernet0/0            unassigned      YES unset  up                    up      
Ethernet0/1            unassigned      YES unset  administratively down down    
Ethernet0/2            unassigned      YES unset  administratively down down    
Ethernet0/3            22.1.1.4        YES NVRAM  up                    up      
Ethernet1/0            unassigned      YES unset  administratively down down    
Ethernet1/1            unassigned      YES unset  administratively down down    
Ethernet1/2            unassigned      YES unset  administratively down down    
Ethernet1/3            unassigned      YES unset  administratively down down    
Ethernet2/0            unassigned      YES unset  up                    up      
Ethernet2/1            unassigned      YES unset  up                    up      
Ethernet2/2            unassigned      YES unset  up                    up      
Ethernet2/3            unassigned      YES unset  up                    up      
Ethernet3/0            unassigned      YES unset  up                    up      
Ethernet3/1            20.1.1.1        YES NVRAM  up                    up      
Ethernet3/2            unassigned      YES unset  up                    up      
Ethernet3/3            unassigned      YES unset  up                    up      
3swalex2#
DEBUG:netmiko:Pattern found: (show\ ip\ interface\ brief) show ip interface brief
DEBUG:netmiko:read_channel: 
DEBUG:netmiko:read_channel: 
DEBUG:netmiko:write_channel: b'\n'
DEBUG:netmiko:read_channel: 
sw2alex>
DEBUG:netmiko:read_channel: 
DEBUG:netmiko:[find_prompt()]: prompt is sw2alex>
DEBUG:netmiko:write_channel: b'show ip interface brief\n'
DEBUG:netmiko:read_channel: 
DEBUG:netmiko:read_channel: s
DEBUG:netmiko:read_channel: ho
DEBUG:netmiko:read_channel: w 
DEBUG:netmiko:read_channel: ip
DEBUG:netmiko:read_channel:  int
DEBUG:netmiko:read_channel: er
DEBUG:netmiko:read_channel: fa
DEBUG:netmiko:read_channel: ce b
DEBUG:netmiko:read_channel: rief
DEBUG:netmiko:Pattern found: (show\ ip\ interface\ brief) show ip interface brief
DEBUG:netmiko:read_channel: 
Interface              IP-Address      OK? Method Status                Protocol
Ethernet0/0            unassigned      YES unset  up                    up      
Ethernet0/1            unassigned      YES unset  up                    up      
Ethernet0/2            unassigned      YES unset  up                    up      
Ethernet0/3            unassigned      YES unset  up                    up      
Ethernet1/0            unassigned      YES unset  up                    up      
Ethernet1/1            unassigned      YES unset  up                    up      
Ethernet1/2            22.1.1.2        YES NVRAM  up                    up      
Ethernet1/3            unassigned      YES unset  up                    up      
Ethernet2/0            unassigned      YES unset  up                    up      
Ethernet2/1            unassigned      YES unset  up                    up      
Ethernet2/2            unassigned      YES unset  up                    up      
Ethernet2/3            unassigned      YES unset  up                    up      
Ethernet3/0            unassigned      YES unset  up                    up      
Ethernet3/1            unassigned      YES unset  up                    up      
Ethernet3/2            unassigned      YES unset  up                    up      
Ethernet3/3            unassigned      YES unset  up                    up      
Vlan1                  unassigned      YES unset  administratively down down    
sw2alex>
DEBUG:netmiko:read_channel: 
DEBUG:netmiko:write_channel: b'\n'
DEBUG:netmiko:read_channel: 
3swalex>
DEBUG:netmiko:read_channel: 
DEBUG:netmiko:[find_prompt()]: prompt is 3swalex>
DEBUG:netmiko:write_channel: b'show ip interface brief\n'
DEBUG:netmiko:read_channel: 
DEBUG:netmiko:read_channel: s
DEBUG:netmiko:read_channel: ho
DEBUG:netmiko:read_channel: w ip
DEBUG:netmiko:read_channel:  i
DEBUG:netmiko:read_channel: nt
DEBUG:netmiko:read_channel: er
DEBUG:netmiko:read_channel: fac
DEBUG:netmiko:read_channel: e 
DEBUG:netmiko:read_channel: br
DEBUG:netmiko:read_channel: ie
DEBUG:netmiko:read_channel: f

DEBUG:netmiko:Pattern found: (show\ ip\ interface\ brief) show ip interface brief
DEBUG:netmiko:read_channel: Interface              IP-Address      OK? Method Status                Protocol
Ethernet0/0            unassigned      YES unset  up                    up      
Ethernet0/1            unassigned      YES unset  administratively down down    
Ethernet0/2            10.1.1.1        YES NVRAM  up                    up      
Ethernet0/3            22.1.1.3        YES NVRAM  up                    up      
Ethernet1/0            unassigned      YES unset  administratively down down    
Ethernet1/1            unassigned      YES unset  administratively down down    
Ethernet1/2            unassigned      YES unset  administratively down down    
Ethernet1/3            unassigned      YES unset  administratively down down    
Ethernet2/0            unassigned      YES unset  up                    up      
Ethernet2/1            unassigned      YES unset  up                    up      
Ethernet2/2            unassigned      YES unset  up                    up      
Ethernet2/3            unassigned      YES unset  up                    up      
Ethernet3/0            unassigned      YES unset  up                    up      
Ethernet3/1            unassigned      YES unset  up                    up      
Ethernet3/2            unassigned      YES unset  up                    up      
Ethernet3/3            unassigned      YES unset  up                    up      
Vlan10                 unassigned      YES unset  down                  down    
Vlan20                 unassigned      YES unset  down                  down    
Vlan30                 unassigned      YES unset  down                  down    
Vlan40                 unassigned      YES unset  down                  down    
3swalex>
DEBUG:netmiko:read_channel: 
DEBUG:netmiko:write_channel: b'\n'
DEBUG:netmiko:read_channel: 
swalex>
DEBUG:netmiko:read_channel: 
DEBUG:netmiko:[find_prompt()]: prompt is swalex>
DEBUG:netmiko:write_channel: b'show ip interface brief\n'
DEBUG:netmiko:read_channel: 
DEBUG:netmiko:read_channel: s
DEBUG:netmiko:read_channel: how
DEBUG:netmiko:read_channel:  ip
DEBUG:netmiko:read_channel:  in
DEBUG:netmiko:read_channel: te
DEBUG:netmiko:read_channel: rfa
DEBUG:netmiko:read_channel: ce
DEBUG:netmiko:read_channel:  br
DEBUG:netmiko:read_channel: ief
DEBUG:netmiko:Pattern found: (show\ ip\ interface\ brief) show ip interface brief
DEBUG:netmiko:read_channel: 
Interface              IP-Address      OK? Method Status                Protocol
Ethernet0/0            unassigned      YES unset  administratively down down    
Ethernet0/1            unassigned      YES unset  administratively down down    
Ethernet0/2            unassigned      YES unset  administratively down down    
Ethernet0/3            unassigned      YES unset  administratively down down    
Ethernet1/0            unassigned      YES unset  administratively down down    
Ethernet1/1            unassigned      YES unset  administratively down down    
Ethernet1/2            22.1.1.1        YES NVRAM  up                    up      
Ethernet1/3            unassigned      YES unset  administratively down down    
Ethernet2/0            unassigned      YES unset  up                    up      
Ethernet2/1            unassigned      YES unset  up                    up      
Ethernet2/2            unassigned      YES unset  up                    up      
Ethernet2/3            unassigned      YES unset  up                    up      
Ethernet3/0            unassigned      YES unset  up                    up      
Ethernet3/1            unassigned      YES unset  up                    up      
Ethernet3/2            unassigned      YES unset  up                    up      
Ethernet3/3            unassigned      YES unset  up                    up      
swalex>
DEBUG:netmiko:read_channel: 
DEBUG:netmiko:write_channel: b'\n'
DEBUG:netmiko:read_channel: 
alex#
DEBUG:netmiko:read_channel: 
DEBUG:netmiko:[find_prompt()]: prompt is alex#
DEBUG:netmiko:write_channel: b'show ip interface brief\n'
DEBUG:netmiko:read_channel: 
DEBUG:netmiko:read_channel: show i
DEBUG:netmiko:read_channel: p interface b
DEBUG:netmiko:read_channel: rie
DEBUG:netmiko:read_channel: f

DEBUG:netmiko:Pattern found: (show\ ip\ interface\ brief) show ip interface brief
DEBUG:netmiko:read_channel: Interface                  IP-Address      OK? Method Status                Protocol
FastEthernet0/0            unassigned      YES NVRAM  administratively down down    
FastEthernet0/1            unassigned      YES NVRAM  administratively down down    
Serial1/0                  11.1.1.1        YES NVRAM  up                    up      
Serial1/1                  unassigned      YES NVRAM  administratively down down    
Serial1/2                  unassigned      YES NVRAM  administratively down down    
Serial1/3                  unassigned      YES NVRAM  administratively down down    
FastEthernet2/0            unassigned      YES NVRAM  administratively down down    
Ethernet3/0                10.1.1.2        YES NVRAM  up                    up      
Ethernet3/1                20.1.1.2        YES NVRAM  up                    up      
Ethernet3/2                22.1.1.5        YES NVRAM  up                    up      
Ethernet3/3                unassigned      YES NVRAM  administratively down down    
alex#
DEBUG:netmiko:read_channel: 
DEBUG:netmiko:write_channel: b'\n'
DEBUG:netmiko:read_channel: 
3swalex2#
DEBUG:netmiko:read_channel: 
DEBUG:netmiko:[find_prompt()]: prompt is 3swalex2#
DEBUG:netmiko:write_channel: b'show ip interface brief\n'
DEBUG:netmiko:read_channel: 
DEBUG:netmiko:read_channel: s
DEBUG:netmiko:read_channel: how
DEBUG:netmiko:read_channel:  ip
DEBUG:netmiko:read_channel:  i
DEBUG:netmiko:read_channel: nter
DEBUG:netmiko:read_channel: fac
DEBUG:netmiko:read_channel: e b
DEBUG:netmiko:read_channel: ri
DEBUG:netmiko:read_channel: ef

DEBUG:netmiko:Pattern found: (show\ ip\ interface\ brief) show ip interface brief
DEBUG:netmiko:read_channel: Interface              IP-Address      OK? Method Status                Protocol
Ethernet0/0            unassigned      YES unset  up                    up      
Ethernet0/1            unassigned      YES unset  administratively down down    
Ethernet0/2            unassigned      YES unset  administratively down down    
Ethernet0/3            22.1.1.4        YES NVRAM  up                    up      
Ethernet1/0            unassigned      YES unset  administratively down down    
Ethernet1/1            unassigned      YES unset  administratively down down    
Ethernet1/2            unassigned      YES unset  administratively down down    
Ethernet1/3            unassigned      YES unset  administratively down down    
Ethernet2/0            unassigned      YES unset  up                    up      
Ethernet2/1            unassigned      YES unset  up                    up      
Ethernet2/2            unassigned      YES unset  up                    up      
Ethernet2/3            unassigned      YES unset  up                    up      
Ethernet3/0            unassigned      YES unset  up                    up      
Ethernet3/1            20.1.1.1        YES NVRAM  up                    up      
Ethernet3/2            unassigned      YES unset  up                    up      
Ethernet3/3            unassigned      YES unset  up                    up      
3swalex2#
DEBUG:netmiko:read_channel: 
DEBUG:netmiko:write_channel: b'\n'
DEBUG:netmiko:read_channel: 

DEBUG:netmiko:write_channel: b'\n'
DEBUG:netmiko:read_channel: sw2alex>
DEBUG:netmiko:read_channel: 

DEBUG:netmiko:Clear buffer detects data in the channel
DEBUG:netmiko:read_channel: sw2alex>
DEBUG:netmiko:Clear buffer detects data in the channel
DEBUG:netmiko:read_channel: 
DEBUG:netmiko:[find_prompt()]: prompt is sw2alex>
DEBUG:netmiko:write_channel: b'show ip interface brief\n'
DEBUG:netmiko:read_channel: 
DEBUG:netmiko:read_channel: s
DEBUG:netmiko:read_channel: 
DEBUG:netmiko:read_channel: how
DEBUG:netmiko:read_channel:  
DEBUG:netmiko:read_channel: i
DEBUG:netmiko:read_channel: p
DEBUG:netmiko:read_channel:  i
DEBUG:netmiko:read_channel: nt
DEBUG:netmiko:read_channel: e
DEBUG:netmiko:read_channel: r
DEBUG:netmiko:read_channel: fa
DEBUG:netmiko:read_channel: ce
DEBUG:netmiko:read_channel:  
DEBUG:netmiko:read_channel: b
DEBUG:netmiko:read_channel: ri
DEBUG:netmiko:read_channel: ef
DEBUG:netmiko:Pattern found: (show\ ip\ interface\ brief) show ip interface brief
DEBUG:netmiko:read_channel: 
DEBUG:netmiko:write_channel: b'\n'
DEBUG:netmiko:read_channel: 
Interface              IP-Address      OK? Method Status                Protocol
Ethernet0/0            unassigned      YES unset  up                    up      
Ethernet0/1            unassigned      YES unset  up                    up      
Ethernet0/2            unassigned      YES unset  up                    up      
Ethernet0/3            unassigned      YES unset  up                    up      
Ethernet1/0            unassigned      YES unset  up                    up      
Ethernet1/1            unassigned      YES unset  up                    up      
Ethernet1/2            22.1.1.2        YES NVRAM  up                    up      
Ethernet1/3            unassigned      YES unset  up                    up      
Ethernet2/0            unassigned      YES unset  up                    up      
Ethernet2/1            unassigned      YES unset  up                    up      
Ethernet2/2            unassigned      YES unset  up                    up      
Ethernet2/3            unassigned      YES unset  up                    up      
Ethernet3/0            unassigned      YES unset  up                    up      
Ethernet3/1            unassigned      YES unset  up                    up      
Ethernet3/2            unassigned      YES unset  up                    up      
Ethernet3/3            unassigned      YES unset  up                    up      
Vlan1                  unassigned      YES unset  administratively down down    
sw2alex>
DEBUG:netmiko:read_channel: 
3swalex>
DEBUG:netmiko:read_channel: 
DEBUG:netmiko:[find_prompt()]: prompt is 3swalex>
DEBUG:netmiko:write_channel: b'show ip interface brief\n'
DEBUG:netmiko:read_channel: 
DEBUG:netmiko:read_channel: 
DEBUG:netmiko:read_channel: s
DEBUG:netmiko:read_channel: how
DEBUG:netmiko:read_channel:  i
DEBUG:netmiko:read_channel: p
DEBUG:netmiko:read_channel:  in
DEBUG:netmiko:read_channel: t
DEBUG:netmiko:read_channel: er
DEBUG:netmiko:read_channel: fa
DEBUG:netmiko:read_channel: 
DEBUG:netmiko:read_channel: ce
DEBUG:netmiko:read_channel:  b
DEBUG:netmiko:read_channel: 
DEBUG:netmiko:read_channel: ri
DEBUG:netmiko:read_channel: ef
DEBUG:netmiko:Pattern found: (show\ ip\ interface\ brief) show ip interface brief
DEBUG:netmiko:read_channel: 
Interface              IP-Address      OK? Method Status                Protocol
Ethernet0/0            unassigned      YES unset  up                    up      
Ethernet0/1            unassigned      YES unset  administratively down down    
Ethernet0/2            10.1.1.1        YES NVRAM  up                    up      
Ethernet0/3            22.1.1.3        YES NVRAM  up                    up      
Ethernet1/0            unassigned      YES unset  administratively down down    
Ethernet1/1            unassigned      YES unset  administratively down down    
Ethernet1/2            unassigned      YES unset  administratively down down    
Ethernet1/3            unassigned      YES unset  administratively down down    
Ethernet2/0            unassigned      YES unset  up                    up      
Ethernet2/1            unassigned      YES unset  up                    up      
Ethernet2/2            unassigned      YES unset  up                    up      
Ethernet2/3            unassigned      YES unset  up                    up      
Ethernet3/0            unassigned      YES unset  up                    up      
Ethernet3/1            unassigned      YES unset  up                    up      
Ethernet3/2            unassigned      YES unset  up                    up      
Ethernet3/3            unassigned      YES unset  up                    up      
Vlan10                 unassigned      YES unset  down                  down    
Vlan20                 unassigned      YES unset  down                  down    
Vlan30                 unassigned      YES unset  down                  down    
Vlan40                 unassigned      YES unset  down                  down    
3swalex>
DEBUG:netmiko:read_channel: 
DEBUG:netmiko:write_channel: b'\n'
DEBUG:netmiko:read_channel: 

DEBUG:netmiko:write_channel: b'\n'
DEBUG:netmiko:read_channel: swalex>
swalex>
DEBUG:netmiko:read_channel: 
DEBUG:netmiko:[find_prompt()]: prompt is swalex>
DEBUG:netmiko:write_channel: b'show ip interface brief\n'
DEBUG:netmiko:read_channel: 
DEBUG:netmiko:read_channel: s
DEBUG:netmiko:read_channel: 
DEBUG:netmiko:read_channel: ho
DEBUG:netmiko:read_channel: w
DEBUG:netmiko:read_channel:  
DEBUG:netmiko:read_channel: ip
DEBUG:netmiko:read_channel:  i
DEBUG:netmiko:read_channel: nt
DEBUG:netmiko:read_channel: er
DEBUG:netmiko:read_channel: f
DEBUG:netmiko:read_channel: ac
DEBUG:netmiko:read_channel: e 
DEBUG:netmiko:read_channel: b
DEBUG:netmiko:read_channel: ri
DEBUG:netmiko:read_channel: e
DEBUG:netmiko:read_channel: f
DEBUG:netmiko:Pattern found: (show\ ip\ interface\ brief) show ip interface brief
DEBUG:netmiko:read_channel: 
Interface              IP-Address      OK? Method Status                Protocol
Ethernet0/0            unassigned      YES unset  administratively down down    
Ethernet0/1            unassigned      YES unset  administratively down down    
Ethernet0/2            unassigned      YES unset  administratively down down    
Ethernet0/3            unassigned      YES unset  administratively down down    
Ethernet1/0            unassigned      YES unset  administratively down down    
Ethernet1/1            unassigned      YES unset  administratively down down    
Ethernet1/2            22.1.1.1        YES NVRAM  up                    up      
Ethernet1/3            unassigned      YES unset  administratively down down    
Ethernet2/0            unassigned      YES unset  up                    up      
Ethernet2/1            unassigned      YES unset  up                    up      
Ethernet2/2            unassigned      YES unset  up                    up      
Ethernet2/3            unassigned      YES unset  up                    up      
Ethernet3/0            unassigned      YES unset  up                    up      
Ethernet3/1            unassigned      YES unset  up                    up      
Ethernet3/2            unassigned      YES unset  up                    up      
Ethernet3/3            unassigned      YES unset  up                    up      
swalex>
DEBUG:netmiko:read_channel: 
DEBUG:netmiko:write_channel: b'\n'
DEBUG:netmiko:read_channel: 
alex#
DEBUG:netmiko:read_channel: 
DEBUG:netmiko:[find_prompt()]: prompt is alex#
DEBUG:netmiko:write_channel: b'show ip interface brief\n'
DEBUG:netmiko:read_channel: 
DEBUG:netmiko:read_channel: 
DEBUG:netmiko:read_channel: show ip interfac
DEBUG:netmiko:read_channel: e brief
Interface                  IP-Address      OK? Method Status                Protocol
FastEthernet0/0            unassigned      YES NVRAM  administratively down down    
FastEthernet0/1            unassigned      YES NVRAM  administratively down down    
Serial1/0                  11.1.1.1        YES NVRAM  up                    up      
Serial1/1                  unassigned      YES NVRAM  administratively down down    
Serial1/2                  unassigned      YES NVRAM  administratively down down    
Serial1/3                  unassigned      YES NVRAM  administratively down down    
FastEthernet2/0            unassigned      YES NVRAM  administratively down down    
Ethernet3/0                10.1.1.2        YES NVRAM  up                    up      
Ethernet3/1                20.1.1.2        YES NVRAM  up                    up      
Ethernet3/2                22.1.1.5        YES NVRAM  up                    up      
Ethernet3/3                unassigned      YES NVRAM  administratively down down    
alex#
DEBUG:netmiko:Pattern found: (show\ ip\ interface\ brief) show ip interface brief
DEBUG:netmiko:read_channel: 
DEBUG:netmiko:read_channel: 
DEBUG:netmiko:write_channel: b'\n'
DEBUG:netmiko:read_channel: 

DEBUG:netmiko:write_channel: b'\n'
DEBUG:netmiko:read_channel: 3swalex2#
DEBUG:netmiko:read_channel: 
DEBUG:netmiko:[find_prompt()]: prompt is 3swalex2#
DEBUG:netmiko:write_channel: b'show ip interface brief\n'
DEBUG:netmiko:read_channel: 
DEBUG:netmiko:read_channel: 
3swalex2#
DEBUG:netmiko:read_channel: 
DEBUG:netmiko:read_channel: s
DEBUG:netmiko:read_channel: h
DEBUG:netmiko:read_channel: ow
DEBUG:netmiko:read_channel: 
DEBUG:netmiko:read_channel:  i
DEBUG:netmiko:read_channel: p 
DEBUG:netmiko:read_channel: 
DEBUG:netmiko:read_channel: in
DEBUG:netmiko:read_channel: t
DEBUG:netmiko:read_channel: e
DEBUG:netmiko:read_channel: 
DEBUG:netmiko:read_channel: rf
DEBUG:netmiko:read_channel: ac
DEBUG:netmiko:read_channel: 
DEBUG:netmiko:read_channel: e 
DEBUG:netmiko:read_channel: b
DEBUG:netmiko:read_channel: r
DEBUG:netmiko:read_channel: i
DEBUG:netmiko:read_channel: e
DEBUG:netmiko:read_channel: f

DEBUG:netmiko:Pattern found: (show\ ip\ interface\ brief) 
3swalex2#show ip interface brief
DEBUG:netmiko:read_channel: Interface              IP-Address      OK? Method Status                Protocol
Ethernet0/0            unassigned      YES unset  up                    up      
Ethernet0/1            unassigned      YES unset  administratively down down    
Ethernet0/2            unassigned      YES unset  administratively down down    
Ethernet0/3            22.1.1.4        YES NVRAM  up                    up      
Ethernet1/0            unassigned      YES unset  administratively down down    
Ethernet1/1            unassigned      YES unset  administratively down down    
Ethernet1/2            unassigned      YES unset  administratively down down    
Ethernet1/3            unassigned      YES unset  administratively down down    
Ethernet2/0            unassigned      YES unset  up                    up      
Ethernet2/1            unassigned      YES unset  up                    up      
Ethernet2/2            unassigned      YES unset  up                    up      
Ethernet2/3            unassigned      YES unset  up                    up      
Ethernet3/0            unassigned      YES unset  up                    up      
Ethernet3/1            20.1.1.1        YES NVRAM  up                    up      
Ethernet3/2            unassigned      YES unset  up                    up      
Ethernet3/3            unassigned      YES unset  up                    up      
3swalex2#
DEBUG:netmiko:read_channel: 
DEBUG:netmiko:write_channel: b'\n'
DEBUG:netmiko:read_channel: 

DEBUG:netmiko:write_channel: b'\n'
DEBUG:netmiko:read_channel: sw2alex>
DEBUG:netmiko:read_channel: 

DEBUG:netmiko:Clear buffer detects data in the channel
DEBUG:netmiko:read_channel: sw2alex>
DEBUG:netmiko:Clear buffer detects data in the channel
DEBUG:netmiko:read_channel: 
DEBUG:netmiko:[find_prompt()]: prompt is sw2alex>
DEBUG:netmiko:write_channel: b'show ip interface brief\n'
DEBUG:netmiko:read_channel: 
DEBUG:netmiko:read_channel: 
DEBUG:netmiko:read_channel: s
DEBUG:netmiko:read_channel: h
DEBUG:netmiko:read_channel: o
DEBUG:netmiko:read_channel: w 
DEBUG:netmiko:read_channel: i
DEBUG:netmiko:read_channel: p
DEBUG:netmiko:read_channel:  i
DEBUG:netmiko:read_channel: 
DEBUG:netmiko:read_channel: nt
DEBUG:netmiko:read_channel: er
DEBUG:netmiko:read_channel: 
DEBUG:netmiko:read_channel: f
DEBUG:netmiko:read_channel: 
DEBUG:netmiko:write_channel: b'\n'
DEBUG:netmiko:read_channel: ac
DEBUG:netmiko:read_channel: e
DEBUG:netmiko:read_channel:  b
DEBUG:netmiko:read_channel: 
3swalex>
DEBUG:netmiko:read_channel: ri
DEBUG:netmiko:read_channel: 
DEBUG:netmiko:[find_prompt()]: prompt is 3swalex>
DEBUG:netmiko:write_channel: b'show ip interface brief\n'
DEBUG:netmiko:read_channel: 
DEBUG:netmiko:read_channel: e
DEBUG:netmiko:read_channel: s
DEBUG:netmiko:read_channel: f
DEBUG:netmiko:Pattern found: (show\ ip\ interface\ brief) show ip interface brief
DEBUG:netmiko:read_channel: h
DEBUG:netmiko:read_channel: ow 
DEBUG:netmiko:read_channel: 
Interface              IP-Address      OK? Method Status                Protocol
Ethernet0/0            unassigned      YES unset  up                    up      
Ethernet0/1            unassigned      YES unset  up                    up      
Ethernet0/2            unassigned      YES unset  up                    up      
Ethernet0/3            unassigned      YES unset  up                    up      
Ethernet1/0            unassigned      YES unset  up                    up      
Ethernet1/1            unassigned      YES unset  up                    up      
Ethernet1/2            22.1.1.2        YES NVRAM  up                    up      
Ethernet1/3            unassigned      YES unset  up                    up      
Ethernet2/0            unassigned      YES unset  up                    up      
Ethernet2/1            unassigned      YES unset  up                    up      
Ethernet2/2            unassigned      YES unset  up                    up      
Ethernet2/3            unassigned      YES unset  up                    up      
Ethernet3/0            unassigned      YES unset  up                    up      
Ethernet3/1            unassigned      YES unset  up                    up      
Ethernet3/2            unassigned      YES unset  up                    up      
Ethernet3/3            unassigned      YES unset  up                    up      
Vlan1                  unassigned      YES unset  administratively down down    
sw2alex>
DEBUG:netmiko:read_channel: ip
DEBUG:netmiko:read_channel:  i
DEBUG:netmiko:read_channel: 
DEBUG:netmiko:read_channel: n
DEBUG:netmiko:read_channel: t
DEBUG:netmiko:read_channel: e
DEBUG:netmiko:read_channel: r
DEBUG:netmiko:read_channel: fa
DEBUG:netmiko:read_channel: 
DEBUG:netmiko:read_channel: ce
DEBUG:netmiko:read_channel:  b
DEBUG:netmiko:read_channel: r
DEBUG:netmiko:read_channel: i
DEBUG:netmiko:read_channel: ef
DEBUG:netmiko:Pattern found: (show\ ip\ interface\ brief) show ip interface brief
DEBUG:netmiko:read_channel: 
Interface              IP-Address      OK? Method Status                Protocol
Ethernet0/0            unassigned      YES unset  up                    up      
Ethernet0/1            unassigned      YES unset  administratively down down    
Ethernet0/2            10.1.1.1        YES NVRAM  up                    up      
Ethernet0/3            22.1.1.3        YES NVRAM  up                    up      
Ethernet1/0            unassigned      YES unset  administratively down down    
Ethernet1/1            unassigned      YES unset  administratively down down    
Ethernet1/2            unassigned      YES unset  administratively down down    
Ethernet1/3            unassigned      YES unset  administratively down down    
Ethernet2/0            unassigned      YES unset  up                    up      
Ethernet2/1            unassigned      YES unset  up                    up      
Ethernet2/2            unassigned      YES unset  up                    up      
Ethernet2/3            unassigned      YES unset  up                    up      
Ethernet3/0            unassigned      YES unset  up                    up      
Ethernet3/1            unassigned      YES unset  up                    up      
Ethernet3/2            unassigned      YES unset  up                    up      
Ethernet3/3            unassigned      YES unset  up                    up      
Vlan10                 unassigned      YES unset  down                  down    
Vlan20                 unassigned      YES unset  down                  down    
Vlan30                 unassigned      YES unset  down                  down    
Vlan40                 unassigned      YES unset  down                  down    
3swalex>
DEBUG:paramiko.transport:starting thread (client mode): 0x232c9d90
DEBUG:paramiko.transport:starting thread (client mode): 0x22e91cd0
DEBUG:paramiko.transport:Local version/idstring: SSH-2.0-paramiko_3.1.0
DEBUG:paramiko.transport:Remote version/idstring: SSH-2.0-Cisco-1.25
DEBUG:paramiko.transport:Local version/idstring: SSH-2.0-paramiko_3.1.0
DEBUG:paramiko.transport:starting thread (client mode): 0x232e4e10
DEBUG:paramiko.transport:starting thread (client mode): 0x232e5c10
DEBUG:paramiko.transport:Local version/idstring: SSH-2.0-paramiko_3.1.0
INFO:paramiko.transport:Connected (version 2.0, client Cisco-1.25)
DEBUG:paramiko.transport:Remote version/idstring: SSH-2.0-Cisco-1.25
INFO:paramiko.transport:Connected (version 2.0, client Cisco-1.25)
DEBUG:paramiko.transport:Remote version/idstring: SSH-2.0-Cisco-1.25
INFO:paramiko.transport:Connected (version 2.0, client Cisco-1.25)
DEBUG:paramiko.transport:Local version/idstring: SSH-2.0-paramiko_3.1.0
DEBUG:paramiko.transport:Remote version/idstring: SSH-2.0-Cisco-1.25
INFO:paramiko.transport:Connected (version 2.0, client Cisco-1.25)
DEBUG:paramiko.transport:=== Key exchange possibilities ===
DEBUG:paramiko.transport:=== Key exchange possibilities ===
DEBUG:paramiko.transport:kex algos: diffie-hellman-group-exchange-sha1, diffie-hellman-group14-sha1, diffie-hellman-group1-sha1
DEBUG:paramiko.transport:=== Key exchange possibilities ===
DEBUG:paramiko.transport:=== Key exchange possibilities ===
DEBUG:paramiko.transport:kex algos: diffie-hellman-group-exchange-sha1, diffie-hellman-group14-sha1, diffie-hellman-group1-sha1
DEBUG:paramiko.transport:server key: ssh-rsa
DEBUG:paramiko.transport:client encrypt: aes128-cbc, 3des-cbc, aes192-cbc, aes256-cbc
DEBUG:paramiko.transport:server encrypt: aes128-cbc, 3des-cbc, aes192-cbc, aes256-cbc
DEBUG:paramiko.transport:client mac: hmac-sha1, hmac-sha1-96, hmac-md5, hmac-md5-96
DEBUG:paramiko.transport:kex algos: diffie-hellman-group-exchange-sha1, diffie-hellman-group14-sha1, diffie-hellman-group1-sha1
DEBUG:paramiko.transport:server key: ssh-rsa
DEBUG:paramiko.transport:kex algos: diffie-hellman-group-exchange-sha1, diffie-hellman-group14-sha1, diffie-hellman-group1-sha1
DEBUG:paramiko.transport:server mac: hmac-sha1, hmac-sha1-96, hmac-md5, hmac-md5-96
DEBUG:paramiko.transport:client encrypt: aes128-cbc, 3des-cbc, aes192-cbc, aes256-cbc
DEBUG:paramiko.transport:server encrypt: aes128-cbc, 3des-cbc, aes192-cbc, aes256-cbc
DEBUG:paramiko.transport:client mac: hmac-sha1, hmac-sha1-96, hmac-md5, hmac-md5-96
DEBUG:paramiko.transport:server mac: hmac-sha1, hmac-sha1-96, hmac-md5, hmac-md5-96
DEBUG:paramiko.transport:client compress: none
DEBUG:paramiko.transport:server compress: none
DEBUG:paramiko.transport:client lang: <none>
DEBUG:paramiko.transport:server lang: <none>
DEBUG:paramiko.transport:kex follows: False
DEBUG:paramiko.transport:=== Key exchange agreements ===
DEBUG:paramiko.transport:Kex: diffie-hellman-group-exchange-sha1
DEBUG:paramiko.transport:HostKey: ssh-rsa
DEBUG:paramiko.transport:Cipher: aes128-cbc
DEBUG:paramiko.transport:MAC: hmac-sha1
DEBUG:paramiko.transport:Compression: none
DEBUG:paramiko.transport:=== End of kex handshake ===
DEBUG:paramiko.transport:server key: ssh-rsa
DEBUG:paramiko.transport:server key: ssh-rsa
DEBUG:paramiko.transport:client encrypt: aes128-cbc, 3des-cbc, aes192-cbc, aes256-cbc
DEBUG:paramiko.transport:client encrypt: aes128-cbc, 3des-cbc, aes192-cbc, aes256-cbc
DEBUG:paramiko.transport:client compress: none
DEBUG:paramiko.transport:server compress: none
DEBUG:paramiko.transport:client lang: <none>
DEBUG:paramiko.transport:server lang: <none>
DEBUG:paramiko.transport:kex follows: False
DEBUG:paramiko.transport:=== Key exchange agreements ===
DEBUG:paramiko.transport:Kex: diffie-hellman-group-exchange-sha1
DEBUG:paramiko.transport:server encrypt: aes128-cbc, 3des-cbc, aes192-cbc, aes256-cbc
DEBUG:paramiko.transport:client mac: hmac-sha1, hmac-sha1-96, hmac-md5, hmac-md5-96
DEBUG:paramiko.transport:server mac: hmac-sha1, hmac-sha1-96, hmac-md5, hmac-md5-96
DEBUG:paramiko.transport:client compress: none
DEBUG:paramiko.transport:server compress: none
DEBUG:paramiko.transport:client lang: <none>
DEBUG:paramiko.transport:server lang: <none>
DEBUG:paramiko.transport:server encrypt: aes128-cbc, 3des-cbc, aes192-cbc, aes256-cbc
DEBUG:paramiko.transport:client mac: hmac-sha1, hmac-sha1-96, hmac-md5, hmac-md5-96
DEBUG:paramiko.transport:server mac: hmac-sha1, hmac-sha1-96, hmac-md5, hmac-md5-96
DEBUG:paramiko.transport:client compress: none
DEBUG:paramiko.transport:HostKey: ssh-rsa
DEBUG:paramiko.transport:Cipher: aes128-cbc
DEBUG:paramiko.transport:MAC: hmac-sha1
DEBUG:paramiko.transport:kex follows: False
DEBUG:paramiko.transport:=== Key exchange agreements ===
DEBUG:paramiko.transport:Kex: diffie-hellman-group-exchange-sha1
DEBUG:paramiko.transport:HostKey: ssh-rsa
DEBUG:paramiko.transport:Compression: none
DEBUG:paramiko.transport:server compress: none
DEBUG:paramiko.transport:Cipher: aes128-cbc
DEBUG:paramiko.transport:MAC: hmac-sha1
DEBUG:paramiko.transport:Compression: none
DEBUG:paramiko.transport:client lang: <none>
DEBUG:paramiko.transport:server lang: <none>
DEBUG:paramiko.transport:=== End of kex handshake ===
DEBUG:paramiko.transport:=== End of kex handshake ===
DEBUG:paramiko.transport:kex follows: False
DEBUG:paramiko.transport:=== Key exchange agreements ===
DEBUG:paramiko.transport:Kex: diffie-hellman-group-exchange-sha1
DEBUG:paramiko.transport:HostKey: ssh-rsa
DEBUG:paramiko.transport:Cipher: aes128-cbc
DEBUG:paramiko.transport:MAC: hmac-sha1
DEBUG:paramiko.transport:Compression: none
DEBUG:paramiko.transport:=== End of kex handshake ===
DEBUG:paramiko.transport:starting thread (client mode): 0x232e6790
DEBUG:paramiko.transport:Local version/idstring: SSH-2.0-paramiko_3.1.0
DEBUG:paramiko.transport:Got server p (2048 bits)
DEBUG:paramiko.transport:Got server p (2048 bits)
DEBUG:paramiko.transport:Got server p (2048 bits)
DEBUG:paramiko.transport:Got server p (2048 bits)
DEBUG:paramiko.transport:Remote version/idstring: SSH-2.0-Cisco-1.25
INFO:paramiko.transport:Connected (version 2.0, client Cisco-1.25)
DEBUG:paramiko.transport:=== Key exchange possibilities ===
DEBUG:paramiko.transport:kex algos: diffie-hellman-group1-sha1
DEBUG:paramiko.transport:server key: ssh-rsa
DEBUG:paramiko.transport:client encrypt: aes128-cbc, 3des-cbc, aes192-cbc, aes256-cbc
DEBUG:paramiko.transport:server encrypt: aes128-cbc, 3des-cbc, aes192-cbc, aes256-cbc
DEBUG:paramiko.transport:client mac: hmac-sha1, hmac-sha1-96, hmac-md5, hmac-md5-96
DEBUG:paramiko.transport:server mac: hmac-sha1, hmac-sha1-96, hmac-md5, hmac-md5-96
DEBUG:paramiko.transport:client compress: none
DEBUG:paramiko.transport:server compress: none
DEBUG:paramiko.transport:client lang: <none>
DEBUG:paramiko.transport:server lang: <none>
DEBUG:paramiko.transport:kex follows: False
DEBUG:paramiko.transport:=== Key exchange agreements ===
DEBUG:paramiko.transport:Kex: diffie-hellman-group1-sha1
DEBUG:paramiko.transport:HostKey: ssh-rsa
DEBUG:paramiko.transport:Cipher: aes128-cbc
DEBUG:paramiko.transport:MAC: hmac-sha1
DEBUG:paramiko.transport:Compression: none
DEBUG:paramiko.transport:=== End of kex handshake ===
DEBUG:paramiko.transport:kex engine KexGex specified hash_algo <built-in function openssl_sha1>
DEBUG:paramiko.transport:Switch to new keys ...
DEBUG:paramiko.transport:kex engine KexGex specified hash_algo <built-in function openssl_sha1>
DEBUG:paramiko.transport:Switch to new keys ...
DEBUG:paramiko.transport:kex engine KexGex specified hash_algo <built-in function openssl_sha1>
DEBUG:paramiko.transport:Switch to new keys ...
DEBUG:paramiko.transport:kex engine KexGex specified hash_algo <built-in function openssl_sha1>
DEBUG:paramiko.transport:Adding ssh-rsa host key for 22.1.1.1: b'254ff41efa2d6aa6a171e3d46c024ac3'
DEBUG:paramiko.transport:Adding ssh-rsa host key for 22.1.1.2: b'a05f9037ea5e69642887eb49bb2c139c'
DEBUG:paramiko.transport:Adding ssh-rsa host key for 22.1.1.3: b'8dbddfe2a44acb7879e1ca8880d35a71'
DEBUG:paramiko.transport:Switch to new keys ...
DEBUG:paramiko.transport:Adding ssh-rsa host key for 22.1.1.4: b'f78a01952dbfee92bf9a4345f1ec185f'
DEBUG:paramiko.transport:userauth is OK
DEBUG:paramiko.transport:userauth is OK
INFO:paramiko.transport:Authentication (password) successful!
INFO:paramiko.transport:Authentication (password) successful!
DEBUG:paramiko.transport:[chan 0] Max packet in: 32768 bytes
DEBUG:paramiko.transport:userauth is OK
DEBUG:paramiko.transport:[chan 0] Max packet in: 32768 bytes
DEBUG:paramiko.transport:[chan 0] Max packet out: 4096 bytes
DEBUG:paramiko.transport:Secsh channel 0 opened.
DEBUG:paramiko.transport:[chan 0] Max packet out: 4096 bytes
DEBUG:paramiko.transport:Secsh channel 0 opened.
INFO:paramiko.transport:Authentication (password) successful!
DEBUG:paramiko.transport:[chan 0] Max packet in: 32768 bytes
DEBUG:paramiko.transport:[chan 0] Sesch channel 0 request ok
DEBUG:paramiko.transport:[chan 0] Sesch channel 0 request ok
DEBUG:paramiko.transport:[chan 0] Max packet out: 4096 bytes
DEBUG:paramiko.transport:Secsh channel 0 opened.
DEBUG:paramiko.transport:[chan 0] Sesch channel 0 request ok
DEBUG:paramiko.transport:[chan 0] Sesch channel 0 request ok
DEBUG:paramiko.transport:[chan 0] Sesch channel 0 request ok
DEBUG:netmiko:write_channel: b'\n'
DEBUG:netmiko:write_channel: b'\n'
DEBUG:paramiko.transport:[chan 0] Sesch channel 0 request ok
DEBUG:netmiko:write_channel: b'\n'
DEBUG:paramiko.transport:userauth is OK
INFO:paramiko.transport:Authentication (password) successful!
DEBUG:paramiko.transport:[chan 0] Max packet in: 32768 bytes
DEBUG:paramiko.transport:[chan 0] Max packet out: 4096 bytes
DEBUG:paramiko.transport:Secsh channel 0 opened.
DEBUG:paramiko.transport:[chan 0] Sesch channel 0 request ok
DEBUG:paramiko.transport:[chan 0] Sesch channel 0 request ok
DEBUG:netmiko:write_channel: b'\n'
DEBUG:netmiko:write_channel: b'terminal width 511\n'
DEBUG:netmiko:read_channel: 
swalex>
swalex>
DEBUG:netmiko:write_channel: b'terminal width 511\n'
DEBUG:netmiko:read_channel: 
sw2alex>
sw2alex>
DEBUG:netmiko:read_channel: t
DEBUG:netmiko:write_channel: b'terminal width 511\n'
DEBUG:netmiko:read_channel: 
3swalex>
3swalex>
DEBUG:netmiko:read_channel: t
DEBUG:netmiko:read_channel: ermi
DEBUG:netmiko:read_channel: erm
DEBUG:netmiko:read_channel: te
DEBUG:netmiko:read_channel: nal
DEBUG:netmiko:read_channel: in
DEBUG:netmiko:read_channel: rmi
DEBUG:netmiko:read_channel:  wi
DEBUG:netmiko:read_channel: na
DEBUG:netmiko:read_channel: al 
DEBUG:netmiko:write_channel: b'terminal width 511\n'
DEBUG:netmiko:read_channel: 
3swalex2>
3swalex2>
DEBUG:netmiko:read_channel: dth
DEBUG:netmiko:read_channel: wid
DEBUG:netmiko:read_channel: l w
DEBUG:netmiko:read_channel: t
DEBUG:netmiko:read_channel:  5
DEBUG:netmiko:read_channel: t
DEBUG:netmiko:read_channel: id
DEBUG:netmiko:read_channel: erm
DEBUG:netmiko:read_channel: 1
DEBUG:netmiko:read_channel: h 5
DEBUG:netmiko:read_channel: th
DEBUG:netmiko:read_channel: ina
DEBUG:netmiko:read_channel: 1
swalex>
DEBUG:netmiko:Pattern found: (terminal width 511) 
swalex>
swalex>terminal width 511
DEBUG:netmiko:In disable_paging
DEBUG:netmiko:Command: terminal length 0

DEBUG:netmiko:write_channel: b'terminal length 0\n'
DEBUG:netmiko:read_channel: 
DEBUG:netmiko:read_channel:  5
DEBUG:netmiko:read_channel: 11
DEBUG:netmiko:Pattern found: (terminal width 511) 
sw2alex>
sw2alex>terminal width 511
DEBUG:netmiko:In disable_paging
DEBUG:netmiko:Command: terminal length 0

DEBUG:netmiko:write_channel: b'terminal length 0\n'
DEBUG:netmiko:read_channel: 
DEBUG:netmiko:read_channel: l 
DEBUG:netmiko:read_channel: t
DEBUG:netmiko:read_channel: 11

DEBUG:netmiko:Pattern found: (terminal width 511) 
3swalex>
3swalex>terminal width 511
DEBUG:netmiko:In disable_paging
DEBUG:netmiko:Command: terminal length 0

DEBUG:netmiko:read_channel: 
sw2alex>
DEBUG:netmiko:write_channel: b'terminal length 0\n'
DEBUG:netmiko:read_channel: 
DEBUG:netmiko:read_channel: wid
DEBUG:netmiko:read_channel: er
DEBUG:netmiko:read_channel: 3swalex>
DEBUG:netmiko:read_channel: ter
DEBUG:netmiko:read_channel: th
DEBUG:netmiko:read_channel: mi
DEBUG:netmiko:read_channel: m
DEBUG:netmiko:read_channel: te
DEBUG:netmiko:read_channel:  5
DEBUG:netmiko:read_channel: na
DEBUG:netmiko:read_channel: in
DEBUG:netmiko:read_channel: rm
DEBUG:netmiko:read_channel: 11

DEBUG:netmiko:Pattern found: (terminal width 511) 
3swalex2>
3swalex2>terminal width 511
DEBUG:netmiko:In disable_paging
DEBUG:netmiko:Command: terminal length 0

DEBUG:netmiko:read_channel: l 
DEBUG:netmiko:write_channel: b'terminal length 0\n'
DEBUG:netmiko:read_channel: 
DEBUG:netmiko:read_channel: al 
DEBUG:netmiko:read_channel: in
DEBUG:netmiko:read_channel: le
DEBUG:netmiko:read_channel: 3swalex2>t
DEBUG:netmiko:read_channel: len
DEBUG:netmiko:read_channel: al
DEBUG:netmiko:read_channel: e
DEBUG:netmiko:read_channel: n
DEBUG:netmiko:read_channel: g
DEBUG:paramiko.transport:kex engine KexGroup1 specified hash_algo <built-in function openssl_sha1>
DEBUG:netmiko:read_channel:  le
DEBUG:paramiko.transport:Switch to new keys ...
DEBUG:paramiko.transport:Adding ssh-rsa host key for 22.1.1.5: b'fdd2c03dccda45f2a974c2625752f389'
DEBUG:netmiko:read_channel: rmin
DEBUG:netmiko:read_channel: gth
DEBUG:netmiko:read_channel: th 0
DEBUG:netmiko:Pattern found: (terminal\ length\ 0) 
sw2alex>terminal length 0
DEBUG:netmiko:read_channel: ngt
DEBUG:netmiko:
sw2alex>terminal length 0
DEBUG:netmiko:Exiting disable_paging
DEBUG:netmiko:read_channel: al
DEBUG:netmiko:read_channel:  0
DEBUG:netmiko:Pattern found: (terminal\ length\ 0) 
swalex>terminal length 0
DEBUG:netmiko:
swalex>terminal length 0
DEBUG:netmiko:Exiting disable_paging
DEBUG:netmiko:read_channel: h 
DEBUG:netmiko:read_channel: 
sw2alex>
DEBUG:netmiko:Clear buffer detects data in the channel
DEBUG:netmiko:read_channel:  l
DEBUG:netmiko:read_channel: 
swalex>
DEBUG:netmiko:Clear buffer detects data in the channel
DEBUG:netmiko:read_channel: 0

DEBUG:netmiko:Pattern found: (terminal\ length\ 0) 
3swalex>terminal length 0
DEBUG:netmiko:
3swalex>terminal length 0
DEBUG:netmiko:Exiting disable_paging
DEBUG:netmiko:read_channel: eng
DEBUG:netmiko:read_channel: 3swalex>
DEBUG:netmiko:Clear buffer detects data in the channel
DEBUG:netmiko:read_channel: 
DEBUG:netmiko:write_channel: b'\n'
DEBUG:netmiko:read_channel: 
DEBUG:netmiko:read_channel: th
DEBUG:netmiko:read_channel: 
DEBUG:netmiko:write_channel: b'\n'
DEBUG:netmiko:read_channel: 
DEBUG:netmiko:read_channel: 

DEBUG:netmiko:read_channel:  0
DEBUG:netmiko:Pattern found: (terminal\ length\ 0) 
3swalex2>terminal length 0
DEBUG:netmiko:
3swalex2>terminal length 0
DEBUG:netmiko:Exiting disable_paging
DEBUG:netmiko:read_channel: 
DEBUG:netmiko:read_channel: 
DEBUG:netmiko:write_channel: b'\n'
DEBUG:netmiko:read_channel: 
DEBUG:netmiko:read_channel: sw2alex>
DEBUG:netmiko:Pattern found: (\#|>) 
sw2alex>
DEBUG:netmiko:read_channel: 
3swalex2>
DEBUG:netmiko:Clear buffer detects data in the channel
DEBUG:netmiko:read_channel: 

DEBUG:netmiko:read_channel: 
swalex>
DEBUG:netmiko:Pattern found: (\#|>) 
swalex>
DEBUG:netmiko:read_channel: 
DEBUG:netmiko:[find_prompt()]: prompt is sw2alex>
DEBUG:netmiko:read_channel: 3swalex>
DEBUG:netmiko:Pattern found: (\#|>) 
3swalex>
DEBUG:netmiko:read_channel: 
DEBUG:netmiko:[find_prompt()]: prompt is swalex>
DEBUG:netmiko:read_channel: 
DEBUG:netmiko:write_channel: b'\n'
DEBUG:netmiko:read_channel: 
DEBUG:netmiko:read_channel: 
DEBUG:netmiko:[find_prompt()]: prompt is 3swalex>
DEBUG:netmiko:read_channel: 

DEBUG:netmiko:read_channel: 3swalex2>
DEBUG:netmiko:Pattern found: (\#|>) 
3swalex2>
DEBUG:netmiko:read_channel: 
DEBUG:netmiko:[find_prompt()]: prompt is 3swalex2>
DEBUG:paramiko.transport:userauth is OK
INFO:paramiko.transport:Authentication (password) successful!
DEBUG:netmiko:read_channel: 
DEBUG:netmiko:write_channel: b'\n'
DEBUG:netmiko:read_channel: 

DEBUG:netmiko:write_channel: b'\n'
DEBUG:paramiko.transport:[chan 0] Max packet in: 32768 bytes
DEBUG:netmiko:read_channel: 
DEBUG:netmiko:write_channel: b'\n'
DEBUG:netmiko:read_channel: 
DEBUG:netmiko:read_channel: 
DEBUG:netmiko:write_channel: b'\n'
DEBUG:netmiko:write_channel: b'\n'
DEBUG:netmiko:read_channel: sw2alex>
DEBUG:paramiko.transport:[chan 0] Max packet out: 4096 bytes
DEBUG:paramiko.transport:Secsh channel 0 opened.
DEBUG:netmiko:read_channel: 
3swalex>
DEBUG:netmiko:read_channel: 
sw2alex>
DEBUG:netmiko:Clear buffer detects data in the channel
DEBUG:netmiko:read_channel: 
swalex>
DEBUG:netmiko:read_channel: 

DEBUG:netmiko:write_channel: b'\n'
DEBUG:paramiko.transport:[chan 0] Sesch channel 0 request ok
DEBUG:netmiko:read_channel: 
DEBUG:netmiko:[find_prompt()]: prompt is 3swalex>
DEBUG:netmiko:read_channel: 
DEBUG:netmiko:[find_prompt()]: prompt is swalex>
DEBUG:netmiko:write_channel: b'\n'
DEBUG:netmiko:read_channel: 
DEBUG:paramiko.transport:[chan 0] Sesch channel 0 request ok
DEBUG:netmiko:read_channel: 
DEBUG:netmiko:[find_prompt()]: prompt is sw2alex>
DEBUG:netmiko:write_channel: b'\n'
DEBUG:netmiko:write_channel: b'\n'
DEBUG:netmiko:read_channel: 
DEBUG:netmiko:write_channel: b'\n'
DEBUG:netmiko:read_channel: 
DEBUG:netmiko:read_channel: 
DEBUG:netmiko:read_channel: 3swalex2>
3swalex2>
DEBUG:netmiko:read_channel: 
3swalex>
DEBUG:netmiko:Pattern found: (3swalex.*) 
3swalex>
DEBUG:netmiko:read_channel: 
DEBUG:netmiko:write_channel: b'enable\n'
DEBUG:netmiko:read_channel: 
DEBUG:netmiko:read_channel: 

DEBUG:netmiko:read_channel: 
swalex>
DEBUG:netmiko:Pattern found: (swalex.*) 
swalex>
DEBUG:netmiko:read_channel: 
DEBUG:netmiko:[find_prompt()]: prompt is 3swalex2>
DEBUG:netmiko:write_channel: b'enable\n'
DEBUG:netmiko:read_channel: 
DEBUG:netmiko:read_channel: sw2alex>
DEBUG:netmiko:Pattern found: (sw2alex.*) 
sw2alex>
DEBUG:netmiko:write_channel: b'enable\n'
DEBUG:netmiko:read_channel: 
DEBUG:netmiko:read_channel: 
DEBUG:netmiko:read_channel: 
DEBUG:netmiko:write_channel: b'\n'
DEBUG:netmiko:read_channel: 
DEBUG:netmiko:read_channel: 
DEBUG:netmiko:read_channel: e
DEBUG:netmiko:read_channel: 
DEBUG:netmiko:read_channel: ena
DEBUG:netmiko:read_channel: e
DEBUG:netmiko:read_channel: 
DEBUG:netmiko:read_channel: 
DEBUG:netmiko:read_channel: 
DEBUG:netmiko:read_channel: 
DEBUG:netmiko:read_channel: n
DEBUG:netmiko:read_channel: 

DEBUG:netmiko:write_channel: b'terminal width 511\n'
DEBUG:netmiko:read_channel: na
DEBUG:netmiko:read_channel: 
alex>
alex>
DEBUG:netmiko:read_channel: a
DEBUG:netmiko:read_channel: bl
DEBUG:netmiko:read_channel: 3swalex2>
DEBUG:netmiko:Pattern found: (3swalex2.*) 
3swalex2>
DEBUG:netmiko:write_channel: b'enable\n'
DEBUG:netmiko:read_channel: 
DEBUG:netmiko:read_channel: b
DEBUG:netmiko:read_channel: bl
DEBUG:netmiko:read_channel: 
DEBUG:netmiko:read_channel: e
DEBUG:netmiko:read_channel: l
DEBUG:netmiko:read_channel: 
DEBUG:netmiko:read_channel: terminal width
DEBUG:netmiko:read_channel: 
DEBUG:netmiko:read_channel: 
DEBUG:netmiko:read_channel: 
DEBUG:netmiko:read_channel: e

DEBUG:netmiko:Pattern found: (enable) enable
DEBUG:netmiko:read_channel: 
DEBUG:netmiko:read_channel: e
DEBUG:netmiko:Pattern found: (enable) enable
DEBUG:netmiko:read_channel: 
DEBUG:netmiko:read_channel: n
DEBUG:netmiko:read_channel:  5
DEBUG:netmiko:read_channel: e
DEBUG:netmiko:Pattern found: (enable) enable
DEBUG:netmiko:read_channel: 
DEBUG:netmiko:read_channel: a
DEBUG:netmiko:read_channel: 

DEBUG:netmiko:read_channel: 
DEBUG:netmiko:read_channel: 

DEBUG:netmiko:read_channel: 
DEBUG:netmiko:read_channel: Password: 
DEBUG:netmiko:read_channel: b
DEBUG:netmiko:Pattern found: ((?:sw2alex|ssword)) 
Password
DEBUG:netmiko:write_channel: b'********\n'
DEBUG:netmiko:read_channel: 
DEBUG:netmiko:read_channel: Password: 
DEBUG:netmiko:Pattern found: ((?:3swalex|ssword)) 
Password
DEBUG:netmiko:read_channel: Password: 
DEBUG:netmiko:read_channel: 
DEBUG:netmiko:read_channel: 
DEBUG:netmiko:read_channel: 
DEBUG:netmiko:Pattern found: ((?:swalex|ssword)) 
Password
DEBUG:netmiko:write_channel: b'********\n'
DEBUG:netmiko:write_channel: b'********\n'
DEBUG:netmiko:read_channel: 
DEBUG:netmiko:read_channel: 
DEBUG:netmiko:read_channel: 
DEBUG:netmiko:read_channel: le
DEBUG:netmiko:Pattern found: (enable) enable
DEBUG:netmiko:read_channel: 11
alex>
DEBUG:netmiko:read_channel: 
DEBUG:netmiko:read_channel: 
DEBUG:netmiko:Pattern found: (terminal width 511) 
alex>
alex>terminal width 511
DEBUG:netmiko:read_channel: 
DEBUG:netmiko:In disable_paging
DEBUG:netmiko:Command: terminal length 0

DEBUG:netmiko:write_channel: b'terminal length 0\n'
DEBUG:netmiko:read_channel: 
DEBUG:netmiko:read_channel: 
DEBUG:netmiko:read_channel: 
DEBUG:netmiko:read_channel: 

DEBUG:netmiko:read_channel: 
DEBUG:netmiko:read_channel: 
DEBUG:netmiko:read_channel: 
DEBUG:netmiko:read_channel: 
DEBUG:netmiko:read_channel: Password: 
DEBUG:netmiko:read_channel: 
DEBUG:netmiko:Pattern found: ((?:3swalex2|ssword)) 
Password
DEBUG:netmiko:read_channel: termina
DEBUG:netmiko:write_channel: b'********\n'
DEBUG:netmiko:read_channel: 
DEBUG:netmiko:read_channel: 
DEBUG:netmiko:read_channel: 
DEBUG:netmiko:read_channel: 
DEBUG:netmiko:read_channel: 
DEBUG:netmiko:read_channel: 
DEBUG:netmiko:read_channel: 
DEBUG:netmiko:read_channel: l 
DEBUG:netmiko:read_channel: 
swalex#
DEBUG:netmiko:Pattern found: (swalex) : 
swalex
DEBUG:netmiko:read_channel: 
DEBUG:netmiko:read_channel: 
3swalex#
DEBUG:netmiko:read_channel: 
sw2alex#
DEBUG:netmiko:Pattern found: (3swalex) : 
3swalex
DEBUG:netmiko:write_channel: b'\n'
DEBUG:netmiko:Pattern found: (sw2alex) : 
sw2alex
DEBUG:netmiko:write_channel: b'\n'
DEBUG:netmiko:write_channel: b'\n'
DEBUG:netmiko:read_channel: 
DEBUG:netmiko:read_channel: length 0
alex>
DEBUG:netmiko:read_channel: 
DEBUG:netmiko:read_channel: 
DEBUG:netmiko:read_channel: 
DEBUG:netmiko:Pattern found: (terminal\ length\ 0) 
alex>terminal length 0
DEBUG:netmiko:
alex>terminal length 0
DEBUG:netmiko:Exiting disable_paging
DEBUG:netmiko:read_channel: 
DEBUG:netmiko:read_channel: 
DEBUG:netmiko:read_channel: 
DEBUG:netmiko:read_channel: 
DEBUG:netmiko:Clear buffer detects data in the channel
DEBUG:netmiko:read_channel: 
DEBUG:netmiko:read_channel: 
3swalex2#
DEBUG:netmiko:Pattern found: (3swalex2) : 
3swalex2
DEBUG:netmiko:read_channel: 
swalex#
DEBUG:netmiko:Pattern found: (swalex.*) #
swalex#
DEBUG:netmiko:read_channel: 

DEBUG:netmiko:write_channel: b'\n'
DEBUG:netmiko:read_channel: 
DEBUG:netmiko:read_channel: 

DEBUG:netmiko:write_channel: b'\n'
DEBUG:netmiko:read_channel: 
DEBUG:netmiko:read_channel: 
DEBUG:netmiko:write_channel: b'\n'
DEBUG:netmiko:read_channel: 
DEBUG:netmiko:read_channel: sw2alex#
DEBUG:netmiko:Pattern found: (sw2alex.*) #
sw2alex#
DEBUG:netmiko:read_channel: 
DEBUG:netmiko:read_channel: 3swalex#
DEBUG:netmiko:Pattern found: (3swalex.*) #
3swalex#
DEBUG:netmiko:read_channel: 
DEBUG:netmiko:write_channel: b'\n'
DEBUG:netmiko:read_channel: 
DEBUG:netmiko:write_channel: b'\n'
DEBUG:netmiko:read_channel: 
DEBUG:netmiko:read_channel: 
DEBUG:netmiko:read_channel: 
DEBUG:netmiko:read_channel: 
DEBUG:netmiko:read_channel: 
DEBUG:netmiko:read_channel: 
DEBUG:netmiko:read_channel: 
DEBUG:netmiko:read_channel: 
DEBUG:netmiko:read_channel: 
DEBUG:netmiko:read_channel: 
DEBUG:netmiko:read_channel: 
alex>
DEBUG:netmiko:Pattern found: (\#|>) 
alex>
DEBUG:netmiko:read_channel: 
DEBUG:netmiko:read_channel: 
DEBUG:netmiko:read_channel: 
DEBUG:netmiko:read_channel: 
DEBUG:netmiko:read_channel: 
DEBUG:netmiko:[find_prompt()]: prompt is alex>
DEBUG:netmiko:read_channel: 
DEBUG:netmiko:read_channel: 

DEBUG:netmiko:read_channel: 

DEBUG:netmiko:read_channel: 

DEBUG:netmiko:read_channel: 

DEBUG:netmiko:read_channel: 
DEBUG:netmiko:write_channel: b'\n'
DEBUG:netmiko:read_channel: 
DEBUG:netmiko:read_channel: 
DEBUG:netmiko:read_channel: 
DEBUG:netmiko:read_channel: 3swalex#
DEBUG:netmiko:Pattern found: ([>#]) 
3swalex#
DEBUG:netmiko:write_channel: b'configure terminal\n'
DEBUG:netmiko:read_channel: 
DEBUG:netmiko:read_channel: 3swalex2#
DEBUG:netmiko:Pattern found: (3swalex2.*) #
3swalex2#
DEBUG:netmiko:write_channel: b'\n'
DEBUG:netmiko:read_channel: 
DEBUG:netmiko:read_channel: swalex#
DEBUG:netmiko:read_channel: sw2alex#
DEBUG:netmiko:Pattern found: ([>#]) 
swalex#
DEBUG:netmiko:Pattern found: ([>#]) 
sw2alex#
DEBUG:netmiko:write_channel: b'configure terminal\n'
DEBUG:netmiko:write_channel: b'configure terminal\n'
DEBUG:netmiko:read_channel: 
DEBUG:netmiko:read_channel: 
DEBUG:netmiko:read_channel: 
DEBUG:netmiko:read_channel: 
alex>
DEBUG:netmiko:read_channel: 
DEBUG:netmiko:read_channel: 
DEBUG:netmiko:read_channel: 
DEBUG:netmiko:read_channel: 
DEBUG:netmiko:read_channel: 
DEBUG:netmiko:[find_prompt()]: prompt is alex>
DEBUG:netmiko:write_channel: b'\n'
DEBUG:netmiko:read_channel: 

DEBUG:netmiko:read_channel: 
DEBUG:netmiko:read_channel: c
DEBUG:netmiko:read_channel: c
DEBUG:netmiko:read_channel: con
DEBUG:netmiko:read_channel: 
DEBUG:netmiko:read_channel: 
DEBUG:netmiko:read_channel: 
DEBUG:netmiko:read_channel: 
DEBUG:netmiko:read_channel: 
DEBUG:netmiko:read_channel: 3swalex2#
DEBUG:netmiko:Pattern found: ([>#]) 
3swalex2#
DEBUG:netmiko:write_channel: b'configure terminal\n'
DEBUG:netmiko:read_channel: 
DEBUG:netmiko:read_channel: onf
DEBUG:netmiko:read_channel: fi
DEBUG:netmiko:read_channel: 
alex>
DEBUG:netmiko:read_channel: on
DEBUG:netmiko:Pattern found: (alex.*) 
alex>
DEBUG:netmiko:write_channel: b'enable\n'
DEBUG:netmiko:read_channel: 
DEBUG:netmiko:read_channel: g
DEBUG:netmiko:read_channel: i
DEBUG:netmiko:read_channel: 
DEBUG:netmiko:read_channel: f
DEBUG:netmiko:read_channel: 
DEBUG:netmiko:read_channel: i
DEBUG:netmiko:read_channel: c
DEBUG:netmiko:read_channel: u
DEBUG:netmiko:read_channel: gu
DEBUG:netmiko:read_channel: enable

DEBUG:netmiko:Pattern found: (enable) enable
DEBUG:netmiko:read_channel: 
DEBUG:netmiko:read_channel: r
DEBUG:netmiko:read_channel: r
DEBUG:netmiko:read_channel: g
DEBUG:netmiko:read_channel: onf
DEBUG:netmiko:read_channel: 
DEBUG:netmiko:read_channel: e 
DEBUG:netmiko:read_channel: e 
DEBUG:netmiko:read_channel: igu
DEBUG:netmiko:read_channel: ure
DEBUG:netmiko:read_channel: 
DEBUG:netmiko:read_channel: te
DEBUG:netmiko:read_channel: te
DEBUG:netmiko:read_channel: 
DEBUG:netmiko:read_channel:  
DEBUG:netmiko:read_channel: r
DEBUG:netmiko:read_channel: 
DEBUG:netmiko:read_channel: r
DEBUG:netmiko:read_channel: t
DEBUG:netmiko:read_channel: 
DEBUG:netmiko:read_channel: e
DEBUG:netmiko:read_channel: r
DEBUG:netmiko:read_channel: m
DEBUG:netmiko:read_channel: 
DEBUG:netmiko:read_channel: Password: 
DEBUG:netmiko:Pattern found: ((?:alex|ssword)) 
Password
DEBUG:netmiko:read_channel: 
DEBUG:netmiko:write_channel: b'********\n'
DEBUG:netmiko:read_channel: 
DEBUG:netmiko:read_channel: m
DEBUG:netmiko:read_channel: i
DEBUG:netmiko:read_channel: er
DEBUG:netmiko:read_channel:  t
DEBUG:netmiko:read_channel: 
DEBUG:netmiko:read_channel: in
DEBUG:netmiko:read_channel: na
DEBUG:netmiko:read_channel: min
DEBUG:netmiko:read_channel: er
DEBUG:netmiko:read_channel: 
DEBUG:netmiko:read_channel: a
DEBUG:netmiko:read_channel: l
DEBUG:netmiko:Pattern found: (configure\ terminal) configure terminal
DEBUG:netmiko:read_channel: 
DEBUG:netmiko:read_channel: 
DEBUG:netmiko:read_channel: m
DEBUG:netmiko:read_channel: 
alex#
DEBUG:netmiko:Pattern found: (alex) : 
alex
DEBUG:netmiko:write_channel: b'\n'
DEBUG:netmiko:read_channel: 
DEBUG:netmiko:read_channel: l
DEBUG:netmiko:Pattern found: (configure\ terminal) configure terminal
DEBUG:netmiko:read_channel: 
DEBUG:netmiko:read_channel: 
Enter configuration commands, one per line.  End with CNTL/Z.
swalex(config)#
DEBUG:netmiko:Pattern found: (swalex.*) 
Enter configuration commands, one per line.  End with CNTL/Z.
swalex(config)#
DEBUG:netmiko:write_channel: b'\n'
DEBUG:netmiko:read_channel: 
DEBUG:netmiko:read_channel: a
DEBUG:netmiko:read_channel: i
DEBUG:netmiko:read_channel: 
DEBUG:netmiko:read_channel: 

DEBUG:netmiko:read_channel: 

DEBUG:netmiko:read_channel: l

DEBUG:netmiko:Pattern found: (configure\ terminal) configure terminal
DEBUG:netmiko:read_channel: 
DEBUG:netmiko:read_channel: na
DEBUG:netmiko:read_channel: 
alex#
DEBUG:netmiko:Pattern found: (alex.*) #
alex#
DEBUG:netmiko:write_channel: b'\n'
DEBUG:netmiko:read_channel: 
DEBUG:netmiko:read_channel: Enter configuration commands, one per line.  End with CNTL/Z.
3swalex(config)#
DEBUG:netmiko:Pattern found: (3swalex.*) 
Enter configuration commands, one per line.  End with CNTL/Z.
3swalex(config)#
DEBUG:netmiko:write_channel: b'\n'
DEBUG:netmiko:read_channel: 
DEBUG:netmiko:read_channel: swalex(config)#
DEBUG:netmiko:Pattern found: ([>#]) 
swalex(config)#
DEBUG:netmiko:write_channel: b'22.1.1.1\n'
DEBUG:netmiko:read_channel: 
DEBUG:netmiko:read_channel: Enter configuration commands, one per line.  End with CNTL/Z.
sw2alex(config)#
DEBUG:netmiko:Pattern found: (sw2alex.*) 
Enter configuration commands, one per line.  End with CNTL/Z.
sw2alex(config)#
DEBUG:netmiko:read_channel: l

DEBUG:netmiko:Pattern found: (configure\ terminal) configure terminal
DEBUG:netmiko:write_channel: b'\n'
DEBUG:netmiko:read_channel: 
DEBUG:netmiko:read_channel: 
DEBUG:netmiko:read_channel: 
alex#
DEBUG:netmiko:Pattern found: ([>#]) 
alex#
DEBUG:netmiko:write_channel: b'configure terminal\n'
DEBUG:netmiko:read_channel: 
DEBUG:netmiko:read_channel: 
DEBUG:netmiko:read_channel: 2
DEBUG:netmiko:read_channel: 
DEBUG:netmiko:read_channel: Enter configuration commands, one per line.  End with CNTL/Z.
3swalex2(config)#
DEBUG:netmiko:Pattern found: (3swalex2.*) 
Enter configuration commands, one per line.  End with CNTL/Z.
3swalex2(config)#
DEBUG:netmiko:write_channel: b'\n'
DEBUG:netmiko:read_channel: 
DEBUG:netmiko:read_channel: 

DEBUG:netmiko:read_channel: 
DEBUG:netmiko:read_channel: 2
DEBUG:netmiko:read_channel: 

DEBUG:netmiko:read_channel: 

DEBUG:netmiko:read_channel: 3swalex(config)#
DEBUG:netmiko:Pattern found: ([>#]) 
3swalex(config)#
DEBUG:netmiko:read_channel: configure termin
DEBUG:netmiko:write_channel: b'22.1.1.1\n'
DEBUG:netmiko:read_channel: 
DEBUG:netmiko:read_channel: .
DEBUG:netmiko:read_channel: sw2alex(config)#
DEBUG:netmiko:Pattern found: ([>#]) 
sw2alex(config)#
DEBUG:netmiko:write_channel: b'22.1.1.1\n'
DEBUG:netmiko:read_channel: 
DEBUG:netmiko:read_channel: 
DEBUG:netmiko:read_channel: 
DEBUG:netmiko:read_channel: 
DEBUG:netmiko:read_channel: 1.
DEBUG:netmiko:read_channel: 3swalex2(config)#
DEBUG:netmiko:read_channel: 
DEBUG:netmiko:Pattern found: ([>#]) 
3swalex2(config)#
DEBUG:netmiko:write_channel: b'22.1.1.1\n'
DEBUG:netmiko:read_channel: 
DEBUG:netmiko:read_channel: 22.
DEBUG:netmiko:read_channel: 
DEBUG:netmiko:read_channel: 1.1
DEBUG:netmiko:Pattern found: (22\.1\.1\.1) 22.1.1.1
DEBUG:netmiko:read_channel: 
DEBUG:netmiko:read_channel: 22
DEBUG:netmiko:read_channel: 
DEBUG:netmiko:read_channel: 
DEBUG:netmiko:read_channel: al

DEBUG:netmiko:Pattern found: (configure\ terminal) configure terminal
DEBUG:netmiko:read_channel: 
DEBUG:netmiko:read_channel: 

DEBUG:netmiko:read_channel: .
DEBUG:netmiko:read_channel: 2
DEBUG:netmiko:read_channel: 1.
DEBUG:netmiko:read_channel: 
DEBUG:netmiko:read_channel:                ^
% Invalid input detected at '^' marker.

swalex(config)#
DEBUG:netmiko:Pattern found: ((?:swalex.*$|#.*$)) 
               ^
% Invalid input detected at '^' marker.

swalex(config)#
DEBUG:netmiko:read_channel: 2.
DEBUG:netmiko:read_channel: 1.1
DEBUG:netmiko:write_channel: b'22.1.1.2\n'
DEBUG:netmiko:read_channel: 
DEBUG:netmiko:read_channel: 1
DEBUG:netmiko:read_channel: 
DEBUG:netmiko:read_channel: 1.
DEBUG:netmiko:read_channel: .
DEBUG:netmiko:read_channel: 
DEBUG:netmiko:read_channel: .
DEBUG:netmiko:read_channel: 
DEBUG:netmiko:read_channel: 
DEBUG:netmiko:read_channel: 
DEBUG:netmiko:read_channel: 
DEBUG:netmiko:read_channel: 1
DEBUG:netmiko:Pattern found: (22\.1\.1\.1) 22.1.1.1
DEBUG:netmiko:read_channel: 
DEBUG:netmiko:read_channel: 
DEBUG:netmiko:read_channel: 1.
DEBUG:netmiko:read_channel: 1

DEBUG:netmiko:read_channel: 22
DEBUG:netmiko:Pattern found: (22\.1\.1\.1) 22.1.1.1
DEBUG:netmiko:read_channel: 
DEBUG:netmiko:read_channel: 
DEBUG:netmiko:read_channel: 
                ^
% Invalid input detected at '^' marker.

3swalex(config)#
DEBUG:netmiko:Pattern found: ((?:3swalex.*$|#.*$)) 
                ^
% Invalid input detected at '^' marker.

3swalex(config)#
DEBUG:netmiko:write_channel: b'22.1.1.2\n'
DEBUG:netmiko:read_channel: 
DEBUG:netmiko:read_channel: 1
DEBUG:netmiko:Pattern found: (22\.1\.1\.1) 22.1.1.1
DEBUG:netmiko:read_channel: .
DEBUG:netmiko:read_channel:                 ^
% Invalid input detected at '^' marker.

sw2alex(config)#
DEBUG:netmiko:Pattern found: ((?:sw2alex.*$|#.*$)) 
                ^
% Invalid input detected at '^' marker.

sw2alex(config)#
DEBUG:netmiko:write_channel: b'22.1.1.2\n'
DEBUG:netmiko:read_channel: 
DEBUG:netmiko:read_channel: 
DEBUG:netmiko:read_channel: 
DEBUG:netmiko:read_channel: 2
DEBUG:netmiko:read_channel: 1.
DEBUG:netmiko:read_channel: 
DEBUG:netmiko:read_channel: 
                 ^
% Invalid input detected at '^' marker.

3swalex2(config)#
DEBUG:netmiko:Pattern found: ((?:3swalex2.*$|#.*$)) 
                 ^
% Invalid input detected at '^' marker.

3swalex2(config)#
DEBUG:netmiko:write_channel: b'22.1.1.2\n'
DEBUG:netmiko:read_channel: 
DEBUG:netmiko:read_channel: 2
DEBUG:netmiko:read_channel: 
DEBUG:netmiko:read_channel: 1.
DEBUG:netmiko:read_channel: 22.
DEBUG:netmiko:read_channel: 2
DEBUG:netmiko:read_channel: 
DEBUG:netmiko:read_channel: .
DEBUG:netmiko:read_channel: 2
DEBUG:netmiko:Pattern found: (22\.1\.1\.2) 22.1.1.2
DEBUG:netmiko:read_channel: 
DEBUG:netmiko:read_channel: 1
DEBUG:netmiko:read_channel: 2
DEBUG:netmiko:read_channel: 
DEBUG:netmiko:read_channel: 1.
DEBUG:netmiko:read_channel: 

DEBUG:netmiko:read_channel: .
DEBUG:netmiko:read_channel: .1
DEBUG:netmiko:read_channel: 1
DEBUG:netmiko:read_channel: 
DEBUG:netmiko:read_channel:                ^
% Invalid input detected at '^' marker.

swalex(config)#
DEBUG:netmiko:Pattern found: ((?:swalex.*$|#.*$)) 
               ^
% Invalid input detected at '^' marker.

swalex(config)#
DEBUG:netmiko:write_channel: b'22.1.1.3\n'
DEBUG:netmiko:read_channel: 1.
DEBUG:netmiko:read_channel: 
DEBUG:netmiko:read_channel: .1
DEBUG:netmiko:read_channel: 
DEBUG:netmiko:read_channel: .2
DEBUG:netmiko:Pattern found: (22\.1\.1\.2) 22.1.1.2
DEBUG:netmiko:read_channel: 
DEBUG:netmiko:read_channel: 2
DEBUG:netmiko:read_channel: 2

DEBUG:netmiko:Pattern found: (22\.1\.1\.2) 22.1.1.2
DEBUG:netmiko:read_channel: 
DEBUG:netmiko:read_channel: .
DEBUG:netmiko:read_channel: Enter configuration commands, one per line.  End with CNTL/Z.
alex(config)#
DEBUG:netmiko:Pattern found: (alex.*) 
Enter configuration commands, one per line.  End with CNTL/Z.
alex(config)#
DEBUG:netmiko:write_channel: b'\n'
DEBUG:netmiko:read_channel: 
DEBUG:netmiko:read_channel: 

DEBUG:netmiko:read_channel: 
DEBUG:netmiko:read_channel: 
DEBUG:netmiko:read_channel: 
DEBUG:netmiko:read_channel: 
alex(config)#
DEBUG:netmiko:Pattern found: ([>#]) 
alex(config)#
DEBUG:netmiko:write_channel: b'22.1.1.1\n'
DEBUG:netmiko:read_channel: 
DEBUG:netmiko:read_channel:                 ^
% Invalid input detected at '^' marker.

3swalex(config)#
DEBUG:netmiko:Pattern found: ((?:3swalex.*$|#.*$)) 
                ^
% Invalid input detected at '^' marker.

3swalex(config)#
DEBUG:netmiko:write_channel: b'22.1.1.3\n'
DEBUG:netmiko:read_channel: 
DEBUG:netmiko:read_channel: 2.
DEBUG:netmiko:read_channel:                 ^
% Invalid input detected at '^' marker.

sw2alex(config)#
DEBUG:netmiko:Pattern found: ((?:sw2alex.*$|#.*$)) 
                ^
% Invalid input detected at '^' marker.

sw2alex(config)#
DEBUG:netmiko:write_channel: b'22.1.1.3\n'
DEBUG:netmiko:read_channel: 
DEBUG:netmiko:read_channel: 2

DEBUG:netmiko:Pattern found: (22\.1\.1\.2) 22.1.1.2
DEBUG:netmiko:read_channel: 
DEBUG:netmiko:read_channel: 
DEBUG:netmiko:read_channel: 
DEBUG:netmiko:read_channel: 1.1
DEBUG:netmiko:read_channel: 2
DEBUG:netmiko:read_channel:                  ^
% Invalid input detected at '^' marker.

3swalex2(config)#
DEBUG:netmiko:Pattern found: ((?:3swalex2.*$|#.*$)) 
                 ^
% Invalid input detected at '^' marker.

3swalex2(config)#
DEBUG:netmiko:write_channel: b'22.1.1.3\n'
DEBUG:netmiko:read_channel: 
DEBUG:netmiko:read_channel: 22.1.1.1

DEBUG:netmiko:Pattern found: (22\.1\.1\.1) 22.1.1.1
DEBUG:netmiko:read_channel: 
DEBUG:netmiko:read_channel: 22
DEBUG:netmiko:read_channel: .
DEBUG:netmiko:read_channel: 2
DEBUG:netmiko:read_channel: 
DEBUG:netmiko:read_channel: 
DEBUG:netmiko:read_channel: .1
DEBUG:netmiko:read_channel: 3

DEBUG:netmiko:Pattern found: (22\.1\.1\.3) 22.1.1.3
DEBUG:netmiko:read_channel: 
DEBUG:netmiko:read_channel: .1.
DEBUG:netmiko:read_channel: 22
DEBUG:netmiko:read_channel: 
DEBUG:netmiko:read_channel: .1.
DEBUG:netmiko:read_channel:                ^
% Invalid input detected at '^' marker.

swalex(config)#
DEBUG:netmiko:Pattern found: ((?:swalex.*$|#.*$)) 
               ^
% Invalid input detected at '^' marker.

swalex(config)#
DEBUG:netmiko:read_channel: 1.
DEBUG:netmiko:write_channel: b'22.1.1.4\n'
DEBUG:netmiko:read_channel: 
DEBUG:netmiko:read_channel: .1.
DEBUG:netmiko:read_channel: 
DEBUG:netmiko:read_channel: 3

DEBUG:netmiko:Pattern found: (22\.1\.1\.3) 22.1.1.3
DEBUG:netmiko:read_channel: 
DEBUG:netmiko:read_channel: 3

DEBUG:netmiko:Pattern found: (22\.1\.1\.3) 22.1.1.3
DEBUG:netmiko:read_channel: 
DEBUG:netmiko:read_channel: 
DEBUG:netmiko:read_channel: 
DEBUG:netmiko:read_channel: 
DEBUG:netmiko:read_channel:                 ^
% Invalid input detected at '^' marker.

3swalex(config)#
DEBUG:netmiko:Pattern found: ((?:3swalex.*$|#.*$)) 
                ^
% Invalid input detected at '^' marker.

3swalex(config)#
DEBUG:netmiko:write_channel: b'22.1.1.4\n'
DEBUG:netmiko:read_channel: 
DEBUG:netmiko:read_channel:                 ^
% Invalid input detected at '^' marker.

sw2alex(config)#
DEBUG:netmiko:Pattern found: ((?:sw2alex.*$|#.*$)) 
                ^
% Invalid input detected at '^' marker.

sw2alex(config)#
DEBUG:netmiko:read_channel: 22
DEBUG:netmiko:write_channel: b'22.1.1.4\n'
DEBUG:netmiko:read_channel: 
DEBUG:netmiko:read_channel: 1.
DEBUG:netmiko:read_channel: 
DEBUG:netmiko:read_channel: 
DEBUG:netmiko:read_channel: .1
DEBUG:netmiko:read_channel: 3
DEBUG:netmiko:read_channel: 
DEBUG:netmiko:Pattern found: (22\.1\.1\.3) 22.1.1.3
DEBUG:netmiko:read_channel: 
DEBUG:netmiko:read_channel: 
DEBUG:netmiko:read_channel: 22
DEBUG:netmiko:read_channel: .
DEBUG:netmiko:read_channel: 

DEBUG:netmiko:read_channel: 2
DEBUG:netmiko:read_channel: 
DEBUG:netmiko:read_channel: .1
DEBUG:netmiko:read_channel: 1.
DEBUG:netmiko:read_channel: 2.
DEBUG:netmiko:read_channel:                  ^
% Invalid input detected at '^' marker.

3swalex2(config)#
DEBUG:netmiko:Pattern found: ((?:3swalex2.*$|#.*$)) 
                 ^
% Invalid input detected at '^' marker.

3swalex2(config)#
DEBUG:netmiko:write_channel: b'22.1.1.4\n'
DEBUG:netmiko:read_channel: 
DEBUG:netmiko:read_channel: 
DEBUG:netmiko:read_channel: .
DEBUG:netmiko:read_channel: 1
DEBUG:netmiko:read_channel: 4
DEBUG:netmiko:Pattern found: (22\.1\.1\.4) 22.1.1.4
DEBUG:netmiko:read_channel: 
DEBUG:netmiko:read_channel: 
DEBUG:netmiko:read_channel: 
DEBUG:netmiko:read_channel: 1
DEBUG:netmiko:read_channel: .
DEBUG:netmiko:read_channel: 2
DEBUG:netmiko:read_channel: 

DEBUG:netmiko:read_channel: 
DEBUG:netmiko:read_channel: .
DEBUG:netmiko:read_channel: 
DEBUG:netmiko:read_channel: 
DEBUG:netmiko:read_channel: 
DEBUG:netmiko:read_channel: 
DEBUG:netmiko:read_channel: 
DEBUG:netmiko:read_channel: 
DEBUG:netmiko:read_channel: 
DEBUG:netmiko:read_channel: 
DEBUG:netmiko:read_channel: 
DEBUG:netmiko:read_channel: 4
DEBUG:netmiko:Pattern found: (22\.1\.1\.4) 22.1.1.4
DEBUG:netmiko:read_channel: 
DEBUG:netmiko:read_channel: 1.
DEBUG:netmiko:read_channel: 2.
DEBUG:netmiko:read_channel:                ^
% Invalid input detected at '^' marker.

swalex(config)#
DEBUG:netmiko:Pattern found: ((?:swalex.*$|#.*$)) 
               ^
% Invalid input detected at '^' marker.

swalex(config)#
DEBUG:netmiko:write_channel: b'22.1.1.5\n'
DEBUG:netmiko:read_channel: 
DEBUG:netmiko:read_channel: 
DEBUG:netmiko:read_channel: 

DEBUG:netmiko:read_channel: 
DEBUG:netmiko:read_channel: 1
DEBUG:netmiko:read_channel: 
DEBUG:netmiko:read_channel: 
DEBUG:netmiko:read_channel:                 ^
% Invalid input detected at '^' marker.

3swalex(config)#
DEBUG:netmiko:Pattern found: ((?:3swalex.*$|#.*$)) 
                ^
% Invalid input detected at '^' marker.

3swalex(config)#
DEBUG:netmiko:write_channel: b'22.1.1.5\n'
DEBUG:netmiko:read_channel: 
DEBUG:netmiko:read_channel: 4

DEBUG:netmiko:Pattern found: (22\.1\.1\.4) 22.1.1.4
DEBUG:netmiko:read_channel: 
DEBUG:netmiko:read_channel: .
DEBUG:netmiko:read_channel: 
DEBUG:netmiko:read_channel: 
DEBUG:netmiko:read_channel: 
DEBUG:netmiko:read_channel:                 ^
% Invalid input detected at '^' marker.

sw2alex(config)#
DEBUG:netmiko:read_channel: 1
DEBUG:netmiko:Pattern found: ((?:sw2alex.*$|#.*$)) 
                ^
% Invalid input detected at '^' marker.

sw2alex(config)#
DEBUG:netmiko:read_channel: 2
DEBUG:netmiko:write_channel: b'22.1.1.5\n'
DEBUG:netmiko:read_channel: 
DEBUG:netmiko:read_channel: 
DEBUG:netmiko:read_channel: 22
DEBUG:netmiko:read_channel: .4
DEBUG:netmiko:Pattern found: (22\.1\.1\.4) 22.1.1.4
DEBUG:netmiko:read_channel: 
DEBUG:netmiko:read_channel: 2.
DEBUG:netmiko:read_channel: 
DEBUG:netmiko:read_channel:              ^
% Invalid input detected at '^' marker.

alex(config)#
DEBUG:netmiko:Pattern found: ((?:alex.*$|#.*$)) 
             ^
% Invalid input detected at '^' marker.

alex(config)#
DEBUG:netmiko:read_channel: .
DEBUG:netmiko:read_channel: 
DEBUG:netmiko:read_channel: 

DEBUG:netmiko:read_channel: 1
DEBUG:netmiko:write_channel: b'22.1.1.2\n'
DEBUG:netmiko:read_channel: 
DEBUG:netmiko:read_channel: 1.
DEBUG:netmiko:read_channel: .1
DEBUG:netmiko:read_channel:                  ^
% Invalid input detected at '^' marker.

3swalex2(config)#
DEBUG:netmiko:Pattern found: ((?:3swalex2.*$|#.*$)) 
                 ^
% Invalid input detected at '^' marker.

3swalex2(config)#
DEBUG:netmiko:write_channel: b'22.1.1.5\n'
DEBUG:netmiko:read_channel: 
DEBUG:netmiko:read_channel: 22
DEBUG:netmiko:read_channel: 
DEBUG:netmiko:read_channel: 1.
DEBUG:netmiko:read_channel: .5
DEBUG:netmiko:Pattern found: (22\.1\.1\.5) 22.1.1.5
DEBUG:netmiko:read_channel: 
DEBUG:netmiko:read_channel: 
DEBUG:netmiko:read_channel: .1
DEBUG:netmiko:read_channel: 2
DEBUG:netmiko:read_channel: 
DEBUG:netmiko:read_channel: 
DEBUG:netmiko:read_channel: 2.1.1.2

DEBUG:netmiko:Pattern found: (22\.1\.1\.2) 22.1.1.2
DEBUG:netmiko:read_channel: 
DEBUG:netmiko:read_channel: 
DEBUG:netmiko:read_channel: 
DEBUG:netmiko:read_channel: 5
DEBUG:netmiko:Pattern found: (22\.1\.1\.5) 22.1.1.5
DEBUG:netmiko:read_channel: 
DEBUG:netmiko:read_channel: 
DEBUG:netmiko:read_channel: 
DEBUG:netmiko:read_channel: 
DEBUG:netmiko:read_channel: 
DEBUG:netmiko:read_channel: 
DEBUG:netmiko:read_channel: 
DEBUG:netmiko:read_channel: 
DEBUG:netmiko:read_channel: 
DEBUG:netmiko:read_channel: 
DEBUG:netmiko:read_channel: 

DEBUG:netmiko:read_channel: .1
DEBUG:netmiko:read_channel:              ^
% Invalid input detected at '^' marker.

alex(config)#
DEBUG:netmiko:Pattern found: ((?:alex.*$|#.*$)) 
             ^
% Invalid input detected at '^' marker.

alex(config)#
DEBUG:netmiko:read_channel: 22
DEBUG:netmiko:read_channel: 
               ^
% Invalid input detected at '^' marker.

swalex(config)#
DEBUG:netmiko:write_channel: b'22.1.1.3\n'
DEBUG:netmiko:Pattern found: ((?:swalex.*$|#.*$)) 
               ^
% Invalid input detected at '^' marker.

swalex(config)#
DEBUG:netmiko:read_channel: 
DEBUG:netmiko:write_channel: b'\n'
DEBUG:netmiko:read_channel: 
DEBUG:netmiko:read_channel: 
DEBUG:netmiko:read_channel: 
DEBUG:netmiko:read_channel: .
DEBUG:netmiko:read_channel: 
DEBUG:netmiko:read_channel: 
DEBUG:netmiko:read_channel:                 ^
% Invalid input detected at '^' marker.

3swalex(config)#
DEBUG:netmiko:Pattern found: ((?:3swalex.*$|#.*$)) 
                ^
% Invalid input detected at '^' marker.

3swalex(config)#
DEBUG:netmiko:write_channel: b'\n'
DEBUG:netmiko:read_channel: 
DEBUG:netmiko:read_channel: .
DEBUG:netmiko:read_channel: 
DEBUG:netmiko:read_channel: 
DEBUG:netmiko:read_channel: 

DEBUG:netmiko:read_channel: 
DEBUG:netmiko:read_channel: 5

DEBUG:netmiko:read_channel: 1.
DEBUG:netmiko:Pattern found: (22\.1\.1\.5) 22.1.1.5
DEBUG:netmiko:read_channel: 
DEBUG:netmiko:read_channel: 2
DEBUG:netmiko:read_channel: swalex(config)#
DEBUG:netmiko:Pattern found: ([>#]) 
swalex(config)#
DEBUG:netmiko:write_channel: b'end\n'
DEBUG:netmiko:read_channel: 
DEBUG:netmiko:read_channel: 
DEBUG:netmiko:read_channel: 
DEBUG:netmiko:read_channel: 
DEBUG:netmiko:read_channel: 2.1.1
DEBUG:netmiko:read_channel: 
DEBUG:netmiko:read_channel: 
3swalex(config)#
DEBUG:netmiko:Pattern found: ([>#]) 
3swalex(config)#
DEBUG:netmiko:read_channel: 1.5
DEBUG:netmiko:read_channel:                 ^
% Invalid input detected at '^' marker.

sw2alex(config)#
DEBUG:netmiko:Pattern found: (22\.1\.1\.5) 22.1.1.5
DEBUG:netmiko:write_channel: b'end\n'
DEBUG:netmiko:read_channel: .3
             ^
% Invalid input detected at '^' marker.

alex(config)#
DEBUG:netmiko:Pattern found: (22\.1\.1\.3) 22.1.1.3
DEBUG:netmiko:read_channel: 
DEBUG:netmiko:Pattern found: ((?:alex.*$|#.*$)) 
             ^
% Invalid input detected at '^' marker.

alex(config)#
DEBUG:netmiko:read_channel: 
DEBUG:netmiko:read_channel: 
DEBUG:netmiko:Pattern found: ((?:sw2alex.*$|#.*$)) 
                ^
% Invalid input detected at '^' marker.

sw2alex(config)#
DEBUG:netmiko:write_channel: b'22.1.1.4\n'
DEBUG:netmiko:write_channel: b'\n'
DEBUG:netmiko:read_channel: 
DEBUG:netmiko:read_channel: e
DEBUG:netmiko:read_channel: 
DEBUG:netmiko:read_channel: 

DEBUG:netmiko:read_channel: 
DEBUG:netmiko:read_channel: n
DEBUG:netmiko:read_channel: 
DEBUG:netmiko:read_channel: 
DEBUG:netmiko:read_channel:                  ^
% Invalid input detected at '^' marker.

3swalex2(config)#
DEBUG:netmiko:Pattern found: ((?:3swalex2.*$|#.*$)) 
                 ^
% Invalid input detected at '^' marker.

3swalex2(config)#
DEBUG:netmiko:write_channel: b'\n'
DEBUG:netmiko:read_channel: 
DEBUG:netmiko:read_channel: e
DEBUG:netmiko:read_channel: 22.1.1.4

DEBUG:netmiko:Pattern found: (22\.1\.1\.4) 22.1.1.4
DEBUG:netmiko:read_channel: 

DEBUG:netmiko:read_channel: 
DEBUG:netmiko:read_channel: d

DEBUG:netmiko:Pattern found: (end) end
DEBUG:netmiko:read_channel: 
DEBUG:netmiko:read_channel: 
DEBUG:netmiko:read_channel: nd
DEBUG:netmiko:Pattern found: (end) end
DEBUG:netmiko:read_channel: 
DEBUG:netmiko:read_channel: 
DEBUG:netmiko:read_channel: sw2alex(config)#
DEBUG:netmiko:Pattern found: ([>#]) 
sw2alex(config)#
DEBUG:netmiko:write_channel: b'end\n'
DEBUG:netmiko:read_channel: 
DEBUG:netmiko:read_channel: 
3swalex2(config)#
DEBUG:netmiko:Pattern found: ([>#]) 
3swalex2(config)#
DEBUG:netmiko:write_channel: b'end\n'
DEBUG:netmiko:read_channel: 
DEBUG:netmiko:read_channel: 
3swalex#
DEBUG:netmiko:Pattern found: (#.*) 
3swalex#
DEBUG:netmiko:write_channel: b'\n'
DEBUG:netmiko:read_channel: 
DEBUG:netmiko:read_channel: 
DEBUG:netmiko:read_channel: 
DEBUG:netmiko:read_channel: swalex#
DEBUG:netmiko:Pattern found: (#.*) 
swalex#
DEBUG:netmiko:write_channel: b'\n'
DEBUG:netmiko:read_channel: 
DEBUG:netmiko:read_channel: 
DEBUG:netmiko:read_channel: 
DEBUG:netmiko:read_channel:              ^
% Invalid input detected at '^' marker.

alex(config)#
DEBUG:netmiko:Pattern found: ((?:alex.*$|#.*$)) 
             ^
% Invalid input detected at '^' marker.

alex(config)#
DEBUG:netmiko:write_channel: b'22.1.1.5\n'
DEBUG:netmiko:read_channel: 
DEBUG:netmiko:read_channel: e
DEBUG:netmiko:read_channel: 
DEBUG:netmiko:read_channel: e
DEBUG:netmiko:read_channel: 

DEBUG:netmiko:read_channel: 
DEBUG:netmiko:read_channel: nd

DEBUG:netmiko:Pattern found: (end) end
DEBUG:netmiko:read_channel: 
DEBUG:netmiko:read_channel: 
DEBUG:netmiko:read_channel: 
DEBUG:netmiko:read_channel: 
DEBUG:netmiko:read_channel: 
DEBUG:netmiko:read_channel: sw2alex#
DEBUG:netmiko:Pattern found: (#.*) 
sw2alex#
DEBUG:netmiko:read_channel: nd
DEBUG:netmiko:Pattern found: (end) end
DEBUG:netmiko:read_channel: 
DEBUG:netmiko:read_channel: 
swalex#
DEBUG:netmiko:write_channel: b'\n'
DEBUG:netmiko:read_channel: 3swalex#
DEBUG:netmiko:Pattern found: ([>#]) 
3swalex#
DEBUG:netmiko:read_channel: 
DEBUG:netmiko:read_channel: 22.1
DEBUG:netmiko:Pattern found: ([>#]) 
swalex#
DEBUG:netmiko:exit_config_mode: end
swalex#
DEBUG:netmiko:configure terminal
Enter configuration commands, one per line.  End with CNTL/Z.
swalex(config)#22.1.1.1
               ^
% Invalid input detected at '^' marker.

swalex(config)#22.1.1.2
               ^
% Invalid input detected at '^' marker.

swalex(config)#22.1.1.3
               ^
% Invalid input detected at '^' marker.

swalex(config)#22.1.1.4
               ^
% Invalid input detected at '^' marker.

swalex(config)#22.1.1.5
               ^
% Invalid input detected at '^' marker.

swalex(config)#end
swalex#
DEBUG:netmiko:exit_config_mode: end
3swalex#
DEBUG:netmiko:configure terminal
Enter configuration commands, one per line.  End with CNTL/Z.
3swalex(config)#22.1.1.1
                ^
% Invalid input detected at '^' marker.

3swalex(config)#22.1.1.2
                ^
% Invalid input detected at '^' marker.

3swalex(config)#22.1.1.3
                ^
% Invalid input detected at '^' marker.

3swalex(config)#22.1.1.4
                ^
% Invalid input detected at '^' marker.

3swalex(config)#22.1.1.5
                ^
% Invalid input detected at '^' marker.

3swalex(config)#end
3swalex#
DEBUG:netmiko:read_channel: 
3swalex2#
DEBUG:netmiko:Pattern found: (#.*) 
3swalex2#
DEBUG:netmiko:write_channel: b'\n'
DEBUG:netmiko:read_channel: 
DEBUG:netmiko:read_channel: 
DEBUG:netmiko:read_channel: .1.5
             ^
% Invalid input detected at '^' marker.

alex(config)#
DEBUG:netmiko:Pattern found: (22\.1\.1\.5) 22.1.1.5
DEBUG:netmiko:read_channel: 
DEBUG:netmiko:Pattern found: ((?:alex.*$|#.*$)) 
             ^
% Invalid input detected at '^' marker.

alex(config)#
DEBUG:netmiko:write_channel: b'\n'
DEBUG:netmiko:read_channel: 
DEBUG:netmiko:read_channel: 
DEBUG:netmiko:read_channel: 
DEBUG:netmiko:read_channel: 
DEBUG:netmiko:read_channel: 

DEBUG:netmiko:read_channel: 

DEBUG:netmiko:read_channel: 
DEBUG:netmiko:read_channel: sw2alex#
DEBUG:netmiko:Pattern found: ([>#]) 
sw2alex#
DEBUG:netmiko:read_channel: 
alex(config)#
DEBUG:netmiko:read_channel: 3swalex2#
DEBUG:netmiko:exit_config_mode: end
sw2alex#
DEBUG:netmiko:Pattern found: ([>#]) 
alex(config)#
DEBUG:netmiko:Pattern found: ([>#]) 
3swalex2#
DEBUG:netmiko:configure terminal
Enter configuration commands, one per line.  End with CNTL/Z.
sw2alex(config)#22.1.1.1
                ^
% Invalid input detected at '^' marker.

sw2alex(config)#22.1.1.2
                ^
% Invalid input detected at '^' marker.

sw2alex(config)#22.1.1.3
                ^
% Invalid input detected at '^' marker.

sw2alex(config)#22.1.1.4
                ^
% Invalid input detected at '^' marker.

sw2alex(config)#22.1.1.5
                ^
% Invalid input detected at '^' marker.

sw2alex(config)#end
sw2alex#
DEBUG:netmiko:exit_config_mode: end
3swalex2#
DEBUG:netmiko:write_channel: b'end\n'
DEBUG:netmiko:configure terminal
Enter configuration commands, one per line.  End with CNTL/Z.
3swalex2(config)#22.1.1.1
                 ^
% Invalid input detected at '^' marker.

3swalex2(config)#22.1.1.2
                 ^
% Invalid input detected at '^' marker.

3swalex2(config)#22.1.1.3
                 ^
% Invalid input detected at '^' marker.

3swalex2(config)#22.1.1.4
                 ^
% Invalid input detected at '^' marker.

3swalex2(config)#22.1.1.5
                 ^
% Invalid input detected at '^' marker.

3swalex2(config)#end
3swalex2#
DEBUG:netmiko:read_channel: 
DEBUG:netmiko:read_channel: 
DEBUG:netmiko:read_channel: 
DEBUG:netmiko:read_channel: end
alex#
DEBUG:netmiko:Pattern found: (end) end
DEBUG:netmiko:read_channel: 
DEBUG:netmiko:Pattern found: (#.*) 
alex#
DEBUG:netmiko:write_channel: b'\n'
DEBUG:netmiko:read_channel: 
DEBUG:netmiko:read_channel: 
DEBUG:netmiko:read_channel: 
DEBUG:netmiko:read_channel: 
alex#
DEBUG:netmiko:Pattern found: ([>#]) 
alex#
DEBUG:netmiko:exit_config_mode: end
alex#
DEBUG:netmiko:configure terminal
Enter configuration commands, one per line.  End with CNTL/Z.
alex(config)#22.1.1.1
             ^
% Invalid input detected at '^' marker.

alex(config)#22.1.1.2
             ^
% Invalid input detected at '^' marker.

alex(config)#22.1.1.3
             ^
% Invalid input detected at '^' marker.

alex(config)#22.1.1.4
             ^
% Invalid input detected at '^' marker.

alex(config)#22.1.1.5
             ^
% Invalid input detected at '^' marker.

alex(config)#end
alex#
DEBUG:netmiko:write_channel: b'\n'
DEBUG:netmiko:read_channel: 
DEBUG:netmiko:write_channel: b'\n'
DEBUG:netmiko:write_channel: b'\n'
DEBUG:netmiko:read_channel: 
DEBUG:netmiko:write_channel: b'\n'
DEBUG:netmiko:read_channel: 
DEBUG:netmiko:write_channel: b'\n'
DEBUG:netmiko:read_channel: 
DEBUG:netmiko:read_channel: 
DEBUG:netmiko:read_channel: 

DEBUG:netmiko:read_channel: 
DEBUG:netmiko:read_channel: 
DEBUG:netmiko:read_channel: 
DEBUG:netmiko:read_channel: 
DEBUG:netmiko:read_channel: 3swalex#
DEBUG:netmiko:Pattern found: ([>#]) 
3swalex#
DEBUG:netmiko:write_channel: b'exit\n'
DEBUG:paramiko.transport:EOF in transport thread
DEBUG:netmiko:read_channel: 
DEBUG:netmiko:read_channel: 

DEBUG:netmiko:read_channel: 

DEBUG:netmiko:read_channel: 
DEBUG:netmiko:read_channel: 
DEBUG:netmiko:read_channel: 3swalex2#
DEBUG:netmiko:Pattern found: ([>#]) 
3swalex2#
DEBUG:netmiko:read_channel: 

DEBUG:netmiko:read_channel: sw2alex#
DEBUG:netmiko:write_channel: b'exit\n'
DEBUG:netmiko:Pattern found: ([>#]) 
sw2alex#
DEBUG:paramiko.transport:EOF in transport thread
DEBUG:netmiko:write_channel: b'exit\n'
DEBUG:paramiko.transport:EOF in transport thread
DEBUG:netmiko:read_channel: 
DEBUG:netmiko:read_channel: swalex#
DEBUG:netmiko:Pattern found: ([>#]) 
swalex#
DEBUG:netmiko:write_channel: b'exit\n'
DEBUG:paramiko.transport:EOF in transport thread
DEBUG:netmiko:read_channel: 
DEBUG:netmiko:read_channel: 
alex#
DEBUG:netmiko:Pattern found: ([>#]) 
alex#
DEBUG:netmiko:write_channel: b'exit\n'
DEBUG:paramiko.transport:EOF in transport thread
DEBUG:paramiko.transport:starting thread (client mode): 0xc6ab1bd0
DEBUG:paramiko.transport:Local version/idstring: SSH-2.0-paramiko_3.1.0
DEBUG:paramiko.transport:Remote version/idstring: SSH-2.0-Cisco-1.25
INFO:paramiko.transport:Connected (version 2.0, client Cisco-1.25)
DEBUG:paramiko.transport:=== Key exchange possibilities ===
DEBUG:paramiko.transport:kex algos: diffie-hellman-group-exchange-sha1, diffie-hellman-group14-sha1, diffie-hellman-group1-sha1
DEBUG:paramiko.transport:server key: ssh-rsa
DEBUG:paramiko.transport:client encrypt: aes128-cbc, 3des-cbc, aes192-cbc, aes256-cbc
DEBUG:paramiko.transport:server encrypt: aes128-cbc, 3des-cbc, aes192-cbc, aes256-cbc
DEBUG:paramiko.transport:client mac: hmac-sha1, hmac-sha1-96, hmac-md5, hmac-md5-96
DEBUG:paramiko.transport:server mac: hmac-sha1, hmac-sha1-96, hmac-md5, hmac-md5-96
DEBUG:paramiko.transport:client compress: none
DEBUG:paramiko.transport:server compress: none
DEBUG:paramiko.transport:client lang: <none>
DEBUG:paramiko.transport:server lang: <none>
DEBUG:paramiko.transport:kex follows: False
DEBUG:paramiko.transport:=== Key exchange agreements ===
DEBUG:paramiko.transport:Kex: diffie-hellman-group-exchange-sha1
DEBUG:paramiko.transport:HostKey: ssh-rsa
DEBUG:paramiko.transport:Cipher: aes128-cbc
DEBUG:paramiko.transport:MAC: hmac-sha1
DEBUG:paramiko.transport:Compression: none
DEBUG:paramiko.transport:=== End of kex handshake ===
DEBUG:paramiko.transport:Got server p (2048 bits)
DEBUG:paramiko.transport:kex engine KexGex specified hash_algo <built-in function openssl_sha1>
DEBUG:paramiko.transport:Switch to new keys ...
DEBUG:paramiko.transport:Adding ssh-rsa host key for 22.1.1.1: b'254ff41efa2d6aa6a171e3d46c024ac3'
DEBUG:paramiko.transport:userauth is OK
INFO:paramiko.transport:Authentication (password) successful!
DEBUG:paramiko.transport:[chan 0] Max packet in: 32768 bytes
DEBUG:paramiko.transport:[chan 0] Max packet out: 4096 bytes
DEBUG:paramiko.transport:Secsh channel 0 opened.
DEBUG:paramiko.transport:[chan 0] Sesch channel 0 request ok
DEBUG:paramiko.transport:[chan 0] Sesch channel 0 request ok
DEBUG:netmiko:write_channel: b'\n'
DEBUG:netmiko:write_channel: b'terminal width 511\n'
DEBUG:netmiko:read_channel: 
swalex>
swalex>
DEBUG:netmiko:read_channel: t
DEBUG:netmiko:read_channel: ermi
DEBUG:netmiko:read_channel: na
DEBUG:netmiko:read_channel: l wi
DEBUG:netmiko:read_channel: dt
DEBUG:netmiko:read_channel: h 51
DEBUG:netmiko:read_channel: 1

DEBUG:netmiko:Pattern found: (terminal width 511) 
swalex>
swalex>terminal width 511
DEBUG:netmiko:In disable_paging
DEBUG:netmiko:Command: terminal length 0

DEBUG:netmiko:write_channel: b'terminal length 0\n'
DEBUG:netmiko:read_channel: 
DEBUG:netmiko:read_channel: swalex>
DEBUG:netmiko:read_channel: term
DEBUG:netmiko:read_channel: in
DEBUG:netmiko:read_channel: al 
DEBUG:netmiko:read_channel: len
DEBUG:netmiko:read_channel: gth 
DEBUG:netmiko:read_channel: 0

DEBUG:netmiko:Pattern found: (terminal\ length\ 0) 
swalex>terminal length 0
DEBUG:netmiko:
swalex>terminal length 0
DEBUG:netmiko:Exiting disable_paging
DEBUG:netmiko:read_channel: swalex>
DEBUG:netmiko:Clear buffer detects data in the channel
DEBUG:netmiko:read_channel: 
DEBUG:netmiko:write_channel: b'\n'
DEBUG:netmiko:read_channel: 
DEBUG:netmiko:read_channel: 

DEBUG:netmiko:read_channel: swalex>
DEBUG:netmiko:Pattern found: (\#|>) 
swalex>
DEBUG:netmiko:read_channel: 
DEBUG:netmiko:[find_prompt()]: prompt is swalex>
DEBUG:netmiko:write_channel: b'\n'
DEBUG:netmiko:read_channel: 
DEBUG:netmiko:read_channel: 

DEBUG:netmiko:read_channel: swalex>
DEBUG:netmiko:Pattern found: (swalex.*) 
swalex>
DEBUG:netmiko:write_channel: b'enable\n'
DEBUG:netmiko:read_channel: 
DEBUG:netmiko:read_channel: e
DEBUG:netmiko:read_channel: nabl
DEBUG:netmiko:read_channel: e
Password: 
DEBUG:netmiko:Pattern found: (enable) enable
DEBUG:netmiko:read_channel: 
DEBUG:netmiko:Pattern found: ((?:swalex|ssword)) 
Password
DEBUG:netmiko:write_channel: b'********\n'
DEBUG:netmiko:read_channel: 
DEBUG:netmiko:read_channel: 
DEBUG:netmiko:read_channel: 
DEBUG:netmiko:read_channel: 
swalex#
DEBUG:netmiko:Pattern found: (swalex) : 
swalex
DEBUG:netmiko:write_channel: b'\n'
DEBUG:netmiko:read_channel: 
DEBUG:netmiko:read_channel: 

DEBUG:netmiko:read_channel: swalex#
DEBUG:netmiko:Pattern found: (swalex.*) #
swalex#
DEBUG:netmiko:write_channel: b'\x00'
DEBUG:netmiko:write_channel: b'\n'
DEBUG:netmiko:read_channel: 
DEBUG:netmiko:read_channel: ^@
swalex#
DEBUG:netmiko:Pattern found: ([>#]) ^@
swalex#
DEBUG:netmiko:write_channel: b'exit\n'
DEBUG:paramiko.transport:EOF in transport thread
DEBUG:paramiko.transport:starting thread (client mode): 0xc6bfde50
DEBUG:paramiko.transport:Local version/idstring: SSH-2.0-paramiko_3.1.0
DEBUG:paramiko.transport:Remote version/idstring: SSH-2.0-Cisco-1.25
INFO:paramiko.transport:Connected (version 2.0, client Cisco-1.25)
DEBUG:paramiko.transport:=== Key exchange possibilities ===
DEBUG:paramiko.transport:kex algos: diffie-hellman-group-exchange-sha1, diffie-hellman-group14-sha1, diffie-hellman-group1-sha1
DEBUG:paramiko.transport:server key: ssh-rsa
DEBUG:paramiko.transport:client encrypt: aes128-cbc, 3des-cbc, aes192-cbc, aes256-cbc
DEBUG:paramiko.transport:server encrypt: aes128-cbc, 3des-cbc, aes192-cbc, aes256-cbc
DEBUG:paramiko.transport:client mac: hmac-sha1, hmac-sha1-96, hmac-md5, hmac-md5-96
DEBUG:paramiko.transport:server mac: hmac-sha1, hmac-sha1-96, hmac-md5, hmac-md5-96
DEBUG:paramiko.transport:client compress: none
DEBUG:paramiko.transport:server compress: none
DEBUG:paramiko.transport:client lang: <none>
DEBUG:paramiko.transport:server lang: <none>
DEBUG:paramiko.transport:kex follows: False
DEBUG:paramiko.transport:=== Key exchange agreements ===
DEBUG:paramiko.transport:Kex: diffie-hellman-group-exchange-sha1
DEBUG:paramiko.transport:HostKey: ssh-rsa
DEBUG:paramiko.transport:Cipher: aes128-cbc
DEBUG:paramiko.transport:MAC: hmac-sha1
DEBUG:paramiko.transport:Compression: none
DEBUG:paramiko.transport:=== End of kex handshake ===
DEBUG:paramiko.transport:Got server p (2048 bits)
DEBUG:paramiko.transport:kex engine KexGex specified hash_algo <built-in function openssl_sha1>
DEBUG:paramiko.transport:Switch to new keys ...
DEBUG:paramiko.transport:Adding ssh-rsa host key for 22.1.1.1: b'254ff41efa2d6aa6a171e3d46c024ac3'
DEBUG:paramiko.transport:userauth is OK
INFO:paramiko.transport:Authentication (password) successful!
DEBUG:paramiko.transport:[chan 0] Max packet in: 32768 bytes
DEBUG:paramiko.transport:[chan 0] Max packet out: 4096 bytes
DEBUG:paramiko.transport:Secsh channel 0 opened.
DEBUG:paramiko.transport:[chan 0] Sesch channel 0 request ok
DEBUG:paramiko.transport:[chan 0] Sesch channel 0 request ok
DEBUG:netmiko:write_channel: b'\n'
DEBUG:netmiko:write_channel: b'terminal width 511\n'
DEBUG:netmiko:read_channel: 
swalex>
swalex>
DEBUG:netmiko:read_channel: t
DEBUG:netmiko:read_channel: er
DEBUG:netmiko:read_channel: mi
DEBUG:netmiko:read_channel: na
DEBUG:netmiko:read_channel: l wi
DEBUG:netmiko:read_channel: dt
DEBUG:netmiko:read_channel: h 
DEBUG:netmiko:read_channel: 51
DEBUG:netmiko:read_channel: 1

DEBUG:netmiko:Pattern found: (terminal width 511) 
swalex>
swalex>terminal width 511
DEBUG:netmiko:In disable_paging
DEBUG:netmiko:Command: terminal length 0

DEBUG:netmiko:write_channel: b'terminal length 0\n'
DEBUG:netmiko:read_channel: 
DEBUG:netmiko:read_channel: swalex>
DEBUG:netmiko:read_channel: term
DEBUG:netmiko:read_channel: in
DEBUG:netmiko:read_channel: al
DEBUG:netmiko:read_channel:  l
DEBUG:netmiko:read_channel: en
DEBUG:netmiko:read_channel: gt
DEBUG:netmiko:read_channel: h 0

DEBUG:netmiko:Pattern found: (terminal\ length\ 0) 
swalex>terminal length 0
DEBUG:netmiko:
swalex>terminal length 0
DEBUG:netmiko:Exiting disable_paging
DEBUG:netmiko:read_channel: swalex>
DEBUG:netmiko:Clear buffer detects data in the channel
DEBUG:netmiko:read_channel: 
DEBUG:netmiko:write_channel: b'\n'
DEBUG:netmiko:read_channel: 
DEBUG:netmiko:read_channel: 

DEBUG:netmiko:read_channel: swalex>
DEBUG:netmiko:Pattern found: (\#|>) 
swalex>
DEBUG:netmiko:read_channel: 
DEBUG:netmiko:[find_prompt()]: prompt is swalex>
DEBUG:netmiko:write_channel: b'\n'
DEBUG:netmiko:read_channel: 
DEBUG:netmiko:read_channel: 

DEBUG:netmiko:read_channel: swalex>
DEBUG:netmiko:Pattern found: (swalex.*) 
swalex>
DEBUG:netmiko:write_channel: b'enable\n'
DEBUG:netmiko:read_channel: 
DEBUG:netmiko:read_channel: e
DEBUG:netmiko:read_channel: n
DEBUG:netmiko:read_channel: abl
DEBUG:netmiko:read_channel: e

DEBUG:netmiko:Pattern found: (enable) enable
DEBUG:netmiko:read_channel: 
DEBUG:netmiko:read_channel: Password: 
DEBUG:netmiko:Pattern found: ((?:swalex|ssword)) 
Password
DEBUG:netmiko:write_channel: b'********\n'
DEBUG:netmiko:read_channel: 
DEBUG:netmiko:read_channel: 
DEBUG:netmiko:read_channel: 
DEBUG:netmiko:read_channel: 
swalex#
DEBUG:netmiko:Pattern found: (swalex) : 
swalex
DEBUG:netmiko:write_channel: b'\n'
DEBUG:netmiko:read_channel: 
DEBUG:netmiko:read_channel: 

DEBUG:netmiko:read_channel: swalex#
DEBUG:netmiko:Pattern found: (swalex.*) #
swalex#
DEBUG:netmiko:read_channel: 
DEBUG:netmiko:write_channel: b'\n'
DEBUG:netmiko:read_channel: 
swalex#
DEBUG:netmiko:read_channel: 
DEBUG:netmiko:[find_prompt()]: prompt is swalex#
DEBUG:netmiko:write_channel: b'show version\n'
DEBUG:netmiko:read_channel: 
DEBUG:netmiko:read_channel: s
DEBUG:netmiko:read_channel: ho
DEBUG:netmiko:read_channel: w 
DEBUG:netmiko:read_channel: ver
DEBUG:netmiko:read_channel: sio
DEBUG:netmiko:read_channel: n

DEBUG:netmiko:Pattern found: (show\ version) show version
DEBUG:netmiko:read_channel: Cisco IOS Software, Solaris Software (I86BI_LINUXL2-ADVENTERPRISEK9-M), Experimental Version 15.1(20130726:213425) [dstivers-july26-2013-team_track 104]
Copyright (c) 1986-2013 by Cisco Systems, Inc.
Compiled Fri 26-Jul-13 15:56 by dstivers

ROM: Bootstrap program is Linux

swalex uptime is 1 hour, 54 minutes
System returned to ROM by reload at 0
System image file is "unix:/opt/gns3/images/IOU/L2-ADVENTERPRISEK9-M-15.1-20130726.bin"
Last reload reason: Unknown reason



This product contains cryptographic features and is subject to United
States and local country laws governing import, export, transfer and
use. Delivery of Cisco cryptographic products does not imply
third-party authority to import, export, distribute or use encryption.
Importers, exporters, distributors and users are responsible for
compliance with U.S. and local country laws. By using this product you
agree to comply with applicable laws and regulations. If you are unable
to comply with U.S. and local laws, return this product immediately.

A summary of U.S. laws governing Cisco cryptographic products may be found at:
http://www.********.com/wwl/export/crypto/tool/stqrg.html

If you require further assistance please contact us by sending email to
export@********.com.

Linux Unix (Intel-x86) processor with 189092K bytes of memory.
Processor board ID 2048002
16 Ethernet interfaces
16K bytes of NVRAM.

Configuration register is 0x0

swalex#
DEBUG:netmiko:read_channel: 
DEBUG:netmiko:write_channel: b'\n'
DEBUG:netmiko:read_channel: 
swalex#
DEBUG:netmiko:read_channel: 
DEBUG:netmiko:[find_prompt()]: prompt is swalex#
DEBUG:netmiko:write_channel: b'show hosts\n'
DEBUG:netmiko:read_channel: 
DEBUG:netmiko:read_channel: s
DEBUG:netmiko:read_channel: ho
DEBUG:netmiko:read_channel: w ho
DEBUG:netmiko:read_channel: st
DEBUG:netmiko:read_channel: s

DEBUG:netmiko:Pattern found: (show\ hosts) show hosts
DEBUG:netmiko:read_channel: Default domain is ********.com
Name/address lookup uses static mappings

Codes: u - unknown, e - expired, * - OK, ? - revalidate
       t - temporary, p - permanent

Host                      Port  Flags      Age Type   Address(es)
swalex#
DEBUG:netmiko:read_channel: 
DEBUG:netmiko:write_channel: b'\n'
DEBUG:netmiko:read_channel: 
swalex#
DEBUG:netmiko:read_channel: 
DEBUG:netmiko:[find_prompt()]: prompt is swalex#
DEBUG:netmiko:write_channel: b'show ip interface brief\n'
DEBUG:netmiko:read_channel: 
DEBUG:netmiko:read_channel: s
DEBUG:netmiko:read_channel: ho
DEBUG:netmiko:read_channel: w ip
DEBUG:netmiko:read_channel:  in
DEBUG:netmiko:read_channel: ter
DEBUG:netmiko:read_channel: face
DEBUG:netmiko:read_channel:  b
DEBUG:netmiko:read_channel: rief
DEBUG:netmiko:Pattern found: (show\ ip\ interface\ brief) show ip interface brief
DEBUG:netmiko:read_channel: 
Interface              IP-Address      OK? Method Status                Protocol
Ethernet0/0            unassigned      YES unset  administratively down down    
Ethernet0/1            unassigned      YES unset  administratively down down    
Ethernet0/2            unassigned      YES unset  administratively down down    
Ethernet0/3            unassigned      YES unset  administratively down down    
Ethernet1/0            unassigned      YES unset  administratively down down    
Ethernet1/1            unassigned      YES unset  administratively down down    
Ethernet1/2            22.1.1.1        YES NVRAM  up                    up      
Ethernet1/3            unassigned      YES unset  administratively down down    
Ethernet2/0            unassigned      YES unset  up                    up      
Ethernet2/1            unassigned      YES unset  up                    up      
Ethernet2/2            unassigned      YES unset  up                    up      
Ethernet2/3            unassigned      YES unset  up                    up      
Ethernet3/0            unassigned      YES unset  up                    up      
Ethernet3/1            unassigned      YES unset  up                    up      
Ethernet3/2            unassigned      YES unset  up                    up      
Ethernet3/3            unassigned      YES unset  up                    up      
swalex#
DEBUG:paramiko.transport:starting thread (client mode): 0x873d20d0
DEBUG:paramiko.transport:Local version/idstring: SSH-2.0-paramiko_3.1.0
DEBUG:paramiko.transport:Remote version/idstring: SSH-2.0-Cisco-1.25
INFO:paramiko.transport:Connected (version 2.0, client Cisco-1.25)
DEBUG:paramiko.transport:=== Key exchange possibilities ===
DEBUG:paramiko.transport:kex algos: diffie-hellman-group-exchange-sha1, diffie-hellman-group14-sha1, diffie-hellman-group1-sha1
DEBUG:paramiko.transport:server key: ssh-rsa
DEBUG:paramiko.transport:client encrypt: aes128-cbc, 3des-cbc, aes192-cbc, aes256-cbc
DEBUG:paramiko.transport:server encrypt: aes128-cbc, 3des-cbc, aes192-cbc, aes256-cbc
DEBUG:paramiko.transport:client mac: hmac-sha1, hmac-sha1-96, hmac-md5, hmac-md5-96
DEBUG:paramiko.transport:server mac: hmac-sha1, hmac-sha1-96, hmac-md5, hmac-md5-96
DEBUG:paramiko.transport:client compress: none
DEBUG:paramiko.transport:server compress: none
DEBUG:paramiko.transport:client lang: <none>
DEBUG:paramiko.transport:server lang: <none>
DEBUG:paramiko.transport:kex follows: False
DEBUG:paramiko.transport:=== Key exchange agreements ===
DEBUG:paramiko.transport:Kex: diffie-hellman-group-exchange-sha1
DEBUG:paramiko.transport:HostKey: ssh-rsa
DEBUG:paramiko.transport:Cipher: aes128-cbc
DEBUG:paramiko.transport:MAC: hmac-sha1
DEBUG:paramiko.transport:Compression: none
DEBUG:paramiko.transport:=== End of kex handshake ===
DEBUG:paramiko.transport:Got server p (2048 bits)
DEBUG:paramiko.transport:kex engine KexGex specified hash_algo <built-in function openssl_sha1>
DEBUG:paramiko.transport:Switch to new keys ...
DEBUG:paramiko.transport:Adding ssh-rsa host key for 22.1.1.1: b'254ff41efa2d6aa6a171e3d46c024ac3'
DEBUG:paramiko.transport:userauth is OK
INFO:paramiko.transport:Authentication (password) successful!
DEBUG:paramiko.transport:[chan 0] Max packet in: 32768 bytes
DEBUG:paramiko.transport:[chan 0] Max packet out: 4096 bytes
DEBUG:paramiko.transport:Secsh channel 0 opened.
DEBUG:paramiko.transport:[chan 0] Sesch channel 0 request ok
DEBUG:paramiko.transport:[chan 0] Sesch channel 0 request ok
DEBUG:netmiko:write_channel: b'\n'
DEBUG:netmiko:write_channel: b'terminal width 511\n'
DEBUG:netmiko:read_channel: 
swalex>
swalex>
DEBUG:netmiko:read_channel: t
DEBUG:netmiko:read_channel: ermi
DEBUG:netmiko:read_channel: nal
DEBUG:netmiko:read_channel:  wi
DEBUG:netmiko:read_channel: dth
DEBUG:netmiko:read_channel:  51
DEBUG:netmiko:read_channel: 1
swalex>
DEBUG:netmiko:Pattern found: (terminal width 511) 
swalex>
swalex>terminal width 511
DEBUG:netmiko:In disable_paging
DEBUG:netmiko:Command: terminal length 0

DEBUG:netmiko:write_channel: b'terminal length 0\n'
DEBUG:netmiko:read_channel: 
DEBUG:netmiko:read_channel: t
DEBUG:netmiko:read_channel: ermi
DEBUG:netmiko:read_channel: na
DEBUG:netmiko:read_channel: l l
DEBUG:netmiko:read_channel: eng
DEBUG:netmiko:read_channel: th 0
DEBUG:netmiko:Pattern found: (terminal\ length\ 0) 
swalex>terminal length 0
DEBUG:netmiko:
swalex>terminal length 0
DEBUG:netmiko:Exiting disable_paging
DEBUG:netmiko:read_channel: 
swalex>
DEBUG:netmiko:Clear buffer detects data in the channel
DEBUG:netmiko:read_channel: 
DEBUG:netmiko:write_channel: b'\n'
DEBUG:netmiko:read_channel: 
DEBUG:netmiko:read_channel: 

DEBUG:netmiko:read_channel: swalex>
DEBUG:netmiko:Pattern found: (\#|>) 
swalex>
DEBUG:netmiko:read_channel: 
DEBUG:netmiko:[find_prompt()]: prompt is swalex>
DEBUG:netmiko:write_channel: b'\n'
DEBUG:netmiko:read_channel: 
DEBUG:netmiko:read_channel: 

DEBUG:netmiko:read_channel: swalex>
DEBUG:netmiko:Pattern found: (swalex.*) 
swalex>
DEBUG:netmiko:write_channel: b'enable\n'
DEBUG:netmiko:read_channel: 
DEBUG:netmiko:read_channel: e
DEBUG:netmiko:read_channel: nab
DEBUG:netmiko:read_channel: le

DEBUG:netmiko:Pattern found: (enable) enable
DEBUG:netmiko:read_channel: 
DEBUG:netmiko:read_channel: Password: 
DEBUG:netmiko:Pattern found: ((?:swalex|ssword)) 
Password
DEBUG:netmiko:write_channel: b'********\n'
DEBUG:netmiko:read_channel: 
DEBUG:netmiko:read_channel: 
DEBUG:netmiko:read_channel: 
DEBUG:netmiko:read_channel: 
swalex#
DEBUG:netmiko:Pattern found: (swalex) : 
swalex
DEBUG:netmiko:write_channel: b'\n'
DEBUG:netmiko:read_channel: 
DEBUG:netmiko:read_channel: 
swalex#
DEBUG:netmiko:Pattern found: (swalex.*) #
swalex#
DEBUG:netmiko:read_channel: 
DEBUG:netmiko:write_channel: b'\n'
DEBUG:netmiko:read_channel: 
swalex#
DEBUG:netmiko:read_channel: 
DEBUG:netmiko:[find_prompt()]: prompt is swalex#
DEBUG:netmiko:write_channel: b'show arp | exclude Incomplete\n'
DEBUG:netmiko:read_channel: 
DEBUG:netmiko:read_channel: s
DEBUG:netmiko:read_channel: how 
DEBUG:netmiko:read_channel: ar
DEBUG:netmiko:read_channel: p | 
DEBUG:netmiko:read_channel: exc
DEBUG:netmiko:read_channel: lud
DEBUG:netmiko:read_channel: e In
DEBUG:netmiko:read_channel: com
DEBUG:netmiko:read_channel: ple
DEBUG:netmiko:read_channel: te
DEBUG:netmiko:Pattern found: (show\ arp\ \|\ exclude\ Incomplete) show arp | exclude Incomplete
DEBUG:netmiko:read_channel: 
Protocol  Address          Age (min)  Hardware Addr   Type   Interface
Internet  22.1.1.1                -   aabb.cc00.0221  ARPA   Ethernet1/2
Internet  22.1.1.6              106   0200.4c4f.4f50  ARPA   Ethernet1/2

swalex#
DEBUG:netmiko:write_channel: b'\x00'
DEBUG:netmiko:write_channel: b'\n'
DEBUG:netmiko:read_channel: 
DEBUG:netmiko:read_channel: ^@
swalex#
DEBUG:netmiko:Pattern found: ([>#]) ^@
swalex#
DEBUG:netmiko:write_channel: b'exit\n'
DEBUG:paramiko.transport:EOF in transport thread
DEBUG:paramiko.transport:starting thread (client mode): 0x618ca0d0
DEBUG:paramiko.transport:Local version/idstring: SSH-2.0-paramiko_3.1.0
DEBUG:paramiko.transport:Remote version/idstring: SSH-2.0-Cisco-1.25
INFO:paramiko.transport:Connected (version 2.0, client Cisco-1.25)
DEBUG:paramiko.transport:=== Key exchange possibilities ===
DEBUG:paramiko.transport:kex algos: diffie-hellman-group-exchange-sha1, diffie-hellman-group14-sha1, diffie-hellman-group1-sha1
DEBUG:paramiko.transport:server key: ssh-rsa
DEBUG:paramiko.transport:client encrypt: aes128-cbc, 3des-cbc, aes192-cbc, aes256-cbc
DEBUG:paramiko.transport:server encrypt: aes128-cbc, 3des-cbc, aes192-cbc, aes256-cbc
DEBUG:paramiko.transport:client mac: hmac-sha1, hmac-sha1-96, hmac-md5, hmac-md5-96
DEBUG:paramiko.transport:server mac: hmac-sha1, hmac-sha1-96, hmac-md5, hmac-md5-96
DEBUG:paramiko.transport:client compress: none
DEBUG:paramiko.transport:server compress: none
DEBUG:paramiko.transport:client lang: <none>
DEBUG:paramiko.transport:server lang: <none>
DEBUG:paramiko.transport:kex follows: False
DEBUG:paramiko.transport:=== Key exchange agreements ===
DEBUG:paramiko.transport:Kex: diffie-hellman-group-exchange-sha1
DEBUG:paramiko.transport:HostKey: ssh-rsa
DEBUG:paramiko.transport:Cipher: aes128-cbc
DEBUG:paramiko.transport:MAC: hmac-sha1
DEBUG:paramiko.transport:Compression: none
DEBUG:paramiko.transport:=== End of kex handshake ===
DEBUG:paramiko.transport:Got server p (2048 bits)
DEBUG:paramiko.transport:kex engine KexGex specified hash_algo <built-in function openssl_sha1>
DEBUG:paramiko.transport:Switch to new keys ...
DEBUG:paramiko.transport:Adding ssh-rsa host key for 22.1.1.1: b'254ff41efa2d6aa6a171e3d46c024ac3'
DEBUG:paramiko.transport:userauth is OK
INFO:paramiko.transport:Authentication (password) successful!
DEBUG:paramiko.transport:[chan 0] Max packet in: 32768 bytes
DEBUG:paramiko.transport:[chan 0] Max packet out: 4096 bytes
DEBUG:paramiko.transport:Secsh channel 0 opened.
DEBUG:paramiko.transport:[chan 0] Sesch channel 0 request ok
DEBUG:paramiko.transport:[chan 0] Sesch channel 0 request ok
DEBUG:netmiko:write_channel: b'\n'
DEBUG:netmiko:write_channel: b'terminal width 511\n'
DEBUG:netmiko:read_channel: 
swalex>
swalex>
DEBUG:netmiko:read_channel: t
DEBUG:netmiko:read_channel: e
DEBUG:netmiko:read_channel: rmin
DEBUG:netmiko:read_channel: al 
DEBUG:netmiko:read_channel: wi
DEBUG:netmiko:read_channel: dth 
DEBUG:netmiko:read_channel: 51
DEBUG:netmiko:read_channel: 1

DEBUG:netmiko:Pattern found: (terminal width 511) 
swalex>
swalex>terminal width 511
DEBUG:netmiko:In disable_paging
DEBUG:netmiko:Command: terminal length 0

DEBUG:netmiko:write_channel: b'terminal length 0\n'
DEBUG:netmiko:read_channel: 
DEBUG:netmiko:read_channel: swalex>
DEBUG:netmiko:read_channel: termi
DEBUG:netmiko:read_channel: nal
DEBUG:netmiko:read_channel:  l
DEBUG:netmiko:read_channel: eng
DEBUG:netmiko:read_channel: th
DEBUG:netmiko:read_channel:  0

DEBUG:netmiko:Pattern found: (terminal\ length\ 0) 
swalex>terminal length 0
DEBUG:netmiko:
swalex>terminal length 0
DEBUG:netmiko:Exiting disable_paging
DEBUG:netmiko:read_channel: swalex>
DEBUG:netmiko:Clear buffer detects data in the channel
DEBUG:netmiko:read_channel: 
DEBUG:netmiko:write_channel: b'\n'
DEBUG:netmiko:read_channel: 
DEBUG:netmiko:read_channel: 

DEBUG:netmiko:read_channel: swalex>
DEBUG:netmiko:Pattern found: (\#|>) 
swalex>
DEBUG:netmiko:read_channel: 
DEBUG:netmiko:[find_prompt()]: prompt is swalex>
DEBUG:netmiko:write_channel: b'\n'
DEBUG:netmiko:read_channel: 
DEBUG:netmiko:read_channel: 

DEBUG:netmiko:read_channel: swalex>
DEBUG:netmiko:Pattern found: (swalex.*) 
swalex>
DEBUG:netmiko:write_channel: b'enable\n'
DEBUG:netmiko:read_channel: 
DEBUG:netmiko:read_channel: e
DEBUG:netmiko:read_channel: na
DEBUG:netmiko:read_channel: bl
DEBUG:netmiko:read_channel: e
Password: 
DEBUG:netmiko:Pattern found: (enable) enable
DEBUG:netmiko:read_channel: 
DEBUG:netmiko:Pattern found: ((?:swalex|ssword)) 
Password
DEBUG:netmiko:write_channel: b'********\n'
DEBUG:netmiko:read_channel: 
DEBUG:netmiko:read_channel: 
DEBUG:netmiko:read_channel: 
DEBUG:netmiko:read_channel: 
swalex#
DEBUG:netmiko:Pattern found: (swalex) : 
swalex
DEBUG:netmiko:write_channel: b'\n'
DEBUG:netmiko:read_channel: 
DEBUG:netmiko:read_channel: 

DEBUG:netmiko:read_channel: swalex#
DEBUG:netmiko:Pattern found: (swalex.*) #
swalex#
DEBUG:netmiko:read_channel: 
DEBUG:netmiko:write_channel: b'\n'
DEBUG:netmiko:read_channel: 
swalex#
DEBUG:netmiko:read_channel: 
DEBUG:netmiko:[find_prompt()]: prompt is swalex#
DEBUG:netmiko:write_channel: b'show arp | exclude Incomplete\n'
DEBUG:netmiko:read_channel: 
DEBUG:netmiko:read_channel: s
DEBUG:netmiko:read_channel: ho
DEBUG:netmiko:read_channel: w
DEBUG:netmiko:read_channel:  ar
DEBUG:netmiko:read_channel: p 
DEBUG:netmiko:read_channel: | e
DEBUG:netmiko:read_channel: xc
DEBUG:netmiko:read_channel: lud
DEBUG:netmiko:read_channel: e 
DEBUG:netmiko:read_channel: Inco
DEBUG:netmiko:read_channel: mp
DEBUG:netmiko:read_channel: let
DEBUG:netmiko:read_channel: e

DEBUG:netmiko:Pattern found: (show\ arp\ \|\ exclude\ Incomplete) show arp | exclude Incomplete
DEBUG:netmiko:read_channel: Protocol  Address          Age (min)  Hardware Addr   Type   Interface
Internet  22.1.1.1                -   aabb.cc00.0221  ARPA   Ethernet1/2
Internet  22.1.1.6              109   0200.4c4f.4f50  ARPA   Ethernet1/2

swalex#
DEBUG:netmiko:write_channel: b'\x00'
DEBUG:netmiko:write_channel: b'\n'
DEBUG:netmiko:read_channel: 
DEBUG:netmiko:read_channel: 
DEBUG:netmiko:read_channel: ^@
swalex#
DEBUG:netmiko:Pattern found: ([>#]) ^@
swalex#
DEBUG:netmiko:write_channel: b'exit\n'
DEBUG:paramiko.transport:EOF in transport thread
DEBUG:paramiko.transport:starting thread (client mode): 0xc805d7d0
DEBUG:paramiko.transport:Local version/idstring: SSH-2.0-paramiko_3.1.0
DEBUG:paramiko.transport:Remote version/idstring: SSH-2.0-Cisco-1.25
INFO:paramiko.transport:Connected (version 2.0, client Cisco-1.25)
DEBUG:paramiko.transport:=== Key exchange possibilities ===
DEBUG:paramiko.transport:kex algos: diffie-hellman-group-exchange-sha1, diffie-hellman-group14-sha1, diffie-hellman-group1-sha1
DEBUG:paramiko.transport:server key: ssh-rsa
DEBUG:paramiko.transport:client encrypt: aes128-cbc, 3des-cbc, aes192-cbc, aes256-cbc
DEBUG:paramiko.transport:server encrypt: aes128-cbc, 3des-cbc, aes192-cbc, aes256-cbc
DEBUG:paramiko.transport:client mac: hmac-sha1, hmac-sha1-96, hmac-md5, hmac-md5-96
DEBUG:paramiko.transport:server mac: hmac-sha1, hmac-sha1-96, hmac-md5, hmac-md5-96
DEBUG:paramiko.transport:client compress: none
DEBUG:paramiko.transport:server compress: none
DEBUG:paramiko.transport:client lang: <none>
DEBUG:paramiko.transport:server lang: <none>
DEBUG:paramiko.transport:kex follows: False
DEBUG:paramiko.transport:=== Key exchange agreements ===
DEBUG:paramiko.transport:Kex: diffie-hellman-group-exchange-sha1
DEBUG:paramiko.transport:HostKey: ssh-rsa
DEBUG:paramiko.transport:Cipher: aes128-cbc
DEBUG:paramiko.transport:MAC: hmac-sha1
DEBUG:paramiko.transport:Compression: none
DEBUG:paramiko.transport:=== End of kex handshake ===
DEBUG:paramiko.transport:Got server p (2048 bits)
DEBUG:paramiko.transport:kex engine KexGex specified hash_algo <built-in function openssl_sha1>
DEBUG:paramiko.transport:Switch to new keys ...
DEBUG:paramiko.transport:Adding ssh-rsa host key for 22.1.1.1: b'254ff41efa2d6aa6a171e3d46c024ac3'
DEBUG:paramiko.transport:userauth is OK
INFO:paramiko.transport:Authentication (password) successful!
DEBUG:paramiko.transport:[chan 0] Max packet in: 32768 bytes
DEBUG:paramiko.transport:[chan 0] Max packet out: 4096 bytes
DEBUG:paramiko.transport:Secsh channel 0 opened.
DEBUG:paramiko.transport:[chan 0] Sesch channel 0 request ok
DEBUG:paramiko.transport:[chan 0] Sesch channel 0 request ok
DEBUG:netmiko:write_channel: b'\n'
DEBUG:netmiko:write_channel: b'terminal width 511\n'
DEBUG:netmiko:read_channel: 
swalex>
swalex>
DEBUG:netmiko:read_channel: t
DEBUG:netmiko:read_channel: erm
DEBUG:netmiko:read_channel: ina
DEBUG:netmiko:read_channel: l wi
DEBUG:netmiko:read_channel: dt
DEBUG:netmiko:read_channel: h 5
DEBUG:netmiko:read_channel: 11
DEBUG:netmiko:Pattern found: (terminal width 511) 
swalex>
swalex>terminal width 511
DEBUG:netmiko:In disable_paging
DEBUG:netmiko:Command: terminal length 0

DEBUG:netmiko:write_channel: b'terminal length 0\n'
DEBUG:netmiko:read_channel: 

DEBUG:netmiko:read_channel: swalex>
DEBUG:netmiko:read_channel: ter
DEBUG:netmiko:read_channel: min
DEBUG:netmiko:read_channel: al 
DEBUG:netmiko:read_channel: len
DEBUG:netmiko:read_channel: gth 
DEBUG:netmiko:read_channel: 0

DEBUG:netmiko:Pattern found: (terminal\ length\ 0) 
swalex>terminal length 0
DEBUG:netmiko:
swalex>terminal length 0
DEBUG:netmiko:Exiting disable_paging
DEBUG:netmiko:read_channel: swalex>
DEBUG:netmiko:Clear buffer detects data in the channel
DEBUG:netmiko:read_channel: 
DEBUG:netmiko:write_channel: b'\n'
DEBUG:netmiko:read_channel: 
DEBUG:netmiko:read_channel: 

DEBUG:netmiko:read_channel: swalex>
DEBUG:netmiko:Pattern found: (\#|>) 
swalex>
DEBUG:netmiko:read_channel: 
DEBUG:netmiko:[find_prompt()]: prompt is swalex>
DEBUG:netmiko:write_channel: b'\n'
DEBUG:netmiko:read_channel: 
DEBUG:netmiko:read_channel: 

DEBUG:netmiko:read_channel: swalex>
DEBUG:netmiko:Pattern found: (swalex.*) 
swalex>
DEBUG:netmiko:write_channel: b'enable\n'
DEBUG:netmiko:read_channel: 
DEBUG:netmiko:read_channel: e
DEBUG:netmiko:read_channel: nab
DEBUG:netmiko:read_channel: le

DEBUG:netmiko:Pattern found: (enable) enable
DEBUG:netmiko:read_channel: 
DEBUG:netmiko:read_channel: Password: 
DEBUG:netmiko:Pattern found: ((?:swalex|ssword)) 
Password
DEBUG:netmiko:write_channel: b'********\n'
DEBUG:netmiko:read_channel: 
DEBUG:netmiko:read_channel: 
DEBUG:netmiko:read_channel: 
DEBUG:netmiko:read_channel: 
swalex#
DEBUG:netmiko:Pattern found: (swalex) : 
swalex
DEBUG:netmiko:write_channel: b'\n'
DEBUG:netmiko:read_channel: 
DEBUG:netmiko:read_channel: 

DEBUG:netmiko:read_channel: swalex#
DEBUG:netmiko:Pattern found: (swalex.*) #
swalex#
DEBUG:netmiko:read_channel: 
DEBUG:netmiko:write_channel: b'\n'
DEBUG:netmiko:read_channel: 
swalex#
DEBUG:netmiko:read_channel: 
DEBUG:netmiko:[find_prompt()]: prompt is swalex#
DEBUG:netmiko:write_channel: b'show arp | exclude Incomplete\n'
DEBUG:netmiko:read_channel: 
DEBUG:netmiko:read_channel: s
DEBUG:netmiko:read_channel: how a
DEBUG:netmiko:read_channel: rp |
DEBUG:netmiko:read_channel:  ex
DEBUG:netmiko:read_channel: cl
DEBUG:netmiko:read_channel: ude
DEBUG:netmiko:read_channel:  I
DEBUG:netmiko:read_channel: nco
DEBUG:netmiko:read_channel: mpl
DEBUG:netmiko:read_channel: ete
DEBUG:netmiko:Pattern found: (show\ arp\ \|\ exclude\ Incomplete) show arp | exclude Incomplete
DEBUG:netmiko:read_channel: 
Protocol  Address          Age (min)  Hardware Addr   Type   Interface
Internet  22.1.1.1                -   aabb.cc00.0221  ARPA   Ethernet1/2
Internet  22.1.1.6              117   0200.4c4f.4f50  ARPA   Ethernet1/2

swalex#
DEBUG:netmiko:write_channel: b'\x00'
DEBUG:netmiko:write_channel: b'\n'
DEBUG:netmiko:read_channel: 
DEBUG:netmiko:read_channel: ^@
swalex#
DEBUG:netmiko:Pattern found: ([>#]) ^@
swalex#
DEBUG:netmiko:write_channel: b'exit\n'
DEBUG:paramiko.transport:EOF in transport thread
